[hyperframes] browserGpuMode probe → hardware (WebGL renderer vendor="Google Inc. (NVIDIA Corporation)" renderer="ANGLE (NVIDIA Corporation, NVIDIA GeForce RTX 5060/PCIe/SSE2, OpenGL ES 3.2)")
{
  "ok": false,
  "strict": false,
  "lint": {
    "ok": true,
    "errorCount": 0,
    "warningCount": 0,
    "infoCount": 0,
    "findings": [],
    "filesScanned": 2
  },
  "runtime": {
    "ok": true,
    "errorCount": 0,
    "warningCount": 0,
    "infoCount": 0,
    "findings": []
  },
  "layout": {
    "ok": true,
    "errorCount": 0,
    "warningCount": 0,
    "infoCount": 0,
    "findings": [],
    "duration": 2.5,
    "samples": [
      0.139,
      0.417,
      0.694,
      0.972,
      1.25,
      1.528,
      1.806,
      2.083,
      2.361
    ],
    "transitionSamples": [],
    "transitionSamplesDropped": 0,
    "tolerance": 2,
    "totalIssueCount": 0,
    "truncated": false
  },
  "motion": {
    "ok": true,
    "errorCount": 0,
    "warningCount": 0,
    "infoCount": 0,
    "findings": [],
    "enabled": false,
    "samples": 0
  },
  "contrast": {
    "ok": false,
    "errorCount": 10,
    "warningCount": 1,
    "infoCount": 0,
    "findings": [
      {
        "code": "contrast_aa_failure",
        "severity": "warning",
        "message": "Contrast is 2.81:1; WCAG AA requires 3:1.",
        "text": "everything",
        "fg": "rgb(255,243,223)",
        "bg": "rgb(252,94,57)",
        "ratio": 2.81,
        "requiredRatio": 3,
        "suggestedColor": "rgb(73,70,64)",
        "large": true,
        "selector": "div > div > div > div > div > div > span > span",
        "dataAttributes": {},
        "sourceFile": "compositions/centered-word-build.html",
        "bbox": {
          "x": 519.65625,
          "y": 331.81207275390625,
          "width": 240.671875,
          "height": 57.1875
        },
        "time": 0.139
      },
      {
        "code": "contrast_aa_failure",
        "severity": "error",
        "message": "Contrast is 2.83:1; WCAG AA requires 3:1.",
        "text": "everything",
        "fg": "rgb(255,243,223)",
        "bg": "rgb(252,93,56)",
        "ratio": 2.83,
        "requiredRatio": 3,
        "suggestedColor": "rgb(73,70,64)",
        "large": true,
        "selector": "div > div > div > div > div > div > span > span:nth-of-type(1)",
        "dataAttributes": {},
        "sourceFile": "compositions/centered-word-build.html",
        "bbox": {
          "x": 473.364990234375,
          "y": 330.40545654296875,
          "width": 249.09539794921875,
          "height": 59.189056396484375
        },
        "time": 0.694
      },
      {
        "code": "contrast_aa_failure",
        "severity": "error",
        "message": "Contrast is 2.86:1; WCAG AA requires 3:1.",
        "text": "we",
        "fg": "rgb(255,243,223)",
        "bg": "rgb(251,92,56)",
        "ratio": 2.86,
        "requiredRatio": 3,
        "suggestedColor": "rgb(72,69,63)",
        "large": true,
        "selector": "div > div > div > div > div > div > span > span:nth-of-type(2)",
        "dataAttributes": {},
        "sourceFile": "compositions/centered-word-build.html",
        "bbox": {
          "x": 735.9154052734375,
          "y": 330.40545654296875,
          "width": 70.7196044921875,
          "height": 59.189056396484375
        },
        "time": 0.694
      },
      {
        "code": "contrast_aa_failure",
        "severity": "error",
        "message": "Contrast is 2.88:1; WCAG AA requires 3:1.",
        "text": "everything",
        "fg": "rgb(255,243,223)",
        "bg": "rgb(251,91,55)",
        "ratio": 2.88,
        "requiredRatio": 3,
        "suggestedColor": "rgb(72,69,63)",
        "large": true,
        "selector": "div > div > div > div > div > div > span > span:nth-of-type(1)",
        "dataAttributes": {},
        "sourceFile": "compositions/centered-word-build.html",
        "bbox": {
          "x": 325.4359436035156,
          "y": 328.4054870605469,
          "width": 265.9291687011719,
          "height": 63.189056396484375
        },
        "time": 1.25
      },
      {
        "code": "contrast_aa_failure",
        "severity": "error",
        "message": "Contrast is 2.8:1; WCAG AA requires 3:1.",
        "text": "we",
        "fg": "rgb(255,243,223)",
        "bg": "rgb(252,95,57)",
        "ratio": 2.8,
        "requiredRatio": 3,
        "suggestedColor": "rgb(74,71,65)",
        "large": true,
        "selector": "div > div > div > div > div > div > span > span:nth-of-type(2)",
        "dataAttributes": {},
        "sourceFile": "compositions/centered-word-build.html",
        "bbox": {
          "x": 605.7294311523438,
          "y": 328.4054870605469,
          "width": 75.49884033203125,
          "height": 63.189056396484375
        },
        "time": 1.25
      },
      {
        "code": "contrast_aa_failure",
        "severity": "error",
        "message": "Contrast is 2.83:1; WCAG AA requires 3:1.",
        "text": "learn",
        "fg": "rgb(255,243,223)",
        "bg": "rgb(252,93,56)",
        "ratio": 2.83,
        "requiredRatio": 3,
        "suggestedColor": "rgb(73,70,64)",
        "large": true,
        "selector": "div > div > div > div > div > div > span > span:nth-of-type(3)",
        "dataAttributes": {},
        "sourceFile": "compositions/centered-word-build.html",
        "bbox": {
          "x": 695.592529296875,
          "y": 328.4054870605469,
          "width": 126.0155029296875,
          "height": 63.189056396484375
        },
        "time": 1.25
      },
      {
        "code": "contrast_aa_failure",
        "severity": "error",
        "message": "Contrast is 2.94:1; WCAG AA requires 3:1.",
        "text": "from",
        "fg": "rgb(255,243,223)",
        "bg": "rgb(250,88,52)",
        "ratio": 2.94,
        "requiredRatio": 3,
        "suggestedColor": "rgb(71,68,62)",
        "large": true,
        "selector": "div > div > div > div > div > div > span > span:nth-of-type(4)",
        "dataAttributes": {},
        "sourceFile": "compositions/centered-word-build.html",
        "bbox": {
          "x": 835.9723510742188,
          "y": 328.4217224121094,
          "width": 118.59173583984375,
          "height": 63.18902587890625
        },
        "time": 1.25
      },
      {
        "code": "contrast_aa_failure",
        "severity": "error",
        "message": "Contrast is 2.88:1; WCAG AA requires 3:1.",
        "text": "everything",
        "fg": "rgb(255,243,223)",
        "bg": "rgb(251,91,55)",
        "ratio": 2.88,
        "requiredRatio": 3,
        "suggestedColor": "rgb(72,69,63)",
        "large": true,
        "selector": "div > div > div > div > div > div > span > span:nth-of-type(1)",
        "dataAttributes": {},
        "sourceFile": "compositions/centered-word-build.html",
        "bbox": {
          "x": 325.4203186035156,
          "y": 328.4039001464844,
          "width": 265.9424133300781,
          "height": 63.19219970703125
        },
        "time": 1.806
      },
      {
        "code": "contrast_aa_failure",
        "severity": "error",
        "message": "Contrast is 2.8:1; WCAG AA requires 3:1.",
        "text": "we",
        "fg": "rgb(255,243,223)",
        "bg": "rgb(252,95,57)",
        "ratio": 2.8,
        "requiredRatio": 3,
        "suggestedColor": "rgb(74,71,65)",
        "large": true,
        "selector": "div > div > div > div > div > div > span > span:nth-of-type(2)",
        "dataAttributes": {},
        "sourceFile": "compositions/centered-word-build.html",
        "bbox": {
          "x": 605.727783203125,
          "y": 328.4039001464844,
          "width": 75.5025634765625,
          "height": 63.19219970703125
        },
        "time": 1.806
      },
      {
        "code": "contrast_aa_failure",
        "severity": "error",
        "message": "Contrast is 2.83:1; WCAG AA requires 3:1.",
        "text": "learn",
        "fg": "rgb(255,243,223)",
        "bg": "rgb(252,93,56)",
        "ratio": 2.83,
        "requiredRatio": 3,
        "suggestedColor": "rgb(73,70,64)",
        "large": true,
        "selector": "div > div > div > div > div > div > span > span:nth-of-type(3)",
        "dataAttributes": {},
        "sourceFile": "compositions/centered-word-build.html",
        "bbox": {
          "x": 695.5953369140625,
          "y": 328.4039001464844,
          "width": 126.02178955078125,
          "height": 63.19219970703125
        },
        "time": 1.806
      },
      {
        "code": "contrast_aa_failure",
        "severity": "error",
        "message": "Contrast is 2.94:1; WCAG AA requires 3:1.",
        "text": "from",
        "fg": "rgb(255,243,223)",
        "bg": "rgb(250,88,52)",
        "ratio": 2.94,
        "requiredRatio": 3,
        "suggestedColor": "rgb(71,68,62)",
        "large": true,
        "selector": "div > div > div > div > div > div > span > span:nth-of-type(4)",
        "dataAttributes": {},
        "sourceFile": "compositions/centered-word-build.html",
        "bbox": {
          "x": 835.9821166992188,
          "y": 328.4039001464844,
          "width": 118.59759521484375,
          "height": 63.19219970703125
        },
        "time": 1.806
      }
    ],
    "enabled": true,
    "samples": [
      0.139,
      0.694,
      1.25,
      1.806,
      2.361
    ],
    "checked": 11,
    "passed": 0
  },
  "snapshots": {
    "enabled": false,
    "files": [],
    "times": [],
    "findingFiles": []
  },
  "_meta": {
    "version": "0.8.30",
    "latestVersion": "0.8.32",
    "updateAvailable": true
  }
}
