[hyperframes] browserGpuMode probe → hardware (WebGL renderer vendor="Google Inc. (NVIDIA Corporation)" renderer="ANGLE (NVIDIA Corporation, NVIDIA GeForce RTX 5060/PCIe/SSE2, OpenGL ES 3.2)")
{
  "ok": true,
  "strict": false,
  "lint": {
    "ok": true,
    "errorCount": 0,
    "warningCount": 0,
    "infoCount": 0,
    "findings": [],
    "filesScanned": 2
  },
  "runtime": {
    "ok": true,
    "errorCount": 0,
    "warningCount": 0,
    "infoCount": 0,
    "findings": []
  },
  "layout": {
    "ok": true,
    "errorCount": 0,
    "warningCount": 0,
    "infoCount": 2,
    "findings": [
      {
        "code": "container_overflow",
        "severity": "info",
        "time": 0.102,
        "selector": "#speed-lines-source-root > div:nth-of-type(1) > svg:nth-of-type(1) > path:nth-of-type(1)",
        "message": "Element extends outside a clipping layout container.",
        "rect": {
          "left": -312.26,
          "top": 332.82,
          "right": -244.04,
          "bottom": 390.41,
          "width": 68.22,
          "height": 57.59
        },
        "containerSelector": "#speed-lines-source-root > div:nth-of-type(1) > svg:nth-of-type(1)",
        "fixHint": "Resize/reposition the child or container, or mark intentional overflow with data-layout-allow-overflow.",
        "containerRect": {
          "left": 0,
          "top": 0,
          "right": 1280,
          "bottom": 720,
          "width": 1280,
          "height": 720
        },
        "overflow": {
          "left": 312.26
        },
        "dataAttributes": {},
        "sourceFile": "compositions/speed-lines.html",
        "bbox": {
          "x": -312.26,
          "y": 332.82,
          "width": 68.22,
          "height": 57.59
        },
        "firstSeen": 0.102,
        "lastSeen": 0.102,
        "occurrences": 1
      },
      {
        "code": "container_overflow",
        "severity": "info",
        "time": 0.102,
        "selector": "#speed-lines-source-root > div:nth-of-type(1) > svg:nth-of-type(1) > ellipse:nth-of-type(1)",
        "message": "Element extends outside a clipping layout container.",
        "rect": {
          "left": -284.78,
          "top": 319.43,
          "right": -171.19,
          "bottom": 400.57,
          "width": 113.59,
          "height": 81.14
        },
        "containerSelector": "#speed-lines-source-root > div:nth-of-type(1) > svg:nth-of-type(1)",
        "fixHint": "Resize/reposition the child or container, or mark intentional overflow with data-layout-allow-overflow.",
        "containerRect": {
          "left": 0,
          "top": 0,
          "right": 1280,
          "bottom": 720,
          "width": 1280,
          "height": 720
        },
        "overflow": {
          "left": 284.78
        },
        "dataAttributes": {},
        "sourceFile": "compositions/speed-lines.html",
        "bbox": {
          "x": -284.78,
          "y": 319.43,
          "width": 113.59,
          "height": 81.14
        },
        "firstSeen": 0.102,
        "lastSeen": 0.102,
        "occurrences": 1
      }
    ],
    "duration": 1.8333333333333333,
    "samples": [
      0.102,
      0.306,
      0.509,
      0.713,
      0.917,
      1.12,
      1.324,
      1.528,
      1.731
    ],
    "transitionSamples": [],
    "transitionSamplesDropped": 0,
    "tolerance": 2,
    "totalIssueCount": 2,
    "truncated": false
  },
  "motion": {
    "ok": true,
    "errorCount": 0,
    "warningCount": 0,
    "infoCount": 0,
    "findings": [],
    "enabled": false,
    "samples": 0
  },
  "contrast": {
    "ok": true,
    "errorCount": 0,
    "warningCount": 0,
    "infoCount": 0,
    "findings": [],
    "enabled": true,
    "samples": [
      0.102,
      0.509,
      0.917,
      1.324,
      1.731
    ],
    "checked": 0,
    "passed": 0
  },
  "snapshots": {
    "enabled": false,
    "files": [],
    "times": [],
    "findingFiles": []
  },
  "_meta": {
    "version": "0.8.30",
    "latestVersion": "0.8.87",
    "updateAvailable": true
  }
}
