
◆  Rendering installed → <project>/.work/verify-remocn-lossless/signup-flow/hyperframes-frames
   30fps · high · 1 workers
   GPU: browser GPU (forced)

[?25l│
◒  Checking browser[1G[J◇  Browser: env
[?25h[INFO] [Render] Pipeline started {"renderJobId":"9b80aa15-1650-4a84-8208-4a7338596eec","platform":"linux","arch":"x64","nodeVersion":"v26.11.1","fps":{"num":30,"den":1},"format":"png-sequence","quality":"high","browserGpuMode":"hardware","forceScreenshot":false,"protocolTimeout":300000,"browserTimeout":120000,"pageNavigationTimeout":60000,"playerReadyTimeout":45000}
[INFO] [Render:trace] {"renderJobId":"9b80aa15-1650-4a84-8208-4a7338596eec","phase":"pipeline","status":"checkpoint","elapsedMs":2,"message":"started","format":"png-sequence","quality":"high","browserGpuMode":"hardware","forceScreenshot":false,"protocolTimeoutMs":300000,"pageNavigationTimeoutMs":60000,"playerReadyTimeoutMs":45000,"requestedWorkers":1}
[INFO] [Render:trace] {"renderJobId":"9b80aa15-1650-4a84-8208-4a7338596eec","phase":"compile","status":"start","elapsedMs":3,"needsAlpha":true}
  █░░░░░░░░░░░░░░░░░░░░░░░░  5%  Compiling composition
[INFO] [Compiler] Inlined CDN script: https://cdn.jsdelivr.net/npm/gsap@3.14.2/dist/gsap.min.js
[INFO] [Compiler] Embedded local font file: assets/fonts/Geist-Latin.woff2 (29 KB → data URI)
[INFO] Compiled composition metadata {"renderJobId":"9b80aa15-1650-4a84-8208-4a7338596eec","entryFile":"index.html","staticDuration":12.666666666666666,"width":1280,"height":720,"videoCount":0,"audioCount":0,"renderModeHints":{"recommendScreenshot":false,"reasons":[]}}
[INFO] [Render:trace] {"renderJobId":"9b80aa15-1650-4a84-8208-4a7338596eec","phase":"compile","status":"end","elapsedMs":200,"durationMs":197,"needsAlpha":true}
[INFO] [Render:trace] {"renderJobId":"9b80aa15-1650-4a84-8208-4a7338596eec","phase":"compile","status":"checkpoint","elapsedMs":201,"message":"composition metadata resolved","width":1280,"height":720,"videoCount":0,"audioCount":0,"imageCount":0,"deviceScaleFactor":1,"forceScreenshot":true,"compositionHash":"8a19e697fed42266"}
[INFO] [Render:trace] {"renderJobId":"9b80aa15-1650-4a84-8208-4a7338596eec","phase":"browser_probe","status":"start","elapsedMs":201,"forceScreenshot":true,"stagePhase":"calibrating"}
[INFO] [Render:trace] {"renderJobId":"9b80aa15-1650-4a84-8208-4a7338596eec","phase":"browser_probe","status":"end","elapsedMs":347,"durationMs":146,"forceScreenshot":true,"stagePhase":"calibrating"}
[INFO] [Render:trace] {"renderJobId":"9b80aa15-1650-4a84-8208-4a7338596eec","phase":"browser_probe","status":"checkpoint","elapsedMs":347,"message":"duration resolved","durationSeconds":12.666666666666666,"totalFrames":380,"compositionHash":"8a19e697fed42266","beginFrameStalled":false}
[INFO] [Render:trace] {"renderJobId":"9b80aa15-1650-4a84-8208-4a7338596eec","phase":"video_extract","status":"start","elapsedMs":348,"videoCount":0}
  ██░░░░░░░░░░░░░░░░░░░░░░░  10%  Extracting video frames
[INFO] [Render:trace] {"renderJobId":"9b80aa15-1650-4a84-8208-4a7338596eec","phase":"video_extract","status":"end","elapsedMs":348,"durationMs":0,"videoCount":0}
[INFO] [Render:trace] {"renderJobId":"9b80aa15-1650-4a84-8208-4a7338596eec","phase":"video_extract","status":"checkpoint","elapsedMs":349,"message":"frames resolved","videoCount":0,"extractedVideoCount":0,"totalFramesExtracted":0,"maxFramesPerVideo":0,"avgFramesPerExtractedVideo":null,"vfrPreflightCount":null,"vfrPreflightMs":null,"cacheHits":null,"cacheMisses":null,"transientRetries":null,"minVideoFrameCoverageRatio":null,"authoredTimedClipCount":3}
[INFO] [Render] No HDR sources detected — rendering SDR {"renderJobId":"9b80aa15-1650-4a84-8208-4a7338596eec"}
[INFO] [Render:trace] {"renderJobId":"9b80aa15-1650-4a84-8208-4a7338596eec","phase":"hdr_detection","status":"checkpoint","elapsedMs":350,"message":"resolved","requestedHdrMode":"auto","effectiveHdr":"sdr","nativeHdrVideoCount":0,"nativeHdrImageCount":0}
[INFO] [Render:trace] {"renderJobId":"9b80aa15-1650-4a84-8208-4a7338596eec","phase":"audio_process","status":"start","elapsedMs":350,"audioCount":0}
[INFO] [Render:trace] {"renderJobId":"9b80aa15-1650-4a84-8208-4a7338596eec","phase":"audio_process","status":"end","elapsedMs":350,"durationMs":0,"audioCount":0}
  █████░░░░░░░░░░░░░░░░░░░░  20%  Processing audio tracks
[INFO] [Render:trace] {"renderJobId":"9b80aa15-1650-4a84-8208-4a7338596eec","phase":"file_server","status":"start","elapsedMs":350,"reused":false}
  ██████░░░░░░░░░░░░░░░░░░░  25%  Starting frame capture
[INFO] [Render:trace] {"renderJobId":"9b80aa15-1650-4a84-8208-4a7338596eec","phase":"file_server","status":"end","elapsedMs":352,"durationMs":2}
  ██████░░░░░░░░░░░░░░░░░░░  25%  Checking browser GPU
[hyperframes] browserGpuMode probe → hardware (WebGL renderer vendor="Google Inc. (NVIDIA Corporation)" renderer="ANGLE (NVIDIA Corporation, NVIDIA GeForce RTX 5060/PCIe/SSE2, OpenGL ES 3.2)")
[INFO] [Render:trace] {"renderJobId":"9b80aa15-1650-4a84-8208-4a7338596eec","phase":"capture_calibration","status":"checkpoint","elapsedMs":854,"message":"skipped","requestedWorkers":1,"totalFrames":380,"htmlInCanvasDetected":false,"lowMemoryMode":false,"deInversionEligible":false,"deParallelRouterEligible":false}
[INFO] [Render:trace] {"renderJobId":"9b80aa15-1650-4a84-8208-4a7338596eec","phase":"worker_resolution","status":"checkpoint","elapsedMs":855,"message":"resolved","workerCount":1}
[INFO] streaming-encode gate {"renderJobId":"9b80aa15-1650-4a84-8208-4a7338596eec","enabled":false,"reason":"format_excluded","configFlag":true,"durationCapEnabled":false,"outputFormat":"png-sequence","workerCount":1,"durationSeconds":12.666666666666666,"maxDurationSeconds":240}
[INFO] [Render:trace] {"renderJobId":"9b80aa15-1650-4a84-8208-4a7338596eec","phase":"capture_strategy","status":"checkpoint","elapsedMs":856,"message":"resolved","workerCount":1,"forceScreenshot":true,"captureBeyondViewport":null,"useStreamingEncode":false,"useLayeredComposite":false,"usePageSideCompositing":false,"hasHdrContent":false,"hasShaderTransitions":false,"isPngSequence":true}
[INFO] [Render:trace] {"renderJobId":"9b80aa15-1650-4a84-8208-4a7338596eec","phase":"capture_disk","status":"start","elapsedMs":856,"stagePhase":"capturing","needsAlpha":true,"workerCount":1,"forceScreenshot":true,"totalFrames":380,"framesCompleted":0,"captureMode":"screenshot","captureOperation":"captureScreenshot"}
[BrowserManager] Browser launched (HeadlessChrome/152.0.7977.42, screenshot, gl=--use-gl=angle --use-angle=gl-egl, headlessShell=true, platform=linux)
[initSession:screenshot] page.goto start (0ms)
[HyperFrames] render runtime fps {"canonicalFps":30,"source":"render-options","rawFpsSource":"render-options","rawFps":30}
[initSession:screenshot] page.goto complete (163ms)
[initSession:screenshot] GSAP proxy flush complete (166ms)
[initSession:screenshot] pollHfReady complete (282ms)
[initSession:screenshot] pollSubCompositionTimelines complete (ready) (284ms)
[initSession:screenshot] applyVideoMetadataHints complete (284ms)
[initSession:screenshot] media + fonts + tailwind ready (287ms)
[initSession:screenshot] static-frame dedup: disabled (eligible) (295ms)
  ██████░░░░░░░░░░░░░░░░░░░  25%  Capturing frame 1/380
  ██████░░░░░░░░░░░░░░░░░░░  26%  Capturing frame 7/380
  ██████░░░░░░░░░░░░░░░░░░░  27%  Capturing frame 13/380
  ██████░░░░░░░░░░░░░░░░░░░  27%  Capturing frame 18/380
  ███████░░░░░░░░░░░░░░░░░░  28%  Capturing frame 23/380
  ███████░░░░░░░░░░░░░░░░░░  28%  Capturing frame 28/380
  ███████░░░░░░░░░░░░░░░░░░  29%  Capturing frame 34/380
  ███████░░░░░░░░░░░░░░░░░░  30%  Capturing frame 40/380
  ███████░░░░░░░░░░░░░░░░░░  30%  Capturing frame 45/380
  ███████░░░░░░░░░░░░░░░░░░  31%  Capturing frame 50/380
  ████████░░░░░░░░░░░░░░░░░  32%  Capturing frame 56/380
  ████████░░░░░░░░░░░░░░░░░  32%  Capturing frame 62/380
  ████████░░░░░░░░░░░░░░░░░  33%  Capturing frame 68/380
  ████████░░░░░░░░░░░░░░░░░  34%  Capturing frame 74/380
  ████████░░░░░░░░░░░░░░░░░  34%  Capturing frame 79/380
  ████████░░░░░░░░░░░░░░░░░  35%  Capturing frame 84/380
  █████████░░░░░░░░░░░░░░░░  36%  Capturing frame 90/380
  █████████░░░░░░░░░░░░░░░░  36%  Capturing frame 96/380
  █████████░░░░░░░░░░░░░░░░  37%  Capturing frame 101/380
  █████████░░░░░░░░░░░░░░░░  38%  Capturing frame 106/380
  █████████░░░░░░░░░░░░░░░░  38%  Capturing frame 112/380
  █████████░░░░░░░░░░░░░░░░  39%  Capturing frame 117/380
  ██████████░░░░░░░░░░░░░░░  40%  Capturing frame 123/380
  ██████████░░░░░░░░░░░░░░░  40%  Capturing frame 128/380
  ██████████░░░░░░░░░░░░░░░  41%  Capturing frame 133/380
  ██████████░░░░░░░░░░░░░░░  41%  Capturing frame 138/380
  ██████████░░░░░░░░░░░░░░░  42%  Capturing frame 143/380
  ██████████░░░░░░░░░░░░░░░  43%  Capturing frame 149/380
  ██████████░░░░░░░░░░░░░░░  43%  Capturing frame 154/380
  ███████████░░░░░░░░░░░░░░  44%  Capturing frame 160/380
  ███████████░░░░░░░░░░░░░░  45%  Capturing frame 166/380
  ███████████░░░░░░░░░░░░░░  45%  Capturing frame 171/380
  ███████████░░░░░░░░░░░░░░  46%  Capturing frame 176/380
  ███████████░░░░░░░░░░░░░░  46%  Capturing frame 181/380
  ███████████░░░░░░░░░░░░░░  47%  Capturing frame 186/380
  ████████████░░░░░░░░░░░░░  48%  Capturing frame 191/380
  ████████████░░░░░░░░░░░░░  48%  Capturing frame 196/380
  ████████████░░░░░░░░░░░░░  49%  Capturing frame 201/380
  ████████████░░░░░░░░░░░░░  50%  Capturing frame 207/380
  ████████████░░░░░░░░░░░░░  50%  Capturing frame 213/380
  ████████████░░░░░░░░░░░░░  51%  Capturing frame 219/380
  █████████████░░░░░░░░░░░░  52%  Capturing frame 224/380
  █████████████░░░░░░░░░░░░  52%  Capturing frame 229/380
  █████████████░░░░░░░░░░░░  53%  Capturing frame 234/380
  █████████████░░░░░░░░░░░░  53%  Capturing frame 239/380
  █████████████░░░░░░░░░░░░  54%  Capturing frame 244/380
  █████████████░░░░░░░░░░░░  55%  Capturing frame 250/380
  █████████████░░░░░░░░░░░░  55%  Capturing frame 255/380
  ██████████████░░░░░░░░░░░  56%  Capturing frame 260/380
  ██████████████░░░░░░░░░░░  56%  Capturing frame 265/380
  ██████████████░░░░░░░░░░░  57%  Capturing frame 270/380
  ██████████████░░░░░░░░░░░  58%  Capturing frame 275/380
  ██████████████░░░░░░░░░░░  58%  Capturing frame 280/380
  ██████████████░░░░░░░░░░░  59%  Capturing frame 285/380
  ██████████████░░░░░░░░░░░  59%  Capturing frame 290/380
  ███████████████░░░░░░░░░░  60%  Capturing frame 296/380
  ███████████████░░░░░░░░░░  61%  Capturing frame 301/380
  ███████████████░░░░░░░░░░  61%  Capturing frame 306/380
  ███████████████░░░░░░░░░░  62%  Capturing frame 311/380
  ███████████████░░░░░░░░░░  62%  Capturing frame 316/380
  ███████████████░░░░░░░░░░  63%  Capturing frame 321/380
  ████████████████░░░░░░░░░  64%  Capturing frame 326/380
  ████████████████░░░░░░░░░  64%  Capturing frame 331/380
  ████████████████░░░░░░░░░  65%  Capturing frame 337/380
  ████████████████░░░░░░░░░  66%  Capturing frame 342/380
  ████████████████░░░░░░░░░  66%  Capturing frame 347/380
  ████████████████░░░░░░░░░  67%  Capturing frame 352/380
  ████████████████░░░░░░░░░  67%  Capturing frame 357/380
  █████████████████░░░░░░░░  68%  Capturing frame 362/380
  █████████████████░░░░░░░░  68%  Capturing frame 367/380
  █████████████████░░░░░░░░  69%  Capturing frame 373/380
  █████████████████░░░░░░░░  70%  Capturing frame 378/380
  █████████████████░░░░░░░░  70%  Capturing frame 380/380
[INFO] [Render:trace] {"renderJobId":"9b80aa15-1650-4a84-8208-4a7338596eec","phase":"capture_disk","status":"end","elapsedMs":20281,"durationMs":19425,"stagePhase":"capturing","needsAlpha":true,"workerCount":1,"forceScreenshot":true,"totalFrames":380,"framesCompleted":380,"captureMode":"screenshot","captureOperation":"encode"}
[INFO] [Render:trace] {"renderJobId":"9b80aa15-1650-4a84-8208-4a7338596eec","phase":"encode","status":"start","elapsedMs":20281,"stagePhase":"capturing","hasAudio":false,"isPngSequence":true,"isGif":false,"chunkedEncode":false,"workerCount":1,"forceScreenshot":true,"totalFrames":380,"framesCompleted":380,"captureMode":"screenshot","captureOperation":"encode"}
  ██████████████████░░░░░░░  75%  Writing PNG sequence
[INFO] [Render:trace] {"renderJobId":"9b80aa15-1650-4a84-8208-4a7338596eec","phase":"encode","status":"end","elapsedMs":20296,"durationMs":15,"stagePhase":"capturing","hasAudio":false,"isPngSequence":true,"isGif":false,"chunkedEncode":false,"workerCount":1,"forceScreenshot":true,"totalFrames":380,"framesCompleted":380,"captureMode":"screenshot","captureOperation":"encode"}
[INFO] [Render:trace] {"renderJobId":"9b80aa15-1650-4a84-8208-4a7338596eec","phase":"assemble","status":"checkpoint","elapsedMs":20296,"message":"skipped for png-sequence"}
[INFO] [Render:trace] {"renderJobId":"9b80aa15-1650-4a84-8208-4a7338596eec","phase":"pipeline","status":"checkpoint","elapsedMs":20416,"message":"artifact validated","totalElapsedMs":20415}
  █████████████████████████  100%  Render complete

◇  <project>/.work/verify-remocn-lossless/signup-flow/hyperframes-frames
   11.6 MB · 380 frames · rendered in 20.4s
   screenshot capture · hardware gpu · compile 0.3s · extract 0.0s · audio 0.0s · probe 0.1s · setup 0.5s · capture 19.4s · encode 0.0s
