
◆  Rendering installed → <project>/.work/verify-remocn-lossless/onboarding-stepper-flow/hyperframes-frames
   30fps · high · 1 workers
   GPU: browser GPU (forced)

[?25l│
◇  Browser: env
[?25h[INFO] [Render] Pipeline started {"renderJobId":"258be03e-c51e-4373-9b76-209b00dcb320","platform":"linux","arch":"x64","nodeVersion":"v26.11.1","fps":{"num":30,"den":1},"format":"png-sequence","quality":"high","browserGpuMode":"hardware","forceScreenshot":false,"protocolTimeout":300000,"browserTimeout":120000,"pageNavigationTimeout":60000,"playerReadyTimeout":45000}
[INFO] [Render:trace] {"renderJobId":"258be03e-c51e-4373-9b76-209b00dcb320","phase":"pipeline","status":"checkpoint","elapsedMs":2,"message":"started","format":"png-sequence","quality":"high","browserGpuMode":"hardware","forceScreenshot":false,"protocolTimeoutMs":300000,"pageNavigationTimeoutMs":60000,"playerReadyTimeoutMs":45000,"requestedWorkers":1}
[INFO] [Render:trace] {"renderJobId":"258be03e-c51e-4373-9b76-209b00dcb320","phase":"compile","status":"start","elapsedMs":3,"needsAlpha":true}
  █░░░░░░░░░░░░░░░░░░░░░░░░  5%  Compiling composition
[INFO] [Compiler] Inlined CDN script: https://cdn.jsdelivr.net/npm/gsap@3.14.2/dist/gsap.min.js
[INFO] [Compiler] Embedded local font file: assets/fonts/Geist-Latin.woff2 (29 KB → data URI)
[INFO] Compiled composition metadata {"renderJobId":"258be03e-c51e-4373-9b76-209b00dcb320","entryFile":"index.html","staticDuration":5.833333333333333,"width":1280,"height":720,"videoCount":0,"audioCount":0,"renderModeHints":{"recommendScreenshot":false,"reasons":[]}}
[INFO] [Render:trace] {"renderJobId":"258be03e-c51e-4373-9b76-209b00dcb320","phase":"compile","status":"end","elapsedMs":150,"durationMs":147,"needsAlpha":true}
[INFO] [Render:trace] {"renderJobId":"258be03e-c51e-4373-9b76-209b00dcb320","phase":"compile","status":"checkpoint","elapsedMs":151,"message":"composition metadata resolved","width":1280,"height":720,"videoCount":0,"audioCount":0,"imageCount":0,"deviceScaleFactor":1,"forceScreenshot":true,"compositionHash":"aada556cb6c567f9"}
[INFO] [Render:trace] {"renderJobId":"258be03e-c51e-4373-9b76-209b00dcb320","phase":"browser_probe","status":"start","elapsedMs":151,"forceScreenshot":true,"stagePhase":"calibrating"}
[INFO] [Render:trace] {"renderJobId":"258be03e-c51e-4373-9b76-209b00dcb320","phase":"browser_probe","status":"end","elapsedMs":268,"durationMs":117,"forceScreenshot":true,"stagePhase":"calibrating"}
[INFO] [Render:trace] {"renderJobId":"258be03e-c51e-4373-9b76-209b00dcb320","phase":"browser_probe","status":"checkpoint","elapsedMs":269,"message":"duration resolved","durationSeconds":5.833333333333333,"totalFrames":175,"compositionHash":"aada556cb6c567f9","beginFrameStalled":false}
[INFO] [Render:trace] {"renderJobId":"258be03e-c51e-4373-9b76-209b00dcb320","phase":"video_extract","status":"start","elapsedMs":269,"videoCount":0}
  ██░░░░░░░░░░░░░░░░░░░░░░░  10%  Extracting video frames
[INFO] [Render:trace] {"renderJobId":"258be03e-c51e-4373-9b76-209b00dcb320","phase":"video_extract","status":"end","elapsedMs":269,"durationMs":0,"videoCount":0}
[INFO] [Render:trace] {"renderJobId":"258be03e-c51e-4373-9b76-209b00dcb320","phase":"video_extract","status":"checkpoint","elapsedMs":270,"message":"frames resolved","videoCount":0,"extractedVideoCount":0,"totalFramesExtracted":0,"maxFramesPerVideo":0,"avgFramesPerExtractedVideo":null,"vfrPreflightCount":null,"vfrPreflightMs":null,"cacheHits":null,"cacheMisses":null,"transientRetries":null,"minVideoFrameCoverageRatio":null,"authoredTimedClipCount":3}
[INFO] [Render] No HDR sources detected — rendering SDR {"renderJobId":"258be03e-c51e-4373-9b76-209b00dcb320"}
[INFO] [Render:trace] {"renderJobId":"258be03e-c51e-4373-9b76-209b00dcb320","phase":"hdr_detection","status":"checkpoint","elapsedMs":271,"message":"resolved","requestedHdrMode":"auto","effectiveHdr":"sdr","nativeHdrVideoCount":0,"nativeHdrImageCount":0}
[INFO] [Render:trace] {"renderJobId":"258be03e-c51e-4373-9b76-209b00dcb320","phase":"audio_process","status":"start","elapsedMs":271,"audioCount":0}
[INFO] [Render:trace] {"renderJobId":"258be03e-c51e-4373-9b76-209b00dcb320","phase":"audio_process","status":"end","elapsedMs":271,"durationMs":0,"audioCount":0}
  █████░░░░░░░░░░░░░░░░░░░░  20%  Processing audio tracks
[INFO] [Render:trace] {"renderJobId":"258be03e-c51e-4373-9b76-209b00dcb320","phase":"file_server","status":"start","elapsedMs":271,"reused":false}
  ██████░░░░░░░░░░░░░░░░░░░  25%  Starting frame capture
[INFO] [Render:trace] {"renderJobId":"258be03e-c51e-4373-9b76-209b00dcb320","phase":"file_server","status":"end","elapsedMs":273,"durationMs":2}
  ██████░░░░░░░░░░░░░░░░░░░  25%  Checking browser GPU
[hyperframes] browserGpuMode probe → hardware (WebGL renderer vendor="Google Inc. (NVIDIA Corporation)" renderer="ANGLE (NVIDIA Corporation, NVIDIA GeForce RTX 5060/PCIe/SSE2, OpenGL ES 3.2)")
[INFO] [Render:trace] {"renderJobId":"258be03e-c51e-4373-9b76-209b00dcb320","phase":"capture_calibration","status":"checkpoint","elapsedMs":738,"message":"skipped","requestedWorkers":1,"totalFrames":175,"htmlInCanvasDetected":false,"lowMemoryMode":false,"deInversionEligible":false,"deParallelRouterEligible":false}
[INFO] [Render:trace] {"renderJobId":"258be03e-c51e-4373-9b76-209b00dcb320","phase":"worker_resolution","status":"checkpoint","elapsedMs":739,"message":"resolved","workerCount":1}
[INFO] streaming-encode gate {"renderJobId":"258be03e-c51e-4373-9b76-209b00dcb320","enabled":false,"reason":"format_excluded","configFlag":true,"durationCapEnabled":false,"outputFormat":"png-sequence","workerCount":1,"durationSeconds":5.833333333333333,"maxDurationSeconds":240}
[INFO] [Render:trace] {"renderJobId":"258be03e-c51e-4373-9b76-209b00dcb320","phase":"capture_strategy","status":"checkpoint","elapsedMs":739,"message":"resolved","workerCount":1,"forceScreenshot":true,"captureBeyondViewport":null,"useStreamingEncode":false,"useLayeredComposite":false,"usePageSideCompositing":false,"hasHdrContent":false,"hasShaderTransitions":false,"isPngSequence":true}
[INFO] [Render:trace] {"renderJobId":"258be03e-c51e-4373-9b76-209b00dcb320","phase":"capture_disk","status":"start","elapsedMs":739,"stagePhase":"capturing","needsAlpha":true,"workerCount":1,"forceScreenshot":true,"totalFrames":175,"framesCompleted":0,"captureMode":"screenshot","captureOperation":"captureScreenshot"}
[BrowserManager] Browser launched (HeadlessChrome/152.0.7977.42, screenshot, gl=--use-gl=angle --use-angle=gl-egl, headlessShell=true, platform=linux)
[initSession:screenshot] page.goto start (0ms)
[HyperFrames] render runtime fps {"canonicalFps":30,"source":"render-options","rawFpsSource":"render-options","rawFps":30}
[initSession:screenshot] page.goto complete (144ms)
[initSession:screenshot] GSAP proxy flush complete (147ms)
[initSession:screenshot] pollHfReady complete (260ms)
[initSession:screenshot] pollSubCompositionTimelines complete (ready) (261ms)
[initSession:screenshot] applyVideoMetadataHints complete (261ms)
[initSession:screenshot] media + fonts + tailwind ready (263ms)
[initSession:screenshot] static-frame dedup: disabled (eligible) (268ms)
  ██████░░░░░░░░░░░░░░░░░░░  25%  Capturing frame 1/175
  ██████░░░░░░░░░░░░░░░░░░░  27%  Capturing frame 8/175
  ███████░░░░░░░░░░░░░░░░░░  29%  Capturing frame 14/175
  ███████░░░░░░░░░░░░░░░░░░  30%  Capturing frame 20/175
  ████████░░░░░░░░░░░░░░░░░  32%  Capturing frame 26/175
  ████████░░░░░░░░░░░░░░░░░  33%  Capturing frame 32/175
  ████████░░░░░░░░░░░░░░░░░  35%  Capturing frame 38/175
  █████████░░░░░░░░░░░░░░░░  36%  Capturing frame 44/175
  █████████░░░░░░░░░░░░░░░░  38%  Capturing frame 50/175
  █████████░░░░░░░░░░░░░░░░  39%  Capturing frame 56/175
  ██████████░░░░░░░░░░░░░░░  41%  Capturing frame 63/175
  ██████████░░░░░░░░░░░░░░░  43%  Capturing frame 69/175
  ███████████░░░░░░░░░░░░░░  45%  Capturing frame 76/175
  ███████████░░░░░░░░░░░░░░  46%  Capturing frame 82/175
  ████████████░░░░░░░░░░░░░  48%  Capturing frame 89/175
  ████████████░░░░░░░░░░░░░  49%  Capturing frame 95/175
  ████████████░░░░░░░░░░░░░  51%  Capturing frame 101/175
  █████████████░░░░░░░░░░░░  53%  Capturing frame 107/175
  █████████████░░░░░░░░░░░░  54%  Capturing frame 113/175
  ██████████████░░░░░░░░░░░  56%  Capturing frame 119/175
  ██████████████░░░░░░░░░░░  57%  Capturing frame 125/175
  ██████████████░░░░░░░░░░░  59%  Capturing frame 131/175
  ███████████████░░░░░░░░░░  60%  Capturing frame 137/175
  ███████████████░░░░░░░░░░  62%  Capturing frame 143/175
  ███████████████░░░░░░░░░░  63%  Capturing frame 149/175
  ████████████████░░░░░░░░░  65%  Capturing frame 155/175
  ████████████████░░░░░░░░░  66%  Capturing frame 161/175
  █████████████████░░░░░░░░  68%  Capturing frame 168/175
  █████████████████░░░░░░░░  70%  Capturing frame 174/175
  █████████████████░░░░░░░░  70%  Capturing frame 175/175
[INFO] [Render:trace] {"renderJobId":"258be03e-c51e-4373-9b76-209b00dcb320","phase":"capture_disk","status":"end","elapsedMs":8542,"durationMs":7803,"stagePhase":"capturing","needsAlpha":true,"workerCount":1,"forceScreenshot":true,"totalFrames":175,"framesCompleted":175,"captureMode":"screenshot","captureOperation":"encode"}
[INFO] [Render:trace] {"renderJobId":"258be03e-c51e-4373-9b76-209b00dcb320","phase":"encode","status":"start","elapsedMs":8542,"stagePhase":"capturing","hasAudio":false,"isPngSequence":true,"isGif":false,"chunkedEncode":false,"workerCount":1,"forceScreenshot":true,"totalFrames":175,"framesCompleted":175,"captureMode":"screenshot","captureOperation":"encode"}
  ██████████████████░░░░░░░  75%  Writing PNG sequence
[INFO] [Render:trace] {"renderJobId":"258be03e-c51e-4373-9b76-209b00dcb320","phase":"encode","status":"end","elapsedMs":8550,"durationMs":8,"stagePhase":"capturing","hasAudio":false,"isPngSequence":true,"isGif":false,"chunkedEncode":false,"workerCount":1,"forceScreenshot":true,"totalFrames":175,"framesCompleted":175,"captureMode":"screenshot","captureOperation":"encode"}
[INFO] [Render:trace] {"renderJobId":"258be03e-c51e-4373-9b76-209b00dcb320","phase":"assemble","status":"checkpoint","elapsedMs":8550,"message":"skipped for png-sequence"}
[INFO] [Render:trace] {"renderJobId":"258be03e-c51e-4373-9b76-209b00dcb320","phase":"pipeline","status":"checkpoint","elapsedMs":8571,"message":"artifact validated","totalElapsedMs":8570}
  █████████████████████████  100%  Render complete

◇  <project>/.work/verify-remocn-lossless/onboarding-stepper-flow/hyperframes-frames
   2.1 MB · 175 frames · rendered in 8.6s
   screenshot capture · hardware gpu · compile 0.3s · extract 0.0s · audio 0.0s · probe 0.1s · setup 0.5s · capture 7.8s · encode 0.0s
