[hyperframes] browserGpuMode probe → hardware (WebGL renderer vendor="Google Inc. (NVIDIA Corporation)" renderer="ANGLE (NVIDIA Corporation, NVIDIA GeForce RTX 5060/PCIe/SSE2, OpenGL ES 3.2)")
{
  "ok": true,
  "strict": false,
  "lint": {
    "ok": true,
    "errorCount": 0,
    "warningCount": 0,
    "infoCount": 0,
    "findings": [],
    "filesScanned": 2
  },
  "runtime": {
    "ok": true,
    "errorCount": 0,
    "warningCount": 0,
    "infoCount": 0,
    "findings": []
  },
  "layout": {
    "ok": true,
    "errorCount": 0,
    "warningCount": 0,
    "infoCount": 28,
    "findings": [
      {
        "code": "canvas_overflow",
        "severity": "info",
        "time": 2.978,
        "selector": "#brand-guidelines-source-root > div:nth-of-type(1) > div:nth-of-type(1) > div:nth-of-type(1) > div:nth-of-type(3) > div:nth-of-type(1)",
        "message": "Text extends outside the composition canvas.",
        "rect": {
          "left": 1952,
          "top": 516,
          "right": 2101.53,
          "bottom": 556,
          "width": 149.53,
          "height": 40
        },
        "containerSelector": "#root",
        "text": "#D6CFC4",
        "fixHint": "Move the text inward, reduce its size, or mark intentional off-canvas animation with data-layout-allow-overflow.",
        "containerRect": {
          "left": 0,
          "top": 0,
          "right": 1920,
          "bottom": 1080,
          "width": 1920,
          "height": 1080
        },
        "overflow": {
          "right": 181.53
        },
        "dataAttributes": {
          "data-layout-allow-overlap": "true"
        },
        "sourceFile": "compositions/brand-guidelines.html",
        "bbox": {
          "x": 1952,
          "y": 516,
          "width": 149.53,
          "height": 40
        },
        "firstSeen": 2.978,
        "lastSeen": 2.978,
        "occurrences": 1
      },
      {
        "code": "canvas_overflow",
        "severity": "info",
        "time": 2.978,
        "selector": "#brand-guidelines-source-root > div:nth-of-type(1) > div:nth-of-type(1) > div:nth-of-type(1) > div:nth-of-type(4) > div:nth-of-type(1)",
        "message": "Text extends outside the composition canvas.",
        "rect": {
          "left": 1952,
          "top": 516,
          "right": 2081.13,
          "bottom": 556,
          "width": 129.13,
          "height": 40
        },
        "containerSelector": "#root",
        "text": "#F5F1E9",
        "fixHint": "Move the text inward, reduce its size, or mark intentional off-canvas animation with data-layout-allow-overflow.",
        "containerRect": {
          "left": 0,
          "top": 0,
          "right": 1920,
          "bottom": 1080,
          "width": 1920,
          "height": 1080
        },
        "overflow": {
          "right": 161.13
        },
        "dataAttributes": {
          "data-layout-allow-overlap": "true"
        },
        "sourceFile": "compositions/brand-guidelines.html",
        "bbox": {
          "x": 1952,
          "y": 516,
          "width": 129.13,
          "height": 40
        },
        "firstSeen": 2.978,
        "lastSeen": 2.978,
        "occurrences": 1
      },
      {
        "code": "escaped_container",
        "severity": "info",
        "time": 2.978,
        "selector": "#brand-guidelines-source-root > div:nth-of-type(1) > div:nth-of-type(1) > div:nth-of-type(1) > div:nth-of-type(2)",
        "message": "Positioned element renders far outside its offset parent — its coordinates were likely computed in a different frame (canvas/viewport pixels).",
        "rect": {
          "left": 1722.28,
          "top": 0,
          "right": 3642.28,
          "bottom": 1080,
          "width": 1920,
          "height": 1080
        },
        "containerSelector": "#brand-guidelines-source-root > div:nth-of-type(1) > div:nth-of-type(1) > div:nth-of-type(1)",
        "text": "#A64B38",
        "fixHint": "Compute left/top in the offset parent's frame (subtract its rect), or mark intentional placement with data-layout-allow-overflow.",
        "containerRect": {
          "left": 0,
          "top": 0,
          "right": 1920,
          "bottom": 1080,
          "width": 1920,
          "height": 1080
        },
        "dataAttributes": {},
        "sourceFile": "compositions/brand-guidelines.html",
        "bbox": {
          "x": 1722.28,
          "y": 0,
          "width": 1920,
          "height": 1080
        },
        "firstSeen": 2.978,
        "lastSeen": 2.978,
        "occurrences": 1
      },
      {
        "code": "canvas_overflow",
        "severity": "info",
        "time": 4.963,
        "selector": "#brand-guidelines-source-root > div:nth-of-type(1) > div:nth-of-type(1) > div:nth-of-type(2) > div:nth-of-type(1) > div:nth-of-type(1)",
        "message": "Text extends outside the composition canvas.",
        "rect": {
          "left": 2770.76,
          "top": 390,
          "right": 2976.3,
          "bottom": 422,
          "width": 205.53,
          "height": 32
        },
        "containerSelector": "#root",
        "text": "Brand guidelines",
        "fixHint": "Move the text inward, reduce its size, or mark intentional off-canvas animation with data-layout-allow-overflow.",
        "containerRect": {
          "left": 0,
          "top": 0,
          "right": 1920,
          "bottom": 1080,
          "width": 1920,
          "height": 1080
        },
        "overflow": {
          "right": 1056.3
        },
        "dataAttributes": {},
        "sourceFile": "compositions/brand-guidelines.html",
        "bbox": {
          "x": 2770.76,
          "y": 390,
          "width": 205.53,
          "height": 32
        },
        "firstSeen": 4.963,
        "lastSeen": 4.963,
        "occurrences": 1
      },
      {
        "code": "canvas_overflow",
        "severity": "info",
        "time": 4.963,
        "selector": "#brand-guidelines-source-root > div:nth-of-type(1) > div:nth-of-type(1) > div:nth-of-type(2) > div:nth-of-type(1) > div:nth-of-type(5)",
        "message": "Text extends outside the composition canvas.",
        "rect": {
          "left": 2747.76,
          "top": 670,
          "right": 2999.3,
          "bottom": 702,
          "width": 251.53,
          "height": 32
        },
        "containerSelector": "#root",
        "text": "Manrope / ExtraBold",
        "fixHint": "Move the text inward, reduce its size, or mark intentional off-canvas animation with data-layout-allow-overflow.",
        "containerRect": {
          "left": 0,
          "top": 0,
          "right": 1920,
          "bottom": 1080,
          "width": 1920,
          "height": 1080
        },
        "overflow": {
          "right": 1079.3
        },
        "dataAttributes": {},
        "sourceFile": "compositions/brand-guidelines.html",
        "bbox": {
          "x": 2747.76,
          "y": 670,
          "width": 251.53,
          "height": 32
        },
        "firstSeen": 4.963,
        "lastSeen": 4.963,
        "occurrences": 1
      },
      {
        "code": "container_overflow",
        "severity": "info",
        "time": 4.963,
        "selector": "#brand-guidelines-source-root > div:nth-of-type(1) > div:nth-of-type(1) > div:nth-of-type(1)",
        "message": "Element extends outside a clipping layout container.",
        "rect": {
          "left": -6.45,
          "top": 0,
          "right": 1913.55,
          "bottom": 1080,
          "width": 1920,
          "height": 1080
        },
        "containerSelector": "#brand-guidelines-source-root > div:nth-of-type(1) > div:nth-of-type(1)",
        "fixHint": "Resize/reposition the child or container, or mark intentional overflow with data-layout-allow-overflow.",
        "containerRect": {
          "left": 0,
          "top": 0,
          "right": 1920,
          "bottom": 1080,
          "width": 1920,
          "height": 1080
        },
        "overflow": {
          "left": 6.45
        },
        "dataAttributes": {},
        "sourceFile": "compositions/brand-guidelines.html",
        "bbox": {
          "x": -6.45,
          "y": 0,
          "width": 1920,
          "height": 1080
        },
        "firstSeen": 4.963,
        "lastSeen": 4.963,
        "occurrences": 1
      },
      {
        "code": "container_overflow",
        "severity": "info",
        "time": 4.963,
        "selector": "#brand-guidelines-source-root > div:nth-of-type(1) > div:nth-of-type(1) > div:nth-of-type(2)",
        "message": "Element extends outside a clipping layout container.",
        "rect": {
          "left": 1913.55,
          "top": 0,
          "right": 3833.55,
          "bottom": 1080,
          "width": 1920,
          "height": 1080
        },
        "containerSelector": "#brand-guidelines-source-root > div:nth-of-type(1) > div:nth-of-type(1)",
        "fixHint": "Resize/reposition the child or container, or mark intentional overflow with data-layout-allow-overflow.",
        "containerRect": {
          "left": 0,
          "top": 0,
          "right": 1920,
          "bottom": 1080,
          "width": 1920,
          "height": 1080
        },
        "overflow": {
          "right": 1913.55
        },
        "dataAttributes": {},
        "sourceFile": "compositions/brand-guidelines.html",
        "bbox": {
          "x": 1913.55,
          "y": 0,
          "width": 1920,
          "height": 1080
        },
        "firstSeen": 4.963,
        "lastSeen": 4.963,
        "occurrences": 1
      },
      {
        "code": "escaped_container",
        "severity": "info",
        "time": 4.963,
        "selector": "#brand-guidelines-source-root > div:nth-of-type(1) > div:nth-of-type(1) > div:nth-of-type(1) > div:nth-of-type(4)",
        "message": "Positioned element renders far outside its offset parent — its coordinates were likely computed in a different frame (canvas/viewport pixels).",
        "rect": {
          "left": 1481.55,
          "top": 0,
          "right": 3401.55,
          "bottom": 1080,
          "width": 1920,
          "height": 1080
        },
        "containerSelector": "#brand-guidelines-source-root > div:nth-of-type(1) > div:nth-of-type(1) > div:nth-of-type(1)",
        "text": "#F5F1E9",
        "fixHint": "Compute left/top in the offset parent's frame (subtract its rect), or mark intentional placement with data-layout-allow-overflow.",
        "containerRect": {
          "left": -6.45,
          "top": 0,
          "right": 1913.55,
          "bottom": 1080,
          "width": 1920,
          "height": 1080
        },
        "dataAttributes": {},
        "sourceFile": "compositions/brand-guidelines.html",
        "bbox": {
          "x": 1481.55,
          "y": 0,
          "width": 1920,
          "height": 1080
        },
        "firstSeen": 4.963,
        "lastSeen": 4.963,
        "occurrences": 1
      },
      {
        "code": "escaped_container",
        "severity": "info",
        "time": 4.963,
        "selector": "#brand-guidelines-source-root > div:nth-of-type(1) > div:nth-of-type(1) > div:nth-of-type(2)",
        "message": "Positioned element renders far outside its offset parent — its coordinates were likely computed in a different frame (canvas/viewport pixels).",
        "rect": {
          "left": 1913.55,
          "top": 0,
          "right": 3833.55,
          "bottom": 1080,
          "width": 1920,
          "height": 1080
        },
        "containerSelector": "#brand-guidelines-source-root > div:nth-of-type(1) > div:nth-of-type(1)",
        "text": "Brand guidelines Manrope / ExtraBold",
        "fixHint": "Compute left/top in the offset parent's frame (subtract its rect), or mark intentional placement with data-layout-allow-overflow.",
        "containerRect": {
          "left": 0,
          "top": 0,
          "right": 1920,
          "bottom": 1080,
          "width": 1920,
          "height": 1080
        },
        "dataAttributes": {},
        "sourceFile": "compositions/brand-guidelines.html",
        "bbox": {
          "x": 1913.55,
          "y": 0,
          "width": 1920,
          "height": 1080
        },
        "firstSeen": 4.963,
        "lastSeen": 4.963,
        "occurrences": 1
      },
      {
        "code": "text_occluded",
        "severity": "info",
        "time": 10.919,
        "selector": "#brand-guidelines-source-root > div:nth-of-type(1) > div:nth-of-type(1) > div:nth-of-type(1) > div:nth-of-type(2) > span:nth-of-type(1)",
        "message": "Text is hidden beneath an opaque element.",
        "rect": {
          "left": 96,
          "top": 426,
          "right": 1478.25,
          "bottom": 644,
          "width": 1382.25,
          "height": 218
        },
        "containerSelector": "#brand-guidelines-source-root > div:nth-of-type(1) > div:nth-of-type(1) > div:nth-of-type(2) > div:nth-of-type(6) > img:nth-of-type(1)",
        "text": "Made with purpose.",
        "fixHint": "Give the text its own zone, raise its stacking order above the covering element, or mark intentional layering with data-layout-allow-occlusion.",
        "coveredFraction": 0.89,
        "dataAttributes": {
          "data-layout-allow-overlap": "true"
        },
        "sourceFile": "compositions/brand-guidelines.html",
        "bbox": {
          "x": 96,
          "y": 426,
          "width": 1382.25,
          "height": 218
        },
        "firstSeen": 10.919,
        "lastSeen": 10.919,
        "occurrences": 1
      },
      {
        "code": "canvas_overflow",
        "severity": "info",
        "time": 10.919,
        "selector": "#brand-guidelines-source-root > div:nth-of-type(1) > div:nth-of-type(1) > div:nth-of-type(2) > div:nth-of-type(2) > div:nth-of-type(1) > div:nth-of-type(1)",
        "message": "Text extends outside the composition canvas.",
        "rect": {
          "left": 1332.11,
          "top": -140.99,
          "right": 1738.82,
          "bottom": -30.96,
          "width": 406.71,
          "height": 110.03
        },
        "containerSelector": "#root",
        "text": "Form Study",
        "fixHint": "Move the text inward, reduce its size, or mark intentional off-canvas animation with data-layout-allow-overflow.",
        "containerRect": {
          "left": 0,
          "top": 0,
          "right": 1920,
          "bottom": 1080,
          "width": 1920,
          "height": 1080
        },
        "overflow": {
          "top": 140.99
        },
        "dataAttributes": {
          "data-layout-allow-overlap": "true"
        },
        "sourceFile": "compositions/brand-guidelines.html",
        "bbox": {
          "x": 1332.11,
          "y": -140.99,
          "width": 406.71,
          "height": 110.03
        },
        "firstSeen": 10.919,
        "lastSeen": 10.919,
        "occurrences": 1
      },
      {
        "code": "canvas_overflow",
        "severity": "info",
        "time": 10.919,
        "selector": "#brand-guidelines-source-root > div:nth-of-type(1) > div:nth-of-type(1) > div:nth-of-type(2) > div:nth-of-type(8) > div:nth-of-type(1) > div:nth-of-type(1)",
        "message": "Text extends outside the composition canvas.",
        "rect": {
          "left": 847.97,
          "top": 1047.74,
          "right": 1254.68,
          "bottom": 1157.78,
          "width": 406.71,
          "height": 110.03
        },
        "containerSelector": "#root",
        "text": "Form Study",
        "fixHint": "Move the text inward, reduce its size, or mark intentional off-canvas animation with data-layout-allow-overflow.",
        "containerRect": {
          "left": 0,
          "top": 0,
          "right": 1920,
          "bottom": 1080,
          "width": 1920,
          "height": 1080
        },
        "overflow": {
          "bottom": 77.78
        },
        "dataAttributes": {
          "data-layout-allow-overlap": "true"
        },
        "sourceFile": "compositions/brand-guidelines.html",
        "bbox": {
          "x": 847.97,
          "y": 1047.74,
          "width": 406.71,
          "height": 110.03
        },
        "firstSeen": 10.919,
        "lastSeen": 10.919,
        "occurrences": 1
      },
      {
        "code": "text_occluded",
        "severity": "info",
        "time": 10.919,
        "selector": "#brand-guidelines-source-root > div:nth-of-type(1) > div:nth-of-type(1) > div:nth-of-type(2) > div:nth-of-type(8) > div:nth-of-type(1) > div:nth-of-type(1)",
        "message": "Text is hidden beneath an opaque element.",
        "rect": {
          "left": 847.97,
          "top": 1047.74,
          "right": 1254.68,
          "bottom": 1157.78,
          "width": 406.71,
          "height": 110.03
        },
        "containerSelector": "#brand-guidelines-source-root > div:nth-of-type(1) > div:nth-of-type(1) > div:nth-of-type(2) > div:nth-of-type(10) > div:nth-of-type(1)",
        "text": "Form Study",
        "fixHint": "Give the text its own zone, raise its stacking order above the covering element, or mark intentional layering with data-layout-allow-occlusion.",
        "coveredFraction": 0.15,
        "dataAttributes": {
          "data-layout-allow-overlap": "true"
        },
        "sourceFile": "compositions/brand-guidelines.html",
        "bbox": {
          "x": 847.97,
          "y": 1047.74,
          "width": 406.71,
          "height": 110.03
        },
        "firstSeen": 10.919,
        "lastSeen": 10.919,
        "occurrences": 1
      },
      {
        "code": "canvas_overflow",
        "severity": "info",
        "time": 10.919,
        "selector": "#brand-guidelines-source-root > div:nth-of-type(1) > div:nth-of-type(1) > div:nth-of-type(2) > div:nth-of-type(8) > div:nth-of-type(1) > div:nth-of-type(3)",
        "message": "Text extends outside the composition canvas.",
        "rect": {
          "left": 847.97,
          "top": 1406.85,
          "right": 1036.21,
          "bottom": 1430.85,
          "width": 188.24,
          "height": 24.01
        },
        "containerSelector": "#root",
        "text": "Made with purpose.",
        "fixHint": "Move the text inward, reduce its size, or mark intentional off-canvas animation with data-layout-allow-overflow.",
        "containerRect": {
          "left": 0,
          "top": 0,
          "right": 1920,
          "bottom": 1080,
          "width": 1920,
          "height": 1080
        },
        "overflow": {
          "bottom": 350.85
        },
        "dataAttributes": {},
        "sourceFile": "compositions/brand-guidelines.html",
        "bbox": {
          "x": 847.97,
          "y": 1406.85,
          "width": 188.24,
          "height": 24.01
        },
        "firstSeen": 10.919,
        "lastSeen": 10.919,
        "occurrences": 1
      },
      {
        "code": "canvas_overflow",
        "severity": "info",
        "time": 10.919,
        "selector": "#brand-guidelines-source-root > div:nth-of-type(1) > div:nth-of-type(1) > div:nth-of-type(2) > div:nth-of-type(10) > div:nth-of-type(1) > div:nth-of-type(1)",
        "message": "Text extends outside the composition canvas.",
        "rect": {
          "left": 1144.05,
          "top": 1064.35,
          "right": 1252.86,
          "bottom": 1088.36,
          "width": 108.81,
          "height": 24.01
        },
        "containerSelector": "#root",
        "text": "Form Study",
        "fixHint": "Move the text inward, reduce its size, or mark intentional off-canvas animation with data-layout-allow-overflow.",
        "containerRect": {
          "left": 0,
          "top": 0,
          "right": 1920,
          "bottom": 1080,
          "width": 1920,
          "height": 1080
        },
        "overflow": {
          "bottom": 8.36
        },
        "dataAttributes": {},
        "sourceFile": "compositions/brand-guidelines.html",
        "bbox": {
          "x": 1144.05,
          "y": 1064.35,
          "width": 108.81,
          "height": 24.01
        },
        "firstSeen": 10.919,
        "lastSeen": 10.919,
        "occurrences": 1
      },
      {
        "code": "escaped_container",
        "severity": "info",
        "time": 10.919,
        "selector": "#brand-guidelines-source-root > div:nth-of-type(1) > div:nth-of-type(1) > div:nth-of-type(2) > div:nth-of-type(8)",
        "message": "Positioned element renders far outside its offset parent — its coordinates were likely computed in a different frame (canvas/viewport pixels).",
        "rect": {
          "left": 805.96,
          "top": 1021.74,
          "right": 1376.12,
          "bottom": 1471.87,
          "width": 570.16,
          "height": 450.13
        },
        "containerSelector": "#brand-guidelines-source-root > div:nth-of-type(1) > div:nth-of-type(1) > div:nth-of-type(2)",
        "text": "Form Study Made with purpose.",
        "fixHint": "Compute left/top in the offset parent's frame (subtract its rect), or mark intentional placement with data-layout-allow-overflow.",
        "containerRect": {
          "left": -0.27,
          "top": -0.15,
          "right": 1920.27,
          "bottom": 1080.15,
          "width": 1920.55,
          "height": 1080.31
        },
        "dataAttributes": {},
        "sourceFile": "compositions/brand-guidelines.html",
        "bbox": {
          "x": 805.96,
          "y": 1021.74,
          "width": 570.16,
          "height": 450.13
        },
        "firstSeen": 10.919,
        "lastSeen": 10.919,
        "occurrences": 1
      },
      {
        "code": "panel_out_of_canvas",
        "severity": "info",
        "time": 10.919,
        "selector": "#brand-guidelines-source-root > div:nth-of-type(1) > div:nth-of-type(1) > div:nth-of-type(2) > div:nth-of-type(2) > div:nth-of-type(1)",
        "message": "Painted panel extends outside the composition canvas.",
        "rect": {
          "left": 1290.09,
          "top": -167,
          "right": 1810.24,
          "bottom": 243.12,
          "width": 520.15,
          "height": 410.12
        },
        "containerSelector": "#root",
        "text": "Form Study Made with purpose.",
        "fixHint": "Move the panel inward, or mark intentional off-canvas animation with data-layout-allow-overflow.",
        "containerRect": {
          "left": 0,
          "top": 0,
          "right": 1920,
          "bottom": 1080,
          "width": 1920,
          "height": 1080
        },
        "overflow": {
          "top": 167
        },
        "dataAttributes": {},
        "sourceFile": "compositions/brand-guidelines.html",
        "bbox": {
          "x": 1290.09,
          "y": -167,
          "width": 520.15,
          "height": 410.12
        },
        "firstSeen": 10.919,
        "lastSeen": 10.919,
        "occurrences": 1
      },
      {
        "code": "panel_out_of_canvas",
        "severity": "info",
        "time": 10.919,
        "selector": "#brand-guidelines-source-root > div:nth-of-type(1) > div:nth-of-type(1) > div:nth-of-type(2) > div:nth-of-type(7) > div:nth-of-type(1)",
        "message": "Painted panel extends outside the composition canvas.",
        "rect": {
          "left": 633.91,
          "top": -118.59,
          "right": 1154.06,
          "bottom": 267.52,
          "width": 520.15,
          "height": 386.11
        },
        "containerSelector": "#root",
        "text": "Form Study",
        "fixHint": "Move the panel inward, or mark intentional off-canvas animation with data-layout-allow-overflow.",
        "containerRect": {
          "left": 0,
          "top": 0,
          "right": 1920,
          "bottom": 1080,
          "width": 1920,
          "height": 1080
        },
        "overflow": {
          "top": 118.59
        },
        "dataAttributes": {},
        "sourceFile": "compositions/brand-guidelines.html",
        "bbox": {
          "x": 633.91,
          "y": -118.59,
          "width": 520.15,
          "height": 386.11
        },
        "firstSeen": 10.919,
        "lastSeen": 10.919,
        "occurrences": 1
      },
      {
        "code": "panel_out_of_canvas",
        "severity": "info",
        "time": 10.919,
        "selector": "#brand-guidelines-source-root > div:nth-of-type(1) > div:nth-of-type(1) > div:nth-of-type(2) > div:nth-of-type(8) > div:nth-of-type(1)",
        "message": "Painted panel extends outside the composition canvas.",
        "rect": {
          "left": 805.96,
          "top": 1021.74,
          "right": 1376.12,
          "bottom": 1471.87,
          "width": 570.16,
          "height": 450.13
        },
        "containerSelector": "#root",
        "text": "Form Study Made with purpose.",
        "fixHint": "Move the panel inward, or mark intentional off-canvas animation with data-layout-allow-overflow.",
        "containerRect": {
          "left": 0,
          "top": 0,
          "right": 1920,
          "bottom": 1080,
          "width": 1920,
          "height": 1080
        },
        "overflow": {
          "bottom": 391.87
        },
        "dataAttributes": {},
        "sourceFile": "compositions/brand-guidelines.html",
        "bbox": {
          "x": 805.96,
          "y": 1021.74,
          "width": 570.16,
          "height": 450.13
        },
        "firstSeen": 10.919,
        "lastSeen": 10.919,
        "occurrences": 1
      },
      {
        "code": "panel_out_of_canvas",
        "severity": "info",
        "time": 10.919,
        "selector": "#brand-guidelines-source-root > div:nth-of-type(1) > div:nth-of-type(1) > div:nth-of-type(2) > div:nth-of-type(10) > div:nth-of-type(1)",
        "message": "Painted panel extends outside the composition canvas.",
        "rect": {
          "left": 1108.04,
          "top": 715.25,
          "right": 1628.19,
          "bottom": 1123.37,
          "width": 520.15,
          "height": 408.12
        },
        "containerSelector": "#root",
        "text": "Form Study",
        "fixHint": "Move the panel inward, or mark intentional off-canvas animation with data-layout-allow-overflow.",
        "containerRect": {
          "left": 0,
          "top": 0,
          "right": 1920,
          "bottom": 1080,
          "width": 1920,
          "height": 1080
        },
        "overflow": {
          "bottom": 43.37
        },
        "dataAttributes": {},
        "sourceFile": "compositions/brand-guidelines.html",
        "bbox": {
          "x": 1108.04,
          "y": 715.25,
          "width": 520.15,
          "height": 408.12
        },
        "firstSeen": 10.919,
        "lastSeen": 10.919,
        "occurrences": 1
      },
      {
        "code": "text_occluded",
        "severity": "info",
        "time": 12.904,
        "selector": "#brand-guidelines-source-root > div:nth-of-type(1) > div:nth-of-type(1) > div:nth-of-type(1) > div:nth-of-type(2) > span:nth-of-type(1)",
        "message": "Text is hidden beneath an opaque element.",
        "rect": {
          "left": 96,
          "top": 426,
          "right": 1478.25,
          "bottom": 644,
          "width": 1382.25,
          "height": 218
        },
        "containerSelector": "#brand-guidelines-source-root > div:nth-of-type(1) > div:nth-of-type(1) > div:nth-of-type(2) > div:nth-of-type(4) > div:nth-of-type(1)",
        "text": "Made with purpose.",
        "fixHint": "Give the text its own zone, raise its stacking order above the covering element, or mark intentional layering with data-layout-allow-occlusion.",
        "coveredFraction": 1,
        "dataAttributes": {
          "data-layout-allow-overlap": "true"
        },
        "sourceFile": "compositions/brand-guidelines.html",
        "bbox": {
          "x": 96,
          "y": 426,
          "width": 1382.25,
          "height": 218
        },
        "firstSeen": 12.904,
        "lastSeen": 12.904,
        "occurrences": 1
      },
      {
        "code": "canvas_overflow",
        "severity": "info",
        "time": 12.904,
        "selector": "#brand-guidelines-source-root > div:nth-of-type(1) > div:nth-of-type(1) > div:nth-of-type(2) > div:nth-of-type(2) > div:nth-of-type(1) > div:nth-of-type(1)",
        "message": "Text extends outside the composition canvas.",
        "rect": {
          "left": 1348.27,
          "top": -446.12,
          "right": 1772.65,
          "bottom": -331.31,
          "width": 424.38,
          "height": 114.81
        },
        "containerSelector": "#root",
        "text": "Form Study",
        "fixHint": "Move the text inward, reduce its size, or mark intentional off-canvas animation with data-layout-allow-overflow.",
        "containerRect": {
          "left": 0,
          "top": 0,
          "right": 1920,
          "bottom": 1080,
          "width": 1920,
          "height": 1080
        },
        "overflow": {
          "top": 446.12
        },
        "dataAttributes": {
          "data-layout-allow-overlap": "true"
        },
        "sourceFile": "compositions/brand-guidelines.html",
        "bbox": {
          "x": 1348.27,
          "y": -446.12,
          "width": 424.38,
          "height": 114.81
        },
        "firstSeen": 12.904,
        "lastSeen": 12.904,
        "occurrences": 1
      },
      {
        "code": "canvas_overflow",
        "severity": "info",
        "time": 12.904,
        "selector": "#brand-guidelines-source-root > div:nth-of-type(1) > div:nth-of-type(1) > div:nth-of-type(2) > div:nth-of-type(2) > div:nth-of-type(1) > div:nth-of-type(3)",
        "message": "Text extends outside the composition canvas.",
        "rect": {
          "left": 1348.27,
          "top": -113.17,
          "right": 1544.69,
          "bottom": -88.12,
          "width": 196.42,
          "height": 25.05
        },
        "containerSelector": "#root",
        "text": "Made with purpose.",
        "fixHint": "Move the text inward, reduce its size, or mark intentional off-canvas animation with data-layout-allow-overflow.",
        "containerRect": {
          "left": 0,
          "top": 0,
          "right": 1920,
          "bottom": 1080,
          "width": 1920,
          "height": 1080
        },
        "overflow": {
          "top": 113.17
        },
        "dataAttributes": {},
        "sourceFile": "compositions/brand-guidelines.html",
        "bbox": {
          "x": 1348.27,
          "y": -113.17,
          "width": 196.42,
          "height": 25.05
        },
        "firstSeen": 12.904,
        "lastSeen": 12.904,
        "occurrences": 1
      },
      {
        "code": "canvas_overflow",
        "severity": "info",
        "time": 12.904,
        "selector": "#brand-guidelines-source-root > div:nth-of-type(1) > div:nth-of-type(1) > div:nth-of-type(2) > div:nth-of-type(7) > div:nth-of-type(1) > div:nth-of-type(1)",
        "message": "Text extends outside the composition canvas.",
        "rect": {
          "left": 657.32,
          "top": -68.92,
          "right": 770.85,
          "bottom": -43.87,
          "width": 113.54,
          "height": 25.05
        },
        "containerSelector": "#root",
        "text": "Form Study",
        "fixHint": "Move the text inward, reduce its size, or mark intentional off-canvas animation with data-layout-allow-overflow.",
        "containerRect": {
          "left": 0,
          "top": 0,
          "right": 1920,
          "bottom": 1080,
          "width": 1920,
          "height": 1080
        },
        "overflow": {
          "top": 68.92
        },
        "dataAttributes": {},
        "sourceFile": "compositions/brand-guidelines.html",
        "bbox": {
          "x": 657.32,
          "y": -68.92,
          "width": 113.54,
          "height": 25.05
        },
        "firstSeen": 12.904,
        "lastSeen": 12.904,
        "occurrences": 1
      },
      {
        "code": "canvas_overflow",
        "severity": "info",
        "time": 12.904,
        "selector": "#brand-guidelines-source-root > div:nth-of-type(1) > div:nth-of-type(1) > div:nth-of-type(2) > div:nth-of-type(8) > div:nth-of-type(1) > div:nth-of-type(3)",
        "message": "Text extends outside the composition canvas.",
        "rect": {
          "left": 843.1,
          "top": 1181.48,
          "right": 1039.52,
          "bottom": 1206.53,
          "width": 196.42,
          "height": 25.05
        },
        "containerSelector": "#root",
        "text": "Made with purpose.",
        "fixHint": "Move the text inward, reduce its size, or mark intentional off-canvas animation with data-layout-allow-overflow.",
        "containerRect": {
          "left": 0,
          "top": 0,
          "right": 1920,
          "bottom": 1080,
          "width": 1920,
          "height": 1080
        },
        "overflow": {
          "bottom": 126.53
        },
        "dataAttributes": {},
        "sourceFile": "compositions/brand-guidelines.html",
        "bbox": {
          "x": 843.1,
          "y": 1181.48,
          "width": 196.42,
          "height": 25.05
        },
        "firstSeen": 12.904,
        "lastSeen": 12.904,
        "occurrences": 1
      },
      {
        "code": "container_overflow",
        "severity": "info",
        "time": 12.904,
        "selector": "#brand-guidelines-source-root > div:nth-of-type(1) > div:nth-of-type(1) > div:nth-of-type(2)",
        "message": "Element extends outside a clipping layout container.",
        "rect": {
          "left": -41.99,
          "top": -23.62,
          "right": 1961.99,
          "bottom": 1103.62,
          "width": 2003.98,
          "height": 1127.24
        },
        "containerSelector": "#brand-guidelines-source-root > div:nth-of-type(1) > div:nth-of-type(1)",
        "fixHint": "Resize/reposition the child or container, or mark intentional overflow with data-layout-allow-overflow.",
        "containerRect": {
          "left": 0,
          "top": 0,
          "right": 1920,
          "bottom": 1080,
          "width": 1920,
          "height": 1080
        },
        "overflow": {
          "left": 41.99,
          "right": 41.99,
          "top": 23.62,
          "bottom": 23.62
        },
        "dataAttributes": {},
        "sourceFile": "compositions/brand-guidelines.html",
        "bbox": {
          "x": -41.99,
          "y": -23.62,
          "width": 2003.98,
          "height": 1127.24
        },
        "firstSeen": 12.904,
        "lastSeen": 12.904,
        "occurrences": 1
      },
      {
        "code": "escaped_container",
        "severity": "info",
        "time": 12.904,
        "selector": "#brand-guidelines-source-root > div:nth-of-type(1) > div:nth-of-type(1) > div:nth-of-type(2) > div:nth-of-type(7)",
        "message": "Positioned element renders far outside its offset parent — its coordinates were likely computed in a different frame (canvas/viewport pixels).",
        "rect": {
          "left": 619.74,
          "top": -410.22,
          "right": 1162.49,
          "bottom": -7.34,
          "width": 542.74,
          "height": 402.88
        },
        "containerSelector": "#brand-guidelines-source-root > div:nth-of-type(1) > div:nth-of-type(1) > div:nth-of-type(2)",
        "text": "Form Study",
        "fixHint": "Compute left/top in the offset parent's frame (subtract its rect), or mark intentional placement with data-layout-allow-overflow.",
        "containerRect": {
          "left": -41.99,
          "top": -23.62,
          "right": 1961.99,
          "bottom": 1103.62,
          "width": 2003.98,
          "height": 1127.24
        },
        "dataAttributes": {},
        "sourceFile": "compositions/brand-guidelines.html",
        "bbox": {
          "x": 619.74,
          "y": -410.22,
          "width": 542.74,
          "height": 402.88
        },
        "firstSeen": 12.904,
        "lastSeen": 12.904,
        "occurrences": 1
      },
      {
        "code": "panel_out_of_canvas",
        "severity": "info",
        "time": 12.904,
        "selector": "#brand-guidelines-source-root > div:nth-of-type(1) > div:nth-of-type(1) > div:nth-of-type(2) > div:nth-of-type(8) > div:nth-of-type(1)",
        "message": "Painted panel extends outside the composition canvas.",
        "rect": {
          "left": 799.26,
          "top": 779.64,
          "right": 1394.2,
          "bottom": 1249.32,
          "width": 594.93,
          "height": 469.68
        },
        "containerSelector": "#root",
        "text": "Form Study Made with purpose.",
        "fixHint": "Move the panel inward, or mark intentional off-canvas animation with data-layout-allow-overflow.",
        "containerRect": {
          "left": 0,
          "top": 0,
          "right": 1920,
          "bottom": 1080,
          "width": 1920,
          "height": 1080
        },
        "overflow": {
          "bottom": 169.32
        },
        "dataAttributes": {},
        "sourceFile": "compositions/brand-guidelines.html",
        "bbox": {
          "x": 799.26,
          "y": 779.64,
          "width": 594.93,
          "height": 469.68
        },
        "firstSeen": 12.904,
        "lastSeen": 12.904,
        "occurrences": 1
      }
    ],
    "duration": 17.866666666666667,
    "samples": [
      0.993,
      2.978,
      4.963,
      6.948,
      8.933,
      10.919,
      12.904,
      14.889,
      16.874
    ],
    "transitionSamples": [],
    "transitionSamplesDropped": 0,
    "tolerance": 2,
    "totalIssueCount": 28,
    "truncated": false
  },
  "motion": {
    "ok": true,
    "errorCount": 0,
    "warningCount": 0,
    "infoCount": 0,
    "findings": [],
    "enabled": false,
    "samples": 0
  },
  "contrast": {
    "ok": true,
    "errorCount": 0,
    "warningCount": 1,
    "infoCount": 0,
    "findings": [
      {
        "code": "contrast_aa_failure",
        "severity": "warning",
        "message": "Contrast is 2.54:1; WCAG AA requires 3:1.",
        "text": "Made with purpose.",
        "fg": "rgb(36,35,33)",
        "bg": "rgb(152,75,56)",
        "ratio": 2.54,
        "requiredRatio": 3,
        "suggestedColor": "rgb(181,181,180)",
        "large": true,
        "selector": "div > div > div > div > div:nth-of-type(2) > div > div > div:nth-of-type(1) > div:nth-of-type(2) > span",
        "dataAttributes": {
          "data-layout-allow-overlap": "true"
        },
        "sourceFile": "compositions/brand-guidelines.html",
        "bbox": {
          "x": 96,
          "y": 448,
          "width": 1382.25,
          "height": 176
        },
        "time": 12.904
      }
    ],
    "enabled": true,
    "samples": [
      0.993,
      4.963,
      8.933,
      12.904,
      16.874
    ],
    "checked": 15,
    "passed": 14
  },
  "snapshots": {
    "enabled": false,
    "files": [],
    "times": [],
    "findingFiles": []
  },
  "_meta": {
    "version": "0.8.30",
    "latestVersion": "0.8.35",
    "updateAvailable": true
  }
}
