
◆  Rendering installed → <project>/.work/verify-remocn-lossless/signup-flow/hyperframes-frames
   30fps · high · 1 workers
   GPU: browser GPU (forced)

[?25l│
◇  Browser: env
[?25h[INFO] [Render] Pipeline started {"renderJobId":"322d8d35-100b-4992-9b4d-3bd4f79eb9fc","platform":"linux","arch":"x64","nodeVersion":"v26.11.1","fps":{"num":30,"den":1},"format":"png-sequence","quality":"high","browserGpuMode":"hardware","forceScreenshot":false,"protocolTimeout":300000,"browserTimeout":120000,"pageNavigationTimeout":60000,"playerReadyTimeout":45000}
[INFO] [Render:trace] {"renderJobId":"322d8d35-100b-4992-9b4d-3bd4f79eb9fc","phase":"pipeline","status":"checkpoint","elapsedMs":2,"message":"started","format":"png-sequence","quality":"high","browserGpuMode":"hardware","forceScreenshot":false,"protocolTimeoutMs":300000,"pageNavigationTimeoutMs":60000,"playerReadyTimeoutMs":45000,"requestedWorkers":1}
[INFO] [Render:trace] {"renderJobId":"322d8d35-100b-4992-9b4d-3bd4f79eb9fc","phase":"compile","status":"start","elapsedMs":3,"needsAlpha":true}
  █░░░░░░░░░░░░░░░░░░░░░░░░  5%  Compiling composition
[INFO] [Compiler] Inlined CDN script: https://cdn.jsdelivr.net/npm/gsap@3.14.2/dist/gsap.min.js
[INFO] [Compiler] Embedded local font file: assets/fonts/Geist-Latin.woff2 (29 KB → data URI)
[INFO] Compiled composition metadata {"renderJobId":"322d8d35-100b-4992-9b4d-3bd4f79eb9fc","entryFile":"index.html","staticDuration":12.666666666666666,"width":1280,"height":720,"videoCount":0,"audioCount":0,"renderModeHints":{"recommendScreenshot":false,"reasons":[]}}
[INFO] [Render:trace] {"renderJobId":"322d8d35-100b-4992-9b4d-3bd4f79eb9fc","phase":"compile","status":"end","elapsedMs":170,"durationMs":167,"needsAlpha":true}
[INFO] [Render:trace] {"renderJobId":"322d8d35-100b-4992-9b4d-3bd4f79eb9fc","phase":"compile","status":"checkpoint","elapsedMs":171,"message":"composition metadata resolved","width":1280,"height":720,"videoCount":0,"audioCount":0,"imageCount":0,"deviceScaleFactor":1,"forceScreenshot":true,"compositionHash":"856812e6d08589a6"}
[INFO] [Render:trace] {"renderJobId":"322d8d35-100b-4992-9b4d-3bd4f79eb9fc","phase":"browser_probe","status":"start","elapsedMs":171,"forceScreenshot":true,"stagePhase":"calibrating"}
[INFO] [Render:trace] {"renderJobId":"322d8d35-100b-4992-9b4d-3bd4f79eb9fc","phase":"browser_probe","status":"end","elapsedMs":300,"durationMs":129,"forceScreenshot":true,"stagePhase":"calibrating"}
[INFO] [Render:trace] {"renderJobId":"322d8d35-100b-4992-9b4d-3bd4f79eb9fc","phase":"browser_probe","status":"checkpoint","elapsedMs":301,"message":"duration resolved","durationSeconds":12.666666666666666,"totalFrames":380,"compositionHash":"856812e6d08589a6","beginFrameStalled":false}
[INFO] [Render:trace] {"renderJobId":"322d8d35-100b-4992-9b4d-3bd4f79eb9fc","phase":"video_extract","status":"start","elapsedMs":301,"videoCount":0}
  ██░░░░░░░░░░░░░░░░░░░░░░░  10%  Extracting video frames
[INFO] [Render:trace] {"renderJobId":"322d8d35-100b-4992-9b4d-3bd4f79eb9fc","phase":"video_extract","status":"end","elapsedMs":302,"durationMs":1,"videoCount":0}
[INFO] [Render:trace] {"renderJobId":"322d8d35-100b-4992-9b4d-3bd4f79eb9fc","phase":"video_extract","status":"checkpoint","elapsedMs":304,"message":"frames resolved","videoCount":0,"extractedVideoCount":0,"totalFramesExtracted":0,"maxFramesPerVideo":0,"avgFramesPerExtractedVideo":null,"vfrPreflightCount":null,"vfrPreflightMs":null,"cacheHits":null,"cacheMisses":null,"transientRetries":null,"minVideoFrameCoverageRatio":null,"authoredTimedClipCount":3}
[INFO] [Render] No HDR sources detected — rendering SDR {"renderJobId":"322d8d35-100b-4992-9b4d-3bd4f79eb9fc"}
[INFO] [Render:trace] {"renderJobId":"322d8d35-100b-4992-9b4d-3bd4f79eb9fc","phase":"hdr_detection","status":"checkpoint","elapsedMs":304,"message":"resolved","requestedHdrMode":"auto","effectiveHdr":"sdr","nativeHdrVideoCount":0,"nativeHdrImageCount":0}
[INFO] [Render:trace] {"renderJobId":"322d8d35-100b-4992-9b4d-3bd4f79eb9fc","phase":"audio_process","status":"start","elapsedMs":304,"audioCount":0}
[INFO] [Render:trace] {"renderJobId":"322d8d35-100b-4992-9b4d-3bd4f79eb9fc","phase":"audio_process","status":"end","elapsedMs":305,"durationMs":1,"audioCount":0}
  █████░░░░░░░░░░░░░░░░░░░░  20%  Processing audio tracks
[INFO] [Render:trace] {"renderJobId":"322d8d35-100b-4992-9b4d-3bd4f79eb9fc","phase":"file_server","status":"start","elapsedMs":305,"reused":false}
  ██████░░░░░░░░░░░░░░░░░░░  25%  Starting frame capture
[INFO] [Render:trace] {"renderJobId":"322d8d35-100b-4992-9b4d-3bd4f79eb9fc","phase":"file_server","status":"end","elapsedMs":310,"durationMs":5}
  ██████░░░░░░░░░░░░░░░░░░░  25%  Checking browser GPU
[hyperframes] browserGpuMode probe → hardware (WebGL renderer vendor="Google Inc. (NVIDIA Corporation)" renderer="ANGLE (NVIDIA Corporation, NVIDIA GeForce RTX 5060/PCIe/SSE2, OpenGL ES 3.2)")
[INFO] [Render:trace] {"renderJobId":"322d8d35-100b-4992-9b4d-3bd4f79eb9fc","phase":"capture_calibration","status":"checkpoint","elapsedMs":809,"message":"skipped","requestedWorkers":1,"totalFrames":380,"htmlInCanvasDetected":false,"lowMemoryMode":false,"deInversionEligible":false,"deParallelRouterEligible":false}
[INFO] [Render:trace] {"renderJobId":"322d8d35-100b-4992-9b4d-3bd4f79eb9fc","phase":"worker_resolution","status":"checkpoint","elapsedMs":810,"message":"resolved","workerCount":1}
[INFO] streaming-encode gate {"renderJobId":"322d8d35-100b-4992-9b4d-3bd4f79eb9fc","enabled":false,"reason":"format_excluded","configFlag":true,"durationCapEnabled":false,"outputFormat":"png-sequence","workerCount":1,"durationSeconds":12.666666666666666,"maxDurationSeconds":240}
[INFO] [Render:trace] {"renderJobId":"322d8d35-100b-4992-9b4d-3bd4f79eb9fc","phase":"capture_strategy","status":"checkpoint","elapsedMs":810,"message":"resolved","workerCount":1,"forceScreenshot":true,"captureBeyondViewport":null,"useStreamingEncode":false,"useLayeredComposite":false,"usePageSideCompositing":false,"hasHdrContent":false,"hasShaderTransitions":false,"isPngSequence":true}
[INFO] [Render:trace] {"renderJobId":"322d8d35-100b-4992-9b4d-3bd4f79eb9fc","phase":"capture_disk","status":"start","elapsedMs":810,"stagePhase":"capturing","needsAlpha":true,"workerCount":1,"forceScreenshot":true,"totalFrames":380,"framesCompleted":0,"captureMode":"screenshot","captureOperation":"captureScreenshot"}
[BrowserManager] Browser launched (HeadlessChrome/152.0.7977.42, screenshot, gl=--use-gl=angle --use-angle=gl-egl, headlessShell=true, platform=linux)
[initSession:screenshot] page.goto start (0ms)
[HyperFrames] render runtime fps {"canonicalFps":30,"source":"render-options","rawFpsSource":"render-options","rawFps":30}
[initSession:screenshot] page.goto complete (153ms)
[initSession:screenshot] GSAP proxy flush complete (156ms)
[initSession:screenshot] pollHfReady complete (275ms)
[initSession:screenshot] pollSubCompositionTimelines complete (ready) (276ms)
[initSession:screenshot] applyVideoMetadataHints complete (277ms)
[initSession:screenshot] media + fonts + tailwind ready (278ms)
[initSession:screenshot] static-frame dedup: disabled (eligible) (285ms)
  ██████░░░░░░░░░░░░░░░░░░░  25%  Capturing frame 1/380
  ██████░░░░░░░░░░░░░░░░░░░  26%  Capturing frame 7/380
  ██████░░░░░░░░░░░░░░░░░░░  26%  Capturing frame 12/380
  ██████░░░░░░░░░░░░░░░░░░░  27%  Capturing frame 18/380
  ███████░░░░░░░░░░░░░░░░░░  28%  Capturing frame 23/380
  ███████░░░░░░░░░░░░░░░░░░  28%  Capturing frame 28/380
  ███████░░░░░░░░░░░░░░░░░░  29%  Capturing frame 33/380
  ███████░░░░░░░░░░░░░░░░░░  30%  Capturing frame 38/380
  ███████░░░░░░░░░░░░░░░░░░  30%  Capturing frame 43/380
  ███████░░░░░░░░░░░░░░░░░░  31%  Capturing frame 48/380
  ███████░░░░░░░░░░░░░░░░░░  31%  Capturing frame 53/380
  ████████░░░░░░░░░░░░░░░░░  32%  Capturing frame 58/380
  ████████░░░░░░░░░░░░░░░░░  33%  Capturing frame 64/380
  ████████░░░░░░░░░░░░░░░░░  33%  Capturing frame 69/380
  ████████░░░░░░░░░░░░░░░░░  34%  Capturing frame 75/380
  ████████░░░░░░░░░░░░░░░░░  34%  Capturing frame 80/380
  ████████░░░░░░░░░░░░░░░░░  35%  Capturing frame 85/380
  █████████░░░░░░░░░░░░░░░░  36%  Capturing frame 90/380
  █████████░░░░░░░░░░░░░░░░  36%  Capturing frame 96/380
  █████████░░░░░░░░░░░░░░░░  37%  Capturing frame 101/380
  █████████░░░░░░░░░░░░░░░░  38%  Capturing frame 107/380
  █████████░░░░░░░░░░░░░░░░  38%  Capturing frame 112/380
  █████████░░░░░░░░░░░░░░░░  39%  Capturing frame 117/380
  ██████████░░░░░░░░░░░░░░░  40%  Capturing frame 123/380
  ██████████░░░░░░░░░░░░░░░  40%  Capturing frame 128/380
  ██████████░░░░░░░░░░░░░░░  41%  Capturing frame 133/380
  ██████████░░░░░░░░░░░░░░░  41%  Capturing frame 138/380
  ██████████░░░░░░░░░░░░░░░  42%  Capturing frame 143/380
  ██████████░░░░░░░░░░░░░░░  43%  Capturing frame 148/380
  ██████████░░░░░░░░░░░░░░░  43%  Capturing frame 154/380
  ███████████░░░░░░░░░░░░░░  44%  Capturing frame 158/380
  ███████████░░░░░░░░░░░░░░  44%  Capturing frame 162/380
  ███████████░░░░░░░░░░░░░░  45%  Capturing frame 167/380
  ███████████░░░░░░░░░░░░░░  45%  Capturing frame 173/380
  ███████████░░░░░░░░░░░░░░  46%  Capturing frame 178/380
  ███████████░░░░░░░░░░░░░░  47%  Capturing frame 183/380
  ███████████░░░░░░░░░░░░░░  47%  Capturing frame 189/380
  ████████████░░░░░░░░░░░░░  48%  Capturing frame 195/380
  ████████████░░░░░░░░░░░░░  49%  Capturing frame 200/380
  ████████████░░░░░░░░░░░░░  49%  Capturing frame 205/380
  ████████████░░░░░░░░░░░░░  50%  Capturing frame 210/380
  ████████████░░░░░░░░░░░░░  51%  Capturing frame 216/380
  ████████████░░░░░░░░░░░░░  51%  Capturing frame 222/380
  █████████████░░░░░░░░░░░░  52%  Capturing frame 227/380
  █████████████░░░░░░░░░░░░  53%  Capturing frame 233/380
  █████████████░░░░░░░░░░░░  53%  Capturing frame 238/380
  █████████████░░░░░░░░░░░░  54%  Capturing frame 243/380
  █████████████░░░░░░░░░░░░  54%  Capturing frame 248/380
  █████████████░░░░░░░░░░░░  55%  Capturing frame 254/380
  ██████████████░░░░░░░░░░░  56%  Capturing frame 260/380
  ██████████████░░░░░░░░░░░  56%  Capturing frame 265/380
  ██████████████░░░░░░░░░░░  57%  Capturing frame 270/380
  ██████████████░░░░░░░░░░░  58%  Capturing frame 276/380
  ██████████████░░░░░░░░░░░  58%  Capturing frame 282/380
  ██████████████░░░░░░░░░░░  59%  Capturing frame 287/380
  ███████████████░░░░░░░░░░  60%  Capturing frame 293/380
  ███████████████░░░░░░░░░░  60%  Capturing frame 298/380
  ███████████████░░░░░░░░░░  61%  Capturing frame 303/380
  ███████████████░░░░░░░░░░  61%  Capturing frame 308/380
  ███████████████░░░░░░░░░░  62%  Capturing frame 313/380
  ███████████████░░░░░░░░░░  63%  Capturing frame 319/380
  ███████████████░░░░░░░░░░  63%  Capturing frame 324/380
  ████████████████░░░░░░░░░  64%  Capturing frame 329/380
  ████████████████░░░░░░░░░  65%  Capturing frame 335/380
  ████████████████░░░░░░░░░  65%  Capturing frame 340/380
  ████████████████░░░░░░░░░  66%  Capturing frame 346/380
  ████████████████░░░░░░░░░  67%  Capturing frame 351/380
  ████████████████░░░░░░░░░  67%  Capturing frame 356/380
  █████████████████░░░░░░░░  68%  Capturing frame 362/380
  █████████████████░░░░░░░░  68%  Capturing frame 367/380
  █████████████████░░░░░░░░  69%  Capturing frame 372/380
  █████████████████░░░░░░░░  70%  Capturing frame 378/380
  █████████████████░░░░░░░░  70%  Capturing frame 380/380
[INFO] [Render:trace] {"renderJobId":"322d8d35-100b-4992-9b4d-3bd4f79eb9fc","phase":"capture_disk","status":"end","elapsedMs":20356,"durationMs":19546,"stagePhase":"capturing","needsAlpha":true,"workerCount":1,"forceScreenshot":true,"totalFrames":380,"framesCompleted":380,"captureMode":"screenshot","captureOperation":"encode"}
[INFO] [Render:trace] {"renderJobId":"322d8d35-100b-4992-9b4d-3bd4f79eb9fc","phase":"encode","status":"start","elapsedMs":20357,"stagePhase":"capturing","hasAudio":false,"isPngSequence":true,"isGif":false,"chunkedEncode":false,"workerCount":1,"forceScreenshot":true,"totalFrames":380,"framesCompleted":380,"captureMode":"screenshot","captureOperation":"encode"}
  ██████████████████░░░░░░░  75%  Writing PNG sequence
[INFO] [Render:trace] {"renderJobId":"322d8d35-100b-4992-9b4d-3bd4f79eb9fc","phase":"encode","status":"end","elapsedMs":20392,"durationMs":35,"stagePhase":"capturing","hasAudio":false,"isPngSequence":true,"isGif":false,"chunkedEncode":false,"workerCount":1,"forceScreenshot":true,"totalFrames":380,"framesCompleted":380,"captureMode":"screenshot","captureOperation":"encode"}
[INFO] [Render:trace] {"renderJobId":"322d8d35-100b-4992-9b4d-3bd4f79eb9fc","phase":"assemble","status":"checkpoint","elapsedMs":20392,"message":"skipped for png-sequence"}
[INFO] [Render:trace] {"renderJobId":"322d8d35-100b-4992-9b4d-3bd4f79eb9fc","phase":"pipeline","status":"checkpoint","elapsedMs":20448,"message":"artifact validated","totalElapsedMs":20445}
  █████████████████████████  100%  Render complete

◇  <project>/.work/verify-remocn-lossless/signup-flow/hyperframes-frames
   11.6 MB · 380 frames · rendered in 20.5s
   screenshot capture · hardware gpu · compile 0.3s · extract 0.0s · audio 0.0s · probe 0.1s · setup 0.5s · capture 19.5s · encode 0.0s
