[hyperframes] browserGpuMode probe → hardware (WebGL renderer vendor="Google Inc. (NVIDIA Corporation)" renderer="ANGLE (NVIDIA Corporation, NVIDIA GeForce RTX 5060/PCIe/SSE2, OpenGL ES 3.2)")
{
  "ok": true,
  "strict": false,
  "lint": {
    "ok": true,
    "errorCount": 0,
    "warningCount": 0,
    "infoCount": 0,
    "findings": [],
    "filesScanned": 2
  },
  "runtime": {
    "ok": true,
    "errorCount": 0,
    "warningCount": 0,
    "infoCount": 0,
    "findings": []
  },
  "layout": {
    "ok": true,
    "errorCount": 0,
    "warningCount": 0,
    "infoCount": 4,
    "findings": [
      {
        "code": "panel_out_of_canvas",
        "severity": "info",
        "time": 0.444,
        "selector": "#snapcn-phone-frame-source-root > div:nth-of-type(1) > div:nth-of-type(1) > div:nth-of-type(1) > div:nth-of-type(1) > div:nth-of-type(1)",
        "message": "Painted panel extends outside the composition canvas.",
        "rect": {
          "left": 187.31,
          "top": -131.13,
          "right": 1021.9,
          "bottom": 829.37,
          "width": 834.59,
          "height": 960.5
        },
        "containerSelector": "#root",
        "text": "",
        "fixHint": "Move the panel inward, or mark intentional off-canvas animation with data-layout-allow-overflow.",
        "containerRect": {
          "left": 0,
          "top": 0,
          "right": 1280,
          "bottom": 720,
          "width": 1280,
          "height": 720
        },
        "overflow": {
          "top": 131.13,
          "bottom": 109.37
        },
        "dataAttributes": {},
        "sourceFile": "compositions/snapcn-phone-frame.html",
        "bbox": {
          "x": 187.31,
          "y": -131.13,
          "width": 834.59,
          "height": 960.5
        },
        "firstSeen": 0.444,
        "lastSeen": 0.444,
        "occurrences": 1
      },
      {
        "code": "panel_out_of_canvas",
        "severity": "info",
        "time": 1.333,
        "selector": "#snapcn-phone-frame-source-root > div:nth-of-type(1) > div:nth-of-type(1) > div:nth-of-type(1) > div:nth-of-type(1) > div:nth-of-type(1)",
        "message": "Painted panel extends outside the composition canvas.",
        "rect": {
          "left": 331.29,
          "top": -8.29,
          "right": 908.36,
          "bottom": 787.35,
          "width": 577.08,
          "height": 795.64
        },
        "containerSelector": "#root",
        "text": "",
        "fixHint": "Move the panel inward, or mark intentional off-canvas animation with data-layout-allow-overflow.",
        "containerRect": {
          "left": 0,
          "top": 0,
          "right": 1280,
          "bottom": 720,
          "width": 1280,
          "height": 720
        },
        "overflow": {
          "bottom": 67.35
        },
        "dataAttributes": {},
        "sourceFile": "compositions/snapcn-phone-frame.html",
        "bbox": {
          "x": 331.29,
          "y": -8.29,
          "width": 577.08,
          "height": 795.64
        },
        "firstSeen": 1.333,
        "lastSeen": 1.333,
        "occurrences": 1
      },
      {
        "code": "panel_out_of_canvas",
        "severity": "info",
        "time": 4.889,
        "selector": "#snapcn-phone-frame-source-root > div:nth-of-type(1) > div:nth-of-type(1) > div:nth-of-type(1) > div:nth-of-type(1) > div:nth-of-type(1) > div:nth-of-type(5)",
        "message": "Painted panel extends outside the composition canvas.",
        "rect": {
          "left": 300.23,
          "top": 71.77,
          "right": 953.95,
          "bottom": 1396.56,
          "width": 653.72,
          "height": 1324.79
        },
        "containerSelector": "#root",
        "text": "",
        "fixHint": "Move the panel inward, or mark intentional off-canvas animation with data-layout-allow-overflow.",
        "containerRect": {
          "left": 0,
          "top": 0,
          "right": 1280,
          "bottom": 720,
          "width": 1280,
          "height": 720
        },
        "overflow": {
          "bottom": 676.56
        },
        "dataAttributes": {},
        "sourceFile": "compositions/snapcn-phone-frame.html",
        "bbox": {
          "x": 300.23,
          "y": 71.77,
          "width": 653.72,
          "height": 1324.79
        },
        "firstSeen": 4.889,
        "lastSeen": 4.889,
        "occurrences": 1
      },
      {
        "code": "panel_out_of_canvas",
        "severity": "info",
        "time": 5.778,
        "selector": "#snapcn-phone-frame-source-root > div:nth-of-type(1) > div:nth-of-type(1) > div:nth-of-type(1) > div:nth-of-type(1) > div:nth-of-type(1)",
        "message": "Painted panel extends outside the composition canvas.",
        "rect": {
          "left": 317.38,
          "top": 47.26,
          "right": 941.62,
          "bottom": 1275.61,
          "width": 624.25,
          "height": 1228.35
        },
        "containerSelector": "#root",
        "text": "",
        "fixHint": "Move the panel inward, or mark intentional off-canvas animation with data-layout-allow-overflow.",
        "containerRect": {
          "left": 0,
          "top": 0,
          "right": 1280,
          "bottom": 720,
          "width": 1280,
          "height": 720
        },
        "overflow": {
          "bottom": 555.61
        },
        "dataAttributes": {},
        "sourceFile": "compositions/snapcn-phone-frame.html",
        "bbox": {
          "x": 317.38,
          "y": 47.26,
          "width": 624.25,
          "height": 1228.35
        },
        "firstSeen": 5.778,
        "lastSeen": 5.778,
        "occurrences": 1
      }
    ],
    "duration": 8,
    "samples": [
      0.444,
      1.333,
      2.222,
      3.111,
      4,
      4.889,
      5.778,
      6.667,
      7.556
    ],
    "transitionSamples": [],
    "transitionSamplesDropped": 0,
    "tolerance": 2,
    "totalIssueCount": 4,
    "truncated": false
  },
  "motion": {
    "ok": true,
    "errorCount": 0,
    "warningCount": 0,
    "infoCount": 0,
    "findings": [],
    "enabled": false,
    "samples": 0
  },
  "contrast": {
    "ok": true,
    "errorCount": 0,
    "warningCount": 0,
    "infoCount": 0,
    "findings": [],
    "enabled": true,
    "samples": [
      0.444,
      2.222,
      4,
      5.778,
      7.556
    ],
    "checked": 0,
    "passed": 0
  },
  "snapshots": {
    "enabled": false,
    "files": [],
    "times": [],
    "findingFiles": []
  },
  "_meta": {
    "version": "0.8.30",
    "latestVersion": "0.8.30",
    "updateAvailable": false
  }
}
