[hyperframes] browserGpuMode probe → hardware (WebGL renderer vendor="Google Inc. (NVIDIA Corporation)" renderer="ANGLE (NVIDIA Corporation, NVIDIA GeForce RTX 5060/PCIe/SSE2, OpenGL ES 3.2)")
{
  "ok": true,
  "strict": false,
  "lint": {
    "ok": true,
    "errorCount": 0,
    "warningCount": 0,
    "infoCount": 0,
    "findings": [],
    "filesScanned": 2
  },
  "runtime": {
    "ok": true,
    "errorCount": 0,
    "warningCount": 0,
    "infoCount": 0,
    "findings": []
  },
  "layout": {
    "ok": true,
    "errorCount": 0,
    "warningCount": 0,
    "infoCount": 8,
    "findings": [
      {
        "code": "container_overflow",
        "severity": "info",
        "time": 0.139,
        "selector": "#period-drop-source-root > div:nth-of-type(1) > div:nth-of-type(1) > span:nth-of-type(1) > span:nth-of-type(1)",
        "message": "Element extends outside a clipping layout container.",
        "rect": {
          "left": 317.02,
          "top": 316.35,
          "right": 384.2,
          "bottom": 476.35,
          "width": 67.19,
          "height": 160
        },
        "containerSelector": "#period-drop-source-root > div:nth-of-type(1) > div:nth-of-type(1) > span:nth-of-type(1)",
        "fixHint": "Resize/reposition the child or container, or mark intentional overflow with data-layout-allow-overflow.",
        "containerRect": {
          "left": 317.02,
          "top": 280,
          "right": 384.2,
          "bottom": 464,
          "width": 67.19,
          "height": 184
        },
        "overflow": {
          "bottom": 12.35
        },
        "dataAttributes": {},
        "sourceFile": "compositions/period-drop.html",
        "bbox": {
          "x": 317.02,
          "y": 316.35,
          "width": 67.19,
          "height": 160
        },
        "firstSeen": 0.139,
        "lastSeen": 0.139,
        "occurrences": 1
      },
      {
        "code": "container_overflow",
        "severity": "info",
        "time": 0.139,
        "selector": "#period-drop-source-root > div:nth-of-type(1) > div:nth-of-type(1) > span:nth-of-type(2) > span:nth-of-type(1)",
        "message": "Element extends outside a clipping layout container.",
        "rect": {
          "left": 384.2,
          "top": 368.73,
          "right": 480.3,
          "bottom": 528.73,
          "width": 96.09,
          "height": 160
        },
        "containerSelector": "#period-drop-source-root > div:nth-of-type(1) > div:nth-of-type(1) > span:nth-of-type(2)",
        "fixHint": "Resize/reposition the child or container, or mark intentional overflow with data-layout-allow-overflow.",
        "containerRect": {
          "left": 384.2,
          "top": 280,
          "right": 480.3,
          "bottom": 464,
          "width": 96.09,
          "height": 184
        },
        "overflow": {
          "bottom": 64.73
        },
        "dataAttributes": {},
        "sourceFile": "compositions/period-drop.html",
        "bbox": {
          "x": 384.2,
          "y": 368.73,
          "width": 96.09,
          "height": 160
        },
        "firstSeen": 0.139,
        "lastSeen": 0.139,
        "occurrences": 1
      },
      {
        "code": "container_overflow",
        "severity": "info",
        "time": 0.139,
        "selector": "#period-drop-source-root > div:nth-of-type(1) > div:nth-of-type(1) > span:nth-of-type(3) > span:nth-of-type(1)",
        "message": "Element extends outside a clipping layout container.",
        "rect": {
          "left": 480.3,
          "top": 464,
          "right": 628.66,
          "bottom": 624,
          "width": 148.36,
          "height": 160
        },
        "containerSelector": "#period-drop-source-root > div:nth-of-type(1) > div:nth-of-type(1) > span:nth-of-type(3)",
        "fixHint": "Resize/reposition the child or container, or mark intentional overflow with data-layout-allow-overflow.",
        "containerRect": {
          "left": 480.3,
          "top": 280,
          "right": 628.66,
          "bottom": 464,
          "width": 148.36,
          "height": 184
        },
        "overflow": {
          "bottom": 160
        },
        "dataAttributes": {},
        "sourceFile": "compositions/period-drop.html",
        "bbox": {
          "x": 480.3,
          "y": 464,
          "width": 148.36,
          "height": 160
        },
        "firstSeen": 0.139,
        "lastSeen": 0.139,
        "occurrences": 1
      },
      {
        "code": "container_overflow",
        "severity": "info",
        "time": 0.139,
        "selector": "#period-drop-source-root > div:nth-of-type(1) > div:nth-of-type(1) > span:nth-of-type(4) > span:nth-of-type(1)",
        "message": "Element extends outside a clipping layout container.",
        "rect": {
          "left": 628.66,
          "top": 464,
          "right": 727.72,
          "bottom": 624,
          "width": 99.06,
          "height": 160
        },
        "containerSelector": "#period-drop-source-root > div:nth-of-type(1) > div:nth-of-type(1) > span:nth-of-type(4)",
        "fixHint": "Resize/reposition the child or container, or mark intentional overflow with data-layout-allow-overflow.",
        "containerRect": {
          "left": 628.66,
          "top": 280,
          "right": 727.72,
          "bottom": 464,
          "width": 99.06,
          "height": 184
        },
        "overflow": {
          "bottom": 160
        },
        "dataAttributes": {},
        "sourceFile": "compositions/period-drop.html",
        "bbox": {
          "x": 628.66,
          "y": 464,
          "width": 99.06,
          "height": 160
        },
        "firstSeen": 0.139,
        "lastSeen": 0.139,
        "occurrences": 1
      },
      {
        "code": "container_overflow",
        "severity": "info",
        "time": 0.139,
        "selector": "#period-drop-source-root > div:nth-of-type(1) > div:nth-of-type(1) > span:nth-of-type(5) > span:nth-of-type(1)",
        "message": "Element extends outside a clipping layout container.",
        "rect": {
          "left": 727.72,
          "top": 464,
          "right": 822.95,
          "bottom": 624,
          "width": 95.23,
          "height": 160
        },
        "containerSelector": "#period-drop-source-root > div:nth-of-type(1) > div:nth-of-type(1) > span:nth-of-type(5)",
        "fixHint": "Resize/reposition the child or container, or mark intentional overflow with data-layout-allow-overflow.",
        "containerRect": {
          "left": 727.72,
          "top": 280,
          "right": 822.95,
          "bottom": 464,
          "width": 95.23,
          "height": 184
        },
        "overflow": {
          "bottom": 160
        },
        "dataAttributes": {},
        "sourceFile": "compositions/period-drop.html",
        "bbox": {
          "x": 727.72,
          "y": 464,
          "width": 95.23,
          "height": 160
        },
        "firstSeen": 0.139,
        "lastSeen": 0.139,
        "occurrences": 1
      },
      {
        "code": "container_overflow",
        "severity": "info",
        "time": 0.139,
        "selector": "#period-drop-source-root > div:nth-of-type(1) > div:nth-of-type(1) > span:nth-of-type(6) > span:nth-of-type(1)",
        "message": "Element extends outside a clipping layout container.",
        "rect": {
          "left": 822.95,
          "top": 464,
          "right": 924.59,
          "bottom": 624,
          "width": 101.64,
          "height": 160
        },
        "containerSelector": "#period-drop-source-root > div:nth-of-type(1) > div:nth-of-type(1) > span:nth-of-type(6)",
        "fixHint": "Resize/reposition the child or container, or mark intentional overflow with data-layout-allow-overflow.",
        "containerRect": {
          "left": 822.95,
          "top": 280,
          "right": 924.59,
          "bottom": 464,
          "width": 101.64,
          "height": 184
        },
        "overflow": {
          "bottom": 160
        },
        "dataAttributes": {},
        "sourceFile": "compositions/period-drop.html",
        "bbox": {
          "x": 822.95,
          "y": 464,
          "width": 101.64,
          "height": 160
        },
        "firstSeen": 0.139,
        "lastSeen": 0.139,
        "occurrences": 1
      },
      {
        "code": "container_overflow",
        "severity": "info",
        "time": 0.417,
        "selector": "#period-drop-source-root > div:nth-of-type(1) > div:nth-of-type(1) > span:nth-of-type(5) > span:nth-of-type(1)",
        "message": "Element extends outside a clipping layout container.",
        "rect": {
          "left": 727.72,
          "top": 316.35,
          "right": 822.95,
          "bottom": 476.35,
          "width": 95.23,
          "height": 160
        },
        "containerSelector": "#period-drop-source-root > div:nth-of-type(1) > div:nth-of-type(1) > span:nth-of-type(5)",
        "fixHint": "Resize/reposition the child or container, or mark intentional overflow with data-layout-allow-overflow.",
        "containerRect": {
          "left": 727.72,
          "top": 280,
          "right": 822.95,
          "bottom": 464,
          "width": 95.23,
          "height": 184
        },
        "overflow": {
          "bottom": 12.35
        },
        "dataAttributes": {},
        "sourceFile": "compositions/period-drop.html",
        "bbox": {
          "x": 727.72,
          "y": 316.35,
          "width": 95.23,
          "height": 160
        },
        "firstSeen": 0.417,
        "lastSeen": 0.417,
        "occurrences": 1
      },
      {
        "code": "container_overflow",
        "severity": "info",
        "time": 0.417,
        "selector": "#period-drop-source-root > div:nth-of-type(1) > div:nth-of-type(1) > span:nth-of-type(6) > span:nth-of-type(1)",
        "message": "Element extends outside a clipping layout container.",
        "rect": {
          "left": 822.95,
          "top": 368.73,
          "right": 924.59,
          "bottom": 528.73,
          "width": 101.64,
          "height": 160
        },
        "containerSelector": "#period-drop-source-root > div:nth-of-type(1) > div:nth-of-type(1) > span:nth-of-type(6)",
        "fixHint": "Resize/reposition the child or container, or mark intentional overflow with data-layout-allow-overflow.",
        "containerRect": {
          "left": 822.95,
          "top": 280,
          "right": 924.59,
          "bottom": 464,
          "width": 101.64,
          "height": 184
        },
        "overflow": {
          "bottom": 64.73
        },
        "dataAttributes": {},
        "sourceFile": "compositions/period-drop.html",
        "bbox": {
          "x": 822.95,
          "y": 368.73,
          "width": 101.64,
          "height": 160
        },
        "firstSeen": 0.417,
        "lastSeen": 0.417,
        "occurrences": 1
      }
    ],
    "duration": 2.5,
    "samples": [
      0.139,
      0.417,
      0.694,
      0.972,
      1.25,
      1.528,
      1.806,
      2.083,
      2.361
    ],
    "transitionSamples": [],
    "transitionSamplesDropped": 0,
    "tolerance": 2,
    "totalIssueCount": 8,
    "truncated": false
  },
  "motion": {
    "ok": true,
    "errorCount": 0,
    "warningCount": 0,
    "infoCount": 0,
    "findings": [],
    "enabled": false,
    "samples": 0
  },
  "contrast": {
    "ok": true,
    "errorCount": 0,
    "warningCount": 0,
    "infoCount": 0,
    "findings": [],
    "enabled": true,
    "samples": [
      0.139,
      0.694,
      1.25,
      1.806,
      2.361
    ],
    "checked": 30,
    "passed": 30
  },
  "snapshots": {
    "enabled": false,
    "files": [],
    "times": [],
    "findingFiles": []
  },
  "_meta": {
    "version": "0.8.30",
    "latestVersion": "0.8.87",
    "updateAvailable": true
  }
}
