
◆  Rendering installed → <project>/.work/verify-remocn-lossless/icon-check/hyperframes-frames
   30fps · high · 1 workers
   GPU: browser GPU (forced)

[?25l│
◇  Browser: env
[?25h[INFO] [Render] Pipeline started {"renderJobId":"1034f4df-8310-409d-a7b2-32d99961be2a","platform":"linux","arch":"x64","nodeVersion":"v26.11.1","fps":{"num":30,"den":1},"format":"png-sequence","quality":"high","browserGpuMode":"hardware","forceScreenshot":false,"protocolTimeout":300000,"browserTimeout":120000,"pageNavigationTimeout":60000,"playerReadyTimeout":45000}
[INFO] [Render:trace] {"renderJobId":"1034f4df-8310-409d-a7b2-32d99961be2a","phase":"pipeline","status":"checkpoint","elapsedMs":2,"message":"started","format":"png-sequence","quality":"high","browserGpuMode":"hardware","forceScreenshot":false,"protocolTimeoutMs":300000,"pageNavigationTimeoutMs":60000,"playerReadyTimeoutMs":45000,"requestedWorkers":1}
[INFO] [Render:trace] {"renderJobId":"1034f4df-8310-409d-a7b2-32d99961be2a","phase":"compile","status":"start","elapsedMs":3,"needsAlpha":true}
  █░░░░░░░░░░░░░░░░░░░░░░░░  5%  Compiling composition
[INFO] [Compiler] Inlined CDN script: https://cdn.jsdelivr.net/npm/gsap@3.14.2/dist/gsap.min.js
[INFO] Compiled composition metadata {"renderJobId":"1034f4df-8310-409d-a7b2-32d99961be2a","entryFile":"index.html","staticDuration":2,"width":48,"height":48,"videoCount":0,"audioCount":0,"renderModeHints":{"recommendScreenshot":false,"reasons":[]}}
[INFO] [Render:trace] {"renderJobId":"1034f4df-8310-409d-a7b2-32d99961be2a","phase":"compile","status":"end","elapsedMs":156,"durationMs":153,"needsAlpha":true}
[INFO] [Render:trace] {"renderJobId":"1034f4df-8310-409d-a7b2-32d99961be2a","phase":"compile","status":"checkpoint","elapsedMs":156,"message":"composition metadata resolved","width":48,"height":48,"videoCount":0,"audioCount":0,"imageCount":0,"deviceScaleFactor":1,"forceScreenshot":true,"compositionHash":"c93559132befede7"}
[INFO] [Render:trace] {"renderJobId":"1034f4df-8310-409d-a7b2-32d99961be2a","phase":"browser_probe","status":"start","elapsedMs":156,"forceScreenshot":true,"stagePhase":"calibrating"}
[INFO] [Render:trace] {"renderJobId":"1034f4df-8310-409d-a7b2-32d99961be2a","phase":"browser_probe","status":"end","elapsedMs":208,"durationMs":51,"forceScreenshot":true,"stagePhase":"calibrating"}
[INFO] [Render:trace] {"renderJobId":"1034f4df-8310-409d-a7b2-32d99961be2a","phase":"browser_probe","status":"checkpoint","elapsedMs":209,"message":"duration resolved","durationSeconds":2,"totalFrames":60,"compositionHash":"c93559132befede7","beginFrameStalled":false}
[INFO] [Render:trace] {"renderJobId":"1034f4df-8310-409d-a7b2-32d99961be2a","phase":"video_extract","status":"start","elapsedMs":209,"videoCount":0}
  ██░░░░░░░░░░░░░░░░░░░░░░░  10%  Extracting video frames
[INFO] [Render:trace] {"renderJobId":"1034f4df-8310-409d-a7b2-32d99961be2a","phase":"video_extract","status":"end","elapsedMs":209,"durationMs":0,"videoCount":0}
[INFO] [Render:trace] {"renderJobId":"1034f4df-8310-409d-a7b2-32d99961be2a","phase":"video_extract","status":"checkpoint","elapsedMs":210,"message":"frames resolved","videoCount":0,"extractedVideoCount":0,"totalFramesExtracted":0,"maxFramesPerVideo":0,"avgFramesPerExtractedVideo":null,"vfrPreflightCount":null,"vfrPreflightMs":null,"cacheHits":null,"cacheMisses":null,"transientRetries":null,"minVideoFrameCoverageRatio":null,"authoredTimedClipCount":3}
[INFO] [Render] No HDR sources detected — rendering SDR {"renderJobId":"1034f4df-8310-409d-a7b2-32d99961be2a"}
[INFO] [Render:trace] {"renderJobId":"1034f4df-8310-409d-a7b2-32d99961be2a","phase":"hdr_detection","status":"checkpoint","elapsedMs":210,"message":"resolved","requestedHdrMode":"auto","effectiveHdr":"sdr","nativeHdrVideoCount":0,"nativeHdrImageCount":0}
[INFO] [Render:trace] {"renderJobId":"1034f4df-8310-409d-a7b2-32d99961be2a","phase":"audio_process","status":"start","elapsedMs":210,"audioCount":0}
[INFO] [Render:trace] {"renderJobId":"1034f4df-8310-409d-a7b2-32d99961be2a","phase":"audio_process","status":"end","elapsedMs":210,"durationMs":0,"audioCount":0}
  █████░░░░░░░░░░░░░░░░░░░░  20%  Processing audio tracks
[INFO] [Render:trace] {"renderJobId":"1034f4df-8310-409d-a7b2-32d99961be2a","phase":"file_server","status":"start","elapsedMs":210,"reused":false}
  ██████░░░░░░░░░░░░░░░░░░░  25%  Starting frame capture
[INFO] [Render:trace] {"renderJobId":"1034f4df-8310-409d-a7b2-32d99961be2a","phase":"file_server","status":"end","elapsedMs":213,"durationMs":3}
  ██████░░░░░░░░░░░░░░░░░░░  25%  Checking browser GPU
[hyperframes] browserGpuMode probe → hardware (WebGL renderer vendor="Google Inc. (NVIDIA Corporation)" renderer="ANGLE (NVIDIA Corporation, NVIDIA GeForce RTX 5060/PCIe/SSE2, OpenGL ES 3.2)")
[INFO] [Render:trace] {"renderJobId":"1034f4df-8310-409d-a7b2-32d99961be2a","phase":"capture_calibration","status":"checkpoint","elapsedMs":670,"message":"skipped","requestedWorkers":1,"totalFrames":60,"htmlInCanvasDetected":false,"lowMemoryMode":false,"deInversionEligible":false,"deParallelRouterEligible":false}
[INFO] [Render:trace] {"renderJobId":"1034f4df-8310-409d-a7b2-32d99961be2a","phase":"worker_resolution","status":"checkpoint","elapsedMs":671,"message":"resolved","workerCount":1}
[INFO] streaming-encode gate {"renderJobId":"1034f4df-8310-409d-a7b2-32d99961be2a","enabled":false,"reason":"format_excluded","configFlag":true,"durationCapEnabled":false,"outputFormat":"png-sequence","workerCount":1,"durationSeconds":2,"maxDurationSeconds":240}
[INFO] [Render:trace] {"renderJobId":"1034f4df-8310-409d-a7b2-32d99961be2a","phase":"capture_strategy","status":"checkpoint","elapsedMs":671,"message":"resolved","workerCount":1,"forceScreenshot":true,"captureBeyondViewport":null,"useStreamingEncode":false,"useLayeredComposite":false,"usePageSideCompositing":false,"hasHdrContent":false,"hasShaderTransitions":false,"isPngSequence":true}
[INFO] [Render:trace] {"renderJobId":"1034f4df-8310-409d-a7b2-32d99961be2a","phase":"capture_disk","status":"start","elapsedMs":671,"stagePhase":"capturing","needsAlpha":true,"workerCount":1,"forceScreenshot":true,"totalFrames":60,"framesCompleted":0,"captureMode":"screenshot","captureOperation":"captureScreenshot"}
[BrowserManager] Browser launched (HeadlessChrome/152.0.7977.42, screenshot, gl=--use-gl=angle --use-angle=gl-egl, headlessShell=true, platform=linux)
[initSession:screenshot] page.goto start (0ms)
[HyperFrames] render runtime fps {"canonicalFps":30,"source":"render-options","rawFpsSource":"render-options","rawFps":30}
[initSession:screenshot] page.goto complete (78ms)
[initSession:screenshot] GSAP proxy flush complete (81ms)
[initSession:screenshot] pollHfReady complete (182ms)
[initSession:screenshot] pollSubCompositionTimelines complete (ready) (184ms)
[initSession:screenshot] applyVideoMetadataHints complete (184ms)
[initSession:screenshot] media + fonts + tailwind ready (185ms)
[initSession:screenshot] static-frame dedup: disabled (eligible) (189ms)
  ██████░░░░░░░░░░░░░░░░░░░  26%  Capturing frame 1/60
  ███████░░░░░░░░░░░░░░░░░░  31%  Capturing frame 8/60
  █████████░░░░░░░░░░░░░░░░  36%  Capturing frame 14/60
  ██████████░░░░░░░░░░░░░░░  40%  Capturing frame 20/60
  ███████████░░░░░░░░░░░░░░  45%  Capturing frame 26/60
  ████████████░░░░░░░░░░░░░  49%  Capturing frame 32/60
  █████████████░░░░░░░░░░░░  54%  Capturing frame 39/60
  ██████████████░░░░░░░░░░░  59%  Capturing frame 45/60
  ███████████████░░░░░░░░░░  63%  Capturing frame 51/60
  █████████████████░░░░░░░░  68%  Capturing frame 57/60
  █████████████████░░░░░░░░  70%  Capturing frame 60/60
[INFO] [Render:trace] {"renderJobId":"1034f4df-8310-409d-a7b2-32d99961be2a","phase":"capture_disk","status":"end","elapsedMs":3460,"durationMs":2789,"stagePhase":"capturing","needsAlpha":true,"workerCount":1,"forceScreenshot":true,"totalFrames":60,"framesCompleted":60,"captureMode":"screenshot","captureOperation":"encode"}
[INFO] [Render:trace] {"renderJobId":"1034f4df-8310-409d-a7b2-32d99961be2a","phase":"encode","status":"start","elapsedMs":3460,"stagePhase":"capturing","hasAudio":false,"isPngSequence":true,"isGif":false,"chunkedEncode":false,"workerCount":1,"forceScreenshot":true,"totalFrames":60,"framesCompleted":60,"captureMode":"screenshot","captureOperation":"encode"}
  ██████████████████░░░░░░░  75%  Writing PNG sequence
[INFO] [Render:trace] {"renderJobId":"1034f4df-8310-409d-a7b2-32d99961be2a","phase":"encode","status":"end","elapsedMs":3463,"durationMs":2,"stagePhase":"capturing","hasAudio":false,"isPngSequence":true,"isGif":false,"chunkedEncode":false,"workerCount":1,"forceScreenshot":true,"totalFrames":60,"framesCompleted":60,"captureMode":"screenshot","captureOperation":"encode"}
[INFO] [Render:trace] {"renderJobId":"1034f4df-8310-409d-a7b2-32d99961be2a","phase":"assemble","status":"checkpoint","elapsedMs":3463,"message":"skipped for png-sequence"}
[INFO] [Render:trace] {"renderJobId":"1034f4df-8310-409d-a7b2-32d99961be2a","phase":"pipeline","status":"checkpoint","elapsedMs":3464,"message":"artifact validated","totalElapsedMs":3464}
  █████████████████████████  100%  Render complete

◇  <project>/.work/verify-remocn-lossless/icon-check/hyperframes-frames
   25.0 KB · 60 frames · rendered in 3.5s
   screenshot capture · hardware gpu · compile 0.2s · extract 0.0s · audio 0.0s · probe 0.1s · setup 0.5s · capture 2.8s · encode 0.0s
