[hyperframes] browserGpuMode probe → hardware (WebGL renderer vendor="Google Inc. (NVIDIA Corporation)" renderer="ANGLE (NVIDIA Corporation, NVIDIA GeForce RTX 5060/PCIe/SSE2, OpenGL ES 3.2)")
{
  "ok": true,
  "strict": false,
  "lint": {
    "ok": true,
    "errorCount": 0,
    "warningCount": 0,
    "infoCount": 0,
    "findings": [],
    "filesScanned": 2
  },
  "runtime": {
    "ok": true,
    "errorCount": 0,
    "warningCount": 0,
    "infoCount": 0,
    "findings": []
  },
  "layout": {
    "ok": true,
    "errorCount": 0,
    "warningCount": 4,
    "infoCount": 4,
    "findings": [
      {
        "code": "container_overflow",
        "severity": "warning",
        "time": 0.111,
        "selector": "#stretch-in-source-root > div:nth-of-type(1) > svg:nth-of-type(1) > path:nth-of-type(3)",
        "message": "Element extends outside a clipping layout container.",
        "rect": {
          "left": 1429.16,
          "top": 190.21,
          "right": 1656.93,
          "bottom": 482.4,
          "width": 227.77,
          "height": 292.19
        },
        "containerSelector": "#stretch-in-source-root > div:nth-of-type(1) > svg:nth-of-type(1)",
        "fixHint": "Resize/reposition the child or container, or mark intentional overflow with data-layout-allow-overflow.",
        "containerRect": {
          "left": 0,
          "top": 0,
          "right": 1280,
          "bottom": 720,
          "width": 1280,
          "height": 720
        },
        "overflow": {
          "right": 376.93
        },
        "dataAttributes": {},
        "sourceFile": "compositions/stretch-in.html",
        "bbox": {
          "x": 1429.16,
          "y": 190.21,
          "width": 227.77,
          "height": 292.19
        },
        "firstSeen": 0.111,
        "lastSeen": 0.333,
        "occurrences": 2
      },
      {
        "code": "container_overflow",
        "severity": "warning",
        "time": 0.111,
        "selector": "#stretch-in-source-root > div:nth-of-type(1) > svg:nth-of-type(1) > path:nth-of-type(4)",
        "message": "Element extends outside a clipping layout container.",
        "rect": {
          "left": 1680.51,
          "top": 187.55,
          "right": 1824.61,
          "bottom": 485.05,
          "width": 144.1,
          "height": 297.5
        },
        "containerSelector": "#stretch-in-source-root > div:nth-of-type(1) > svg:nth-of-type(1)",
        "fixHint": "Resize/reposition the child or container, or mark intentional overflow with data-layout-allow-overflow.",
        "containerRect": {
          "left": 0,
          "top": 0,
          "right": 1280,
          "bottom": 720,
          "width": 1280,
          "height": 720
        },
        "overflow": {
          "right": 544.61
        },
        "dataAttributes": {},
        "sourceFile": "compositions/stretch-in.html",
        "bbox": {
          "x": 1680.51,
          "y": 187.55,
          "width": 144.1,
          "height": 297.5
        },
        "firstSeen": 0.111,
        "lastSeen": 0.333,
        "occurrences": 2
      },
      {
        "code": "container_overflow",
        "severity": "warning",
        "time": 0.111,
        "selector": "#stretch-in-source-root > div:nth-of-type(1) > svg:nth-of-type(1) > path:nth-of-type(5)",
        "message": "Element extends outside a clipping layout container.",
        "rect": {
          "left": 1845.86,
          "top": 187.55,
          "right": 1989.96,
          "bottom": 485.05,
          "width": 144.1,
          "height": 297.5
        },
        "containerSelector": "#stretch-in-source-root > div:nth-of-type(1) > svg:nth-of-type(1)",
        "fixHint": "Resize/reposition the child or container, or mark intentional overflow with data-layout-allow-overflow.",
        "containerRect": {
          "left": 0,
          "top": 0,
          "right": 1280,
          "bottom": 720,
          "width": 1280,
          "height": 720
        },
        "overflow": {
          "right": 709.96
        },
        "dataAttributes": {},
        "sourceFile": "compositions/stretch-in.html",
        "bbox": {
          "x": 1845.86,
          "y": 187.55,
          "width": 144.1,
          "height": 297.5
        },
        "firstSeen": 0.111,
        "lastSeen": 0.333,
        "occurrences": 2
      },
      {
        "code": "container_overflow",
        "severity": "warning",
        "time": 0.111,
        "selector": "#stretch-in-source-root > div:nth-of-type(1) > svg:nth-of-type(1) > path:nth-of-type(6)",
        "message": "Element extends outside a clipping layout container.",
        "rect": {
          "left": 2009.39,
          "top": 190.21,
          "right": 2152.82,
          "bottom": 482.4,
          "width": 143.43,
          "height": 292.19
        },
        "containerSelector": "#stretch-in-source-root > div:nth-of-type(1) > svg:nth-of-type(1)",
        "fixHint": "Resize/reposition the child or container, or mark intentional overflow with data-layout-allow-overflow.",
        "containerRect": {
          "left": 0,
          "top": 0,
          "right": 1280,
          "bottom": 720,
          "width": 1280,
          "height": 720
        },
        "overflow": {
          "right": 872.82
        },
        "dataAttributes": {},
        "sourceFile": "compositions/stretch-in.html",
        "bbox": {
          "x": 2009.39,
          "y": 190.21,
          "width": 143.43,
          "height": 292.19
        },
        "firstSeen": 0.111,
        "lastSeen": 0.556,
        "occurrences": 3
      },
      {
        "code": "container_overflow",
        "severity": "info",
        "time": 0.111,
        "selector": "#stretch-in-source-root > div:nth-of-type(1) > svg:nth-of-type(1) > path:nth-of-type(2)",
        "message": "Element extends outside a clipping layout container.",
        "rect": {
          "left": 1289.21,
          "top": 190.21,
          "right": 1409.9,
          "bottom": 482.4,
          "width": 120.69,
          "height": 292.19
        },
        "containerSelector": "#stretch-in-source-root > div:nth-of-type(1) > svg:nth-of-type(1)",
        "fixHint": "Resize/reposition the child or container, or mark intentional overflow with data-layout-allow-overflow.",
        "containerRect": {
          "left": 0,
          "top": 0,
          "right": 1280,
          "bottom": 720,
          "width": 1280,
          "height": 720
        },
        "overflow": {
          "right": 129.9
        },
        "dataAttributes": {},
        "sourceFile": "compositions/stretch-in.html",
        "bbox": {
          "x": 1289.21,
          "y": 190.21,
          "width": 120.69,
          "height": 292.19
        },
        "firstSeen": 0.111,
        "lastSeen": 0.111,
        "occurrences": 1
      },
      {
        "code": "container_overflow",
        "severity": "info",
        "time": 0.556,
        "selector": "#stretch-in-source-root > div:nth-of-type(1) > svg:nth-of-type(1) > path:nth-of-type(4)",
        "message": "Element extends outside a clipping layout container.",
        "rect": {
          "left": 927.51,
          "top": 187.55,
          "right": 1316.48,
          "bottom": 485.05,
          "width": 388.97,
          "height": 297.5
        },
        "containerSelector": "#stretch-in-source-root > div:nth-of-type(1) > svg:nth-of-type(1)",
        "fixHint": "Resize/reposition the child or container, or mark intentional overflow with data-layout-allow-overflow.",
        "containerRect": {
          "left": 0,
          "top": 0,
          "right": 1280,
          "bottom": 720,
          "width": 1280,
          "height": 720
        },
        "overflow": {
          "right": 36.48
        },
        "dataAttributes": {},
        "sourceFile": "compositions/stretch-in.html",
        "bbox": {
          "x": 927.51,
          "y": 187.55,
          "width": 388.97,
          "height": 297.5
        },
        "firstSeen": 0.556,
        "lastSeen": 0.556,
        "occurrences": 1
      },
      {
        "code": "container_overflow",
        "severity": "info",
        "time": 0.556,
        "selector": "#stretch-in-source-root > div:nth-of-type(1) > svg:nth-of-type(1) > path:nth-of-type(5)",
        "message": "Element extends outside a clipping layout container.",
        "rect": {
          "left": 1332.93,
          "top": 187.55,
          "right": 1892.93,
          "bottom": 485.05,
          "width": 560,
          "height": 297.5
        },
        "containerSelector": "#stretch-in-source-root > div:nth-of-type(1) > svg:nth-of-type(1)",
        "fixHint": "Resize/reposition the child or container, or mark intentional overflow with data-layout-allow-overflow.",
        "containerRect": {
          "left": 0,
          "top": 0,
          "right": 1280,
          "bottom": 720,
          "width": 1280,
          "height": 720
        },
        "overflow": {
          "right": 612.93
        },
        "dataAttributes": {},
        "sourceFile": "compositions/stretch-in.html",
        "bbox": {
          "x": 1332.93,
          "y": 187.55,
          "width": 560,
          "height": 297.5
        },
        "firstSeen": 0.556,
        "lastSeen": 0.556,
        "occurrences": 1
      },
      {
        "code": "container_overflow",
        "severity": "info",
        "time": 0.778,
        "selector": "#stretch-in-source-root > div:nth-of-type(1) > svg:nth-of-type(1) > path:nth-of-type(6)",
        "message": "Element extends outside a clipping layout container.",
        "rect": {
          "left": 1208.91,
          "top": 190.21,
          "right": 1542.09,
          "bottom": 482.4,
          "width": 333.19,
          "height": 292.19
        },
        "containerSelector": "#stretch-in-source-root > div:nth-of-type(1) > svg:nth-of-type(1)",
        "fixHint": "Resize/reposition the child or container, or mark intentional overflow with data-layout-allow-overflow.",
        "containerRect": {
          "left": 0,
          "top": 0,
          "right": 1280,
          "bottom": 720,
          "width": 1280,
          "height": 720
        },
        "overflow": {
          "right": 262.09
        },
        "dataAttributes": {},
        "sourceFile": "compositions/stretch-in.html",
        "bbox": {
          "x": 1208.91,
          "y": 190.21,
          "width": 333.19,
          "height": 292.19
        },
        "firstSeen": 0.778,
        "lastSeen": 0.778,
        "occurrences": 1
      }
    ],
    "duration": 2,
    "samples": [
      0.111,
      0.333,
      0.556,
      0.778,
      1,
      1.222,
      1.444,
      1.667,
      1.889
    ],
    "transitionSamples": [],
    "transitionSamplesDropped": 0,
    "tolerance": 2,
    "totalIssueCount": 8,
    "truncated": false
  },
  "motion": {
    "ok": true,
    "errorCount": 0,
    "warningCount": 0,
    "infoCount": 0,
    "findings": [],
    "enabled": false,
    "samples": 0
  },
  "contrast": {
    "ok": true,
    "errorCount": 0,
    "warningCount": 0,
    "infoCount": 0,
    "findings": [],
    "enabled": true,
    "samples": [
      0.111,
      0.556,
      1,
      1.444,
      1.889
    ],
    "checked": 0,
    "passed": 0
  },
  "snapshots": {
    "enabled": false,
    "files": [],
    "times": [],
    "findingFiles": []
  },
  "_meta": {
    "version": "0.8.30",
    "latestVersion": "0.8.32",
    "updateAvailable": true
  }
}
