[hyperframes] browserGpuMode probe → hardware (WebGL renderer vendor="Google Inc. (NVIDIA Corporation)" renderer="ANGLE (NVIDIA Corporation, NVIDIA GeForce RTX 5060/PCIe/SSE2, OpenGL ES 3.2)")
{
  "ok": false,
  "strict": false,
  "lint": {
    "ok": true,
    "errorCount": 0,
    "warningCount": 0,
    "infoCount": 0,
    "findings": [],
    "filesScanned": 2
  },
  "runtime": {
    "ok": true,
    "errorCount": 0,
    "warningCount": 0,
    "infoCount": 0,
    "findings": []
  },
  "layout": {
    "ok": true,
    "errorCount": 0,
    "warningCount": 0,
    "infoCount": 49,
    "findings": [
      {
        "code": "canvas_overflow",
        "severity": "info",
        "time": 0.6,
        "selector": "#snapcn-logo-drift-source-root > div:nth-of-type(1) > div:nth-of-type(1) > div:nth-of-type(2) > span:nth-of-type(2)",
        "message": "Text extends outside the composition canvas.",
        "rect": {
          "left": 789.05,
          "top": 716.14,
          "right": 858.1,
          "bottom": 733.44,
          "width": 69.05,
          "height": 17.29
        },
        "containerSelector": "#root",
        "text": "Remotion",
        "fixHint": "Move the text inward, reduce its size, or mark intentional off-canvas animation with data-layout-allow-overflow.",
        "containerRect": {
          "left": 0,
          "top": 0,
          "right": 1280,
          "bottom": 720,
          "width": 1280,
          "height": 720
        },
        "overflow": {
          "bottom": 13.44
        },
        "dataAttributes": {},
        "sourceFile": "compositions/snapcn-logo-drift.html",
        "bbox": {
          "x": 789.05,
          "y": 716.14,
          "width": 69.05,
          "height": 17.29
        },
        "firstSeen": 0.6,
        "lastSeen": 0.6,
        "occurrences": 1
      },
      {
        "code": "container_overflow",
        "severity": "info",
        "time": 0.6,
        "selector": "#snapcn-logo-drift-source-root > div:nth-of-type(1) > div:nth-of-type(1) > div:nth-of-type(2)",
        "message": "Element extends outside a clipping layout container.",
        "rect": {
          "left": 746.97,
          "top": 619.66,
          "right": 900.2,
          "bottom": 772.88,
          "width": 153.23,
          "height": 153.23
        },
        "containerSelector": "#snapcn-logo-drift-source-root > div:nth-of-type(1) > div:nth-of-type(1)",
        "fixHint": "Resize/reposition the child or container, or mark intentional overflow with data-layout-allow-overflow.",
        "containerRect": {
          "left": 3.32,
          "top": 0,
          "right": 1276.68,
          "bottom": 720,
          "width": 1273.36,
          "height": 720
        },
        "overflow": {
          "bottom": 52.88
        },
        "dataAttributes": {},
        "sourceFile": "compositions/snapcn-logo-drift.html",
        "bbox": {
          "x": 746.97,
          "y": 619.66,
          "width": 153.23,
          "height": 153.23
        },
        "firstSeen": 0.6,
        "lastSeen": 0.6,
        "occurrences": 1
      },
      {
        "code": "panel_out_of_canvas",
        "severity": "info",
        "time": 0.6,
        "selector": "#snapcn-logo-drift-source-root > div:nth-of-type(1) > div:nth-of-type(1) > div:nth-of-type(2)",
        "message": "Painted panel extends outside the composition canvas.",
        "rect": {
          "left": 746.97,
          "top": 619.66,
          "right": 900.2,
          "bottom": 772.88,
          "width": 153.23,
          "height": 153.23
        },
        "containerSelector": "#root",
        "text": "Rm Remotion",
        "fixHint": "Move the panel inward, or mark intentional off-canvas animation with data-layout-allow-overflow.",
        "containerRect": {
          "left": 0,
          "top": 0,
          "right": 1280,
          "bottom": 720,
          "width": 1280,
          "height": 720
        },
        "overflow": {
          "bottom": 52.88
        },
        "dataAttributes": {},
        "sourceFile": "compositions/snapcn-logo-drift.html",
        "bbox": {
          "x": 746.97,
          "y": 619.66,
          "width": 153.23,
          "height": 153.23
        },
        "firstSeen": 0.6,
        "lastSeen": 0.6,
        "occurrences": 1
      },
      {
        "code": "canvas_overflow",
        "severity": "info",
        "time": 1,
        "selector": "#snapcn-logo-drift-source-root > div:nth-of-type(1) > div:nth-of-type(1) > div:nth-of-type(4) > span:nth-of-type(1)",
        "message": "Text extends outside the composition canvas.",
        "rect": {
          "left": 56.2,
          "top": 645.84,
          "right": 159.27,
          "bottom": 752.74,
          "width": 103.07,
          "height": 106.9
        },
        "containerSelector": "#root",
        "text": "Re",
        "fixHint": "Move the text inward, reduce its size, or mark intentional off-canvas animation with data-layout-allow-overflow.",
        "containerRect": {
          "left": 0,
          "top": 0,
          "right": 1280,
          "bottom": 720,
          "width": 1280,
          "height": 720
        },
        "overflow": {
          "bottom": 32.74
        },
        "dataAttributes": {},
        "sourceFile": "compositions/snapcn-logo-drift.html",
        "bbox": {
          "x": 56.2,
          "y": 645.84,
          "width": 103.07,
          "height": 106.9
        },
        "firstSeen": 1,
        "lastSeen": 1,
        "occurrences": 1
      },
      {
        "code": "canvas_overflow",
        "severity": "info",
        "time": 1,
        "selector": "#snapcn-logo-drift-source-root > div:nth-of-type(1) > div:nth-of-type(1) > div:nth-of-type(4) > span:nth-of-type(2)",
        "message": "Text extends outside the composition canvas.",
        "rect": {
          "left": 72.56,
          "top": 750.53,
          "right": 142.91,
          "bottom": 781.97,
          "width": 70.35,
          "height": 31.44
        },
        "containerSelector": "#root",
        "text": "React",
        "fixHint": "Move the text inward, reduce its size, or mark intentional off-canvas animation with data-layout-allow-overflow.",
        "containerRect": {
          "left": 0,
          "top": 0,
          "right": 1280,
          "bottom": 720,
          "width": 1280,
          "height": 720
        },
        "overflow": {
          "bottom": 61.97
        },
        "dataAttributes": {},
        "sourceFile": "compositions/snapcn-logo-drift.html",
        "bbox": {
          "x": 72.56,
          "y": 750.53,
          "width": 70.35,
          "height": 31.44
        },
        "firstSeen": 1,
        "lastSeen": 1,
        "occurrences": 1
      },
      {
        "code": "container_overflow",
        "severity": "info",
        "time": 1,
        "selector": "#snapcn-logo-drift-source-root > div:nth-of-type(1) > div:nth-of-type(1) > div:nth-of-type(2)",
        "message": "Element extends outside a clipping layout container.",
        "rect": {
          "left": 710.57,
          "top": 605.41,
          "right": 851.71,
          "bottom": 746.55,
          "width": 141.14,
          "height": 141.14
        },
        "containerSelector": "#snapcn-logo-drift-source-root > div:nth-of-type(1) > div:nth-of-type(1)",
        "fixHint": "Resize/reposition the child or container, or mark intentional overflow with data-layout-allow-overflow.",
        "containerRect": {
          "left": 3.32,
          "top": 0,
          "right": 1276.68,
          "bottom": 720,
          "width": 1273.36,
          "height": 720
        },
        "overflow": {
          "bottom": 26.55
        },
        "dataAttributes": {},
        "sourceFile": "compositions/snapcn-logo-drift.html",
        "bbox": {
          "x": 710.57,
          "y": 605.41,
          "width": 141.14,
          "height": 141.14
        },
        "firstSeen": 1,
        "lastSeen": 1,
        "occurrences": 1
      },
      {
        "code": "panel_out_of_canvas",
        "severity": "info",
        "time": 1,
        "selector": "#snapcn-logo-drift-source-root > div:nth-of-type(1) > div:nth-of-type(1) > div:nth-of-type(2)",
        "message": "Painted panel extends outside the composition canvas.",
        "rect": {
          "left": 710.57,
          "top": 605.41,
          "right": 851.71,
          "bottom": 746.55,
          "width": 141.14,
          "height": 141.14
        },
        "containerSelector": "#root",
        "text": "Rm Remotion",
        "fixHint": "Move the panel inward, or mark intentional off-canvas animation with data-layout-allow-overflow.",
        "containerRect": {
          "left": 0,
          "top": 0,
          "right": 1280,
          "bottom": 720,
          "width": 1280,
          "height": 720
        },
        "overflow": {
          "bottom": 26.55
        },
        "dataAttributes": {},
        "sourceFile": "compositions/snapcn-logo-drift.html",
        "bbox": {
          "x": 710.57,
          "y": 605.41,
          "width": 141.14,
          "height": 141.14
        },
        "firstSeen": 1,
        "lastSeen": 1,
        "occurrences": 1
      },
      {
        "code": "container_overflow",
        "severity": "info",
        "time": 1.4,
        "selector": "#snapcn-logo-drift-source-root > div:nth-of-type(1) > div:nth-of-type(1) > div:nth-of-type(4)",
        "message": "Element extends outside a clipping layout container.",
        "rect": {
          "left": 22.04,
          "top": 536.22,
          "right": 258.88,
          "bottom": 773.06,
          "width": 236.84,
          "height": 236.84
        },
        "containerSelector": "#snapcn-logo-drift-source-root > div:nth-of-type(1) > div:nth-of-type(1)",
        "fixHint": "Resize/reposition the child or container, or mark intentional overflow with data-layout-allow-overflow.",
        "containerRect": {
          "left": 3.32,
          "top": 0,
          "right": 1276.68,
          "bottom": 720,
          "width": 1273.36,
          "height": 720
        },
        "overflow": {
          "bottom": 53.06
        },
        "dataAttributes": {},
        "sourceFile": "compositions/snapcn-logo-drift.html",
        "bbox": {
          "x": 22.04,
          "y": 536.22,
          "width": 236.84,
          "height": 236.84
        },
        "firstSeen": 1.4,
        "lastSeen": 1.4,
        "occurrences": 1
      },
      {
        "code": "panel_out_of_canvas",
        "severity": "info",
        "time": 1.4,
        "selector": "#snapcn-logo-drift-source-root > div:nth-of-type(1) > div:nth-of-type(1) > div:nth-of-type(4)",
        "message": "Painted panel extends outside the composition canvas.",
        "rect": {
          "left": 22.04,
          "top": 536.22,
          "right": 258.88,
          "bottom": 773.06,
          "width": 236.84,
          "height": 236.84
        },
        "containerSelector": "#root",
        "text": "Re React",
        "fixHint": "Move the panel inward, or mark intentional off-canvas animation with data-layout-allow-overflow.",
        "containerRect": {
          "left": 0,
          "top": 0,
          "right": 1280,
          "bottom": 720,
          "width": 1280,
          "height": 720
        },
        "overflow": {
          "bottom": 53.06
        },
        "dataAttributes": {},
        "sourceFile": "compositions/snapcn-logo-drift.html",
        "bbox": {
          "x": 22.04,
          "y": 536.22,
          "width": 236.84,
          "height": 236.84
        },
        "firstSeen": 1.4,
        "lastSeen": 1.4,
        "occurrences": 1
      },
      {
        "code": "canvas_overflow",
        "severity": "info",
        "time": 1.8,
        "selector": "#snapcn-logo-drift-source-root > div:nth-of-type(1) > div:nth-of-type(1) > div:nth-of-type(6) > span:nth-of-type(1)",
        "message": "Text extends outside the composition canvas.",
        "rect": {
          "left": -68.53,
          "top": 24.07,
          "right": 21.32,
          "bottom": 118.4,
          "width": 89.85,
          "height": 94.32
        },
        "containerSelector": "#root",
        "text": "tw",
        "fixHint": "Move the text inward, reduce its size, or mark intentional off-canvas animation with data-layout-allow-overflow.",
        "containerRect": {
          "left": 0,
          "top": 0,
          "right": 1280,
          "bottom": 720,
          "width": 1280,
          "height": 720
        },
        "overflow": {
          "left": 68.53
        },
        "dataAttributes": {},
        "sourceFile": "compositions/snapcn-logo-drift.html",
        "bbox": {
          "x": -68.53,
          "y": 24.07,
          "width": 89.85,
          "height": 94.32
        },
        "firstSeen": 1.8,
        "lastSeen": 1.8,
        "occurrences": 1
      },
      {
        "code": "canvas_overflow",
        "severity": "info",
        "time": 1.8,
        "selector": "#snapcn-logo-drift-source-root > div:nth-of-type(1) > div:nth-of-type(1) > div:nth-of-type(6) > span:nth-of-type(2)",
        "message": "Text extends outside the composition canvas.",
        "rect": {
          "left": -69,
          "top": 117.66,
          "right": 21.79,
          "bottom": 145.96,
          "width": 90.79,
          "height": 28.3
        },
        "containerSelector": "#root",
        "text": "Tailwind",
        "fixHint": "Move the text inward, reduce its size, or mark intentional off-canvas animation with data-layout-allow-overflow.",
        "containerRect": {
          "left": 0,
          "top": 0,
          "right": 1280,
          "bottom": 720,
          "width": 1280,
          "height": 720
        },
        "overflow": {
          "left": 69
        },
        "dataAttributes": {},
        "sourceFile": "compositions/snapcn-logo-drift.html",
        "bbox": {
          "x": -69,
          "y": 117.66,
          "width": 90.79,
          "height": 28.3
        },
        "firstSeen": 1.8,
        "lastSeen": 1.8,
        "occurrences": 1
      },
      {
        "code": "canvas_overflow",
        "severity": "info",
        "time": 1.8,
        "selector": "#snapcn-logo-drift-source-root > div:nth-of-type(1) > div:nth-of-type(1) > div:nth-of-type(7) > span:nth-of-type(1)",
        "message": "Text extends outside the composition canvas.",
        "rect": {
          "left": 351.41,
          "top": -110.44,
          "right": 428.29,
          "bottom": -27.12,
          "width": 76.88,
          "height": 83.32
        },
        "containerSelector": "#root",
        "text": "Fg",
        "fixHint": "Move the text inward, reduce its size, or mark intentional off-canvas animation with data-layout-allow-overflow.",
        "containerRect": {
          "left": 0,
          "top": 0,
          "right": 1280,
          "bottom": 720,
          "width": 1280,
          "height": 720
        },
        "overflow": {
          "top": 110.44
        },
        "dataAttributes": {},
        "sourceFile": "compositions/snapcn-logo-drift.html",
        "bbox": {
          "x": 351.41,
          "y": -110.44,
          "width": 76.88,
          "height": 83.32
        },
        "firstSeen": 1.8,
        "lastSeen": 1.8,
        "occurrences": 1
      },
      {
        "code": "canvas_overflow",
        "severity": "info",
        "time": 1.8,
        "selector": "#snapcn-logo-drift-source-root > div:nth-of-type(1) > div:nth-of-type(1) > div:nth-of-type(7) > span:nth-of-type(2)",
        "message": "Text extends outside the composition canvas.",
        "rect": {
          "left": 360.44,
          "top": -29.06,
          "right": 419.27,
          "bottom": -5.48,
          "width": 58.83,
          "height": 23.58
        },
        "containerSelector": "#root",
        "text": "Figma",
        "fixHint": "Move the text inward, reduce its size, or mark intentional off-canvas animation with data-layout-allow-overflow.",
        "containerRect": {
          "left": 0,
          "top": 0,
          "right": 1280,
          "bottom": 720,
          "width": 1280,
          "height": 720
        },
        "overflow": {
          "top": 29.06
        },
        "dataAttributes": {},
        "sourceFile": "compositions/snapcn-logo-drift.html",
        "bbox": {
          "x": 360.44,
          "y": -29.06,
          "width": 58.83,
          "height": 23.58
        },
        "firstSeen": 1.8,
        "lastSeen": 1.8,
        "occurrences": 1
      },
      {
        "code": "canvas_overflow",
        "severity": "info",
        "time": 1.8,
        "selector": "#snapcn-logo-drift-source-root > div:nth-of-type(1) > div:nth-of-type(1) > div:nth-of-type(8) > span:nth-of-type(1)",
        "message": "Text extends outside the composition canvas.",
        "rect": {
          "left": 1296.48,
          "top": 142.17,
          "right": 1433.94,
          "bottom": 255.36,
          "width": 137.46,
          "height": 113.19
        },
        "containerSelector": "#root",
        "text": "Mo",
        "fixHint": "Move the text inward, reduce its size, or mark intentional off-canvas animation with data-layout-allow-overflow.",
        "containerRect": {
          "left": 0,
          "top": 0,
          "right": 1280,
          "bottom": 720,
          "width": 1280,
          "height": 720
        },
        "overflow": {
          "right": 153.94
        },
        "dataAttributes": {},
        "sourceFile": "compositions/snapcn-logo-drift.html",
        "bbox": {
          "x": 1296.48,
          "y": 142.17,
          "width": 137.46,
          "height": 113.19
        },
        "firstSeen": 1.8,
        "lastSeen": 1.8,
        "occurrences": 1
      },
      {
        "code": "canvas_overflow",
        "severity": "info",
        "time": 1.8,
        "selector": "#snapcn-logo-drift-source-root > div:nth-of-type(1) > div:nth-of-type(1) > div:nth-of-type(8) > span:nth-of-type(2)",
        "message": "Text extends outside the composition canvas.",
        "rect": {
          "left": 1319.69,
          "top": 254.45,
          "right": 1410.72,
          "bottom": 287.46,
          "width": 91.03,
          "height": 33.01
        },
        "containerSelector": "#root",
        "text": "Motion",
        "fixHint": "Move the text inward, reduce its size, or mark intentional off-canvas animation with data-layout-allow-overflow.",
        "containerRect": {
          "left": 0,
          "top": 0,
          "right": 1280,
          "bottom": 720,
          "width": 1280,
          "height": 720
        },
        "overflow": {
          "right": 130.72
        },
        "dataAttributes": {},
        "sourceFile": "compositions/snapcn-logo-drift.html",
        "bbox": {
          "x": 1319.69,
          "y": 254.45,
          "width": 91.03,
          "height": 33.01
        },
        "firstSeen": 1.8,
        "lastSeen": 1.8,
        "occurrences": 1
      },
      {
        "code": "container_overflow",
        "severity": "info",
        "time": 1.8,
        "selector": "#snapcn-logo-drift-source-root > div:nth-of-type(1) > div:nth-of-type(1) > div:nth-of-type(6)",
        "message": "Element extends outside a clipping layout container.",
        "rect": {
          "left": -138.46,
          "top": -26.21,
          "right": 91.26,
          "bottom": 203.51,
          "width": 229.72,
          "height": 229.72
        },
        "containerSelector": "#snapcn-logo-drift-source-root > div:nth-of-type(1) > div:nth-of-type(1)",
        "fixHint": "Resize/reposition the child or container, or mark intentional overflow with data-layout-allow-overflow.",
        "containerRect": {
          "left": 3.32,
          "top": 0,
          "right": 1276.68,
          "bottom": 720,
          "width": 1273.36,
          "height": 720
        },
        "overflow": {
          "left": 141.78,
          "top": 26.21
        },
        "dataAttributes": {},
        "sourceFile": "compositions/snapcn-logo-drift.html",
        "bbox": {
          "x": -138.46,
          "y": -26.21,
          "width": 229.72,
          "height": 229.72
        },
        "firstSeen": 1.8,
        "lastSeen": 1.8,
        "occurrences": 1
      },
      {
        "code": "panel_out_of_canvas",
        "severity": "info",
        "time": 1.8,
        "selector": "#snapcn-logo-drift-source-root > div:nth-of-type(1) > div:nth-of-type(1) > div:nth-of-type(6)",
        "message": "Painted panel extends outside the composition canvas.",
        "rect": {
          "left": -138.46,
          "top": -26.21,
          "right": 91.26,
          "bottom": 203.51,
          "width": 229.72,
          "height": 229.72
        },
        "containerSelector": "#root",
        "text": "tw Tailwind",
        "fixHint": "Move the panel inward, or mark intentional off-canvas animation with data-layout-allow-overflow.",
        "containerRect": {
          "left": 0,
          "top": 0,
          "right": 1280,
          "bottom": 720,
          "width": 1280,
          "height": 720
        },
        "overflow": {
          "left": 138.46,
          "top": 26.21
        },
        "dataAttributes": {},
        "sourceFile": "compositions/snapcn-logo-drift.html",
        "bbox": {
          "x": -138.46,
          "y": -26.21,
          "width": 229.72,
          "height": 229.72
        },
        "firstSeen": 1.8,
        "lastSeen": 1.8,
        "occurrences": 1
      },
      {
        "code": "canvas_overflow",
        "severity": "info",
        "time": 2.2,
        "selector": "#snapcn-logo-drift-source-root > div:nth-of-type(1) > div:nth-of-type(1) > div:nth-of-type(7) > span:nth-of-type(1)",
        "message": "Text extends outside the composition canvas.",
        "rect": {
          "left": 406.23,
          "top": -71.14,
          "right": 475.18,
          "bottom": 2.75,
          "width": 68.95,
          "height": 73.89
        },
        "containerSelector": "#root",
        "text": "Fg",
        "fixHint": "Move the text inward, reduce its size, or mark intentional off-canvas animation with data-layout-allow-overflow.",
        "containerRect": {
          "left": 0,
          "top": 0,
          "right": 1280,
          "bottom": 720,
          "width": 1280,
          "height": 720
        },
        "overflow": {
          "top": 71.14
        },
        "dataAttributes": {},
        "sourceFile": "compositions/snapcn-logo-drift.html",
        "bbox": {
          "x": 406.23,
          "y": -71.14,
          "width": 68.95,
          "height": 73.89
        },
        "firstSeen": 2.2,
        "lastSeen": 2.2,
        "occurrences": 1
      },
      {
        "code": "canvas_overflow",
        "severity": "info",
        "time": 2.2,
        "selector": "#snapcn-logo-drift-source-root > div:nth-of-type(1) > div:nth-of-type(1) > div:nth-of-type(8) > span:nth-of-type(1)",
        "message": "Text extends outside the composition canvas.",
        "rect": {
          "left": 1229.5,
          "top": 196.29,
          "right": 1352.73,
          "bottom": 298.47,
          "width": 123.23,
          "height": 102.18
        },
        "containerSelector": "#root",
        "text": "Mo",
        "fixHint": "Move the text inward, reduce its size, or mark intentional off-canvas animation with data-layout-allow-overflow.",
        "containerRect": {
          "left": 0,
          "top": 0,
          "right": 1280,
          "bottom": 720,
          "width": 1280,
          "height": 720
        },
        "overflow": {
          "right": 72.73
        },
        "dataAttributes": {},
        "sourceFile": "compositions/snapcn-logo-drift.html",
        "bbox": {
          "x": 1229.5,
          "y": 196.29,
          "width": 123.23,
          "height": 102.18
        },
        "firstSeen": 2.2,
        "lastSeen": 2.2,
        "occurrences": 1
      },
      {
        "code": "canvas_overflow",
        "severity": "info",
        "time": 2.2,
        "selector": "#snapcn-logo-drift-source-root > div:nth-of-type(1) > div:nth-of-type(1) > div:nth-of-type(8) > span:nth-of-type(2)",
        "message": "Text extends outside the composition canvas.",
        "rect": {
          "left": 1250.32,
          "top": 296.21,
          "right": 1331.92,
          "bottom": 326.08,
          "width": 81.6,
          "height": 29.87
        },
        "containerSelector": "#root",
        "text": "Motion",
        "fixHint": "Move the text inward, reduce its size, or mark intentional off-canvas animation with data-layout-allow-overflow.",
        "containerRect": {
          "left": 0,
          "top": 0,
          "right": 1280,
          "bottom": 720,
          "width": 1280,
          "height": 720
        },
        "overflow": {
          "right": 51.92
        },
        "dataAttributes": {},
        "sourceFile": "compositions/snapcn-logo-drift.html",
        "bbox": {
          "x": 1250.32,
          "y": 296.21,
          "width": 81.6,
          "height": 29.87
        },
        "firstSeen": 2.2,
        "lastSeen": 2.2,
        "occurrences": 1
      },
      {
        "code": "canvas_overflow",
        "severity": "info",
        "time": 2.2,
        "selector": "#snapcn-logo-drift-source-root > div:nth-of-type(1) > div:nth-of-type(1) > div:nth-of-type(9) > span:nth-of-type(1)",
        "message": "Text extends outside the composition canvas.",
        "rect": {
          "left": -78.87,
          "top": 327.65,
          "right": 8.87,
          "bottom": 412.54,
          "width": 87.74,
          "height": 84.89
        },
        "containerSelector": "#root",
        "text": "TS",
        "fixHint": "Move the text inward, reduce its size, or mark intentional off-canvas animation with data-layout-allow-overflow.",
        "containerRect": {
          "left": 0,
          "top": 0,
          "right": 1280,
          "bottom": 720,
          "width": 1280,
          "height": 720
        },
        "overflow": {
          "left": 78.87
        },
        "dataAttributes": {},
        "sourceFile": "compositions/snapcn-logo-drift.html",
        "bbox": {
          "x": -78.87,
          "y": 327.65,
          "width": 87.74,
          "height": 84.89
        },
        "firstSeen": 2.2,
        "lastSeen": 2.2,
        "occurrences": 1
      },
      {
        "code": "canvas_overflow",
        "severity": "info",
        "time": 2.2,
        "selector": "#snapcn-logo-drift-source-root > div:nth-of-type(1) > div:nth-of-type(1) > div:nth-of-type(9) > span:nth-of-type(2)",
        "message": "Text extends outside the composition canvas.",
        "rect": {
          "left": -88.77,
          "top": 411.02,
          "right": 18.77,
          "bottom": 436.17,
          "width": 107.54,
          "height": 25.15
        },
        "containerSelector": "#root",
        "text": "TypeScript",
        "fixHint": "Move the text inward, reduce its size, or mark intentional off-canvas animation with data-layout-allow-overflow.",
        "containerRect": {
          "left": 0,
          "top": 0,
          "right": 1280,
          "bottom": 720,
          "width": 1280,
          "height": 720
        },
        "overflow": {
          "left": 88.77
        },
        "dataAttributes": {},
        "sourceFile": "compositions/snapcn-logo-drift.html",
        "bbox": {
          "x": -88.77,
          "y": 411.02,
          "width": 107.54,
          "height": 25.15
        },
        "firstSeen": 2.2,
        "lastSeen": 2.2,
        "occurrences": 1
      },
      {
        "code": "container_overflow",
        "severity": "info",
        "time": 2.2,
        "selector": "#snapcn-logo-drift-source-root > div:nth-of-type(1) > div:nth-of-type(1) > div:nth-of-type(6)",
        "message": "Element extends outside a clipping layout container.",
        "rect": {
          "left": -42.32,
          "top": -13.68,
          "right": 163.67,
          "bottom": 192.31,
          "width": 205.99,
          "height": 205.99
        },
        "containerSelector": "#snapcn-logo-drift-source-root > div:nth-of-type(1) > div:nth-of-type(1)",
        "fixHint": "Resize/reposition the child or container, or mark intentional overflow with data-layout-allow-overflow.",
        "containerRect": {
          "left": 3.32,
          "top": 0,
          "right": 1276.68,
          "bottom": 720,
          "width": 1273.36,
          "height": 720
        },
        "overflow": {
          "left": 45.64,
          "top": 13.68
        },
        "dataAttributes": {},
        "sourceFile": "compositions/snapcn-logo-drift.html",
        "bbox": {
          "x": -42.32,
          "y": -13.68,
          "width": 205.99,
          "height": 205.99
        },
        "firstSeen": 2.2,
        "lastSeen": 2.2,
        "occurrences": 1
      },
      {
        "code": "container_overflow",
        "severity": "info",
        "time": 2.2,
        "selector": "#snapcn-logo-drift-source-root > div:nth-of-type(1) > div:nth-of-type(1) > div:nth-of-type(7)",
        "message": "Element extends outside a clipping layout container.",
        "rect": {
          "left": 350.23,
          "top": -111.89,
          "right": 531.18,
          "bottom": 69.07,
          "width": 180.96,
          "height": 180.96
        },
        "containerSelector": "#snapcn-logo-drift-source-root > div:nth-of-type(1) > div:nth-of-type(1)",
        "fixHint": "Resize/reposition the child or container, or mark intentional overflow with data-layout-allow-overflow.",
        "containerRect": {
          "left": 3.32,
          "top": 0,
          "right": 1276.68,
          "bottom": 720,
          "width": 1273.36,
          "height": 720
        },
        "overflow": {
          "top": 111.89
        },
        "dataAttributes": {},
        "sourceFile": "compositions/snapcn-logo-drift.html",
        "bbox": {
          "x": 350.23,
          "y": -111.89,
          "width": 180.96,
          "height": 180.96
        },
        "firstSeen": 2.2,
        "lastSeen": 2.2,
        "occurrences": 1
      },
      {
        "code": "container_overflow",
        "severity": "info",
        "time": 2.2,
        "selector": "#snapcn-logo-drift-source-root > div:nth-of-type(1) > div:nth-of-type(1) > div:nth-of-type(8)",
        "message": "Element extends outside a clipping layout container.",
        "rect": {
          "left": 1167.91,
          "top": 141.66,
          "right": 1414.33,
          "bottom": 388.08,
          "width": 246.42,
          "height": 246.42
        },
        "containerSelector": "#snapcn-logo-drift-source-root > div:nth-of-type(1) > div:nth-of-type(1)",
        "fixHint": "Resize/reposition the child or container, or mark intentional overflow with data-layout-allow-overflow.",
        "containerRect": {
          "left": 3.32,
          "top": 0,
          "right": 1276.68,
          "bottom": 720,
          "width": 1273.36,
          "height": 720
        },
        "overflow": {
          "right": 137.65
        },
        "dataAttributes": {},
        "sourceFile": "compositions/snapcn-logo-drift.html",
        "bbox": {
          "x": 1167.91,
          "y": 141.66,
          "width": 246.42,
          "height": 246.42
        },
        "firstSeen": 2.2,
        "lastSeen": 2.2,
        "occurrences": 1
      },
      {
        "code": "container_overflow",
        "severity": "info",
        "time": 2.2,
        "selector": "#snapcn-logo-drift-source-root > div:nth-of-type(1) > div:nth-of-type(1) > div:nth-of-type(9)",
        "message": "Element extends outside a clipping layout container.",
        "rect": {
          "left": -138.49,
          "top": 281.72,
          "right": 68.49,
          "bottom": 488.69,
          "width": 206.97,
          "height": 206.97
        },
        "containerSelector": "#snapcn-logo-drift-source-root > div:nth-of-type(1) > div:nth-of-type(1)",
        "fixHint": "Resize/reposition the child or container, or mark intentional overflow with data-layout-allow-overflow.",
        "containerRect": {
          "left": 3.32,
          "top": 0,
          "right": 1276.68,
          "bottom": 720,
          "width": 1273.36,
          "height": 720
        },
        "overflow": {
          "left": 141.81
        },
        "dataAttributes": {},
        "sourceFile": "compositions/snapcn-logo-drift.html",
        "bbox": {
          "x": -138.49,
          "y": 281.72,
          "width": 206.97,
          "height": 206.97
        },
        "firstSeen": 2.2,
        "lastSeen": 2.2,
        "occurrences": 1
      },
      {
        "code": "panel_out_of_canvas",
        "severity": "info",
        "time": 2.2,
        "selector": "#snapcn-logo-drift-source-root > div:nth-of-type(1) > div:nth-of-type(1) > div:nth-of-type(6)",
        "message": "Painted panel extends outside the composition canvas.",
        "rect": {
          "left": -42.32,
          "top": -13.68,
          "right": 163.67,
          "bottom": 192.31,
          "width": 205.99,
          "height": 205.99
        },
        "containerSelector": "#root",
        "text": "tw Tailwind",
        "fixHint": "Move the panel inward, or mark intentional off-canvas animation with data-layout-allow-overflow.",
        "containerRect": {
          "left": 0,
          "top": 0,
          "right": 1280,
          "bottom": 720,
          "width": 1280,
          "height": 720
        },
        "overflow": {
          "left": 42.32
        },
        "dataAttributes": {},
        "sourceFile": "compositions/snapcn-logo-drift.html",
        "bbox": {
          "x": -42.32,
          "y": -13.68,
          "width": 205.99,
          "height": 205.99
        },
        "firstSeen": 2.2,
        "lastSeen": 2.2,
        "occurrences": 1
      },
      {
        "code": "panel_out_of_canvas",
        "severity": "info",
        "time": 2.2,
        "selector": "#snapcn-logo-drift-source-root > div:nth-of-type(1) > div:nth-of-type(1) > div:nth-of-type(7)",
        "message": "Painted panel extends outside the composition canvas.",
        "rect": {
          "left": 350.23,
          "top": -111.89,
          "right": 531.18,
          "bottom": 69.07,
          "width": 180.96,
          "height": 180.96
        },
        "containerSelector": "#root",
        "text": "Fg Figma",
        "fixHint": "Move the panel inward, or mark intentional off-canvas animation with data-layout-allow-overflow.",
        "containerRect": {
          "left": 0,
          "top": 0,
          "right": 1280,
          "bottom": 720,
          "width": 1280,
          "height": 720
        },
        "overflow": {
          "top": 111.89
        },
        "dataAttributes": {},
        "sourceFile": "compositions/snapcn-logo-drift.html",
        "bbox": {
          "x": 350.23,
          "y": -111.89,
          "width": 180.96,
          "height": 180.96
        },
        "firstSeen": 2.2,
        "lastSeen": 2.2,
        "occurrences": 1
      },
      {
        "code": "panel_out_of_canvas",
        "severity": "info",
        "time": 2.2,
        "selector": "#snapcn-logo-drift-source-root > div:nth-of-type(1) > div:nth-of-type(1) > div:nth-of-type(8)",
        "message": "Painted panel extends outside the composition canvas.",
        "rect": {
          "left": 1167.91,
          "top": 141.66,
          "right": 1414.33,
          "bottom": 388.08,
          "width": 246.42,
          "height": 246.42
        },
        "containerSelector": "#root",
        "text": "Mo Motion",
        "fixHint": "Move the panel inward, or mark intentional off-canvas animation with data-layout-allow-overflow.",
        "containerRect": {
          "left": 0,
          "top": 0,
          "right": 1280,
          "bottom": 720,
          "width": 1280,
          "height": 720
        },
        "overflow": {
          "right": 134.33
        },
        "dataAttributes": {},
        "sourceFile": "compositions/snapcn-logo-drift.html",
        "bbox": {
          "x": 1167.91,
          "y": 141.66,
          "width": 246.42,
          "height": 246.42
        },
        "firstSeen": 2.2,
        "lastSeen": 2.2,
        "occurrences": 1
      },
      {
        "code": "panel_out_of_canvas",
        "severity": "info",
        "time": 2.2,
        "selector": "#snapcn-logo-drift-source-root > div:nth-of-type(1) > div:nth-of-type(1) > div:nth-of-type(9)",
        "message": "Painted panel extends outside the composition canvas.",
        "rect": {
          "left": -138.49,
          "top": 281.72,
          "right": 68.49,
          "bottom": 488.69,
          "width": 206.97,
          "height": 206.97
        },
        "containerSelector": "#root",
        "text": "TS TypeScript",
        "fixHint": "Move the panel inward, or mark intentional off-canvas animation with data-layout-allow-overflow.",
        "containerRect": {
          "left": 0,
          "top": 0,
          "right": 1280,
          "bottom": 720,
          "width": 1280,
          "height": 720
        },
        "overflow": {
          "left": 138.49
        },
        "dataAttributes": {},
        "sourceFile": "compositions/snapcn-logo-drift.html",
        "bbox": {
          "x": -138.49,
          "y": 281.72,
          "width": 206.97,
          "height": 206.97
        },
        "firstSeen": 2.2,
        "lastSeen": 2.2,
        "occurrences": 1
      },
      {
        "code": "canvas_overflow",
        "severity": "info",
        "time": 2.6,
        "selector": "#snapcn-logo-drift-source-root > div:nth-of-type(1) > div:nth-of-type(1) > div:nth-of-type(7) > span:nth-of-type(1)",
        "message": "Text extends outside the composition canvas.",
        "rect": {
          "left": 455.26,
          "top": -31.07,
          "right": 516.3,
          "bottom": 34.95,
          "width": 61.04,
          "height": 66.03
        },
        "containerSelector": "#root",
        "text": "Fg",
        "fixHint": "Move the text inward, reduce its size, or mark intentional off-canvas animation with data-layout-allow-overflow.",
        "containerRect": {
          "left": 0,
          "top": 0,
          "right": 1280,
          "bottom": 720,
          "width": 1280,
          "height": 720
        },
        "overflow": {
          "top": 31.07
        },
        "dataAttributes": {},
        "sourceFile": "compositions/snapcn-logo-drift.html",
        "bbox": {
          "x": 455.26,
          "y": -31.07,
          "width": 61.04,
          "height": 66.03
        },
        "firstSeen": 2.6,
        "lastSeen": 2.6,
        "occurrences": 1
      },
      {
        "code": "canvas_overflow",
        "severity": "info",
        "time": 2.6,
        "selector": "#snapcn-logo-drift-source-root > div:nth-of-type(1) > div:nth-of-type(1) > div:nth-of-type(10) > span:nth-of-type(1)",
        "message": "Text extends outside the composition canvas.",
        "rect": {
          "left": 1037.95,
          "top": 712.29,
          "right": 1105.77,
          "bottom": 798.75,
          "width": 67.82,
          "height": 86.46
        },
        "containerSelector": "#root",
        "text": "▲",
        "fixHint": "Move the text inward, reduce its size, or mark intentional off-canvas animation with data-layout-allow-overflow.",
        "containerRect": {
          "left": 0,
          "top": 0,
          "right": 1280,
          "bottom": 720,
          "width": 1280,
          "height": 720
        },
        "overflow": {
          "bottom": 78.75
        },
        "dataAttributes": {},
        "sourceFile": "compositions/snapcn-logo-drift.html",
        "bbox": {
          "x": 1037.95,
          "y": 712.29,
          "width": 67.82,
          "height": 86.46
        },
        "firstSeen": 2.6,
        "lastSeen": 2.6,
        "occurrences": 1
      },
      {
        "code": "canvas_overflow",
        "severity": "info",
        "time": 2.6,
        "selector": "#snapcn-logo-drift-source-root > div:nth-of-type(1) > div:nth-of-type(1) > div:nth-of-type(10) > span:nth-of-type(2)",
        "message": "Text extends outside the composition canvas.",
        "rect": {
          "left": 1040.41,
          "top": 797.55,
          "right": 1103.31,
          "bottom": 822.7,
          "width": 62.91,
          "height": 25.15
        },
        "containerSelector": "#root",
        "text": "Vercel",
        "fixHint": "Move the text inward, reduce its size, or mark intentional off-canvas animation with data-layout-allow-overflow.",
        "containerRect": {
          "left": 0,
          "top": 0,
          "right": 1280,
          "bottom": 720,
          "width": 1280,
          "height": 720
        },
        "overflow": {
          "bottom": 102.7
        },
        "dataAttributes": {},
        "sourceFile": "compositions/snapcn-logo-drift.html",
        "bbox": {
          "x": 1040.41,
          "y": 797.55,
          "width": 62.91,
          "height": 25.15
        },
        "firstSeen": 2.6,
        "lastSeen": 2.6,
        "occurrences": 1
      },
      {
        "code": "container_overflow",
        "severity": "info",
        "time": 2.6,
        "selector": "#snapcn-logo-drift-source-root > div:nth-of-type(1) > div:nth-of-type(1) > div:nth-of-type(7)",
        "message": "Element extends outside a clipping layout container.",
        "rect": {
          "left": 405.72,
          "top": -66.42,
          "right": 565.84,
          "bottom": 93.71,
          "width": 160.13,
          "height": 160.13
        },
        "containerSelector": "#snapcn-logo-drift-source-root > div:nth-of-type(1) > div:nth-of-type(1)",
        "fixHint": "Resize/reposition the child or container, or mark intentional overflow with data-layout-allow-overflow.",
        "containerRect": {
          "left": 3.32,
          "top": 0,
          "right": 1276.68,
          "bottom": 720,
          "width": 1273.36,
          "height": 720
        },
        "overflow": {
          "top": 66.42
        },
        "dataAttributes": {},
        "sourceFile": "compositions/snapcn-logo-drift.html",
        "bbox": {
          "x": 405.72,
          "y": -66.42,
          "width": 160.13,
          "height": 160.13
        },
        "firstSeen": 2.6,
        "lastSeen": 2.6,
        "occurrences": 1
      },
      {
        "code": "container_overflow",
        "severity": "info",
        "time": 2.6,
        "selector": "#snapcn-logo-drift-source-root > div:nth-of-type(1) > div:nth-of-type(1) > div:nth-of-type(8)",
        "message": "Element extends outside a clipping layout container.",
        "rect": {
          "left": 1107.83,
          "top": 194.39,
          "right": 1325.91,
          "bottom": 412.47,
          "width": 218.07,
          "height": 218.07
        },
        "containerSelector": "#snapcn-logo-drift-source-root > div:nth-of-type(1) > div:nth-of-type(1)",
        "fixHint": "Resize/reposition the child or container, or mark intentional overflow with data-layout-allow-overflow.",
        "containerRect": {
          "left": 3.32,
          "top": 0,
          "right": 1276.68,
          "bottom": 720,
          "width": 1273.36,
          "height": 720
        },
        "overflow": {
          "right": 49.23
        },
        "dataAttributes": {},
        "sourceFile": "compositions/snapcn-logo-drift.html",
        "bbox": {
          "x": 1107.83,
          "y": 194.39,
          "width": 218.07,
          "height": 218.07
        },
        "firstSeen": 2.6,
        "lastSeen": 2.6,
        "occurrences": 1
      },
      {
        "code": "container_overflow",
        "severity": "info",
        "time": 2.6,
        "selector": "#snapcn-logo-drift-source-root > div:nth-of-type(1) > div:nth-of-type(1) > div:nth-of-type(9)",
        "message": "Element extends outside a clipping layout container.",
        "rect": {
          "left": -45.83,
          "top": 262.12,
          "right": 137.31,
          "bottom": 445.26,
          "width": 183.14,
          "height": 183.14
        },
        "containerSelector": "#snapcn-logo-drift-source-root > div:nth-of-type(1) > div:nth-of-type(1)",
        "fixHint": "Resize/reposition the child or container, or mark intentional overflow with data-layout-allow-overflow.",
        "containerRect": {
          "left": 3.32,
          "top": 0,
          "right": 1276.68,
          "bottom": 720,
          "width": 1273.36,
          "height": 720
        },
        "overflow": {
          "left": 49.15
        },
        "dataAttributes": {},
        "sourceFile": "compositions/snapcn-logo-drift.html",
        "bbox": {
          "x": -45.83,
          "y": 262.12,
          "width": 183.14,
          "height": 183.14
        },
        "firstSeen": 2.6,
        "lastSeen": 2.6,
        "occurrences": 1
      },
      {
        "code": "container_overflow",
        "severity": "info",
        "time": 2.6,
        "selector": "#snapcn-logo-drift-source-root > div:nth-of-type(1) > div:nth-of-type(1) > div:nth-of-type(10)",
        "message": "Element extends outside a clipping layout container.",
        "rect": {
          "left": 967.94,
          "top": 667.68,
          "right": 1175.78,
          "bottom": 875.51,
          "width": 207.83,
          "height": 207.83
        },
        "containerSelector": "#snapcn-logo-drift-source-root > div:nth-of-type(1) > div:nth-of-type(1)",
        "fixHint": "Resize/reposition the child or container, or mark intentional overflow with data-layout-allow-overflow.",
        "containerRect": {
          "left": 3.32,
          "top": 0,
          "right": 1276.68,
          "bottom": 720,
          "width": 1273.36,
          "height": 720
        },
        "overflow": {
          "bottom": 155.51
        },
        "dataAttributes": {},
        "sourceFile": "compositions/snapcn-logo-drift.html",
        "bbox": {
          "x": 967.94,
          "y": 667.68,
          "width": 207.83,
          "height": 207.83
        },
        "firstSeen": 2.6,
        "lastSeen": 2.6,
        "occurrences": 1
      },
      {
        "code": "escaped_container",
        "severity": "info",
        "time": 2.6,
        "selector": "#snapcn-logo-drift-source-root > div:nth-of-type(1) > div:nth-of-type(1) > div:nth-of-type(10)",
        "message": "Positioned element renders far outside its offset parent — its coordinates were likely computed in a different frame (canvas/viewport pixels).",
        "rect": {
          "left": 967.94,
          "top": 667.68,
          "right": 1175.78,
          "bottom": 875.51,
          "width": 207.83,
          "height": 207.83
        },
        "containerSelector": "#snapcn-logo-drift-source-root > div:nth-of-type(1) > div:nth-of-type(1)",
        "text": "▲ Vercel",
        "fixHint": "Compute left/top in the offset parent's frame (subtract its rect), or mark intentional placement with data-layout-allow-overflow.",
        "containerRect": {
          "left": 3.32,
          "top": 0,
          "right": 1276.68,
          "bottom": 720,
          "width": 1273.36,
          "height": 720
        },
        "dataAttributes": {},
        "sourceFile": "compositions/snapcn-logo-drift.html",
        "bbox": {
          "x": 967.94,
          "y": 667.68,
          "width": 207.83,
          "height": 207.83
        },
        "firstSeen": 2.6,
        "lastSeen": 2.6,
        "occurrences": 1
      },
      {
        "code": "panel_out_of_canvas",
        "severity": "info",
        "time": 2.6,
        "selector": "#snapcn-logo-drift-source-root > div:nth-of-type(1) > div:nth-of-type(1) > div:nth-of-type(7)",
        "message": "Painted panel extends outside the composition canvas.",
        "rect": {
          "left": 405.72,
          "top": -66.42,
          "right": 565.84,
          "bottom": 93.71,
          "width": 160.13,
          "height": 160.13
        },
        "containerSelector": "#root",
        "text": "Fg Figma",
        "fixHint": "Move the panel inward, or mark intentional off-canvas animation with data-layout-allow-overflow.",
        "containerRect": {
          "left": 0,
          "top": 0,
          "right": 1280,
          "bottom": 720,
          "width": 1280,
          "height": 720
        },
        "overflow": {
          "top": 66.42
        },
        "dataAttributes": {},
        "sourceFile": "compositions/snapcn-logo-drift.html",
        "bbox": {
          "x": 405.72,
          "y": -66.42,
          "width": 160.13,
          "height": 160.13
        },
        "firstSeen": 2.6,
        "lastSeen": 2.6,
        "occurrences": 1
      },
      {
        "code": "panel_out_of_canvas",
        "severity": "info",
        "time": 2.6,
        "selector": "#snapcn-logo-drift-source-root > div:nth-of-type(1) > div:nth-of-type(1) > div:nth-of-type(8)",
        "message": "Painted panel extends outside the composition canvas.",
        "rect": {
          "left": 1107.83,
          "top": 194.39,
          "right": 1325.91,
          "bottom": 412.47,
          "width": 218.07,
          "height": 218.07
        },
        "containerSelector": "#root",
        "text": "Mo Motion",
        "fixHint": "Move the panel inward, or mark intentional off-canvas animation with data-layout-allow-overflow.",
        "containerRect": {
          "left": 0,
          "top": 0,
          "right": 1280,
          "bottom": 720,
          "width": 1280,
          "height": 720
        },
        "overflow": {
          "right": 45.91
        },
        "dataAttributes": {},
        "sourceFile": "compositions/snapcn-logo-drift.html",
        "bbox": {
          "x": 1107.83,
          "y": 194.39,
          "width": 218.07,
          "height": 218.07
        },
        "firstSeen": 2.6,
        "lastSeen": 2.6,
        "occurrences": 1
      },
      {
        "code": "panel_out_of_canvas",
        "severity": "info",
        "time": 2.6,
        "selector": "#snapcn-logo-drift-source-root > div:nth-of-type(1) > div:nth-of-type(1) > div:nth-of-type(9)",
        "message": "Painted panel extends outside the composition canvas.",
        "rect": {
          "left": -45.83,
          "top": 262.12,
          "right": 137.31,
          "bottom": 445.26,
          "width": 183.14,
          "height": 183.14
        },
        "containerSelector": "#root",
        "text": "TS TypeScript",
        "fixHint": "Move the panel inward, or mark intentional off-canvas animation with data-layout-allow-overflow.",
        "containerRect": {
          "left": 0,
          "top": 0,
          "right": 1280,
          "bottom": 720,
          "width": 1280,
          "height": 720
        },
        "overflow": {
          "left": 45.83
        },
        "dataAttributes": {},
        "sourceFile": "compositions/snapcn-logo-drift.html",
        "bbox": {
          "x": -45.83,
          "y": 262.12,
          "width": 183.14,
          "height": 183.14
        },
        "firstSeen": 2.6,
        "lastSeen": 2.6,
        "occurrences": 1
      },
      {
        "code": "canvas_overflow",
        "severity": "info",
        "time": 3,
        "selector": "#snapcn-logo-drift-source-root > div:nth-of-type(1) > div:nth-of-type(1) > div:nth-of-type(10) > span:nth-of-type(1)",
        "message": "Text extends outside the composition canvas.",
        "rect": {
          "left": 966.91,
          "top": 683.79,
          "right": 1025.91,
          "bottom": 757.68,
          "width": 59,
          "height": 73.89
        },
        "containerSelector": "#root",
        "text": "▲",
        "fixHint": "Move the text inward, reduce its size, or mark intentional off-canvas animation with data-layout-allow-overflow.",
        "containerRect": {
          "left": 0,
          "top": 0,
          "right": 1280,
          "bottom": 720,
          "width": 1280,
          "height": 720
        },
        "overflow": {
          "bottom": 37.68
        },
        "dataAttributes": {},
        "sourceFile": "compositions/snapcn-logo-drift.html",
        "bbox": {
          "x": 966.91,
          "y": 683.79,
          "width": 59,
          "height": 73.89
        },
        "firstSeen": 3,
        "lastSeen": 3,
        "occurrences": 1
      },
      {
        "code": "canvas_overflow",
        "severity": "info",
        "time": 3,
        "selector": "#snapcn-logo-drift-source-root > div:nth-of-type(1) > div:nth-of-type(1) > div:nth-of-type(10) > span:nth-of-type(2)",
        "message": "Text extends outside the composition canvas.",
        "rect": {
          "left": 969.05,
          "top": 755.64,
          "right": 1023.78,
          "bottom": 777.65,
          "width": 54.73,
          "height": 22.01
        },
        "containerSelector": "#root",
        "text": "Vercel",
        "fixHint": "Move the text inward, reduce its size, or mark intentional off-canvas animation with data-layout-allow-overflow.",
        "containerRect": {
          "left": 0,
          "top": 0,
          "right": 1280,
          "bottom": 720,
          "width": 1280,
          "height": 720
        },
        "overflow": {
          "bottom": 57.65
        },
        "dataAttributes": {},
        "sourceFile": "compositions/snapcn-logo-drift.html",
        "bbox": {
          "x": 969.05,
          "y": 755.64,
          "width": 54.73,
          "height": 22.01
        },
        "firstSeen": 3,
        "lastSeen": 3,
        "occurrences": 1
      },
      {
        "code": "container_overflow",
        "severity": "info",
        "time": 3,
        "selector": "#snapcn-logo-drift-source-root > div:nth-of-type(1) > div:nth-of-type(1) > div:nth-of-type(7)",
        "message": "Element extends outside a clipping layout container.",
        "rect": {
          "left": 455.46,
          "top": -18.67,
          "right": 594.75,
          "bottom": 120.63,
          "width": 139.3,
          "height": 139.3
        },
        "containerSelector": "#snapcn-logo-drift-source-root > div:nth-of-type(1) > div:nth-of-type(1)",
        "fixHint": "Resize/reposition the child or container, or mark intentional overflow with data-layout-allow-overflow.",
        "containerRect": {
          "left": 3.32,
          "top": 0,
          "right": 1276.68,
          "bottom": 720,
          "width": 1273.36,
          "height": 720
        },
        "overflow": {
          "top": 18.67
        },
        "dataAttributes": {},
        "sourceFile": "compositions/snapcn-logo-drift.html",
        "bbox": {
          "x": 455.46,
          "y": -18.67,
          "width": 139.3,
          "height": 139.3
        },
        "firstSeen": 3,
        "lastSeen": 3,
        "occurrences": 1
      },
      {
        "code": "container_overflow",
        "severity": "info",
        "time": 3,
        "selector": "#snapcn-logo-drift-source-root > div:nth-of-type(1) > div:nth-of-type(1) > div:nth-of-type(10)",
        "message": "Element extends outside a clipping layout container.",
        "rect": {
          "left": 906.02,
          "top": 643.07,
          "right": 1086.83,
          "bottom": 823.88,
          "width": 180.81,
          "height": 180.81
        },
        "containerSelector": "#snapcn-logo-drift-source-root > div:nth-of-type(1) > div:nth-of-type(1)",
        "fixHint": "Resize/reposition the child or container, or mark intentional overflow with data-layout-allow-overflow.",
        "containerRect": {
          "left": 3.32,
          "top": 0,
          "right": 1276.68,
          "bottom": 720,
          "width": 1273.36,
          "height": 720
        },
        "overflow": {
          "bottom": 103.88
        },
        "dataAttributes": {},
        "sourceFile": "compositions/snapcn-logo-drift.html",
        "bbox": {
          "x": 906.02,
          "y": 643.07,
          "width": 180.81,
          "height": 180.81
        },
        "firstSeen": 3,
        "lastSeen": 3,
        "occurrences": 1
      },
      {
        "code": "panel_out_of_canvas",
        "severity": "info",
        "time": 3,
        "selector": "#snapcn-logo-drift-source-root > div:nth-of-type(1) > div:nth-of-type(1) > div:nth-of-type(10)",
        "message": "Painted panel extends outside the composition canvas.",
        "rect": {
          "left": 906.02,
          "top": 643.07,
          "right": 1086.83,
          "bottom": 823.88,
          "width": 180.81,
          "height": 180.81
        },
        "containerSelector": "#root",
        "text": "▲ Vercel",
        "fixHint": "Move the panel inward, or mark intentional off-canvas animation with data-layout-allow-overflow.",
        "containerRect": {
          "left": 0,
          "top": 0,
          "right": 1280,
          "bottom": 720,
          "width": 1280,
          "height": 720
        },
        "overflow": {
          "bottom": 103.88
        },
        "dataAttributes": {},
        "sourceFile": "compositions/snapcn-logo-drift.html",
        "bbox": {
          "x": 906.02,
          "y": 643.07,
          "width": 180.81,
          "height": 180.81
        },
        "firstSeen": 3,
        "lastSeen": 3,
        "occurrences": 1
      },
      {
        "code": "canvas_overflow",
        "severity": "info",
        "time": 3.4,
        "selector": "#snapcn-logo-drift-source-root > div:nth-of-type(1) > div:nth-of-type(1) > div:nth-of-type(10) > span:nth-of-type(2)",
        "message": "Text extends outside the composition canvas.",
        "rect": {
          "left": 903.52,
          "top": 710.69,
          "right": 949.99,
          "bottom": 727.98,
          "width": 46.47,
          "height": 17.29
        },
        "containerSelector": "#root",
        "text": "Vercel",
        "fixHint": "Move the text inward, reduce its size, or mark intentional off-canvas animation with data-layout-allow-overflow.",
        "containerRect": {
          "left": 0,
          "top": 0,
          "right": 1280,
          "bottom": 720,
          "width": 1280,
          "height": 720
        },
        "overflow": {
          "bottom": 7.98
        },
        "dataAttributes": {},
        "sourceFile": "compositions/snapcn-logo-drift.html",
        "bbox": {
          "x": 903.52,
          "y": 710.69,
          "width": 46.47,
          "height": 17.29
        },
        "firstSeen": 3.4,
        "lastSeen": 3.4,
        "occurrences": 1
      },
      {
        "code": "container_overflow",
        "severity": "info",
        "time": 3.4,
        "selector": "#snapcn-logo-drift-source-root > div:nth-of-type(1) > div:nth-of-type(1) > div:nth-of-type(10)",
        "message": "Element extends outside a clipping layout container.",
        "rect": {
          "left": 849.87,
          "top": 613.86,
          "right": 1003.64,
          "bottom": 767.63,
          "width": 153.77,
          "height": 153.77
        },
        "containerSelector": "#snapcn-logo-drift-source-root > div:nth-of-type(1) > div:nth-of-type(1)",
        "fixHint": "Resize/reposition the child or container, or mark intentional overflow with data-layout-allow-overflow.",
        "containerRect": {
          "left": 3.32,
          "top": 0,
          "right": 1276.68,
          "bottom": 720,
          "width": 1273.36,
          "height": 720
        },
        "overflow": {
          "bottom": 47.63
        },
        "dataAttributes": {},
        "sourceFile": "compositions/snapcn-logo-drift.html",
        "bbox": {
          "x": 849.87,
          "y": 613.86,
          "width": 153.77,
          "height": 153.77
        },
        "firstSeen": 3.4,
        "lastSeen": 3.4,
        "occurrences": 1
      },
      {
        "code": "panel_out_of_canvas",
        "severity": "info",
        "time": 3.4,
        "selector": "#snapcn-logo-drift-source-root > div:nth-of-type(1) > div:nth-of-type(1) > div:nth-of-type(10)",
        "message": "Painted panel extends outside the composition canvas.",
        "rect": {
          "left": 849.87,
          "top": 613.86,
          "right": 1003.64,
          "bottom": 767.63,
          "width": 153.77,
          "height": 153.77
        },
        "containerSelector": "#root",
        "text": "▲ Vercel",
        "fixHint": "Move the panel inward, or mark intentional off-canvas animation with data-layout-allow-overflow.",
        "containerRect": {
          "left": 0,
          "top": 0,
          "right": 1280,
          "bottom": 720,
          "width": 1280,
          "height": 720
        },
        "overflow": {
          "bottom": 47.63
        },
        "dataAttributes": {},
        "sourceFile": "compositions/snapcn-logo-drift.html",
        "bbox": {
          "x": 849.87,
          "y": 613.86,
          "width": 153.77,
          "height": 153.77
        },
        "firstSeen": 3.4,
        "lastSeen": 3.4,
        "occurrences": 1
      }
    ],
    "duration": 3.6,
    "samples": [
      0.2,
      0.6,
      1,
      1.4,
      1.8,
      2.2,
      2.6,
      3,
      3.4
    ],
    "transitionSamples": [],
    "transitionSamplesDropped": 0,
    "tolerance": 2,
    "totalIssueCount": 49,
    "truncated": false
  },
  "motion": {
    "ok": true,
    "errorCount": 0,
    "warningCount": 0,
    "infoCount": 0,
    "findings": [],
    "enabled": false,
    "samples": 0
  },
  "contrast": {
    "ok": false,
    "errorCount": 6,
    "warningCount": 1,
    "infoCount": 0,
    "findings": [
      {
        "code": "contrast_aa_failure",
        "severity": "warning",
        "message": "Contrast is 1.24:1; WCAG AA requires 3:1.",
        "text": "Re",
        "fg": "rgb(125,211,252)",
        "bg": "rgb(223,222,220)",
        "ratio": 1.24,
        "requiredRatio": 3,
        "suggestedColor": "rgb(79,133,159)",
        "large": true,
        "selector": "div > div > div > div > div > div > div > div:nth-of-type(4) > span:nth-of-type(1)",
        "dataAttributes": {},
        "sourceFile": "compositions/snapcn-logo-drift.html",
        "bbox": {
          "x": 56.203609466552734,
          "y": 655.275634765625,
          "width": 103.06767272949219,
          "height": 88.05950927734375
        },
        "time": 1
      },
      {
        "code": "contrast_aa_failure",
        "severity": "error",
        "message": "Contrast is 2.61:1; WCAG AA requires 3:1.",
        "text": "Mo",
        "fg": "rgb(255,255,255)",
        "bg": "rgb(244,128,81)",
        "ratio": 2.61,
        "requiredRatio": 3,
        "suggestedColor": "rgb(81,81,81)",
        "large": true,
        "selector": "div > div > div > div > div > div > div > div:nth-of-type(8) > span:nth-of-type(1)",
        "dataAttributes": {},
        "sourceFile": "compositions/snapcn-logo-drift.html",
        "bbox": {
          "x": 1162.314453125,
          "y": 251.08624267578125,
          "width": 109.085693359375,
          "height": 74.15664672851562
        },
        "time": 2.6
      },
      {
        "code": "contrast_aa_failure",
        "severity": "error",
        "message": "Contrast is 2.61:1; WCAG AA requires 4.5:1.",
        "text": "Motion",
        "fg": "rgb(255,255,255)",
        "bg": "rgb(244,128,81)",
        "ratio": 2.61,
        "requiredRatio": 4.5,
        "suggestedColor": "rgb(55,55,55)",
        "large": false,
        "selector": "div > div > div > div > div > div > div > div:nth-of-type(8) > span:nth-of-type(2)",
        "dataAttributes": {},
        "sourceFile": "compositions/snapcn-logo-drift.html",
        "bbox": {
          "x": 1180.761474609375,
          "y": 333.9628601074219,
          "width": 72.216064453125,
          "height": 21.812225341796875
        },
        "time": 2.6
      },
      {
        "code": "contrast_aa_failure",
        "severity": "error",
        "message": "Contrast is 3.11:1; WCAG AA requires 4.5:1.",
        "text": "TypeScript",
        "fg": "rgb(255,255,255)",
        "bg": "rgb(100,146,226)",
        "ratio": 3.11,
        "requiredRatio": 4.5,
        "suggestedColor": "rgb(43,43,43)",
        "large": false,
        "selector": "div > div > div > div > div > div > div > div:nth-of-type(9) > span:nth-of-type(2)",
        "dataAttributes": {},
        "sourceFile": "compositions/snapcn-logo-drift.html",
        "bbox": {
          "x": -1.8395099639892578,
          "y": 379.3067626953125,
          "width": 95.15829467773438,
          "height": 18.32421875
        },
        "time": 2.6
      },
      {
        "code": "contrast_aa_failure",
        "severity": "error",
        "message": "Contrast is 2.87:1; WCAG AA requires 3:1.",
        "text": "Mo",
        "fg": "rgb(255,255,255)",
        "bg": "rgb(244,114,61)",
        "ratio": 2.87,
        "requiredRatio": 3,
        "suggestedColor": "rgb(75,75,75)",
        "large": true,
        "selector": "div > div > div > div > div > div > div > div:nth-of-type(8) > span:nth-of-type(1)",
        "dataAttributes": {},
        "sourceFile": "compositions/snapcn-logo-drift.html",
        "bbox": {
          "x": 1027.461669921875,
          "y": 320.25653076171875,
          "width": 80.666015625,
          "height": 54.84991455078125
        },
        "time": 3.4
      },
      {
        "code": "contrast_aa_failure",
        "severity": "error",
        "message": "Contrast is 2.87:1; WCAG AA requires 4.5:1.",
        "text": "Motion",
        "fg": "rgb(255,255,255)",
        "bg": "rgb(244,114,61)",
        "ratio": 2.87,
        "requiredRatio": 4.5,
        "suggestedColor": "rgb(49,49,49)",
        "large": false,
        "selector": "div > div > div > div > div > div > div > div:nth-of-type(8) > span:nth-of-type(2)",
        "dataAttributes": {},
        "sourceFile": "compositions/snapcn-logo-drift.html",
        "bbox": {
          "x": 1041.06982421875,
          "y": 381.5420227050781,
          "width": 53.42529296875,
          "height": 16.138092041015625
        },
        "time": 3.4
      },
      {
        "code": "contrast_aa_failure",
        "severity": "error",
        "message": "Contrast is 4.48:1; WCAG AA requires 4.5:1.",
        "text": "TypeScript",
        "fg": "rgb(255,255,255)",
        "bg": "rgb(54,116,220)",
        "ratio": 4.48,
        "requiredRatio": 4.5,
        "suggestedColor": "rgb(6,6,6)",
        "large": false,
        "selector": "div > div > div > div > div > div > div > div:nth-of-type(9) > span:nth-of-type(2)",
        "dataAttributes": {},
        "sourceFile": "compositions/snapcn-logo-drift.html",
        "bbox": {
          "x": 169.6370086669922,
          "y": 331.9241027832031,
          "width": 70.37391662597656,
          "height": 13.5589599609375
        },
        "time": 3.4
      }
    ],
    "enabled": true,
    "samples": [
      0.2,
      1,
      1.8,
      2.6,
      3.4
    ],
    "checked": 73,
    "passed": 66
  },
  "snapshots": {
    "enabled": false,
    "files": [],
    "times": [],
    "findingFiles": []
  },
  "_meta": {
    "version": "0.8.30",
    "latestVersion": "0.8.30",
    "updateAvailable": false
  }
}
