[hyperframes] browserGpuMode probe → hardware (WebGL renderer vendor="Google Inc. (NVIDIA Corporation)" renderer="ANGLE (NVIDIA Corporation, NVIDIA GeForce RTX 5060/PCIe/SSE2, OpenGL ES 3.2)")
{
  "ok": true,
  "strict": false,
  "lint": {
    "ok": true,
    "errorCount": 0,
    "warningCount": 0,
    "infoCount": 0,
    "findings": [],
    "filesScanned": 2
  },
  "runtime": {
    "ok": true,
    "errorCount": 0,
    "warningCount": 0,
    "infoCount": 0,
    "findings": []
  },
  "layout": {
    "ok": true,
    "errorCount": 0,
    "warningCount": 2,
    "infoCount": 12,
    "findings": [
      {
        "code": "container_overflow",
        "severity": "warning",
        "time": 0.222,
        "selector": "#truchet-flip-source-root > div:nth-of-type(1) > svg:nth-of-type(1) > g:nth-of-type(1)",
        "message": "Element extends outside a clipping layout container.",
        "rect": {
          "left": -8.75,
          "top": -0.75,
          "right": 1288.75,
          "bottom": 720.75,
          "width": 1297.5,
          "height": 721.5
        },
        "containerSelector": "#truchet-flip-source-root > div:nth-of-type(1) > svg:nth-of-type(1)",
        "fixHint": "Resize/reposition the child or container, or mark intentional overflow with data-layout-allow-overflow.",
        "containerRect": {
          "left": 0,
          "top": 0,
          "right": 1280,
          "bottom": 720,
          "width": 1280,
          "height": 720
        },
        "overflow": {
          "left": 8.75,
          "right": 8.75
        },
        "dataAttributes": {},
        "sourceFile": "compositions/truchet-flip.html",
        "bbox": {
          "x": -8.75,
          "y": -0.75,
          "width": 1297.5,
          "height": 721.5
        },
        "firstSeen": 0.222,
        "lastSeen": 3.778,
        "occurrences": 3
      },
      {
        "code": "container_overflow",
        "severity": "warning",
        "time": 0.222,
        "selector": "#truchet-flip-source-root > div:nth-of-type(1) > svg:nth-of-type(1) > g:nth-of-type(2)",
        "message": "Element extends outside a clipping layout container.",
        "rect": {
          "left": -8.75,
          "top": -0.75,
          "right": 1288.75,
          "bottom": 720.75,
          "width": 1297.5,
          "height": 721.5
        },
        "containerSelector": "#truchet-flip-source-root > div:nth-of-type(1) > svg:nth-of-type(1)",
        "fixHint": "Resize/reposition the child or container, or mark intentional overflow with data-layout-allow-overflow.",
        "containerRect": {
          "left": 0,
          "top": 0,
          "right": 1280,
          "bottom": 720,
          "width": 1280,
          "height": 720
        },
        "overflow": {
          "left": 8.75,
          "right": 8.75
        },
        "dataAttributes": {},
        "sourceFile": "compositions/truchet-flip.html",
        "bbox": {
          "x": -8.75,
          "y": -0.75,
          "width": 1297.5,
          "height": 721.5
        },
        "firstSeen": 0.222,
        "lastSeen": 3.778,
        "occurrences": 3
      },
      {
        "code": "container_overflow",
        "severity": "info",
        "time": 0.667,
        "selector": "#truchet-flip-source-root > div:nth-of-type(1) > svg:nth-of-type(1) > g:nth-of-type(1)",
        "message": "Element extends outside a clipping layout container.",
        "rect": {
          "left": -8.75,
          "top": -11.86,
          "right": 1288.75,
          "bottom": 731.86,
          "width": 1297.5,
          "height": 743.73
        },
        "containerSelector": "#truchet-flip-source-root > div:nth-of-type(1) > svg:nth-of-type(1)",
        "fixHint": "Resize/reposition the child or container, or mark intentional overflow with data-layout-allow-overflow.",
        "containerRect": {
          "left": 0,
          "top": 0,
          "right": 1280,
          "bottom": 720,
          "width": 1280,
          "height": 720
        },
        "overflow": {
          "left": 8.75,
          "right": 8.75,
          "top": 11.86,
          "bottom": 11.86
        },
        "dataAttributes": {},
        "sourceFile": "compositions/truchet-flip.html",
        "bbox": {
          "x": -8.75,
          "y": -11.86,
          "width": 1297.5,
          "height": 743.73
        },
        "firstSeen": 0.667,
        "lastSeen": 0.667,
        "occurrences": 1
      },
      {
        "code": "container_overflow",
        "severity": "info",
        "time": 0.667,
        "selector": "#truchet-flip-source-root > div:nth-of-type(1) > svg:nth-of-type(1) > g:nth-of-type(2)",
        "message": "Element extends outside a clipping layout container.",
        "rect": {
          "left": -8.75,
          "top": -11.86,
          "right": 1288.75,
          "bottom": 731.86,
          "width": 1297.5,
          "height": 743.73
        },
        "containerSelector": "#truchet-flip-source-root > div:nth-of-type(1) > svg:nth-of-type(1)",
        "fixHint": "Resize/reposition the child or container, or mark intentional overflow with data-layout-allow-overflow.",
        "containerRect": {
          "left": 0,
          "top": 0,
          "right": 1280,
          "bottom": 720,
          "width": 1280,
          "height": 720
        },
        "overflow": {
          "left": 8.75,
          "right": 8.75,
          "top": 11.86,
          "bottom": 11.86
        },
        "dataAttributes": {},
        "sourceFile": "compositions/truchet-flip.html",
        "bbox": {
          "x": -8.75,
          "y": -11.86,
          "width": 1297.5,
          "height": 743.73
        },
        "firstSeen": 0.667,
        "lastSeen": 0.667,
        "occurrences": 1
      },
      {
        "code": "container_overflow",
        "severity": "info",
        "time": 1.111,
        "selector": "#truchet-flip-source-root > div:nth-of-type(1) > svg:nth-of-type(1) > g:nth-of-type(1)",
        "message": "Element extends outside a clipping layout container.",
        "rect": {
          "left": -14.64,
          "top": -11.08,
          "right": 1294.64,
          "bottom": 731.08,
          "width": 1309.27,
          "height": 742.16
        },
        "containerSelector": "#truchet-flip-source-root > div:nth-of-type(1) > svg:nth-of-type(1)",
        "fixHint": "Resize/reposition the child or container, or mark intentional overflow with data-layout-allow-overflow.",
        "containerRect": {
          "left": 0,
          "top": 0,
          "right": 1280,
          "bottom": 720,
          "width": 1280,
          "height": 720
        },
        "overflow": {
          "left": 14.64,
          "right": 14.64,
          "top": 11.08,
          "bottom": 11.08
        },
        "dataAttributes": {},
        "sourceFile": "compositions/truchet-flip.html",
        "bbox": {
          "x": -14.64,
          "y": -11.08,
          "width": 1309.27,
          "height": 742.16
        },
        "firstSeen": 1.111,
        "lastSeen": 1.111,
        "occurrences": 1
      },
      {
        "code": "container_overflow",
        "severity": "info",
        "time": 1.111,
        "selector": "#truchet-flip-source-root > div:nth-of-type(1) > svg:nth-of-type(1) > g:nth-of-type(2)",
        "message": "Element extends outside a clipping layout container.",
        "rect": {
          "left": -14.64,
          "top": -11.08,
          "right": 1294.64,
          "bottom": 731.08,
          "width": 1309.27,
          "height": 742.16
        },
        "containerSelector": "#truchet-flip-source-root > div:nth-of-type(1) > svg:nth-of-type(1)",
        "fixHint": "Resize/reposition the child or container, or mark intentional overflow with data-layout-allow-overflow.",
        "containerRect": {
          "left": 0,
          "top": 0,
          "right": 1280,
          "bottom": 720,
          "width": 1280,
          "height": 720
        },
        "overflow": {
          "left": 14.64,
          "right": 14.64,
          "top": 11.08,
          "bottom": 11.08
        },
        "dataAttributes": {},
        "sourceFile": "compositions/truchet-flip.html",
        "bbox": {
          "x": -14.64,
          "y": -11.08,
          "width": 1309.27,
          "height": 742.16
        },
        "firstSeen": 1.111,
        "lastSeen": 1.111,
        "occurrences": 1
      },
      {
        "code": "container_overflow",
        "severity": "info",
        "time": 1.556,
        "selector": "#truchet-flip-source-root > div:nth-of-type(1) > svg:nth-of-type(1) > g:nth-of-type(1)",
        "message": "Element extends outside a clipping layout container.",
        "rect": {
          "left": -8.83,
          "top": -13.9,
          "right": 1288.83,
          "bottom": 733.9,
          "width": 1297.66,
          "height": 747.8
        },
        "containerSelector": "#truchet-flip-source-root > div:nth-of-type(1) > svg:nth-of-type(1)",
        "fixHint": "Resize/reposition the child or container, or mark intentional overflow with data-layout-allow-overflow.",
        "containerRect": {
          "left": 0,
          "top": 0,
          "right": 1280,
          "bottom": 720,
          "width": 1280,
          "height": 720
        },
        "overflow": {
          "left": 8.83,
          "right": 8.83,
          "top": 13.9,
          "bottom": 13.9
        },
        "dataAttributes": {},
        "sourceFile": "compositions/truchet-flip.html",
        "bbox": {
          "x": -8.83,
          "y": -13.9,
          "width": 1297.66,
          "height": 747.8
        },
        "firstSeen": 1.556,
        "lastSeen": 1.556,
        "occurrences": 1
      },
      {
        "code": "container_overflow",
        "severity": "info",
        "time": 1.556,
        "selector": "#truchet-flip-source-root > div:nth-of-type(1) > svg:nth-of-type(1) > g:nth-of-type(2)",
        "message": "Element extends outside a clipping layout container.",
        "rect": {
          "left": -8.83,
          "top": -13.9,
          "right": 1288.83,
          "bottom": 733.9,
          "width": 1297.66,
          "height": 747.8
        },
        "containerSelector": "#truchet-flip-source-root > div:nth-of-type(1) > svg:nth-of-type(1)",
        "fixHint": "Resize/reposition the child or container, or mark intentional overflow with data-layout-allow-overflow.",
        "containerRect": {
          "left": 0,
          "top": 0,
          "right": 1280,
          "bottom": 720,
          "width": 1280,
          "height": 720
        },
        "overflow": {
          "left": 8.83,
          "right": 8.83,
          "top": 13.9,
          "bottom": 13.9
        },
        "dataAttributes": {},
        "sourceFile": "compositions/truchet-flip.html",
        "bbox": {
          "x": -8.83,
          "y": -13.9,
          "width": 1297.66,
          "height": 747.8
        },
        "firstSeen": 1.556,
        "lastSeen": 1.556,
        "occurrences": 1
      },
      {
        "code": "container_overflow",
        "severity": "info",
        "time": 2,
        "selector": "#truchet-flip-source-root > div:nth-of-type(1) > svg:nth-of-type(1) > g:nth-of-type(1)",
        "message": "Element extends outside a clipping layout container.",
        "rect": {
          "left": -22.51,
          "top": -9.54,
          "right": 1302.51,
          "bottom": 729.54,
          "width": 1325.03,
          "height": 739.09
        },
        "containerSelector": "#truchet-flip-source-root > div:nth-of-type(1) > svg:nth-of-type(1)",
        "fixHint": "Resize/reposition the child or container, or mark intentional overflow with data-layout-allow-overflow.",
        "containerRect": {
          "left": 0,
          "top": 0,
          "right": 1280,
          "bottom": 720,
          "width": 1280,
          "height": 720
        },
        "overflow": {
          "left": 22.51,
          "right": 22.51,
          "top": 9.54,
          "bottom": 9.54
        },
        "dataAttributes": {},
        "sourceFile": "compositions/truchet-flip.html",
        "bbox": {
          "x": -22.51,
          "y": -9.54,
          "width": 1325.03,
          "height": 739.09
        },
        "firstSeen": 2,
        "lastSeen": 2,
        "occurrences": 1
      },
      {
        "code": "container_overflow",
        "severity": "info",
        "time": 2,
        "selector": "#truchet-flip-source-root > div:nth-of-type(1) > svg:nth-of-type(1) > g:nth-of-type(2)",
        "message": "Element extends outside a clipping layout container.",
        "rect": {
          "left": -22.51,
          "top": -9.54,
          "right": 1302.51,
          "bottom": 729.54,
          "width": 1325.03,
          "height": 739.09
        },
        "containerSelector": "#truchet-flip-source-root > div:nth-of-type(1) > svg:nth-of-type(1)",
        "fixHint": "Resize/reposition the child or container, or mark intentional overflow with data-layout-allow-overflow.",
        "containerRect": {
          "left": 0,
          "top": 0,
          "right": 1280,
          "bottom": 720,
          "width": 1280,
          "height": 720
        },
        "overflow": {
          "left": 22.51,
          "right": 22.51,
          "top": 9.54,
          "bottom": 9.54
        },
        "dataAttributes": {},
        "sourceFile": "compositions/truchet-flip.html",
        "bbox": {
          "x": -22.51,
          "y": -9.54,
          "width": 1325.03,
          "height": 739.09
        },
        "firstSeen": 2,
        "lastSeen": 2,
        "occurrences": 1
      },
      {
        "code": "container_overflow",
        "severity": "info",
        "time": 2.889,
        "selector": "#truchet-flip-source-root > div:nth-of-type(1) > svg:nth-of-type(1) > g:nth-of-type(1)",
        "message": "Element extends outside a clipping layout container.",
        "rect": {
          "left": -8.75,
          "top": -15.9,
          "right": 1288.75,
          "bottom": 735.9,
          "width": 1297.5,
          "height": 751.81
        },
        "containerSelector": "#truchet-flip-source-root > div:nth-of-type(1) > svg:nth-of-type(1)",
        "fixHint": "Resize/reposition the child or container, or mark intentional overflow with data-layout-allow-overflow.",
        "containerRect": {
          "left": 0,
          "top": 0,
          "right": 1280,
          "bottom": 720,
          "width": 1280,
          "height": 720
        },
        "overflow": {
          "left": 8.75,
          "right": 8.75,
          "top": 15.9,
          "bottom": 15.9
        },
        "dataAttributes": {},
        "sourceFile": "compositions/truchet-flip.html",
        "bbox": {
          "x": -8.75,
          "y": -15.9,
          "width": 1297.5,
          "height": 751.81
        },
        "firstSeen": 2.889,
        "lastSeen": 2.889,
        "occurrences": 1
      },
      {
        "code": "container_overflow",
        "severity": "info",
        "time": 2.889,
        "selector": "#truchet-flip-source-root > div:nth-of-type(1) > svg:nth-of-type(1) > g:nth-of-type(2)",
        "message": "Element extends outside a clipping layout container.",
        "rect": {
          "left": -8.75,
          "top": -0.75,
          "right": 1288.75,
          "bottom": 735.9,
          "width": 1297.5,
          "height": 736.65
        },
        "containerSelector": "#truchet-flip-source-root > div:nth-of-type(1) > svg:nth-of-type(1)",
        "fixHint": "Resize/reposition the child or container, or mark intentional overflow with data-layout-allow-overflow.",
        "containerRect": {
          "left": 0,
          "top": 0,
          "right": 1280,
          "bottom": 720,
          "width": 1280,
          "height": 720
        },
        "overflow": {
          "left": 8.75,
          "right": 8.75,
          "bottom": 15.9
        },
        "dataAttributes": {},
        "sourceFile": "compositions/truchet-flip.html",
        "bbox": {
          "x": -8.75,
          "y": -0.75,
          "width": 1297.5,
          "height": 736.65
        },
        "firstSeen": 2.889,
        "lastSeen": 2.889,
        "occurrences": 1
      },
      {
        "code": "container_overflow",
        "severity": "info",
        "time": 3.333,
        "selector": "#truchet-flip-source-root > div:nth-of-type(1) > svg:nth-of-type(1) > g:nth-of-type(1)",
        "message": "Element extends outside a clipping layout container.",
        "rect": {
          "left": -8.98,
          "top": -0.98,
          "right": 1288.75,
          "bottom": 720.75,
          "width": 1297.73,
          "height": 721.73
        },
        "containerSelector": "#truchet-flip-source-root > div:nth-of-type(1) > svg:nth-of-type(1)",
        "fixHint": "Resize/reposition the child or container, or mark intentional overflow with data-layout-allow-overflow.",
        "containerRect": {
          "left": 0,
          "top": 0,
          "right": 1280,
          "bottom": 720,
          "width": 1280,
          "height": 720
        },
        "overflow": {
          "left": 8.98,
          "right": 8.75
        },
        "dataAttributes": {},
        "sourceFile": "compositions/truchet-flip.html",
        "bbox": {
          "x": -8.98,
          "y": -0.98,
          "width": 1297.73,
          "height": 721.73
        },
        "firstSeen": 3.333,
        "lastSeen": 3.333,
        "occurrences": 1
      },
      {
        "code": "container_overflow",
        "severity": "info",
        "time": 3.333,
        "selector": "#truchet-flip-source-root > div:nth-of-type(1) > svg:nth-of-type(1) > g:nth-of-type(2)",
        "message": "Element extends outside a clipping layout container.",
        "rect": {
          "left": -8.83,
          "top": -0.98,
          "right": 1288.98,
          "bottom": 720.75,
          "width": 1297.81,
          "height": 721.73
        },
        "containerSelector": "#truchet-flip-source-root > div:nth-of-type(1) > svg:nth-of-type(1)",
        "fixHint": "Resize/reposition the child or container, or mark intentional overflow with data-layout-allow-overflow.",
        "containerRect": {
          "left": 0,
          "top": 0,
          "right": 1280,
          "bottom": 720,
          "width": 1280,
          "height": 720
        },
        "overflow": {
          "left": 8.83,
          "right": 8.98
        },
        "dataAttributes": {},
        "sourceFile": "compositions/truchet-flip.html",
        "bbox": {
          "x": -8.83,
          "y": -0.98,
          "width": 1297.81,
          "height": 721.73
        },
        "firstSeen": 3.333,
        "lastSeen": 3.333,
        "occurrences": 1
      }
    ],
    "duration": 4,
    "samples": [
      0.222,
      0.667,
      1.111,
      1.556,
      2,
      2.444,
      2.889,
      3.333,
      3.778
    ],
    "transitionSamples": [],
    "transitionSamplesDropped": 0,
    "tolerance": 2,
    "totalIssueCount": 14,
    "truncated": false
  },
  "motion": {
    "ok": true,
    "errorCount": 0,
    "warningCount": 0,
    "infoCount": 0,
    "findings": [],
    "enabled": false,
    "samples": 0
  },
  "contrast": {
    "ok": true,
    "errorCount": 0,
    "warningCount": 0,
    "infoCount": 0,
    "findings": [],
    "enabled": true,
    "samples": [
      0.222,
      1.111,
      2,
      2.889,
      3.778
    ],
    "checked": 0,
    "passed": 0
  },
  "snapshots": {
    "enabled": false,
    "files": [],
    "times": [],
    "findingFiles": []
  },
  "_meta": {
    "version": "0.8.30",
    "latestVersion": "0.8.87",
    "updateAvailable": true
  }
}
