[hyperframes] browserGpuMode probe → hardware (WebGL renderer vendor="Google Inc. (NVIDIA Corporation)" renderer="ANGLE (NVIDIA Corporation, NVIDIA GeForce RTX 5060/PCIe/SSE2, OpenGL ES 3.2)")
{
  "ok": false,
  "strict": false,
  "lint": {
    "ok": true,
    "errorCount": 0,
    "warningCount": 0,
    "infoCount": 0,
    "findings": [],
    "filesScanned": 2
  },
  "runtime": {
    "ok": true,
    "errorCount": 0,
    "warningCount": 0,
    "infoCount": 0,
    "findings": []
  },
  "layout": {
    "ok": true,
    "errorCount": 0,
    "warningCount": 0,
    "infoCount": 7,
    "findings": [
      {
        "code": "canvas_overflow",
        "severity": "info",
        "time": 3.889,
        "selector": "#snapcn-follower-rush-source-root > div:nth-of-type(1) > div:nth-of-type(1) > div:nth-of-type(2) > div:nth-of-type(24) > div:nth-of-type(1)",
        "message": "Text extends outside the composition canvas.",
        "rect": {
          "left": 1295.14,
          "top": 298.5,
          "right": 1319.73,
          "bottom": 330.5,
          "width": 24.59,
          "height": 32
        },
        "containerSelector": "#root",
        "text": "M",
        "fixHint": "Move the text inward, reduce its size, or mark intentional off-canvas animation with data-layout-allow-overflow.",
        "containerRect": {
          "left": 0,
          "top": 0,
          "right": 1280,
          "bottom": 720,
          "width": 1280,
          "height": 720
        },
        "overflow": {
          "right": 39.73
        },
        "dataAttributes": {},
        "sourceFile": "compositions/snapcn-follower-rush.html",
        "bbox": {
          "x": 1295.14,
          "y": 298.5,
          "width": 24.59,
          "height": 32
        },
        "firstSeen": 3.889,
        "lastSeen": 3.889,
        "occurrences": 1
      },
      {
        "code": "escaped_container",
        "severity": "info",
        "time": 3.889,
        "selector": "#snapcn-follower-rush-source-root > div:nth-of-type(1) > div:nth-of-type(1) > div:nth-of-type(2) > div:nth-of-type(24)",
        "message": "Positioned element renders far outside its offset parent — its coordinates were likely computed in a different frame (canvas/viewport pixels).",
        "rect": {
          "left": 1274.44,
          "top": 282.31,
          "right": 1340.44,
          "bottom": 348.31,
          "width": 66,
          "height": 66
        },
        "containerSelector": "#snapcn-follower-rush-source-root > div:nth-of-type(1) > div:nth-of-type(1) > div:nth-of-type(2)",
        "text": "M",
        "fixHint": "Compute left/top in the offset parent's frame (subtract its rect), or mark intentional placement with data-layout-allow-overflow.",
        "containerRect": {
          "left": 0,
          "top": 0,
          "right": 1280,
          "bottom": 720,
          "width": 1280,
          "height": 720
        },
        "dataAttributes": {},
        "sourceFile": "compositions/snapcn-follower-rush.html",
        "bbox": {
          "x": 1274.44,
          "y": 282.31,
          "width": 66,
          "height": 66
        },
        "firstSeen": 3.889,
        "lastSeen": 3.889,
        "occurrences": 1
      },
      {
        "code": "canvas_overflow",
        "severity": "info",
        "time": 6.111,
        "selector": "#snapcn-follower-rush-source-root > div:nth-of-type(1) > div:nth-of-type(1) > div:nth-of-type(1) > div:nth-of-type(24) > div:nth-of-type(1)",
        "message": "Text extends outside the composition canvas.",
        "rect": {
          "left": 1278.94,
          "top": 304.91,
          "right": 1303.53,
          "bottom": 336.91,
          "width": 24.59,
          "height": 32
        },
        "containerSelector": "#root",
        "text": "M",
        "fixHint": "Move the text inward, reduce its size, or mark intentional off-canvas animation with data-layout-allow-overflow.",
        "containerRect": {
          "left": 0,
          "top": 0,
          "right": 1280,
          "bottom": 720,
          "width": 1280,
          "height": 720
        },
        "overflow": {
          "right": 23.53
        },
        "dataAttributes": {},
        "sourceFile": "compositions/snapcn-follower-rush.html",
        "bbox": {
          "x": 1278.94,
          "y": 304.91,
          "width": 24.59,
          "height": 32
        },
        "firstSeen": 6.111,
        "lastSeen": 6.111,
        "occurrences": 1
      },
      {
        "code": "canvas_overflow",
        "severity": "info",
        "time": 8.333,
        "selector": "#snapcn-follower-rush-source-root > div:nth-of-type(1) > div:nth-of-type(1) > div:nth-of-type(1) > div:nth-of-type(24) > div:nth-of-type(1)",
        "message": "Text extends outside the composition canvas.",
        "rect": {
          "left": 1286.03,
          "top": 285.17,
          "right": 1303.31,
          "bottom": 317.17,
          "width": 17.28,
          "height": 32
        },
        "containerSelector": "#root",
        "text": "S",
        "fixHint": "Move the text inward, reduce its size, or mark intentional off-canvas animation with data-layout-allow-overflow.",
        "containerRect": {
          "left": 0,
          "top": 0,
          "right": 1280,
          "bottom": 720,
          "width": 1280,
          "height": 720
        },
        "overflow": {
          "right": 23.31
        },
        "dataAttributes": {},
        "sourceFile": "compositions/snapcn-follower-rush.html",
        "bbox": {
          "x": 1286.03,
          "y": 285.17,
          "width": 17.28,
          "height": 32
        },
        "firstSeen": 8.333,
        "lastSeen": 8.333,
        "occurrences": 1
      },
      {
        "code": "escaped_container",
        "severity": "info",
        "time": 8.333,
        "selector": "#snapcn-follower-rush-source-root > div:nth-of-type(1) > div:nth-of-type(1) > div:nth-of-type(1) > div:nth-of-type(24)",
        "message": "Positioned element renders far outside its offset parent — its coordinates were likely computed in a different frame (canvas/viewport pixels).",
        "rect": {
          "left": 1261.67,
          "top": 268.98,
          "right": 1327.67,
          "bottom": 334.98,
          "width": 66,
          "height": 66
        },
        "containerSelector": "#snapcn-follower-rush-source-root > div:nth-of-type(1) > div:nth-of-type(1) > div:nth-of-type(1)",
        "text": "S",
        "fixHint": "Compute left/top in the offset parent's frame (subtract its rect), or mark intentional placement with data-layout-allow-overflow.",
        "containerRect": {
          "left": 0,
          "top": 0,
          "right": 1280,
          "bottom": 720,
          "width": 1280,
          "height": 720
        },
        "dataAttributes": {},
        "sourceFile": "compositions/snapcn-follower-rush.html",
        "bbox": {
          "x": 1261.67,
          "y": 268.98,
          "width": 66,
          "height": 66
        },
        "firstSeen": 8.333,
        "lastSeen": 8.333,
        "occurrences": 1
      },
      {
        "code": "canvas_overflow",
        "severity": "info",
        "time": 9.444,
        "selector": "#snapcn-follower-rush-source-root > div:nth-of-type(1) > div:nth-of-type(1) > div:nth-of-type(1) > div:nth-of-type(24) > div:nth-of-type(1)",
        "message": "Text extends outside the composition canvas.",
        "rect": {
          "left": 1291.27,
          "top": 258.58,
          "right": 1311.39,
          "bottom": 290.58,
          "width": 20.13,
          "height": 32
        },
        "containerSelector": "#root",
        "text": "N",
        "fixHint": "Move the text inward, reduce its size, or mark intentional off-canvas animation with data-layout-allow-overflow.",
        "containerRect": {
          "left": 0,
          "top": 0,
          "right": 1280,
          "bottom": 720,
          "width": 1280,
          "height": 720
        },
        "overflow": {
          "right": 31.39
        },
        "dataAttributes": {},
        "sourceFile": "compositions/snapcn-follower-rush.html",
        "bbox": {
          "x": 1291.27,
          "y": 258.58,
          "width": 20.13,
          "height": 32
        },
        "firstSeen": 9.444,
        "lastSeen": 9.444,
        "occurrences": 1
      },
      {
        "code": "escaped_container",
        "severity": "info",
        "time": 9.444,
        "selector": "#snapcn-follower-rush-source-root > div:nth-of-type(1) > div:nth-of-type(1) > div:nth-of-type(1) > div:nth-of-type(24)",
        "message": "Positioned element renders far outside its offset parent — its coordinates were likely computed in a different frame (canvas/viewport pixels).",
        "rect": {
          "left": 1268.33,
          "top": 242.39,
          "right": 1334.33,
          "bottom": 308.39,
          "width": 66,
          "height": 66
        },
        "containerSelector": "#snapcn-follower-rush-source-root > div:nth-of-type(1) > div:nth-of-type(1) > div:nth-of-type(1)",
        "text": "N",
        "fixHint": "Compute left/top in the offset parent's frame (subtract its rect), or mark intentional placement with data-layout-allow-overflow.",
        "containerRect": {
          "left": 0,
          "top": 0,
          "right": 1280,
          "bottom": 720,
          "width": 1280,
          "height": 720
        },
        "dataAttributes": {},
        "sourceFile": "compositions/snapcn-follower-rush.html",
        "bbox": {
          "x": 1268.33,
          "y": 242.39,
          "width": 66,
          "height": 66
        },
        "firstSeen": 9.444,
        "lastSeen": 9.444,
        "occurrences": 1
      }
    ],
    "duration": 10,
    "samples": [
      0.556,
      1.667,
      2.778,
      3.889,
      5,
      6.111,
      7.222,
      8.333,
      9.444
    ],
    "transitionSamples": [],
    "transitionSamplesDropped": 0,
    "tolerance": 2,
    "totalIssueCount": 7,
    "truncated": false
  },
  "motion": {
    "ok": true,
    "errorCount": 0,
    "warningCount": 0,
    "infoCount": 0,
    "findings": [],
    "enabled": false,
    "samples": 0
  },
  "contrast": {
    "ok": false,
    "errorCount": 4,
    "warningCount": 70,
    "infoCount": 0,
    "findings": [
      {
        "code": "contrast_aa_failure",
        "severity": "warning",
        "message": "Contrast is 1.31:1; WCAG AA requires 3:1.",
        "text": "M",
        "fg": "rgb(110,106,99)",
        "bg": "rgb(149,119,108)",
        "ratio": 1.31,
        "requiredRatio": 3,
        "suggestedColor": "rgb(54,52,49)",
        "large": true,
        "selector": "div > div > div > div > div > div > div > div:nth-of-type(1) > div:nth-of-type(1)",
        "dataAttributes": {},
        "sourceFile": "compositions/snapcn-follower-rush.html",
        "bbox": {
          "x": 379.03125,
          "y": 327,
          "width": 66,
          "height": 66
        },
        "time": 0.556
      },
      {
        "code": "contrast_aa_failure",
        "severity": "warning",
        "message": "Contrast is 1.31:1; WCAG AA requires 3:1.",
        "text": "M",
        "fg": "rgb(110,106,99)",
        "bg": "rgb(149,119,108)",
        "ratio": 1.31,
        "requiredRatio": 3,
        "suggestedColor": "rgb(54,52,49)",
        "large": true,
        "selector": "div > div > div > div > div > div > div > div:nth-of-type(2) > div:nth-of-type(1) > div",
        "dataAttributes": {},
        "sourceFile": "compositions/snapcn-follower-rush.html",
        "bbox": {
          "x": 126.828125,
          "y": 283,
          "width": 66,
          "height": 66
        },
        "time": 2.778
      },
      {
        "code": "contrast_aa_failure",
        "severity": "warning",
        "message": "Contrast is 1.57:1; WCAG AA requires 3:1.",
        "text": "M",
        "fg": "rgb(110,106,99)",
        "bg": "rgb(130,141,141)",
        "ratio": 1.57,
        "requiredRatio": 3,
        "suggestedColor": "rgb(67,64,60)",
        "large": true,
        "selector": "div > div > div > div > div > div > div > div:nth-of-type(2) > div:nth-of-type(2) > div",
        "dataAttributes": {},
        "sourceFile": "compositions/snapcn-follower-rush.html",
        "bbox": {
          "x": 176.984375,
          "y": 283,
          "width": 66,
          "height": 66
        },
        "time": 2.778
      },
      {
        "code": "contrast_aa_failure",
        "severity": "warning",
        "message": "Contrast is 2.28:1; WCAG AA requires 3:1.",
        "text": "V",
        "fg": "rgb(110,106,99)",
        "bg": "rgb(168,169,170)",
        "ratio": 2.28,
        "requiredRatio": 3,
        "suggestedColor": "rgb(91,88,82)",
        "large": true,
        "selector": "div > div > div > div > div > div > div > div:nth-of-type(2) > div:nth-of-type(3) > div",
        "dataAttributes": {},
        "sourceFile": "compositions/snapcn-follower-rush.html",
        "bbox": {
          "x": 227.140625,
          "y": 283,
          "width": 66,
          "height": 66
        },
        "time": 2.778
      },
      {
        "code": "contrast_aa_failure",
        "severity": "warning",
        "message": "Contrast is 1.71:1; WCAG AA requires 3:1.",
        "text": "S",
        "fg": "rgb(110,106,99)",
        "bg": "rgb(158,144,116)",
        "ratio": 1.71,
        "requiredRatio": 3,
        "suggestedColor": "rgb(72,70,65)",
        "large": true,
        "selector": "div > div > div > div > div > div > div > div:nth-of-type(2) > div:nth-of-type(4) > div",
        "dataAttributes": {},
        "sourceFile": "compositions/snapcn-follower-rush.html",
        "bbox": {
          "x": 277.296875,
          "y": 283,
          "width": 66,
          "height": 66
        },
        "time": 2.778
      },
      {
        "code": "contrast_aa_failure",
        "severity": "warning",
        "message": "Contrast is 1.09:1; WCAG AA requires 3:1.",
        "text": "L",
        "fg": "rgb(110,106,99)",
        "bg": "rgb(53,119,152)",
        "ratio": 1.09,
        "requiredRatio": 3,
        "suggestedColor": "rgb(203,202,199)",
        "large": true,
        "selector": "div > div > div > div > div > div > div > div:nth-of-type(2) > div:nth-of-type(5) > div",
        "dataAttributes": {},
        "sourceFile": "compositions/snapcn-follower-rush.html",
        "bbox": {
          "x": 327.46875,
          "y": 283,
          "width": 66,
          "height": 66
        },
        "time": 2.778
      },
      {
        "code": "contrast_aa_failure",
        "severity": "warning",
        "message": "Contrast is 1.61:1; WCAG AA requires 3:1.",
        "text": "N",
        "fg": "rgb(110,106,99)",
        "bg": "rgb(140,140,145)",
        "ratio": 1.61,
        "requiredRatio": 3,
        "suggestedColor": "rgb(68,65,61)",
        "large": true,
        "selector": "div > div > div > div > div > div > div > div:nth-of-type(2) > div:nth-of-type(6) > div",
        "dataAttributes": {},
        "sourceFile": "compositions/snapcn-follower-rush.html",
        "bbox": {
          "x": 377.625,
          "y": 283,
          "width": 66,
          "height": 66
        },
        "time": 2.778
      },
      {
        "code": "contrast_aa_failure",
        "severity": "warning",
        "message": "Contrast is 2.79:1; WCAG AA requires 3:1.",
        "text": "A",
        "fg": "rgb(110,106,99)",
        "bg": "rgb(205,183,161)",
        "ratio": 2.79,
        "requiredRatio": 3,
        "suggestedColor": "rgb(105,101,95)",
        "large": true,
        "selector": "div > div > div > div > div > div > div > div:nth-of-type(2) > div:nth-of-type(8) > div",
        "dataAttributes": {},
        "sourceFile": "compositions/snapcn-follower-rush.html",
        "bbox": {
          "x": 477.9375,
          "y": 283,
          "width": 66,
          "height": 66
        },
        "time": 2.778
      },
      {
        "code": "contrast_aa_failure",
        "severity": "warning",
        "message": "Contrast is 1.75:1; WCAG AA requires 3:1.",
        "text": "K",
        "fg": "rgb(110,106,99)",
        "bg": "rgb(171,139,143)",
        "ratio": 1.75,
        "requiredRatio": 3,
        "suggestedColor": "rgb(74,71,67)",
        "large": true,
        "selector": "div > div > div > div > div > div > div > div:nth-of-type(2) > div:nth-of-type(9) > div",
        "dataAttributes": {},
        "sourceFile": "compositions/snapcn-follower-rush.html",
        "bbox": {
          "x": 528.109375,
          "y": 283,
          "width": 66,
          "height": 66
        },
        "time": 2.778
      },
      {
        "code": "contrast_aa_failure",
        "severity": "warning",
        "message": "Contrast is 1.84:1; WCAG AA requires 3:1.",
        "text": "J",
        "fg": "rgb(110,106,99)",
        "bg": "rgb(147,148,188)",
        "ratio": 1.84,
        "requiredRatio": 3,
        "suggestedColor": "rgb(77,74,69)",
        "large": true,
        "selector": "div > div > div > div > div > div > div > div:nth-of-type(2) > div:nth-of-type(10) > div",
        "dataAttributes": {},
        "sourceFile": "compositions/snapcn-follower-rush.html",
        "bbox": {
          "x": 578.265625,
          "y": 283,
          "width": 66,
          "height": 66
        },
        "time": 2.778
      },
      {
        "code": "contrast_aa_failure",
        "severity": "warning",
        "message": "Contrast is 1.64:1; WCAG AA requires 3:1.",
        "text": "M",
        "fg": "rgb(110,106,99)",
        "bg": "rgb(91,69,68)",
        "ratio": 1.64,
        "requiredRatio": 3,
        "suggestedColor": "rgb(154,151,146)",
        "large": true,
        "selector": "div > div > div > div > div > div > div > div:nth-of-type(2) > div:nth-of-type(11) > div",
        "dataAttributes": {},
        "sourceFile": "compositions/snapcn-follower-rush.html",
        "bbox": {
          "x": 628.421875,
          "y": 283,
          "width": 66,
          "height": 66
        },
        "time": 2.778
      },
      {
        "code": "contrast_aa_failure",
        "severity": "warning",
        "message": "Contrast is 1.28:1; WCAG AA requires 3:1.",
        "text": "F",
        "fg": "rgb(110,106,99)",
        "bg": "rgb(117,82,66)",
        "ratio": 1.28,
        "requiredRatio": 3,
        "suggestedColor": "rgb(173,171,167)",
        "large": true,
        "selector": "div > div > div > div > div > div > div > div:nth-of-type(2) > div:nth-of-type(13) > div",
        "dataAttributes": {},
        "sourceFile": "compositions/snapcn-follower-rush.html",
        "bbox": {
          "x": 728.734375,
          "y": 283,
          "width": 66,
          "height": 66
        },
        "time": 2.778
      },
      {
        "code": "contrast_aa_failure",
        "severity": "warning",
        "message": "Contrast is 1.5:1; WCAG AA requires 3:1.",
        "text": "H",
        "fg": "rgb(110,106,99)",
        "bg": "rgb(160,128,117)",
        "ratio": 1.5,
        "requiredRatio": 3,
        "suggestedColor": "rgb(63,61,57)",
        "large": true,
        "selector": "div > div > div > div > div > div > div > div:nth-of-type(2) > div:nth-of-type(14) > div",
        "dataAttributes": {},
        "sourceFile": "compositions/snapcn-follower-rush.html",
        "bbox": {
          "x": 778.90625,
          "y": 283,
          "width": 66,
          "height": 66
        },
        "time": 2.778
      },
      {
        "code": "contrast_aa_failure",
        "severity": "warning",
        "message": "Contrast is 2.07:1; WCAG AA requires 3:1.",
        "text": "M",
        "fg": "rgb(110,106,99)",
        "bg": "rgb(141,164,178)",
        "ratio": 2.07,
        "requiredRatio": 3,
        "suggestedColor": "rgb(85,81,76)",
        "large": true,
        "selector": "div > div > div > div > div > div > div > div:nth-of-type(2) > div:nth-of-type(15) > div",
        "dataAttributes": {},
        "sourceFile": "compositions/snapcn-follower-rush.html",
        "bbox": {
          "x": 829.0625,
          "y": 283,
          "width": 66,
          "height": 66
        },
        "time": 2.778
      },
      {
        "code": "contrast_aa_failure",
        "severity": "warning",
        "message": "Contrast is 2.44:1; WCAG AA requires 3:1.",
        "text": "S",
        "fg": "rgb(110,106,99)",
        "bg": "rgb(171,175,180)",
        "ratio": 2.44,
        "requiredRatio": 3,
        "suggestedColor": "rgb(96,92,86)",
        "large": true,
        "selector": "div > div > div > div > div > div > div > div:nth-of-type(2) > div:nth-of-type(16) > div",
        "dataAttributes": {},
        "sourceFile": "compositions/snapcn-follower-rush.html",
        "bbox": {
          "x": 879.21875,
          "y": 283,
          "width": 66,
          "height": 66
        },
        "time": 2.778
      },
      {
        "code": "contrast_aa_failure",
        "severity": "warning",
        "message": "Contrast is 2.43:1; WCAG AA requires 3:1.",
        "text": "L",
        "fg": "rgb(110,106,99)",
        "bg": "rgb(196,169,151)",
        "ratio": 2.43,
        "requiredRatio": 3,
        "suggestedColor": "rgb(95,92,86)",
        "large": true,
        "selector": "div > div > div > div > div > div > div > div:nth-of-type(2) > div:nth-of-type(17) > div",
        "dataAttributes": {},
        "sourceFile": "compositions/snapcn-follower-rush.html",
        "bbox": {
          "x": 929.375,
          "y": 283,
          "width": 66,
          "height": 66
        },
        "time": 2.778
      },
      {
        "code": "contrast_aa_failure",
        "severity": "warning",
        "message": "Contrast is 1.53:1; WCAG AA requires 3:1.",
        "text": "N",
        "fg": "rgb(110,106,99)",
        "bg": "rgb(144,135,127)",
        "ratio": 1.53,
        "requiredRatio": 3,
        "suggestedColor": "rgb(65,62,58)",
        "large": true,
        "selector": "div > div > div > div > div > div > div > div:nth-of-type(2) > div:nth-of-type(18) > div",
        "dataAttributes": {},
        "sourceFile": "compositions/snapcn-follower-rush.html",
        "bbox": {
          "x": 979.546875,
          "y": 283,
          "width": 66,
          "height": 66
        },
        "time": 2.778
      },
      {
        "code": "contrast_aa_failure",
        "severity": "warning",
        "message": "Contrast is 1.77:1; WCAG AA requires 3:1.",
        "text": "P",
        "fg": "rgb(110,106,99)",
        "bg": "rgb(197,132,109)",
        "ratio": 1.77,
        "requiredRatio": 3,
        "suggestedColor": "rgb(74,71,67)",
        "large": true,
        "selector": "div > div > div > div > div > div > div > div:nth-of-type(2) > div:nth-of-type(19) > div",
        "dataAttributes": {},
        "sourceFile": "compositions/snapcn-follower-rush.html",
        "bbox": {
          "x": 1029.703125,
          "y": 283,
          "width": 66,
          "height": 66
        },
        "time": 2.778
      },
      {
        "code": "contrast_aa_failure",
        "severity": "warning",
        "message": "Contrast is 2.4:1; WCAG AA requires 3:1.",
        "text": "T",
        "fg": "rgb(110,106,99)",
        "bg": "rgb(173,173,173)",
        "ratio": 2.4,
        "requiredRatio": 3,
        "suggestedColor": "rgb(95,91,85)",
        "large": true,
        "selector": "div > div > div > div > div > div > div > div:nth-of-type(2) > div:nth-of-type(20) > div",
        "dataAttributes": {},
        "sourceFile": "compositions/snapcn-follower-rush.html",
        "bbox": {
          "x": 1079.859375,
          "y": 283,
          "width": 66,
          "height": 66
        },
        "time": 2.778
      },
      {
        "code": "contrast_aa_failure",
        "severity": "warning",
        "message": "Contrast is 2.4:1; WCAG AA requires 3:1.",
        "text": "A",
        "fg": "rgb(110,106,99)",
        "bg": "rgb(182,171,169)",
        "ratio": 2.4,
        "requiredRatio": 3,
        "suggestedColor": "rgb(95,91,85)",
        "large": true,
        "selector": "div > div > div > div > div > div > div > div:nth-of-type(2) > div:nth-of-type(21) > div",
        "dataAttributes": {},
        "sourceFile": "compositions/snapcn-follower-rush.html",
        "bbox": {
          "x": 1130.015625,
          "y": 283,
          "width": 66,
          "height": 66
        },
        "time": 2.778
      },
      {
        "code": "contrast_aa_failure",
        "severity": "error",
        "message": "Contrast is 2.84:1; WCAG AA requires 3:1.",
        "text": "L",
        "fg": "rgb(110,106,99)",
        "bg": "rgb(207,184,172)",
        "ratio": 2.84,
        "requiredRatio": 3,
        "suggestedColor": "rgb(106,102,96)",
        "large": true,
        "selector": "div > div > div > div > div > div > div > div:nth-of-type(1) > div:nth-of-type(2) > div",
        "dataAttributes": {},
        "sourceFile": "compositions/snapcn-follower-rush.html",
        "bbox": {
          "x": 43.671875,
          "y": 327.78125,
          "width": 66,
          "height": 66
        },
        "time": 5
      },
      {
        "code": "contrast_aa_failure",
        "severity": "warning",
        "message": "Contrast is 1.03:1; WCAG AA requires 3:1.",
        "text": "N",
        "fg": "rgb(110,106,99)",
        "bg": "rgb(102,110,108)",
        "ratio": 1.03,
        "requiredRatio": 3,
        "suggestedColor": "rgb(198,196,193)",
        "large": true,
        "selector": "div > div > div > div > div > div > div > div:nth-of-type(1) > div:nth-of-type(3) > div",
        "dataAttributes": {},
        "sourceFile": "compositions/snapcn-follower-rush.html",
        "bbox": {
          "x": 97.578125,
          "y": 319.90625,
          "width": 66,
          "height": 66
        },
        "time": 5
      },
      {
        "code": "contrast_aa_failure",
        "severity": "warning",
        "message": "Contrast is 1.72:1; WCAG AA requires 3:1.",
        "text": "P",
        "fg": "rgb(110,106,99)",
        "bg": "rgb(195,130,108)",
        "ratio": 1.72,
        "requiredRatio": 3,
        "suggestedColor": "rgb(73,70,66)",
        "large": true,
        "selector": "div > div > div > div > div > div > div > div:nth-of-type(1) > div:nth-of-type(4) > div",
        "dataAttributes": {},
        "sourceFile": "compositions/snapcn-follower-rush.html",
        "bbox": {
          "x": 151.484375,
          "y": 305.890625,
          "width": 66,
          "height": 66
        },
        "time": 5
      },
      {
        "code": "contrast_aa_failure",
        "severity": "warning",
        "message": "Contrast is 2.24:1; WCAG AA requires 3:1.",
        "text": "T",
        "fg": "rgb(110,106,99)",
        "bg": "rgb(167,167,167)",
        "ratio": 2.24,
        "requiredRatio": 3,
        "suggestedColor": "rgb(90,86,81)",
        "large": true,
        "selector": "div > div > div > div > div > div > div > div:nth-of-type(1) > div:nth-of-type(5) > div",
        "dataAttributes": {},
        "sourceFile": "compositions/snapcn-follower-rush.html",
        "bbox": {
          "x": 205.375,
          "y": 288.09375,
          "width": 66,
          "height": 66
        },
        "time": 5
      },
      {
        "code": "contrast_aa_failure",
        "severity": "warning",
        "message": "Contrast is 2.24:1; WCAG AA requires 3:1.",
        "text": "A",
        "fg": "rgb(110,106,99)",
        "bg": "rgb(174,166,159)",
        "ratio": 2.24,
        "requiredRatio": 3,
        "suggestedColor": "rgb(90,87,81)",
        "large": true,
        "selector": "div > div > div > div > div > div > div > div:nth-of-type(1) > div:nth-of-type(6) > div",
        "dataAttributes": {},
        "sourceFile": "compositions/snapcn-follower-rush.html",
        "bbox": {
          "x": 259.28125,
          "y": 269.4375,
          "width": 66,
          "height": 66
        },
        "time": 5
      },
      {
        "code": "contrast_aa_failure",
        "severity": "warning",
        "message": "Contrast is 2.19:1; WCAG AA requires 3:1.",
        "text": "S",
        "fg": "rgb(110,106,99)",
        "bg": "rgb(171,163,172)",
        "ratio": 2.19,
        "requiredRatio": 3,
        "suggestedColor": "rgb(88,85,80)",
        "large": true,
        "selector": "div > div > div > div > div > div > div > div:nth-of-type(1) > div:nth-of-type(8) > div",
        "dataAttributes": {},
        "sourceFile": "compositions/snapcn-follower-rush.html",
        "bbox": {
          "x": 367.09375,
          "y": 241.59375,
          "width": 66,
          "height": 66
        },
        "time": 5
      },
      {
        "code": "contrast_aa_failure",
        "severity": "warning",
        "message": "Contrast is 1.61:1; WCAG AA requires 3:1.",
        "text": "J",
        "fg": "rgb(110,106,99)",
        "bg": "rgb(169,132,126)",
        "ratio": 1.61,
        "requiredRatio": 3,
        "suggestedColor": "rgb(68,66,61)",
        "large": true,
        "selector": "div > div > div > div > div > div > div > div:nth-of-type(1) > div:nth-of-type(10) > div",
        "dataAttributes": {},
        "sourceFile": "compositions/snapcn-follower-rush.html",
        "bbox": {
          "x": 474.90625,
          "y": 240.09375,
          "width": 66,
          "height": 66
        },
        "time": 5
      },
      {
        "code": "contrast_aa_failure",
        "severity": "warning",
        "message": "Contrast is 1.51:1; WCAG AA requires 3:1.",
        "text": "N",
        "fg": "rgb(110,106,99)",
        "bg": "rgb(129,137,142)",
        "ratio": 1.51,
        "requiredRatio": 3,
        "suggestedColor": "rgb(64,62,57)",
        "large": true,
        "selector": "div > div > div > div > div > div > div > div:nth-of-type(1) > div:nth-of-type(11) > div",
        "dataAttributes": {},
        "sourceFile": "compositions/snapcn-follower-rush.html",
        "bbox": {
          "x": 528.8125,
          "y": 250.265625,
          "width": 66,
          "height": 66
        },
        "time": 5
      },
      {
        "code": "contrast_aa_failure",
        "severity": "warning",
        "message": "Contrast is 2.32:1; WCAG AA requires 3:1.",
        "text": "D",
        "fg": "rgb(110,106,99)",
        "bg": "rgb(171,170,171)",
        "ratio": 2.32,
        "requiredRatio": 3,
        "suggestedColor": "rgb(93,89,83)",
        "large": true,
        "selector": "div > div > div > div > div > div > div > div:nth-of-type(1) > div:nth-of-type(12) > div",
        "dataAttributes": {},
        "sourceFile": "compositions/snapcn-follower-rush.html",
        "bbox": {
          "x": 582.71875,
          "y": 265.859375,
          "width": 66,
          "height": 66
        },
        "time": 5
      },
      {
        "code": "contrast_aa_failure",
        "severity": "warning",
        "message": "Contrast is 1.02:1; WCAG AA requires 3:1.",
        "text": "M",
        "fg": "rgb(110,106,99)",
        "bg": "rgb(127,100,81)",
        "ratio": 1.02,
        "requiredRatio": 3,
        "suggestedColor": "rgb(194,192,189)",
        "large": true,
        "selector": "div > div > div > div > div > div > div > div:nth-of-type(1) > div:nth-of-type(13) > div",
        "dataAttributes": {},
        "sourceFile": "compositions/snapcn-follower-rush.html",
        "bbox": {
          "x": 636.625,
          "y": 284.296875,
          "width": 66,
          "height": 66
        },
        "time": 5
      },
      {
        "code": "contrast_aa_failure",
        "severity": "warning",
        "message": "Contrast is 1.03:1; WCAG AA requires 3:1.",
        "text": "Y",
        "fg": "rgb(110,106,99)",
        "bg": "rgb(47,115,149)",
        "ratio": 1.03,
        "requiredRatio": 3,
        "suggestedColor": "rgb(198,196,193)",
        "large": true,
        "selector": "div > div > div > div > div > div > div > div:nth-of-type(1) > div:nth-of-type(14) > div",
        "dataAttributes": {},
        "sourceFile": "compositions/snapcn-follower-rush.html",
        "bbox": {
          "x": 690.53125,
          "y": 302.53125,
          "width": 66,
          "height": 66
        },
        "time": 5
      },
      {
        "code": "contrast_aa_failure",
        "severity": "warning",
        "message": "Contrast is 1.55:1; WCAG AA requires 3:1.",
        "text": "B",
        "fg": "rgb(110,106,99)",
        "bg": "rgb(138,137,144)",
        "ratio": 1.55,
        "requiredRatio": 3,
        "suggestedColor": "rgb(66,63,59)",
        "large": true,
        "selector": "div > div > div > div > div > div > div > div:nth-of-type(1) > div:nth-of-type(15) > div",
        "dataAttributes": {},
        "sourceFile": "compositions/snapcn-follower-rush.html",
        "bbox": {
          "x": 744.4375,
          "y": 317.515625,
          "width": 66,
          "height": 66
        },
        "time": 5
      },
      {
        "code": "contrast_aa_failure",
        "severity": "warning",
        "message": "Contrast is 2.23:1; WCAG AA requires 3:1.",
        "text": "O",
        "fg": "rgb(110,106,99)",
        "bg": "rgb(192,161,141)",
        "ratio": 2.23,
        "requiredRatio": 3,
        "suggestedColor": "rgb(90,86,81)",
        "large": true,
        "selector": "div > div > div > div > div > div > div > div:nth-of-type(1) > div:nth-of-type(17) > div",
        "dataAttributes": {},
        "sourceFile": "compositions/snapcn-follower-rush.html",
        "bbox": {
          "x": 852.234375,
          "y": 328.765625,
          "width": 66,
          "height": 66
        },
        "time": 5
      },
      {
        "code": "contrast_aa_failure",
        "severity": "warning",
        "message": "Contrast is 1.71:1; WCAG AA requires 3:1.",
        "text": "I",
        "fg": "rgb(110,106,99)",
        "bg": "rgb(166,139,140)",
        "ratio": 1.71,
        "requiredRatio": 3,
        "suggestedColor": "rgb(72,70,65)",
        "large": true,
        "selector": "div > div > div > div > div > div > div > div:nth-of-type(1) > div:nth-of-type(18) > div",
        "dataAttributes": {},
        "sourceFile": "compositions/snapcn-follower-rush.html",
        "bbox": {
          "x": 906.140625,
          "y": 323.171875,
          "width": 66,
          "height": 66
        },
        "time": 5
      },
      {
        "code": "contrast_aa_failure",
        "severity": "warning",
        "message": "Contrast is 1.89:1; WCAG AA requires 3:1.",
        "text": "L",
        "fg": "rgb(110,106,99)",
        "bg": "rgb(148,149,199)",
        "ratio": 1.89,
        "requiredRatio": 3,
        "suggestedColor": "rgb(79,76,71)",
        "large": true,
        "selector": "div > div > div > div > div > div > div > div:nth-of-type(1) > div:nth-of-type(19) > div",
        "dataAttributes": {},
        "sourceFile": "compositions/snapcn-follower-rush.html",
        "bbox": {
          "x": 960.046875,
          "y": 310.90625,
          "width": 66,
          "height": 66
        },
        "time": 5
      },
      {
        "code": "contrast_aa_failure",
        "severity": "warning",
        "message": "Contrast is 1.94:1; WCAG AA requires 3:1.",
        "text": "Z",
        "fg": "rgb(110,106,99)",
        "bg": "rgb(68,62,65)",
        "ratio": 1.94,
        "requiredRatio": 3,
        "suggestedColor": "rgb(141,138,132)",
        "large": true,
        "selector": "div > div > div > div > div > div > div > div:nth-of-type(1) > div:nth-of-type(20) > div",
        "dataAttributes": {},
        "sourceFile": "compositions/snapcn-follower-rush.html",
        "bbox": {
          "x": 1013.953125,
          "y": 294.015625,
          "width": 66,
          "height": 66
        },
        "time": 5
      },
      {
        "code": "contrast_aa_failure",
        "severity": "warning",
        "message": "Contrast is 1.81:1; WCAG AA requires 3:1.",
        "text": "M",
        "fg": "rgb(110,106,99)",
        "bg": "rgb(87,63,50)",
        "ratio": 1.81,
        "requiredRatio": 3,
        "suggestedColor": "rgb(146,143,138)",
        "large": true,
        "selector": "div > div > div > div > div > div > div > div:nth-of-type(1) > div:nth-of-type(22) > div",
        "dataAttributes": {},
        "sourceFile": "compositions/snapcn-follower-rush.html",
        "bbox": {
          "x": 1121.765625,
          "y": 257.859375,
          "width": 66,
          "height": 66
        },
        "time": 5
      },
      {
        "code": "contrast_aa_failure",
        "severity": "warning",
        "message": "Contrast is 2.39:1; WCAG AA requires 3:1.",
        "text": "C",
        "fg": "rgb(110,106,99)",
        "bg": "rgb(182,171,164)",
        "ratio": 2.39,
        "requiredRatio": 3,
        "suggestedColor": "rgb(95,91,85)",
        "large": true,
        "selector": "div > div > div > div > div > div > div > div:nth-of-type(1) > div:nth-of-type(23) > div",
        "dataAttributes": {},
        "sourceFile": "compositions/snapcn-follower-rush.html",
        "bbox": {
          "x": 1175.671875,
          "y": 244.578125,
          "width": 66,
          "height": 66
        },
        "time": 5
      },
      {
        "code": "contrast_aa_failure",
        "severity": "warning",
        "message": "Contrast is 2.27:1; WCAG AA requires 3:1.",
        "text": "N",
        "fg": "rgb(110,106,99)",
        "bg": "rgb(148,172,185)",
        "ratio": 2.27,
        "requiredRatio": 3,
        "suggestedColor": "rgb(91,87,82)",
        "large": true,
        "selector": "div > div > div > div > div > div > div > div:nth-of-type(1) > div:nth-of-type(2) > div",
        "dataAttributes": {},
        "sourceFile": "compositions/snapcn-follower-rush.html",
        "bbox": {
          "x": 47.09375,
          "y": 240.875,
          "width": 66,
          "height": 66
        },
        "time": 7.222
      },
      {
        "code": "contrast_aa_failure",
        "severity": "warning",
        "message": "Contrast is 2.2:1; WCAG AA requires 3:1.",
        "text": "A",
        "fg": "rgb(110,106,99)",
        "bg": "rgb(187,161,137)",
        "ratio": 2.2,
        "requiredRatio": 3,
        "suggestedColor": "rgb(88,85,80)",
        "large": true,
        "selector": "div > div > div > div > div > div > div > div:nth-of-type(1) > div:nth-of-type(4) > div",
        "dataAttributes": {},
        "sourceFile": "compositions/snapcn-follower-rush.html",
        "bbox": {
          "x": 154.90625,
          "y": 267.796875,
          "width": 66,
          "height": 66
        },
        "time": 7.222
      },
      {
        "code": "contrast_aa_failure",
        "severity": "warning",
        "message": "Contrast is 1.71:1; WCAG AA requires 3:1.",
        "text": "K",
        "fg": "rgb(110,106,99)",
        "bg": "rgb(165,139,140)",
        "ratio": 1.71,
        "requiredRatio": 3,
        "suggestedColor": "rgb(72,69,65)",
        "large": true,
        "selector": "div > div > div > div > div > div > div > div:nth-of-type(1) > div:nth-of-type(5) > div",
        "dataAttributes": {},
        "sourceFile": "compositions/snapcn-follower-rush.html",
        "bbox": {
          "x": 208.8125,
          "y": 286.375,
          "width": 66,
          "height": 66
        },
        "time": 7.222
      },
      {
        "code": "contrast_aa_failure",
        "severity": "warning",
        "message": "Contrast is 1.95:1; WCAG AA requires 3:1.",
        "text": "J",
        "fg": "rgb(110,106,99)",
        "bg": "rgb(149,152,200)",
        "ratio": 1.95,
        "requiredRatio": 3,
        "suggestedColor": "rgb(80,77,72)",
        "large": true,
        "selector": "div > div > div > div > div > div > div > div:nth-of-type(1) > div:nth-of-type(6) > div",
        "dataAttributes": {},
        "sourceFile": "compositions/snapcn-follower-rush.html",
        "bbox": {
          "x": 262.71875,
          "y": 304.390625,
          "width": 66,
          "height": 66
        },
        "time": 7.222
      },
      {
        "code": "contrast_aa_failure",
        "severity": "error",
        "message": "Contrast is 1.98:1; WCAG AA requires 3:1.",
        "text": "M",
        "fg": "rgb(110,106,99)",
        "bg": "rgb(63,62,64)",
        "ratio": 1.98,
        "requiredRatio": 3,
        "suggestedColor": "rgb(139,136,130)",
        "large": true,
        "selector": "div > div > div > div > div > div > div > div:nth-of-type(1) > div:nth-of-type(7) > div",
        "dataAttributes": {},
        "sourceFile": "compositions/snapcn-follower-rush.html",
        "bbox": {
          "x": 316.625,
          "y": 318.84375,
          "width": 66,
          "height": 66
        },
        "time": 7.222
      },
      {
        "code": "contrast_aa_failure",
        "severity": "warning",
        "message": "Contrast is 1.46:1; WCAG AA requires 3:1.",
        "text": "F",
        "fg": "rgb(110,106,99)",
        "bg": "rgb(105,75,58)",
        "ratio": 1.46,
        "requiredRatio": 3,
        "suggestedColor": "rgb(162,160,155)",
        "large": true,
        "selector": "div > div > div > div > div > div > div > div:nth-of-type(1) > div:nth-of-type(9) > div",
        "dataAttributes": {},
        "sourceFile": "compositions/snapcn-follower-rush.html",
        "bbox": {
          "x": 424.4375,
          "y": 328.515625,
          "width": 66,
          "height": 66
        },
        "time": 7.222
      },
      {
        "code": "contrast_aa_failure",
        "severity": "warning",
        "message": "Contrast is 1.79:1; WCAG AA requires 3:1.",
        "text": "H",
        "fg": "rgb(110,106,99)",
        "bg": "rgb(162,146,136)",
        "ratio": 1.79,
        "requiredRatio": 3,
        "suggestedColor": "rgb(75,72,68)",
        "large": true,
        "selector": "div > div > div > div > div > div > div > div:nth-of-type(1) > div:nth-of-type(10) > div",
        "dataAttributes": {},
        "sourceFile": "compositions/snapcn-follower-rush.html",
        "bbox": {
          "x": 478.328125,
          "y": 322.125,
          "width": 66,
          "height": 66
        },
        "time": 7.222
      },
      {
        "code": "contrast_aa_failure",
        "severity": "warning",
        "message": "Contrast is 2.03:1; WCAG AA requires 3:1.",
        "text": "M",
        "fg": "rgb(110,106,99)",
        "bg": "rgb(136,163,176)",
        "ratio": 2.03,
        "requiredRatio": 3,
        "suggestedColor": "rgb(83,80,75)",
        "large": true,
        "selector": "div > div > div > div > div > div > div > div:nth-of-type(1) > div:nth-of-type(11) > div",
        "dataAttributes": {},
        "sourceFile": "compositions/snapcn-follower-rush.html",
        "bbox": {
          "x": 532.234375,
          "y": 309.234375,
          "width": 66,
          "height": 66
        },
        "time": 7.222
      },
      {
        "code": "contrast_aa_failure",
        "severity": "warning",
        "message": "Contrast is 2.36:1; WCAG AA requires 3:1.",
        "text": "S",
        "fg": "rgb(110,106,99)",
        "bg": "rgb(166,173,173)",
        "ratio": 2.36,
        "requiredRatio": 3,
        "suggestedColor": "rgb(94,90,84)",
        "large": true,
        "selector": "div > div > div > div > div > div > div > div:nth-of-type(1) > div:nth-of-type(12) > div",
        "dataAttributes": {},
        "sourceFile": "compositions/snapcn-follower-rush.html",
        "bbox": {
          "x": 586.140625,
          "y": 292,
          "width": 66,
          "height": 66
        },
        "time": 7.222
      },
      {
        "code": "contrast_aa_failure",
        "severity": "warning",
        "message": "Contrast is 2.05:1; WCAG AA requires 3:1.",
        "text": "L",
        "fg": "rgb(110,106,99)",
        "bg": "rgb(175,156,149)",
        "ratio": 2.05,
        "requiredRatio": 3,
        "suggestedColor": "rgb(85,81,76)",
        "large": true,
        "selector": "div > div > div > div > div > div > div > div:nth-of-type(1) > div:nth-of-type(13) > div",
        "dataAttributes": {},
        "sourceFile": "compositions/snapcn-follower-rush.html",
        "bbox": {
          "x": 640.046875,
          "y": 273.265625,
          "width": 66,
          "height": 66
        },
        "time": 7.222
      },
      {
        "code": "contrast_aa_failure",
        "severity": "warning",
        "message": "Contrast is 1.01:1; WCAG AA requires 3:1.",
        "text": "N",
        "fg": "rgb(110,106,99)",
        "bg": "rgb(96,110,106)",
        "ratio": 1.01,
        "requiredRatio": 3,
        "suggestedColor": "rgb(196,194,191)",
        "large": true,
        "selector": "div > div > div > div > div > div > div > div:nth-of-type(1) > div:nth-of-type(14) > div",
        "dataAttributes": {},
        "sourceFile": "compositions/snapcn-follower-rush.html",
        "bbox": {
          "x": 693.953125,
          "y": 256.140625,
          "width": 66,
          "height": 66
        },
        "time": 7.222
      },
      {
        "code": "contrast_aa_failure",
        "severity": "warning",
        "message": "Contrast is 1.72:1; WCAG AA requires 3:1.",
        "text": "P",
        "fg": "rgb(110,106,99)",
        "bg": "rgb(194,130,108)",
        "ratio": 1.72,
        "requiredRatio": 3,
        "suggestedColor": "rgb(72,70,65)",
        "large": true,
        "selector": "div > div > div > div > div > div > div > div:nth-of-type(1) > div:nth-of-type(15) > div",
        "dataAttributes": {},
        "sourceFile": "compositions/snapcn-follower-rush.html",
        "bbox": {
          "x": 747.859375,
          "y": 243.484375,
          "width": 66,
          "height": 66
        },
        "time": 7.222
      },
      {
        "code": "contrast_aa_failure",
        "severity": "warning",
        "message": "Contrast is 2.31:1; WCAG AA requires 3:1.",
        "text": "T",
        "fg": "rgb(110,106,99)",
        "bg": "rgb(173,169,169)",
        "ratio": 2.31,
        "requiredRatio": 3,
        "suggestedColor": "rgb(91,88,82)",
        "large": true,
        "selector": "div > div > div > div > div > div > div > div:nth-of-type(1) > div:nth-of-type(16) > div",
        "dataAttributes": {},
        "sourceFile": "compositions/snapcn-follower-rush.html",
        "bbox": {
          "x": 801.765625,
          "y": 237.359375,
          "width": 66,
          "height": 66
        },
        "time": 7.222
      },
      {
        "code": "contrast_aa_failure",
        "severity": "warning",
        "message": "Contrast is 2.32:1; WCAG AA requires 3:1.",
        "text": "A",
        "fg": "rgb(110,106,99)",
        "bg": "rgb(180,168,162)",
        "ratio": 2.32,
        "requiredRatio": 3,
        "suggestedColor": "rgb(93,89,83)",
        "large": true,
        "selector": "div > div > div > div > div > div > div > div:nth-of-type(1) > div:nth-of-type(17) > div",
        "dataAttributes": {},
        "sourceFile": "compositions/snapcn-follower-rush.html",
        "bbox": {
          "x": 855.671875,
          "y": 238.8125,
          "width": 66,
          "height": 66
        },
        "time": 7.222
      },
      {
        "code": "contrast_aa_failure",
        "severity": "warning",
        "message": "Contrast is 2.29:1; WCAG AA requires 3:1.",
        "text": "S",
        "fg": "rgb(110,106,99)",
        "bg": "rgb(178,166,174)",
        "ratio": 2.29,
        "requiredRatio": 3,
        "suggestedColor": "rgb(91,88,82)",
        "large": true,
        "selector": "div > div > div > div > div > div > div > div:nth-of-type(1) > div:nth-of-type(19) > div",
        "dataAttributes": {},
        "sourceFile": "compositions/snapcn-follower-rush.html",
        "bbox": {
          "x": 963.484375,
          "y": 262.25,
          "width": 66,
          "height": 66
        },
        "time": 7.222
      },
      {
        "code": "contrast_aa_failure",
        "severity": "warning",
        "message": "Contrast is 1.76:1; WCAG AA requires 3:1.",
        "text": "J",
        "fg": "rgb(110,106,99)",
        "bg": "rgb(164,144,126)",
        "ratio": 1.76,
        "requiredRatio": 3,
        "suggestedColor": "rgb(74,71,67)",
        "large": true,
        "selector": "div > div > div > div > div > div > div > div:nth-of-type(1) > div:nth-of-type(21) > div",
        "dataAttributes": {},
        "sourceFile": "compositions/snapcn-follower-rush.html",
        "bbox": {
          "x": 1071.28125,
          "y": 298.875,
          "width": 66,
          "height": 66
        },
        "time": 7.222
      },
      {
        "code": "contrast_aa_failure",
        "severity": "warning",
        "message": "Contrast is 1.55:1; WCAG AA requires 3:1.",
        "text": "N",
        "fg": "rgb(110,106,99)",
        "bg": "rgb(130,139,146)",
        "ratio": 1.55,
        "requiredRatio": 3,
        "suggestedColor": "rgb(66,63,59)",
        "large": true,
        "selector": "div > div > div > div > div > div > div > div:nth-of-type(1) > div:nth-of-type(22) > div",
        "dataAttributes": {},
        "sourceFile": "compositions/snapcn-follower-rush.html",
        "bbox": {
          "x": 1125.1875,
          "y": 314.765625,
          "width": 66,
          "height": 66
        },
        "time": 7.222
      },
      {
        "code": "contrast_aa_failure",
        "severity": "warning",
        "message": "Contrast is 2.48:1; WCAG AA requires 3:1.",
        "text": "I",
        "fg": "rgb(110,106,99)",
        "bg": "rgb(196,171,160)",
        "ratio": 2.48,
        "requiredRatio": 3,
        "suggestedColor": "rgb(97,93,87)",
        "large": true,
        "selector": "div > div > div > div > div > div > div > div:nth-of-type(1) > div:nth-of-type(1) > div",
        "dataAttributes": {},
        "sourceFile": "compositions/snapcn-follower-rush.html",
        "bbox": {
          "x": 28.53125,
          "y": 323.765625,
          "width": 66,
          "height": 66
        },
        "time": 9.444
      },
      {
        "code": "contrast_aa_failure",
        "severity": "error",
        "message": "Contrast is 1.89:1; WCAG AA requires 3:1.",
        "text": "L",
        "fg": "rgb(110,106,99)",
        "bg": "rgb(148,149,199)",
        "ratio": 1.89,
        "requiredRatio": 3,
        "suggestedColor": "rgb(79,76,71)",
        "large": true,
        "selector": "div > div > div > div > div > div > div > div:nth-of-type(1) > div:nth-of-type(2) > div",
        "dataAttributes": {},
        "sourceFile": "compositions/snapcn-follower-rush.html",
        "bbox": {
          "x": 82.4375,
          "y": 311.90625,
          "width": 66,
          "height": 66
        },
        "time": 9.444
      },
      {
        "code": "contrast_aa_failure",
        "severity": "warning",
        "message": "Contrast is 1.94:1; WCAG AA requires 3:1.",
        "text": "Z",
        "fg": "rgb(110,106,99)",
        "bg": "rgb(68,62,65)",
        "ratio": 1.94,
        "requiredRatio": 3,
        "suggestedColor": "rgb(141,138,132)",
        "large": true,
        "selector": "div > div > div > div > div > div > div > div:nth-of-type(1) > div:nth-of-type(3) > div",
        "dataAttributes": {},
        "sourceFile": "compositions/snapcn-follower-rush.html",
        "bbox": {
          "x": 136.328125,
          "y": 295.234375,
          "width": 66,
          "height": 66
        },
        "time": 9.444
      },
      {
        "code": "contrast_aa_failure",
        "severity": "warning",
        "message": "Contrast is 1.81:1; WCAG AA requires 3:1.",
        "text": "M",
        "fg": "rgb(110,106,99)",
        "bg": "rgb(87,63,50)",
        "ratio": 1.81,
        "requiredRatio": 3,
        "suggestedColor": "rgb(146,143,138)",
        "large": true,
        "selector": "div > div > div > div > div > div > div > div:nth-of-type(1) > div:nth-of-type(5) > div",
        "dataAttributes": {},
        "sourceFile": "compositions/snapcn-follower-rush.html",
        "bbox": {
          "x": 244.140625,
          "y": 258.921875,
          "width": 66,
          "height": 66
        },
        "time": 9.444
      },
      {
        "code": "contrast_aa_failure",
        "severity": "warning",
        "message": "Contrast is 1.52:1; WCAG AA requires 3:1.",
        "text": "C",
        "fg": "rgb(110,106,99)",
        "bg": "rgb(162,129,119)",
        "ratio": 1.52,
        "requiredRatio": 3,
        "suggestedColor": "rgb(65,62,58)",
        "large": true,
        "selector": "div > div > div > div > div > div > div > div:nth-of-type(1) > div:nth-of-type(6) > div",
        "dataAttributes": {},
        "sourceFile": "compositions/snapcn-follower-rush.html",
        "bbox": {
          "x": 298.046875,
          "y": 245.28125,
          "width": 66,
          "height": 66
        },
        "time": 9.444
      },
      {
        "code": "contrast_aa_failure",
        "severity": "error",
        "message": "Contrast is 1.16:1; WCAG AA requires 3:1.",
        "text": "M",
        "fg": "rgb(110,106,99)",
        "bg": "rgb(151,106,93)",
        "ratio": 1.16,
        "requiredRatio": 3,
        "suggestedColor": "rgb(209,208,205)",
        "large": true,
        "selector": "div > div > div > div > div > div > div > div:nth-of-type(1) > div:nth-of-type(7) > div",
        "dataAttributes": {},
        "sourceFile": "compositions/snapcn-follower-rush.html",
        "bbox": {
          "x": 351.953125,
          "y": 237.90625,
          "width": 66,
          "height": 66
        },
        "time": 9.444
      },
      {
        "code": "contrast_aa_failure",
        "severity": "warning",
        "message": "Contrast is 1.58:1; WCAG AA requires 3:1.",
        "text": "M",
        "fg": "rgb(110,106,99)",
        "bg": "rgb(130,141,146)",
        "ratio": 1.58,
        "requiredRatio": 3,
        "suggestedColor": "rgb(67,64,60)",
        "large": true,
        "selector": "div > div > div > div > div > div > div > div:nth-of-type(1) > div:nth-of-type(8) > div",
        "dataAttributes": {},
        "sourceFile": "compositions/snapcn-follower-rush.html",
        "bbox": {
          "x": 405.859375,
          "y": 238,
          "width": 66,
          "height": 66
        },
        "time": 9.444
      },
      {
        "code": "contrast_aa_failure",
        "severity": "warning",
        "message": "Contrast is 2.32:1; WCAG AA requires 3:1.",
        "text": "V",
        "fg": "rgb(110,106,99)",
        "bg": "rgb(171,170,171)",
        "ratio": 2.32,
        "requiredRatio": 3,
        "suggestedColor": "rgb(93,89,83)",
        "large": true,
        "selector": "div > div > div > div > div > div > div > div:nth-of-type(1) > div:nth-of-type(9) > div",
        "dataAttributes": {},
        "sourceFile": "compositions/snapcn-follower-rush.html",
        "bbox": {
          "x": 459.765625,
          "y": 245.5625,
          "width": 66,
          "height": 66
        },
        "time": 9.444
      },
      {
        "code": "contrast_aa_failure",
        "severity": "warning",
        "message": "Contrast is 1.02:1; WCAG AA requires 3:1.",
        "text": "S",
        "fg": "rgb(110,106,99)",
        "bg": "rgb(131,102,84)",
        "ratio": 1.02,
        "requiredRatio": 3,
        "suggestedColor": "rgb(198,196,193)",
        "large": true,
        "selector": "div > div > div > div > div > div > div > div:nth-of-type(1) > div:nth-of-type(10) > div",
        "dataAttributes": {},
        "sourceFile": "compositions/snapcn-follower-rush.html",
        "bbox": {
          "x": 513.671875,
          "y": 259.34375,
          "width": 66,
          "height": 66
        },
        "time": 9.444
      },
      {
        "code": "contrast_aa_failure",
        "severity": "warning",
        "message": "Contrast is 1.03:1; WCAG AA requires 3:1.",
        "text": "L",
        "fg": "rgb(110,106,99)",
        "bg": "rgb(47,115,149)",
        "ratio": 1.03,
        "requiredRatio": 3,
        "suggestedColor": "rgb(198,196,193)",
        "large": true,
        "selector": "div > div > div > div > div > div > div > div:nth-of-type(1) > div:nth-of-type(11) > div",
        "dataAttributes": {},
        "sourceFile": "compositions/snapcn-follower-rush.html",
        "bbox": {
          "x": 567.578125,
          "y": 277.03125,
          "width": 66,
          "height": 66
        },
        "time": 9.444
      },
      {
        "code": "contrast_aa_failure",
        "severity": "warning",
        "message": "Contrast is 1.61:1; WCAG AA requires 3:1.",
        "text": "N",
        "fg": "rgb(110,106,99)",
        "bg": "rgb(140,140,145)",
        "ratio": 1.61,
        "requiredRatio": 3,
        "suggestedColor": "rgb(68,65,61)",
        "large": true,
        "selector": "div > div > div > div > div > div > div > div:nth-of-type(1) > div:nth-of-type(12) > div",
        "dataAttributes": {},
        "sourceFile": "compositions/snapcn-follower-rush.html",
        "bbox": {
          "x": 621.484375,
          "y": 295.703125,
          "width": 66,
          "height": 66
        },
        "time": 9.444
      },
      {
        "code": "contrast_aa_failure",
        "severity": "warning",
        "message": "Contrast is 2.22:1; WCAG AA requires 3:1.",
        "text": "A",
        "fg": "rgb(110,106,99)",
        "bg": "rgb(190,161,141)",
        "ratio": 2.22,
        "requiredRatio": 3,
        "suggestedColor": "rgb(90,86,81)",
        "large": true,
        "selector": "div > div > div > div > div > div > div > div:nth-of-type(1) > div:nth-of-type(14) > div",
        "dataAttributes": {},
        "sourceFile": "compositions/snapcn-follower-rush.html",
        "bbox": {
          "x": 729.28125,
          "y": 324,
          "width": 66,
          "height": 66
        },
        "time": 9.444
      },
      {
        "code": "contrast_aa_failure",
        "severity": "warning",
        "message": "Contrast is 1.76:1; WCAG AA requires 3:1.",
        "text": "K",
        "fg": "rgb(110,106,99)",
        "bg": "rgb(170,140,143)",
        "ratio": 1.76,
        "requiredRatio": 3,
        "suggestedColor": "rgb(74,71,67)",
        "large": true,
        "selector": "div > div > div > div > div > div > div > div:nth-of-type(1) > div:nth-of-type(15) > div",
        "dataAttributes": {},
        "sourceFile": "compositions/snapcn-follower-rush.html",
        "bbox": {
          "x": 783.1875,
          "y": 328.90625,
          "width": 66,
          "height": 66
        },
        "time": 9.444
      },
      {
        "code": "contrast_aa_failure",
        "severity": "warning",
        "message": "Contrast is 1.91:1; WCAG AA requires 3:1.",
        "text": "J",
        "fg": "rgb(110,106,99)",
        "bg": "rgb(149,150,200)",
        "ratio": 1.91,
        "requiredRatio": 3,
        "suggestedColor": "rgb(79,76,71)",
        "large": true,
        "selector": "div > div > div > div > div > div > div > div:nth-of-type(1) > div:nth-of-type(16) > div",
        "dataAttributes": {},
        "sourceFile": "compositions/snapcn-follower-rush.html",
        "bbox": {
          "x": 837.09375,
          "y": 326.203125,
          "width": 66,
          "height": 66
        },
        "time": 9.444
      },
      {
        "code": "contrast_aa_failure",
        "severity": "warning",
        "message": "Contrast is 1.89:1; WCAG AA requires 3:1.",
        "text": "M",
        "fg": "rgb(110,106,99)",
        "bg": "rgb(72,63,66)",
        "ratio": 1.89,
        "requiredRatio": 3,
        "suggestedColor": "rgb(143,140,134)",
        "large": true,
        "selector": "div > div > div > div > div > div > div > div:nth-of-type(1) > div:nth-of-type(17) > div",
        "dataAttributes": {},
        "sourceFile": "compositions/snapcn-follower-rush.html",
        "bbox": {
          "x": 891,
          "y": 316.328125,
          "width": 66,
          "height": 66
        },
        "time": 9.444
      },
      {
        "code": "contrast_aa_failure",
        "severity": "warning",
        "message": "Contrast is 1.81:1; WCAG AA requires 3:1.",
        "text": "F",
        "fg": "rgb(110,106,99)",
        "bg": "rgb(87,63,50)",
        "ratio": 1.81,
        "requiredRatio": 3,
        "suggestedColor": "rgb(146,143,138)",
        "large": true,
        "selector": "div > div > div > div > div > div > div > div:nth-of-type(1) > div:nth-of-type(19) > div",
        "dataAttributes": {},
        "sourceFile": "compositions/snapcn-follower-rush.html",
        "bbox": {
          "x": 998.8125,
          "y": 282.5625,
          "width": 66,
          "height": 66
        },
        "time": 9.444
      },
      {
        "code": "contrast_aa_failure",
        "severity": "warning",
        "message": "Contrast is 1.54:1; WCAG AA requires 3:1.",
        "text": "H",
        "fg": "rgb(110,106,99)",
        "bg": "rgb(162,130,123)",
        "ratio": 1.54,
        "requiredRatio": 3,
        "suggestedColor": "rgb(65,63,59)",
        "large": true,
        "selector": "div > div > div > div > div > div > div > div:nth-of-type(1) > div:nth-of-type(20) > div",
        "dataAttributes": {},
        "sourceFile": "compositions/snapcn-follower-rush.html",
        "bbox": {
          "x": 1052.71875,
          "y": 264.25,
          "width": 66,
          "height": 66
        },
        "time": 9.444
      },
      {
        "code": "contrast_aa_failure",
        "severity": "warning",
        "message": "Contrast is 2.05:1; WCAG AA requires 3:1.",
        "text": "M",
        "fg": "rgb(110,106,99)",
        "bg": "rgb(136,164,177)",
        "ratio": 2.05,
        "requiredRatio": 3,
        "suggestedColor": "rgb(84,81,76)",
        "large": true,
        "selector": "div > div > div > div > div > div > div > div:nth-of-type(1) > div:nth-of-type(21) > div",
        "dataAttributes": {},
        "sourceFile": "compositions/snapcn-follower-rush.html",
        "bbox": {
          "x": 1106.625,
          "y": 249.046875,
          "width": 66,
          "height": 66
        },
        "time": 9.444
      },
      {
        "code": "contrast_aa_failure",
        "severity": "warning",
        "message": "Contrast is 2.59:1; WCAG AA requires 3:1.",
        "text": "S",
        "fg": "rgb(110,106,99)",
        "bg": "rgb(177,181,178)",
        "ratio": 2.59,
        "requiredRatio": 3,
        "suggestedColor": "rgb(100,96,90)",
        "large": true,
        "selector": "div > div > div > div > div > div > div > div:nth-of-type(1) > div:nth-of-type(22) > div",
        "dataAttributes": {},
        "sourceFile": "compositions/snapcn-follower-rush.html",
        "bbox": {
          "x": 1160.53125,
          "y": 239.484375,
          "width": 66,
          "height": 66
        },
        "time": 9.444
      }
    ],
    "enabled": true,
    "samples": [
      0.556,
      2.778,
      5,
      7.222,
      9.444
    ],
    "checked": 105,
    "passed": 31
  },
  "snapshots": {
    "enabled": false,
    "files": [],
    "times": [],
    "findingFiles": []
  },
  "_meta": {
    "version": "0.8.30",
    "latestVersion": "0.8.30",
    "updateAvailable": false
  }
}
