
◆  Rendering installed → <project>/.work/verify-remocn-lossless/context-menu/hyperframes-frames
   30fps · high · 1 workers
   GPU: browser GPU (forced)

[?25l│
◇  Browser: env
[?25h[INFO] [Render] Pipeline started {"renderJobId":"218b6fb6-f465-4ed4-b1ad-133089efadb9","platform":"linux","arch":"x64","nodeVersion":"v26.11.1","fps":{"num":30,"den":1},"format":"png-sequence","quality":"high","browserGpuMode":"hardware","forceScreenshot":false,"protocolTimeout":300000,"browserTimeout":120000,"pageNavigationTimeout":60000,"playerReadyTimeout":45000}
[INFO] [Render:trace] {"renderJobId":"218b6fb6-f465-4ed4-b1ad-133089efadb9","phase":"pipeline","status":"checkpoint","elapsedMs":2,"message":"started","format":"png-sequence","quality":"high","browserGpuMode":"hardware","forceScreenshot":false,"protocolTimeoutMs":300000,"pageNavigationTimeoutMs":60000,"playerReadyTimeoutMs":45000,"requestedWorkers":1}
[INFO] [Render:trace] {"renderJobId":"218b6fb6-f465-4ed4-b1ad-133089efadb9","phase":"compile","status":"start","elapsedMs":3,"needsAlpha":true}
  █░░░░░░░░░░░░░░░░░░░░░░░░  5%  Compiling composition
[INFO] [Compiler] Inlined CDN script: https://cdn.jsdelivr.net/npm/gsap@3.14.2/dist/gsap.min.js
[INFO] [Compiler] Embedded local font file: assets/fonts/Geist-Latin.woff2 (29 KB → data URI)
[INFO] Compiled composition metadata {"renderJobId":"218b6fb6-f465-4ed4-b1ad-133089efadb9","entryFile":"index.html","staticDuration":4.5,"width":1280,"height":720,"videoCount":0,"audioCount":0,"renderModeHints":{"recommendScreenshot":false,"reasons":[]}}
[INFO] [Render:trace] {"renderJobId":"218b6fb6-f465-4ed4-b1ad-133089efadb9","phase":"compile","status":"end","elapsedMs":163,"durationMs":160,"needsAlpha":true}
[INFO] [Render:trace] {"renderJobId":"218b6fb6-f465-4ed4-b1ad-133089efadb9","phase":"compile","status":"checkpoint","elapsedMs":163,"message":"composition metadata resolved","width":1280,"height":720,"videoCount":0,"audioCount":0,"imageCount":0,"deviceScaleFactor":1,"forceScreenshot":true,"compositionHash":"8737b81a3a70a61c"}
[INFO] [Render:trace] {"renderJobId":"218b6fb6-f465-4ed4-b1ad-133089efadb9","phase":"browser_probe","status":"start","elapsedMs":163,"forceScreenshot":true,"stagePhase":"calibrating"}
[INFO] [Render:trace] {"renderJobId":"218b6fb6-f465-4ed4-b1ad-133089efadb9","phase":"browser_probe","status":"end","elapsedMs":276,"durationMs":113,"forceScreenshot":true,"stagePhase":"calibrating"}
[INFO] [Render:trace] {"renderJobId":"218b6fb6-f465-4ed4-b1ad-133089efadb9","phase":"browser_probe","status":"checkpoint","elapsedMs":277,"message":"duration resolved","durationSeconds":4.5,"totalFrames":135,"compositionHash":"8737b81a3a70a61c","beginFrameStalled":false}
[INFO] [Render:trace] {"renderJobId":"218b6fb6-f465-4ed4-b1ad-133089efadb9","phase":"video_extract","status":"start","elapsedMs":277,"videoCount":0}
  ██░░░░░░░░░░░░░░░░░░░░░░░  10%  Extracting video frames
[INFO] [Render:trace] {"renderJobId":"218b6fb6-f465-4ed4-b1ad-133089efadb9","phase":"video_extract","status":"end","elapsedMs":277,"durationMs":0,"videoCount":0}
[INFO] [Render:trace] {"renderJobId":"218b6fb6-f465-4ed4-b1ad-133089efadb9","phase":"video_extract","status":"checkpoint","elapsedMs":278,"message":"frames resolved","videoCount":0,"extractedVideoCount":0,"totalFramesExtracted":0,"maxFramesPerVideo":0,"avgFramesPerExtractedVideo":null,"vfrPreflightCount":null,"vfrPreflightMs":null,"cacheHits":null,"cacheMisses":null,"transientRetries":null,"minVideoFrameCoverageRatio":null,"authoredTimedClipCount":3}
[INFO] [Render] No HDR sources detected — rendering SDR {"renderJobId":"218b6fb6-f465-4ed4-b1ad-133089efadb9"}
[INFO] [Render:trace] {"renderJobId":"218b6fb6-f465-4ed4-b1ad-133089efadb9","phase":"hdr_detection","status":"checkpoint","elapsedMs":279,"message":"resolved","requestedHdrMode":"auto","effectiveHdr":"sdr","nativeHdrVideoCount":0,"nativeHdrImageCount":0}
[INFO] [Render:trace] {"renderJobId":"218b6fb6-f465-4ed4-b1ad-133089efadb9","phase":"audio_process","status":"start","elapsedMs":279,"audioCount":0}
[INFO] [Render:trace] {"renderJobId":"218b6fb6-f465-4ed4-b1ad-133089efadb9","phase":"audio_process","status":"end","elapsedMs":279,"durationMs":0,"audioCount":0}
  █████░░░░░░░░░░░░░░░░░░░░  20%  Processing audio tracks
[INFO] [Render:trace] {"renderJobId":"218b6fb6-f465-4ed4-b1ad-133089efadb9","phase":"file_server","status":"start","elapsedMs":279,"reused":false}
  ██████░░░░░░░░░░░░░░░░░░░  25%  Starting frame capture
[INFO] [Render:trace] {"renderJobId":"218b6fb6-f465-4ed4-b1ad-133089efadb9","phase":"file_server","status":"end","elapsedMs":285,"durationMs":3}
  ██████░░░░░░░░░░░░░░░░░░░  25%  Checking browser GPU
[hyperframes] browserGpuMode probe → hardware (WebGL renderer vendor="Google Inc. (NVIDIA Corporation)" renderer="ANGLE (NVIDIA Corporation, NVIDIA GeForce RTX 5060/PCIe/SSE2, OpenGL ES 3.2)")
[INFO] [Render:trace] {"renderJobId":"218b6fb6-f465-4ed4-b1ad-133089efadb9","phase":"capture_calibration","status":"checkpoint","elapsedMs":740,"message":"skipped","requestedWorkers":1,"totalFrames":135,"htmlInCanvasDetected":false,"lowMemoryMode":false,"deInversionEligible":false,"deParallelRouterEligible":false}
[INFO] [Render:trace] {"renderJobId":"218b6fb6-f465-4ed4-b1ad-133089efadb9","phase":"worker_resolution","status":"checkpoint","elapsedMs":741,"message":"resolved","workerCount":1}
[INFO] streaming-encode gate {"renderJobId":"218b6fb6-f465-4ed4-b1ad-133089efadb9","enabled":false,"reason":"format_excluded","configFlag":true,"durationCapEnabled":false,"outputFormat":"png-sequence","workerCount":1,"durationSeconds":4.5,"maxDurationSeconds":240}
[INFO] [Render:trace] {"renderJobId":"218b6fb6-f465-4ed4-b1ad-133089efadb9","phase":"capture_strategy","status":"checkpoint","elapsedMs":742,"message":"resolved","workerCount":1,"forceScreenshot":true,"captureBeyondViewport":null,"useStreamingEncode":false,"useLayeredComposite":false,"usePageSideCompositing":false,"hasHdrContent":false,"hasShaderTransitions":false,"isPngSequence":true}
[INFO] [Render:trace] {"renderJobId":"218b6fb6-f465-4ed4-b1ad-133089efadb9","phase":"capture_disk","status":"start","elapsedMs":742,"stagePhase":"capturing","needsAlpha":true,"workerCount":1,"forceScreenshot":true,"totalFrames":135,"framesCompleted":0,"captureMode":"screenshot","captureOperation":"captureScreenshot"}
[BrowserManager] Browser launched (HeadlessChrome/152.0.7977.42, screenshot, gl=--use-gl=angle --use-angle=gl-egl, headlessShell=true, platform=linux)
[initSession:screenshot] page.goto start (0ms)
[HyperFrames] render runtime fps {"canonicalFps":30,"source":"render-options","rawFpsSource":"render-options","rawFps":30}
[initSession:screenshot] page.goto complete (146ms)
[initSession:screenshot] GSAP proxy flush complete (149ms)
[initSession:screenshot] pollHfReady complete (259ms)
[initSession:screenshot] pollSubCompositionTimelines complete (ready) (261ms)
[initSession:screenshot] applyVideoMetadataHints complete (261ms)
[initSession:screenshot] media + fonts + tailwind ready (262ms)
[initSession:screenshot] static-frame dedup: disabled (eligible) (266ms)
  ██████░░░░░░░░░░░░░░░░░░░  25%  Capturing frame 1/135
  ███████░░░░░░░░░░░░░░░░░░  28%  Capturing frame 8/135
  ███████░░░░░░░░░░░░░░░░░░  30%  Capturing frame 14/135
  ████████░░░░░░░░░░░░░░░░░  32%  Capturing frame 21/135
  ████████░░░░░░░░░░░░░░░░░  34%  Capturing frame 27/135
  █████████░░░░░░░░░░░░░░░░  36%  Capturing frame 33/135
  █████████░░░░░░░░░░░░░░░░  38%  Capturing frame 40/135
  ██████████░░░░░░░░░░░░░░░  40%  Capturing frame 46/135
  ██████████░░░░░░░░░░░░░░░  42%  Capturing frame 52/135
  ███████████░░░░░░░░░░░░░░  44%  Capturing frame 58/135
  ███████████░░░░░░░░░░░░░░  46%  Capturing frame 64/135
  ████████████░░░░░░░░░░░░░  48%  Capturing frame 70/135
  ████████████░░░░░░░░░░░░░  51%  Capturing frame 77/135
  █████████████░░░░░░░░░░░░  53%  Capturing frame 83/135
  █████████████░░░░░░░░░░░░  54%  Capturing frame 88/135
  ██████████████░░░░░░░░░░░  56%  Capturing frame 93/135
  ██████████████░░░░░░░░░░░  58%  Capturing frame 98/135
  ███████████████░░░░░░░░░░  60%  Capturing frame 104/135
  ███████████████░░░░░░░░░░  62%  Capturing frame 111/135
  ████████████████░░░░░░░░░  64%  Capturing frame 118/135
  ████████████████░░░░░░░░░  67%  Capturing frame 125/135
  █████████████████░░░░░░░░  69%  Capturing frame 132/135
  █████████████████░░░░░░░░  70%  Capturing frame 135/135
[INFO] [Render:trace] {"renderJobId":"218b6fb6-f465-4ed4-b1ad-133089efadb9","phase":"capture_disk","status":"end","elapsedMs":6914,"durationMs":6172,"stagePhase":"capturing","needsAlpha":true,"workerCount":1,"forceScreenshot":true,"totalFrames":135,"framesCompleted":135,"captureMode":"screenshot","captureOperation":"encode"}
[INFO] [Render:trace] {"renderJobId":"218b6fb6-f465-4ed4-b1ad-133089efadb9","phase":"encode","status":"start","elapsedMs":6914,"stagePhase":"capturing","hasAudio":false,"isPngSequence":true,"isGif":false,"chunkedEncode":false,"workerCount":1,"forceScreenshot":true,"totalFrames":135,"framesCompleted":135,"captureMode":"screenshot","captureOperation":"encode"}
  ██████████████████░░░░░░░  75%  Writing PNG sequence
[INFO] [Render:trace] {"renderJobId":"218b6fb6-f465-4ed4-b1ad-133089efadb9","phase":"encode","status":"end","elapsedMs":6927,"durationMs":13,"stagePhase":"capturing","hasAudio":false,"isPngSequence":true,"isGif":false,"chunkedEncode":false,"workerCount":1,"forceScreenshot":true,"totalFrames":135,"framesCompleted":135,"captureMode":"screenshot","captureOperation":"encode"}
[INFO] [Render:trace] {"renderJobId":"218b6fb6-f465-4ed4-b1ad-133089efadb9","phase":"assemble","status":"checkpoint","elapsedMs":6928,"message":"skipped for png-sequence"}
[INFO] [Render:trace] {"renderJobId":"218b6fb6-f465-4ed4-b1ad-133089efadb9","phase":"pipeline","status":"checkpoint","elapsedMs":6944,"message":"artifact validated","totalElapsedMs":6943}
  █████████████████████████  100%  Render complete

◇  <project>/.work/verify-remocn-lossless/context-menu/hyperframes-frames
   1.4 MB · 135 frames · rendered in 7.0s
   screenshot capture · hardware gpu · compile 0.3s · extract 0.0s · audio 0.0s · probe 0.1s · setup 0.5s · capture 6.2s · encode 0.0s
