[hyperframes] browserGpuMode probe → hardware (WebGL renderer vendor="Google Inc. (NVIDIA Corporation)" renderer="ANGLE (NVIDIA Corporation, NVIDIA GeForce RTX 5060/PCIe/SSE2, OpenGL ES 3.2)")
{
  "ok": true,
  "strict": false,
  "lint": {
    "ok": true,
    "errorCount": 0,
    "warningCount": 0,
    "infoCount": 0,
    "findings": [],
    "filesScanned": 2
  },
  "runtime": {
    "ok": true,
    "errorCount": 0,
    "warningCount": 0,
    "infoCount": 0,
    "findings": []
  },
  "layout": {
    "ok": true,
    "errorCount": 0,
    "warningCount": 0,
    "infoCount": 3,
    "findings": [
      {
        "code": "container_overflow",
        "severity": "info",
        "time": 1.556,
        "selector": "#radial-burst-source-root > div:nth-of-type(1) > svg:nth-of-type(1) > g:nth-of-type(1)",
        "message": "Element extends outside a clipping layout container.",
        "rect": {
          "left": 236.85,
          "top": -46.56,
          "right": 1159.49,
          "bottom": 739.08,
          "width": 922.64,
          "height": 785.64
        },
        "containerSelector": "#radial-burst-source-root > div:nth-of-type(1) > svg:nth-of-type(1)",
        "fixHint": "Resize/reposition the child or container, or mark intentional overflow with data-layout-allow-overflow.",
        "containerRect": {
          "left": 0,
          "top": 0,
          "right": 1280,
          "bottom": 720,
          "width": 1280,
          "height": 720
        },
        "overflow": {
          "top": 46.56,
          "bottom": 19.08
        },
        "dataAttributes": {},
        "sourceFile": "compositions/radial-burst.html",
        "bbox": {
          "x": 236.85,
          "y": -46.56,
          "width": 922.64,
          "height": 785.64
        },
        "firstSeen": 1.556,
        "lastSeen": 1.556,
        "occurrences": 1
      },
      {
        "code": "container_overflow",
        "severity": "info",
        "time": 2,
        "selector": "#radial-burst-source-root > div:nth-of-type(1) > svg:nth-of-type(1) > g:nth-of-type(1)",
        "message": "Element extends outside a clipping layout container.",
        "rect": {
          "left": 249.84,
          "top": -50.67,
          "right": 1150.84,
          "bottom": 721.3,
          "width": 901,
          "height": 771.96
        },
        "containerSelector": "#radial-burst-source-root > div:nth-of-type(1) > svg:nth-of-type(1)",
        "fixHint": "Resize/reposition the child or container, or mark intentional overflow with data-layout-allow-overflow.",
        "containerRect": {
          "left": 0,
          "top": 0,
          "right": 1280,
          "bottom": 720,
          "width": 1280,
          "height": 720
        },
        "overflow": {
          "top": 50.67
        },
        "dataAttributes": {},
        "sourceFile": "compositions/radial-burst.html",
        "bbox": {
          "x": 249.84,
          "y": -50.67,
          "width": 901,
          "height": 771.96
        },
        "firstSeen": 2,
        "lastSeen": 2,
        "occurrences": 1
      },
      {
        "code": "container_overflow",
        "severity": "info",
        "time": 3.778,
        "selector": "#radial-burst-source-root > div:nth-of-type(1) > svg:nth-of-type(1) > g:nth-of-type(1)",
        "message": "Element extends outside a clipping layout container.",
        "rect": {
          "left": -328.79,
          "top": -611.74,
          "right": 1613.04,
          "bottom": 1329.65,
          "width": 1941.82,
          "height": 1941.39
        },
        "containerSelector": "#radial-burst-source-root > div:nth-of-type(1) > svg:nth-of-type(1)",
        "fixHint": "Resize/reposition the child or container, or mark intentional overflow with data-layout-allow-overflow.",
        "containerRect": {
          "left": 0,
          "top": 0,
          "right": 1280,
          "bottom": 720,
          "width": 1280,
          "height": 720
        },
        "overflow": {
          "left": 328.79,
          "right": 333.04,
          "top": 611.74,
          "bottom": 609.65
        },
        "dataAttributes": {},
        "sourceFile": "compositions/radial-burst.html",
        "bbox": {
          "x": -328.79,
          "y": -611.74,
          "width": 1941.82,
          "height": 1941.39
        },
        "firstSeen": 3.778,
        "lastSeen": 3.778,
        "occurrences": 1
      }
    ],
    "duration": 4,
    "samples": [
      0.222,
      0.667,
      1.111,
      1.556,
      2,
      2.444,
      2.889,
      3.333,
      3.778
    ],
    "transitionSamples": [],
    "transitionSamplesDropped": 0,
    "tolerance": 2,
    "totalIssueCount": 3,
    "truncated": false
  },
  "motion": {
    "ok": true,
    "errorCount": 0,
    "warningCount": 0,
    "infoCount": 0,
    "findings": [],
    "enabled": false,
    "samples": 0
  },
  "contrast": {
    "ok": true,
    "errorCount": 0,
    "warningCount": 0,
    "infoCount": 0,
    "findings": [],
    "enabled": true,
    "samples": [
      0.222,
      1.111,
      2,
      2.889,
      3.778
    ],
    "checked": 0,
    "passed": 0
  },
  "snapshots": {
    "enabled": false,
    "files": [],
    "times": [],
    "findingFiles": []
  },
  "_meta": {
    "version": "0.8.30",
    "latestVersion": "0.8.32",
    "updateAvailable": true
  }
}
