[hyperframes] browserGpuMode probe → hardware (WebGL renderer vendor="Google Inc. (NVIDIA Corporation)" renderer="ANGLE (NVIDIA Corporation, NVIDIA GeForce RTX 5060/PCIe/SSE2, OpenGL ES 3.2)")
{
  "ok": true,
  "strict": false,
  "lint": {
    "ok": true,
    "errorCount": 0,
    "warningCount": 0,
    "infoCount": 0,
    "findings": [],
    "filesScanned": 2
  },
  "runtime": {
    "ok": true,
    "errorCount": 0,
    "warningCount": 0,
    "infoCount": 0,
    "findings": []
  },
  "layout": {
    "ok": true,
    "errorCount": 0,
    "warningCount": 6,
    "infoCount": 27,
    "findings": [
      {
        "code": "canvas_overflow",
        "severity": "warning",
        "time": 2.139,
        "selector": "#snapcn-prompt-send-source-root > div:nth-of-type(1) > div:nth-of-type(1) > div:nth-of-type(1) > div:nth-of-type(2) > div:nth-of-type(2) > div:nth-of-type(1) > div:nth-of-type(2)",
        "message": "Text extends outside the composition canvas.",
        "rect": {
          "left": 689.46,
          "top": 708.35,
          "right": 1066.28,
          "bottom": 758.55,
          "width": 376.82,
          "height": 50.2
        },
        "containerSelector": "#root",
        "text": "Try a blur transition",
        "fixHint": "Move the text inward, reduce its size, or mark intentional off-canvas animation with data-layout-allow-overflow.",
        "containerRect": {
          "left": 0,
          "top": 0,
          "right": 1280,
          "bottom": 720,
          "width": 1280,
          "height": 720
        },
        "overflow": {
          "bottom": 38.55
        },
        "dataAttributes": {},
        "sourceFile": "compositions/snapcn-prompt-send.html",
        "bbox": {
          "x": 689.46,
          "y": 708.35,
          "width": 376.82,
          "height": 50.2
        },
        "firstSeen": 2.139,
        "lastSeen": 2.75,
        "occurrences": 2
      },
      {
        "code": "canvas_overflow",
        "severity": "warning",
        "time": 2.75,
        "selector": "#snapcn-prompt-send-source-root > div:nth-of-type(1) > div:nth-of-type(1) > div:nth-of-type(1) > div:nth-of-type(2) > div:nth-of-type(2) > div:nth-of-type(1) > div:nth-of-type(3)",
        "message": "Text extends outside the composition canvas.",
        "rect": {
          "left": 730.62,
          "top": 708.35,
          "right": 1091.69,
          "bottom": 758.55,
          "width": 361.08,
          "height": 50.2
        },
        "containerSelector": "#root",
        "text": "Pick a background",
        "fixHint": "Move the text inward, reduce its size, or mark intentional off-canvas animation with data-layout-allow-overflow.",
        "containerRect": {
          "left": 0,
          "top": 0,
          "right": 1280,
          "bottom": 720,
          "width": 1280,
          "height": 720
        },
        "overflow": {
          "bottom": 38.55
        },
        "dataAttributes": {},
        "sourceFile": "compositions/snapcn-prompt-send.html",
        "bbox": {
          "x": 730.62,
          "y": 708.35,
          "width": 361.08,
          "height": 50.2
        },
        "firstSeen": 2.75,
        "lastSeen": 3.972,
        "occurrences": 3
      },
      {
        "code": "canvas_overflow",
        "severity": "warning",
        "time": 3.361,
        "selector": "#snapcn-prompt-send-source-root > div:nth-of-type(1) > div:nth-of-type(1) > div:nth-of-type(1) > div:nth-of-type(2) > div:nth-of-type(2) > div:nth-of-type(1) > div:nth-of-type(4)",
        "message": "Text extends outside the composition canvas.",
        "rect": {
          "left": 841.89,
          "top": 708.35,
          "right": 1196.75,
          "bottom": 758.55,
          "width": 354.85,
          "height": 50.2
        },
        "containerSelector": "#root",
        "text": "Assemble a scene",
        "fixHint": "Move the text inward, reduce its size, or mark intentional off-canvas animation with data-layout-allow-overflow.",
        "containerRect": {
          "left": 0,
          "top": 0,
          "right": 1280,
          "bottom": 720,
          "width": 1280,
          "height": 720
        },
        "overflow": {
          "bottom": 38.55
        },
        "dataAttributes": {},
        "sourceFile": "compositions/snapcn-prompt-send.html",
        "bbox": {
          "x": 841.89,
          "y": 708.35,
          "width": 354.85,
          "height": 50.2
        },
        "firstSeen": 3.361,
        "lastSeen": 3.972,
        "occurrences": 2
      },
      {
        "code": "canvas_overflow",
        "severity": "warning",
        "time": 4.583,
        "selector": "#snapcn-prompt-send-source-root > div:nth-of-type(1) > div:nth-of-type(1) > div:nth-of-type(1) > div:nth-of-type(2) > div:nth-of-type(1) > div:nth-of-type(2)",
        "message": "Text extends outside the composition canvas.",
        "rect": {
          "left": -528.43,
          "top": 213.93,
          "right": 376.8,
          "bottom": 249.14,
          "width": 905.23,
          "height": 35.21
        },
        "containerSelector": "#root",
        "text": "Add a text reveal, a soft blur transition, and a gradient background",
        "fixHint": "Move the text inward, reduce its size, or mark intentional off-canvas animation with data-layout-allow-overflow.",
        "containerRect": {
          "left": 0,
          "top": 0,
          "right": 1280,
          "bottom": 720,
          "width": 1280,
          "height": 720
        },
        "overflow": {
          "left": 528.43
        },
        "dataAttributes": {},
        "sourceFile": "compositions/snapcn-prompt-send.html",
        "bbox": {
          "x": -528.43,
          "y": 213.93,
          "width": 905.23,
          "height": 35.21
        },
        "firstSeen": 4.583,
        "lastSeen": 5.194,
        "occurrences": 2
      },
      {
        "code": "container_overflow",
        "severity": "warning",
        "time": 4.583,
        "selector": "#snapcn-prompt-send-source-root > div:nth-of-type(1) > div:nth-of-type(1) > div:nth-of-type(1)",
        "message": "Element extends outside a clipping layout container.",
        "rect": {
          "left": -833.42,
          "top": -170.37,
          "right": 1009.78,
          "bottom": 836.14,
          "width": 1843.2,
          "height": 1006.51
        },
        "containerSelector": "#snapcn-prompt-send-source-root > div:nth-of-type(1) > div:nth-of-type(1)",
        "fixHint": "Resize/reposition the child or container, or mark intentional overflow with data-layout-allow-overflow.",
        "containerRect": {
          "left": 0,
          "top": 10.52,
          "right": 1280,
          "bottom": 709.48,
          "width": 1280,
          "height": 698.97
        },
        "overflow": {
          "left": 833.42,
          "top": 180.89,
          "bottom": 126.66
        },
        "dataAttributes": {},
        "sourceFile": "compositions/snapcn-prompt-send.html",
        "bbox": {
          "x": -833.42,
          "y": -170.37,
          "width": 1843.2,
          "height": 1006.51
        },
        "firstSeen": 4.583,
        "lastSeen": 5.194,
        "occurrences": 2
      },
      {
        "code": "panel_out_of_canvas",
        "severity": "warning",
        "time": 4.583,
        "selector": "#snapcn-prompt-send-source-root > div:nth-of-type(1) > div:nth-of-type(1) > div:nth-of-type(1) > div:nth-of-type(2)",
        "message": "Painted panel extends outside the composition canvas.",
        "rect": {
          "left": -570.63,
          "top": 167.17,
          "right": 746.92,
          "bottom": 512.19,
          "width": 1317.55,
          "height": 345.02
        },
        "containerSelector": "#root",
        "text": "Add a text reveal, a soft blur transition, and a",
        "fixHint": "Move the panel inward, or mark intentional off-canvas animation with data-layout-allow-overflow.",
        "containerRect": {
          "left": 0,
          "top": 0,
          "right": 1280,
          "bottom": 720,
          "width": 1280,
          "height": 720
        },
        "overflow": {
          "left": 570.63
        },
        "dataAttributes": {},
        "sourceFile": "compositions/snapcn-prompt-send.html",
        "bbox": {
          "x": -570.63,
          "y": 167.17,
          "width": 1317.55,
          "height": 345.02
        },
        "firstSeen": 4.583,
        "lastSeen": 5.194,
        "occurrences": 2
      },
      {
        "code": "container_overflow",
        "severity": "info",
        "time": 0.306,
        "selector": "#snapcn-prompt-send-source-root > div:nth-of-type(1) > div:nth-of-type(1) > div:nth-of-type(1) > div:nth-of-type(2) > div:nth-of-type(2)",
        "message": "Element extends outside a clipping layout container.",
        "rect": {
          "left": 205.64,
          "top": 424.9,
          "right": 1074.31,
          "bottom": 460.27,
          "width": 868.67,
          "height": 35.37
        },
        "containerSelector": "#snapcn-prompt-send-source-root > div:nth-of-type(1) > div:nth-of-type(1) > div:nth-of-type(1) > div:nth-of-type(2)",
        "fixHint": "Resize/reposition the child or container, or mark intentional overflow with data-layout-allow-overflow.",
        "containerRect": {
          "left": 182.49,
          "top": 244.92,
          "right": 1097.46,
          "bottom": 448.45,
          "width": 914.97,
          "height": 203.53
        },
        "overflow": {
          "bottom": 11.82
        },
        "dataAttributes": {},
        "sourceFile": "compositions/snapcn-prompt-send.html",
        "bbox": {
          "x": 205.64,
          "y": 424.9,
          "width": 868.67,
          "height": 35.37
        },
        "firstSeen": 0.306,
        "lastSeen": 0.306,
        "occurrences": 1
      },
      {
        "code": "canvas_overflow",
        "severity": "info",
        "time": 2.139,
        "selector": "#snapcn-prompt-send-source-root > div:nth-of-type(1) > div:nth-of-type(1) > div:nth-of-type(1) > div:nth-of-type(2) > div:nth-of-type(2) > div:nth-of-type(1) > div:nth-of-type(1)",
        "message": "Text extends outside the composition canvas.",
        "rect": {
          "left": 249.42,
          "top": 708.35,
          "right": 576.72,
          "bottom": 758.55,
          "width": 327.3,
          "height": 50.2
        },
        "containerSelector": "#root",
        "text": "Add a text reveal",
        "fixHint": "Move the text inward, reduce its size, or mark intentional off-canvas animation with data-layout-allow-overflow.",
        "containerRect": {
          "left": 0,
          "top": 0,
          "right": 1280,
          "bottom": 720,
          "width": 1280,
          "height": 720
        },
        "overflow": {
          "bottom": 38.55
        },
        "dataAttributes": {},
        "sourceFile": "compositions/snapcn-prompt-send.html",
        "bbox": {
          "x": 249.42,
          "y": 708.35,
          "width": 327.3,
          "height": 50.2
        },
        "firstSeen": 2.139,
        "lastSeen": 2.139,
        "occurrences": 1
      },
      {
        "code": "canvas_overflow",
        "severity": "info",
        "time": 2.139,
        "selector": "#snapcn-prompt-send-source-root > div:nth-of-type(1) > div:nth-of-type(1) > div:nth-of-type(1) > div:nth-of-type(2) > div:nth-of-type(2) > div:nth-of-type(1) > div:nth-of-type(3)",
        "message": "Text extends outside the composition canvas.",
        "rect": {
          "left": 1179.02,
          "top": 708.35,
          "right": 1540.1,
          "bottom": 758.55,
          "width": 361.08,
          "height": 50.2
        },
        "containerSelector": "#root",
        "text": "Pick a background",
        "fixHint": "Move the text inward, reduce its size, or mark intentional off-canvas animation with data-layout-allow-overflow.",
        "containerRect": {
          "left": 0,
          "top": 0,
          "right": 1280,
          "bottom": 720,
          "width": 1280,
          "height": 720
        },
        "overflow": {
          "right": 260.1,
          "bottom": 38.55
        },
        "dataAttributes": {},
        "sourceFile": "compositions/snapcn-prompt-send.html",
        "bbox": {
          "x": 1179.02,
          "y": 708.35,
          "width": 361.08,
          "height": 50.2
        },
        "firstSeen": 2.139,
        "lastSeen": 2.139,
        "occurrences": 1
      },
      {
        "code": "canvas_overflow",
        "severity": "info",
        "time": 2.139,
        "selector": "#snapcn-prompt-send-source-root > div:nth-of-type(1) > div:nth-of-type(1) > div:nth-of-type(1) > div:nth-of-type(2) > div:nth-of-type(2) > div:nth-of-type(1) > div:nth-of-type(4)",
        "message": "Text extends outside the composition canvas.",
        "rect": {
          "left": 1652.84,
          "top": 708.35,
          "right": 2007.69,
          "bottom": 758.55,
          "width": 354.85,
          "height": 50.2
        },
        "containerSelector": "#root",
        "text": "Assemble a scene",
        "fixHint": "Move the text inward, reduce its size, or mark intentional off-canvas animation with data-layout-allow-overflow.",
        "containerRect": {
          "left": 0,
          "top": 0,
          "right": 1280,
          "bottom": 720,
          "width": 1280,
          "height": 720
        },
        "overflow": {
          "right": 727.69,
          "bottom": 38.55
        },
        "dataAttributes": {},
        "sourceFile": "compositions/snapcn-prompt-send.html",
        "bbox": {
          "x": 1652.84,
          "y": 708.35,
          "width": 354.85,
          "height": 50.2
        },
        "firstSeen": 2.139,
        "lastSeen": 2.139,
        "occurrences": 1
      },
      {
        "code": "container_overflow",
        "severity": "info",
        "time": 2.139,
        "selector": "#snapcn-prompt-send-source-root > div:nth-of-type(1) > div:nth-of-type(1) > div:nth-of-type(1)",
        "message": "Element extends outside a clipping layout container.",
        "rect": {
          "left": -270.94,
          "top": -297.91,
          "right": 2707.62,
          "bottom": 1328.58,
          "width": 2978.56,
          "height": 1626.49
        },
        "containerSelector": "#snapcn-prompt-send-source-root > div:nth-of-type(1) > div:nth-of-type(1)",
        "fixHint": "Resize/reposition the child or container, or mark intentional overflow with data-layout-allow-overflow.",
        "containerRect": {
          "left": 0,
          "top": 10.52,
          "right": 1280,
          "bottom": 709.48,
          "width": 1280,
          "height": 698.97
        },
        "overflow": {
          "left": 270.94,
          "right": 1427.62,
          "top": 308.43,
          "bottom": 619.1
        },
        "dataAttributes": {},
        "sourceFile": "compositions/snapcn-prompt-send.html",
        "bbox": {
          "x": -270.94,
          "y": -297.91,
          "width": 2978.56,
          "height": 1626.49
        },
        "firstSeen": 2.139,
        "lastSeen": 2.139,
        "occurrences": 1
      },
      {
        "code": "escaped_container",
        "severity": "info",
        "time": 2.139,
        "selector": "#snapcn-prompt-send-source-root > div:nth-of-type(1) > div:nth-of-type(1) > div:nth-of-type(1)",
        "message": "Positioned element renders far outside its offset parent — its coordinates were likely computed in a different frame (canvas/viewport pixels).",
        "rect": {
          "left": -270.94,
          "top": -297.91,
          "right": 2707.62,
          "bottom": 1328.58,
          "width": 2978.56,
          "height": 1626.49
        },
        "containerSelector": "#snapcn-prompt-send-source-root > div:nth-of-type(1) > div:nth-of-type(1)",
        "text": "Add a text reveal, a sof Add a text reveal Try a blur transition Pick a background Assemble a scene",
        "fixHint": "Compute left/top in the offset parent's frame (subtract its rect), or mark intentional placement with data-layout-allow-overflow.",
        "containerRect": {
          "left": 0,
          "top": 10.52,
          "right": 1280,
          "bottom": 709.48,
          "width": 1280,
          "height": 698.97
        },
        "dataAttributes": {},
        "sourceFile": "compositions/snapcn-prompt-send.html",
        "bbox": {
          "x": -270.94,
          "y": -297.91,
          "width": 2978.56,
          "height": 1626.49
        },
        "firstSeen": 2.139,
        "lastSeen": 2.139,
        "occurrences": 1
      },
      {
        "code": "panel_out_of_canvas",
        "severity": "info",
        "time": 2.139,
        "selector": "#snapcn-prompt-send-source-root > div:nth-of-type(1) > div:nth-of-type(1) > div:nth-of-type(1) > div:nth-of-type(2) > div:nth-of-type(1)",
        "message": "Painted panel extends outside the composition canvas.",
        "rect": {
          "left": 169.42,
          "top": 263.24,
          "right": 2267.11,
          "bottom": 668.81,
          "width": 2097.7,
          "height": 405.58
        },
        "containerSelector": "#root",
        "text": "Add a text reveal, a sof",
        "fixHint": "Move the panel inward, or mark intentional off-canvas animation with data-layout-allow-overflow.",
        "containerRect": {
          "left": 0,
          "top": 0,
          "right": 1280,
          "bottom": 720,
          "width": 1280,
          "height": 720
        },
        "overflow": {
          "right": 987.11
        },
        "dataAttributes": {},
        "sourceFile": "compositions/snapcn-prompt-send.html",
        "bbox": {
          "x": 169.42,
          "y": 263.24,
          "width": 2097.7,
          "height": 405.58
        },
        "firstSeen": 2.139,
        "lastSeen": 2.139,
        "occurrences": 1
      },
      {
        "code": "canvas_overflow",
        "severity": "info",
        "time": 2.75,
        "selector": "#snapcn-prompt-send-source-root > div:nth-of-type(1) > div:nth-of-type(1) > div:nth-of-type(1) > div:nth-of-type(2) > div:nth-of-type(1) > div:nth-of-type(2)",
        "message": "Text extends outside the composition canvas.",
        "rect": {
          "left": -226.49,
          "top": 323.11,
          "right": 694.12,
          "bottom": 380,
          "width": 920.6,
          "height": 56.89
        },
        "containerSelector": "#root",
        "text": "Add a text reveal, a soft blur transition, an",
        "fixHint": "Move the text inward, reduce its size, or mark intentional off-canvas animation with data-layout-allow-overflow.",
        "containerRect": {
          "left": 0,
          "top": 0,
          "right": 1280,
          "bottom": 720,
          "width": 1280,
          "height": 720
        },
        "overflow": {
          "left": 226.49
        },
        "dataAttributes": {},
        "sourceFile": "compositions/snapcn-prompt-send.html",
        "bbox": {
          "x": -226.49,
          "y": 323.11,
          "width": 920.6,
          "height": 56.89
        },
        "firstSeen": 2.75,
        "lastSeen": 2.75,
        "occurrences": 1
      },
      {
        "code": "canvas_overflow",
        "severity": "info",
        "time": 2.75,
        "selector": "#snapcn-prompt-send-source-root > div:nth-of-type(1) > div:nth-of-type(1) > div:nth-of-type(1) > div:nth-of-type(2) > div:nth-of-type(2) > div:nth-of-type(1) > div:nth-of-type(1)",
        "message": "Text extends outside the composition canvas.",
        "rect": {
          "left": -198.98,
          "top": 708.35,
          "right": 128.32,
          "bottom": 758.55,
          "width": 327.3,
          "height": 50.2
        },
        "containerSelector": "#root",
        "text": "Add a text reveal",
        "fixHint": "Move the text inward, reduce its size, or mark intentional off-canvas animation with data-layout-allow-overflow.",
        "containerRect": {
          "left": 0,
          "top": 0,
          "right": 1280,
          "bottom": 720,
          "width": 1280,
          "height": 720
        },
        "overflow": {
          "left": 198.98,
          "bottom": 38.55
        },
        "dataAttributes": {},
        "sourceFile": "compositions/snapcn-prompt-send.html",
        "bbox": {
          "x": -198.98,
          "y": 708.35,
          "width": 327.3,
          "height": 50.2
        },
        "firstSeen": 2.75,
        "lastSeen": 2.75,
        "occurrences": 1
      },
      {
        "code": "canvas_overflow",
        "severity": "info",
        "time": 2.75,
        "selector": "#snapcn-prompt-send-source-root > div:nth-of-type(1) > div:nth-of-type(1) > div:nth-of-type(1) > div:nth-of-type(2) > div:nth-of-type(2) > div:nth-of-type(1) > div:nth-of-type(4)",
        "message": "Text extends outside the composition canvas.",
        "rect": {
          "left": 1204.44,
          "top": 708.35,
          "right": 1559.29,
          "bottom": 758.55,
          "width": 354.85,
          "height": 50.2
        },
        "containerSelector": "#root",
        "text": "Assemble a scene",
        "fixHint": "Move the text inward, reduce its size, or mark intentional off-canvas animation with data-layout-allow-overflow.",
        "containerRect": {
          "left": 0,
          "top": 0,
          "right": 1280,
          "bottom": 720,
          "width": 1280,
          "height": 720
        },
        "overflow": {
          "right": 279.29,
          "bottom": 38.55
        },
        "dataAttributes": {},
        "sourceFile": "compositions/snapcn-prompt-send.html",
        "bbox": {
          "x": 1204.44,
          "y": 708.35,
          "width": 354.85,
          "height": 50.2
        },
        "firstSeen": 2.75,
        "lastSeen": 2.75,
        "occurrences": 1
      },
      {
        "code": "container_overflow",
        "severity": "info",
        "time": 2.75,
        "selector": "#snapcn-prompt-send-source-root > div:nth-of-type(1) > div:nth-of-type(1) > div:nth-of-type(1)",
        "message": "Element extends outside a clipping layout container.",
        "rect": {
          "left": -719.34,
          "top": -297.91,
          "right": 2259.22,
          "bottom": 1328.58,
          "width": 2978.56,
          "height": 1626.49
        },
        "containerSelector": "#snapcn-prompt-send-source-root > div:nth-of-type(1) > div:nth-of-type(1)",
        "fixHint": "Resize/reposition the child or container, or mark intentional overflow with data-layout-allow-overflow.",
        "containerRect": {
          "left": 0,
          "top": 10.52,
          "right": 1280,
          "bottom": 709.48,
          "width": 1280,
          "height": 698.97
        },
        "overflow": {
          "left": 719.34,
          "right": 979.22,
          "top": 308.43,
          "bottom": 619.1
        },
        "dataAttributes": {},
        "sourceFile": "compositions/snapcn-prompt-send.html",
        "bbox": {
          "x": -719.34,
          "y": -297.91,
          "width": 2978.56,
          "height": 1626.49
        },
        "firstSeen": 2.75,
        "lastSeen": 2.75,
        "occurrences": 1
      },
      {
        "code": "escaped_container",
        "severity": "info",
        "time": 2.75,
        "selector": "#snapcn-prompt-send-source-root > div:nth-of-type(1) > div:nth-of-type(1) > div:nth-of-type(1)",
        "message": "Positioned element renders far outside its offset parent — its coordinates were likely computed in a different frame (canvas/viewport pixels).",
        "rect": {
          "left": -719.34,
          "top": -297.91,
          "right": 2259.22,
          "bottom": 1328.58,
          "width": 2978.56,
          "height": 1626.49
        },
        "containerSelector": "#snapcn-prompt-send-source-root > div:nth-of-type(1) > div:nth-of-type(1)",
        "text": "Add a text reveal, a soft blur transition, an Add a text reveal Try a blur transition Pick a background Assemble a scene",
        "fixHint": "Compute left/top in the offset parent's frame (subtract its rect), or mark intentional placement with data-layout-allow-overflow.",
        "containerRect": {
          "left": 0,
          "top": 10.52,
          "right": 1280,
          "bottom": 709.48,
          "width": 1280,
          "height": 698.97
        },
        "dataAttributes": {},
        "sourceFile": "compositions/snapcn-prompt-send.html",
        "bbox": {
          "x": -719.34,
          "y": -297.91,
          "width": 2978.56,
          "height": 1626.49
        },
        "firstSeen": 2.75,
        "lastSeen": 2.75,
        "occurrences": 1
      },
      {
        "code": "panel_out_of_canvas",
        "severity": "info",
        "time": 2.75,
        "selector": "#snapcn-prompt-send-source-root > div:nth-of-type(1) > div:nth-of-type(1) > div:nth-of-type(1) > div:nth-of-type(2) > div:nth-of-type(1)",
        "message": "Painted panel extends outside the composition canvas.",
        "rect": {
          "left": -278.99,
          "top": 263.24,
          "right": 1818.71,
          "bottom": 668.81,
          "width": 2097.7,
          "height": 405.58
        },
        "containerSelector": "#root",
        "text": "Add a text reveal, a soft blur transition, an",
        "fixHint": "Move the panel inward, or mark intentional off-canvas animation with data-layout-allow-overflow.",
        "containerRect": {
          "left": 0,
          "top": 0,
          "right": 1280,
          "bottom": 720,
          "width": 1280,
          "height": 720
        },
        "overflow": {
          "left": 278.99,
          "right": 538.71
        },
        "dataAttributes": {},
        "sourceFile": "compositions/snapcn-prompt-send.html",
        "bbox": {
          "x": -278.99,
          "y": 263.24,
          "width": 2097.7,
          "height": 405.58
        },
        "firstSeen": 2.75,
        "lastSeen": 2.75,
        "occurrences": 1
      },
      {
        "code": "canvas_overflow",
        "severity": "info",
        "time": 3.361,
        "selector": "#snapcn-prompt-send-source-root > div:nth-of-type(1) > div:nth-of-type(1) > div:nth-of-type(1) > div:nth-of-type(2) > div:nth-of-type(1) > div:nth-of-type(2)",
        "message": "Text extends outside the composition canvas.",
        "rect": {
          "left": -589.03,
          "top": 323.11,
          "right": 691.34,
          "bottom": 380,
          "width": 1280.37,
          "height": 56.89
        },
        "containerSelector": "#root",
        "text": "Add a text reveal, a soft blur transition, and a gradient bac",
        "fixHint": "Move the text inward, reduce its size, or mark intentional off-canvas animation with data-layout-allow-overflow.",
        "containerRect": {
          "left": 0,
          "top": 0,
          "right": 1280,
          "bottom": 720,
          "width": 1280,
          "height": 720
        },
        "overflow": {
          "left": 589.03
        },
        "dataAttributes": {},
        "sourceFile": "compositions/snapcn-prompt-send.html",
        "bbox": {
          "x": -589.03,
          "y": 323.11,
          "width": 1280.37,
          "height": 56.89
        },
        "firstSeen": 3.361,
        "lastSeen": 3.361,
        "occurrences": 1
      },
      {
        "code": "canvas_overflow",
        "severity": "info",
        "time": 3.361,
        "selector": "#snapcn-prompt-send-source-root > div:nth-of-type(1) > div:nth-of-type(1) > div:nth-of-type(1) > div:nth-of-type(2) > div:nth-of-type(2) > div:nth-of-type(1) > div:nth-of-type(1)",
        "message": "Text extends outside the composition canvas.",
        "rect": {
          "left": -561.53,
          "top": 708.35,
          "right": -234.23,
          "bottom": 758.55,
          "width": 327.3,
          "height": 50.2
        },
        "containerSelector": "#root",
        "text": "Add a text reveal",
        "fixHint": "Move the text inward, reduce its size, or mark intentional off-canvas animation with data-layout-allow-overflow.",
        "containerRect": {
          "left": 0,
          "top": 0,
          "right": 1280,
          "bottom": 720,
          "width": 1280,
          "height": 720
        },
        "overflow": {
          "left": 561.53,
          "bottom": 38.55
        },
        "dataAttributes": {},
        "sourceFile": "compositions/snapcn-prompt-send.html",
        "bbox": {
          "x": -561.53,
          "y": 708.35,
          "width": 327.3,
          "height": 50.2
        },
        "firstSeen": 3.361,
        "lastSeen": 3.361,
        "occurrences": 1
      },
      {
        "code": "canvas_overflow",
        "severity": "info",
        "time": 3.361,
        "selector": "#snapcn-prompt-send-source-root > div:nth-of-type(1) > div:nth-of-type(1) > div:nth-of-type(1) > div:nth-of-type(2) > div:nth-of-type(2) > div:nth-of-type(1) > div:nth-of-type(2)",
        "message": "Text extends outside the composition canvas.",
        "rect": {
          "left": -121.49,
          "top": 708.35,
          "right": 255.33,
          "bottom": 758.55,
          "width": 376.82,
          "height": 50.2
        },
        "containerSelector": "#root",
        "text": "Try a blur transition",
        "fixHint": "Move the text inward, reduce its size, or mark intentional off-canvas animation with data-layout-allow-overflow.",
        "containerRect": {
          "left": 0,
          "top": 0,
          "right": 1280,
          "bottom": 720,
          "width": 1280,
          "height": 720
        },
        "overflow": {
          "left": 121.49,
          "bottom": 38.55
        },
        "dataAttributes": {},
        "sourceFile": "compositions/snapcn-prompt-send.html",
        "bbox": {
          "x": -121.49,
          "y": 708.35,
          "width": 376.82,
          "height": 50.2
        },
        "firstSeen": 3.361,
        "lastSeen": 3.361,
        "occurrences": 1
      },
      {
        "code": "container_overflow",
        "severity": "info",
        "time": 3.361,
        "selector": "#snapcn-prompt-send-source-root > div:nth-of-type(1) > div:nth-of-type(1) > div:nth-of-type(1)",
        "message": "Element extends outside a clipping layout container.",
        "rect": {
          "left": -1081.88,
          "top": -297.91,
          "right": 1896.68,
          "bottom": 1328.58,
          "width": 2978.56,
          "height": 1626.49
        },
        "containerSelector": "#snapcn-prompt-send-source-root > div:nth-of-type(1) > div:nth-of-type(1)",
        "fixHint": "Resize/reposition the child or container, or mark intentional overflow with data-layout-allow-overflow.",
        "containerRect": {
          "left": 0,
          "top": 10.52,
          "right": 1280,
          "bottom": 709.48,
          "width": 1280,
          "height": 698.97
        },
        "overflow": {
          "left": 1081.88,
          "right": 616.68,
          "top": 308.43,
          "bottom": 619.1
        },
        "dataAttributes": {},
        "sourceFile": "compositions/snapcn-prompt-send.html",
        "bbox": {
          "x": -1081.88,
          "y": -297.91,
          "width": 2978.56,
          "height": 1626.49
        },
        "firstSeen": 3.361,
        "lastSeen": 3.361,
        "occurrences": 1
      },
      {
        "code": "escaped_container",
        "severity": "info",
        "time": 3.361,
        "selector": "#snapcn-prompt-send-source-root > div:nth-of-type(1) > div:nth-of-type(1) > div:nth-of-type(1)",
        "message": "Positioned element renders far outside its offset parent — its coordinates were likely computed in a different frame (canvas/viewport pixels).",
        "rect": {
          "left": -1081.88,
          "top": -297.91,
          "right": 1896.68,
          "bottom": 1328.58,
          "width": 2978.56,
          "height": 1626.49
        },
        "containerSelector": "#snapcn-prompt-send-source-root > div:nth-of-type(1) > div:nth-of-type(1)",
        "text": "Add a text reveal, a soft blur transition, and a gradient bac Add a text reveal Try a blur transition Pick a background Assemble a scene",
        "fixHint": "Compute left/top in the offset parent's frame (subtract its rect), or mark intentional placement with data-layout-allow-overflow.",
        "containerRect": {
          "left": 0,
          "top": 10.52,
          "right": 1280,
          "bottom": 709.48,
          "width": 1280,
          "height": 698.97
        },
        "dataAttributes": {},
        "sourceFile": "compositions/snapcn-prompt-send.html",
        "bbox": {
          "x": -1081.88,
          "y": -297.91,
          "width": 2978.56,
          "height": 1626.49
        },
        "firstSeen": 3.361,
        "lastSeen": 3.361,
        "occurrences": 1
      },
      {
        "code": "panel_out_of_canvas",
        "severity": "info",
        "time": 3.361,
        "selector": "#snapcn-prompt-send-source-root > div:nth-of-type(1) > div:nth-of-type(1) > div:nth-of-type(1) > div:nth-of-type(2) > div:nth-of-type(1)",
        "message": "Painted panel extends outside the composition canvas.",
        "rect": {
          "left": -641.53,
          "top": 263.24,
          "right": 1456.17,
          "bottom": 668.81,
          "width": 2097.7,
          "height": 405.58
        },
        "containerSelector": "#root",
        "text": "Add a text reveal, a soft blur transition, and a",
        "fixHint": "Move the panel inward, or mark intentional off-canvas animation with data-layout-allow-overflow.",
        "containerRect": {
          "left": 0,
          "top": 0,
          "right": 1280,
          "bottom": 720,
          "width": 1280,
          "height": 720
        },
        "overflow": {
          "left": 641.53,
          "right": 176.17
        },
        "dataAttributes": {},
        "sourceFile": "compositions/snapcn-prompt-send.html",
        "bbox": {
          "x": -641.53,
          "y": 263.24,
          "width": 2097.7,
          "height": 405.58
        },
        "firstSeen": 3.361,
        "lastSeen": 3.361,
        "occurrences": 1
      },
      {
        "code": "canvas_overflow",
        "severity": "info",
        "time": 3.972,
        "selector": "#snapcn-prompt-send-source-root > div:nth-of-type(1) > div:nth-of-type(1) > div:nth-of-type(1) > div:nth-of-type(2) > div:nth-of-type(1) > div:nth-of-type(2)",
        "message": "Text extends outside the composition canvas.",
        "rect": {
          "left": -729.46,
          "top": 323.11,
          "right": 733.36,
          "bottom": 380,
          "width": 1462.82,
          "height": 56.89
        },
        "containerSelector": "#root",
        "text": "Add a text reveal, a soft blur transition, and a gradient background",
        "fixHint": "Move the text inward, reduce its size, or mark intentional off-canvas animation with data-layout-allow-overflow.",
        "containerRect": {
          "left": 0,
          "top": 0,
          "right": 1280,
          "bottom": 720,
          "width": 1280,
          "height": 720
        },
        "overflow": {
          "left": 729.46
        },
        "dataAttributes": {},
        "sourceFile": "compositions/snapcn-prompt-send.html",
        "bbox": {
          "x": -729.46,
          "y": 323.11,
          "width": 1462.82,
          "height": 56.89
        },
        "firstSeen": 3.972,
        "lastSeen": 3.972,
        "occurrences": 1
      },
      {
        "code": "canvas_overflow",
        "severity": "info",
        "time": 3.972,
        "selector": "#snapcn-prompt-send-source-root > div:nth-of-type(1) > div:nth-of-type(1) > div:nth-of-type(1) > div:nth-of-type(2) > div:nth-of-type(2) > div:nth-of-type(1) > div:nth-of-type(1)",
        "message": "Text extends outside the composition canvas.",
        "rect": {
          "left": -701.95,
          "top": 708.35,
          "right": -374.66,
          "bottom": 758.55,
          "width": 327.3,
          "height": 50.2
        },
        "containerSelector": "#root",
        "text": "Add a text reveal",
        "fixHint": "Move the text inward, reduce its size, or mark intentional off-canvas animation with data-layout-allow-overflow.",
        "containerRect": {
          "left": 0,
          "top": 0,
          "right": 1280,
          "bottom": 720,
          "width": 1280,
          "height": 720
        },
        "overflow": {
          "left": 701.95,
          "bottom": 38.55
        },
        "dataAttributes": {},
        "sourceFile": "compositions/snapcn-prompt-send.html",
        "bbox": {
          "x": -701.95,
          "y": 708.35,
          "width": 327.3,
          "height": 50.2
        },
        "firstSeen": 3.972,
        "lastSeen": 3.972,
        "occurrences": 1
      },
      {
        "code": "canvas_overflow",
        "severity": "info",
        "time": 3.972,
        "selector": "#snapcn-prompt-send-source-root > div:nth-of-type(1) > div:nth-of-type(1) > div:nth-of-type(1) > div:nth-of-type(2) > div:nth-of-type(2) > div:nth-of-type(1) > div:nth-of-type(2)",
        "message": "Text extends outside the composition canvas.",
        "rect": {
          "left": -261.92,
          "top": 708.35,
          "right": 114.9,
          "bottom": 758.55,
          "width": 376.82,
          "height": 50.2
        },
        "containerSelector": "#root",
        "text": "Try a blur transition",
        "fixHint": "Move the text inward, reduce its size, or mark intentional off-canvas animation with data-layout-allow-overflow.",
        "containerRect": {
          "left": 0,
          "top": 0,
          "right": 1280,
          "bottom": 720,
          "width": 1280,
          "height": 720
        },
        "overflow": {
          "left": 261.92,
          "bottom": 38.55
        },
        "dataAttributes": {},
        "sourceFile": "compositions/snapcn-prompt-send.html",
        "bbox": {
          "x": -261.92,
          "y": 708.35,
          "width": 376.82,
          "height": 50.2
        },
        "firstSeen": 3.972,
        "lastSeen": 3.972,
        "occurrences": 1
      },
      {
        "code": "container_overflow",
        "severity": "info",
        "time": 3.972,
        "selector": "#snapcn-prompt-send-source-root > div:nth-of-type(1) > div:nth-of-type(1) > div:nth-of-type(1)",
        "message": "Element extends outside a clipping layout container.",
        "rect": {
          "left": -1222.31,
          "top": -297.91,
          "right": 1756.25,
          "bottom": 1328.58,
          "width": 2978.56,
          "height": 1626.49
        },
        "containerSelector": "#snapcn-prompt-send-source-root > div:nth-of-type(1) > div:nth-of-type(1)",
        "fixHint": "Resize/reposition the child or container, or mark intentional overflow with data-layout-allow-overflow.",
        "containerRect": {
          "left": 0,
          "top": 10.52,
          "right": 1280,
          "bottom": 709.48,
          "width": 1280,
          "height": 698.97
        },
        "overflow": {
          "left": 1222.31,
          "right": 476.25,
          "top": 308.43,
          "bottom": 619.1
        },
        "dataAttributes": {},
        "sourceFile": "compositions/snapcn-prompt-send.html",
        "bbox": {
          "x": -1222.31,
          "y": -297.91,
          "width": 2978.56,
          "height": 1626.49
        },
        "firstSeen": 3.972,
        "lastSeen": 3.972,
        "occurrences": 1
      },
      {
        "code": "escaped_container",
        "severity": "info",
        "time": 3.972,
        "selector": "#snapcn-prompt-send-source-root > div:nth-of-type(1) > div:nth-of-type(1) > div:nth-of-type(1)",
        "message": "Positioned element renders far outside its offset parent — its coordinates were likely computed in a different frame (canvas/viewport pixels).",
        "rect": {
          "left": -1222.31,
          "top": -297.91,
          "right": 1756.25,
          "bottom": 1328.58,
          "width": 2978.56,
          "height": 1626.49
        },
        "containerSelector": "#snapcn-prompt-send-source-root > div:nth-of-type(1) > div:nth-of-type(1)",
        "text": "Add a text reveal, a soft blur transition, and a gradient background Add a text reveal Try a blur transition Pick a background Assemble a scene",
        "fixHint": "Compute left/top in the offset parent's frame (subtract its rect), or mark intentional placement with data-layout-allow-overflow.",
        "containerRect": {
          "left": 0,
          "top": 10.52,
          "right": 1280,
          "bottom": 709.48,
          "width": 1280,
          "height": 698.97
        },
        "dataAttributes": {},
        "sourceFile": "compositions/snapcn-prompt-send.html",
        "bbox": {
          "x": -1222.31,
          "y": -297.91,
          "width": 2978.56,
          "height": 1626.49
        },
        "firstSeen": 3.972,
        "lastSeen": 3.972,
        "occurrences": 1
      },
      {
        "code": "panel_out_of_canvas",
        "severity": "info",
        "time": 3.972,
        "selector": "#snapcn-prompt-send-source-root > div:nth-of-type(1) > div:nth-of-type(1) > div:nth-of-type(1) > div:nth-of-type(2) > div:nth-of-type(1)",
        "message": "Painted panel extends outside the composition canvas.",
        "rect": {
          "left": -781.96,
          "top": 263.24,
          "right": 1315.74,
          "bottom": 668.81,
          "width": 2097.7,
          "height": 405.58
        },
        "containerSelector": "#root",
        "text": "Add a text reveal, a soft blur transition, and a",
        "fixHint": "Move the panel inward, or mark intentional off-canvas animation with data-layout-allow-overflow.",
        "containerRect": {
          "left": 0,
          "top": 0,
          "right": 1280,
          "bottom": 720,
          "width": 1280,
          "height": 720
        },
        "overflow": {
          "left": 781.96,
          "right": 35.74
        },
        "dataAttributes": {},
        "sourceFile": "compositions/snapcn-prompt-send.html",
        "bbox": {
          "x": -781.96,
          "y": 263.24,
          "width": 2097.7,
          "height": 405.58
        },
        "firstSeen": 3.972,
        "lastSeen": 3.972,
        "occurrences": 1
      },
      {
        "code": "canvas_overflow",
        "severity": "info",
        "time": 4.583,
        "selector": "#snapcn-prompt-send-source-root > div:nth-of-type(1) > div:nth-of-type(1) > div:nth-of-type(1) > div:nth-of-type(2) > div:nth-of-type(2) > div:nth-of-type(1) > div:nth-of-type(1)",
        "message": "Text extends outside the composition canvas.",
        "rect": {
          "left": -511.41,
          "top": 452.33,
          "right": -308.87,
          "bottom": 483.39,
          "width": 202.54,
          "height": 31.07
        },
        "containerSelector": "#root",
        "text": "Add a text reveal",
        "fixHint": "Move the text inward, reduce its size, or mark intentional off-canvas animation with data-layout-allow-overflow.",
        "containerRect": {
          "left": 0,
          "top": 0,
          "right": 1280,
          "bottom": 720,
          "width": 1280,
          "height": 720
        },
        "overflow": {
          "left": 511.41
        },
        "dataAttributes": {},
        "sourceFile": "compositions/snapcn-prompt-send.html",
        "bbox": {
          "x": -511.41,
          "y": 452.33,
          "width": 202.54,
          "height": 31.07
        },
        "firstSeen": 4.583,
        "lastSeen": 5.194,
        "occurrences": 2
      },
      {
        "code": "canvas_overflow",
        "severity": "info",
        "time": 4.583,
        "selector": "#snapcn-prompt-send-source-root > div:nth-of-type(1) > div:nth-of-type(1) > div:nth-of-type(1) > div:nth-of-type(2) > div:nth-of-type(2) > div:nth-of-type(1) > div:nth-of-type(2)",
        "message": "Text extends outside the composition canvas.",
        "rect": {
          "left": -239.1,
          "top": 452.33,
          "right": -5.92,
          "bottom": 483.39,
          "width": 233.18,
          "height": 31.07
        },
        "containerSelector": "#root",
        "text": "Try a blur transition",
        "fixHint": "Move the text inward, reduce its size, or mark intentional off-canvas animation with data-layout-allow-overflow.",
        "containerRect": {
          "left": 0,
          "top": 0,
          "right": 1280,
          "bottom": 720,
          "width": 1280,
          "height": 720
        },
        "overflow": {
          "left": 239.1
        },
        "dataAttributes": {},
        "sourceFile": "compositions/snapcn-prompt-send.html",
        "bbox": {
          "x": -239.1,
          "y": 452.33,
          "width": 233.18,
          "height": 31.07
        },
        "firstSeen": 4.583,
        "lastSeen": 5.194,
        "occurrences": 2
      }
    ],
    "duration": 5.5,
    "samples": [
      0.306,
      0.917,
      1.528,
      2.139,
      2.75,
      3.361,
      3.972,
      4.583,
      5.194
    ],
    "transitionSamples": [],
    "transitionSamplesDropped": 0,
    "tolerance": 2,
    "totalIssueCount": 33,
    "truncated": false
  },
  "motion": {
    "ok": true,
    "errorCount": 0,
    "warningCount": 0,
    "infoCount": 0,
    "findings": [],
    "enabled": false,
    "samples": 0
  },
  "contrast": {
    "ok": true,
    "errorCount": 0,
    "warningCount": 0,
    "infoCount": 0,
    "findings": [],
    "enabled": true,
    "samples": [
      0.306,
      1.528,
      2.75,
      3.972,
      5.194
    ],
    "checked": 18,
    "passed": 18
  },
  "snapshots": {
    "enabled": false,
    "files": [],
    "times": [],
    "findingFiles": []
  },
  "_meta": {
    "version": "0.8.30",
    "latestVersion": "0.8.30",
    "updateAvailable": false
  }
}
