[hyperframes] browserGpuMode probe → hardware (WebGL renderer vendor="Google Inc. (NVIDIA Corporation)" renderer="ANGLE (NVIDIA Corporation, NVIDIA GeForce RTX 5060/PCIe/SSE2, OpenGL ES 3.2)")
{
  "ok": true,
  "strict": false,
  "lint": {
    "ok": true,
    "errorCount": 0,
    "warningCount": 0,
    "infoCount": 0,
    "findings": [],
    "filesScanned": 2
  },
  "runtime": {
    "ok": true,
    "errorCount": 0,
    "warningCount": 0,
    "infoCount": 0,
    "findings": []
  },
  "layout": {
    "ok": true,
    "errorCount": 0,
    "warningCount": 4,
    "infoCount": 8,
    "findings": [
      {
        "code": "container_overflow",
        "severity": "warning",
        "time": 3,
        "selector": "#search-reveal-source-root > div:nth-of-type(1) > div:nth-of-type(1) > div:nth-of-type(1) > div:nth-of-type(1) > svg:nth-of-type(1)",
        "message": "Element extends outside a clipping layout container.",
        "rect": {
          "left": 218,
          "top": 173,
          "right": 1062,
          "bottom": 547,
          "width": 844,
          "height": 374
        },
        "containerSelector": "#search-reveal-source-root > div:nth-of-type(1) > div:nth-of-type(1) > div:nth-of-type(1) > div:nth-of-type(1)",
        "fixHint": "Resize/reposition the child or container, or mark intentional overflow with data-layout-allow-overflow.",
        "containerRect": {
          "left": 253,
          "top": 173,
          "right": 1027,
          "bottom": 547,
          "width": 774,
          "height": 374
        },
        "overflow": {
          "left": 35,
          "right": 35
        },
        "dataAttributes": {},
        "sourceFile": "compositions/search-reveal.html",
        "bbox": {
          "x": 218,
          "y": 173,
          "width": 844,
          "height": 374
        },
        "firstSeen": 3,
        "lastSeen": 3.4,
        "occurrences": 2
      },
      {
        "code": "container_overflow",
        "severity": "warning",
        "time": 3,
        "selector": "#search-reveal-source-root > div:nth-of-type(1) > div:nth-of-type(1) > div:nth-of-type(1) > div:nth-of-type(1) > svg:nth-of-type(1) > g:nth-of-type(1)",
        "message": "Element extends outside a clipping layout container.",
        "rect": {
          "left": 293.12,
          "top": -102.5,
          "right": 762.88,
          "bottom": 358.5,
          "width": 469.77,
          "height": 460.99
        },
        "containerSelector": "#search-reveal-source-root > div:nth-of-type(1) > div:nth-of-type(1) > div:nth-of-type(1) > div:nth-of-type(1) > svg:nth-of-type(1)",
        "fixHint": "Resize/reposition the child or container, or mark intentional overflow with data-layout-allow-overflow.",
        "containerRect": {
          "left": 218,
          "top": 173,
          "right": 1062,
          "bottom": 547,
          "width": 844,
          "height": 374
        },
        "overflow": {
          "top": 275.5
        },
        "dataAttributes": {},
        "sourceFile": "compositions/search-reveal.html",
        "bbox": {
          "x": 293.12,
          "y": -102.5,
          "width": 469.77,
          "height": 460.99
        },
        "firstSeen": 3,
        "lastSeen": 3.4,
        "occurrences": 2
      },
      {
        "code": "container_overflow",
        "severity": "warning",
        "time": 3,
        "selector": "#search-reveal-source-root > div:nth-of-type(1) > div:nth-of-type(1) > div:nth-of-type(1) > div:nth-of-type(1) > svg:nth-of-type(1) > g:nth-of-type(2)",
        "message": "Element extends outside a clipping layout container.",
        "rect": {
          "left": 163.35,
          "top": 287.09,
          "right": 402.65,
          "bottom": 524.91,
          "width": 239.3,
          "height": 237.83
        },
        "containerSelector": "#search-reveal-source-root > div:nth-of-type(1) > div:nth-of-type(1) > div:nth-of-type(1) > div:nth-of-type(1) > svg:nth-of-type(1)",
        "fixHint": "Resize/reposition the child or container, or mark intentional overflow with data-layout-allow-overflow.",
        "containerRect": {
          "left": 218,
          "top": 173,
          "right": 1062,
          "bottom": 547,
          "width": 844,
          "height": 374
        },
        "overflow": {
          "left": 54.65
        },
        "dataAttributes": {},
        "sourceFile": "compositions/search-reveal.html",
        "bbox": {
          "x": 163.35,
          "y": 287.09,
          "width": 239.3,
          "height": 237.83
        },
        "firstSeen": 3,
        "lastSeen": 3.4,
        "occurrences": 2
      },
      {
        "code": "container_overflow",
        "severity": "warning",
        "time": 3,
        "selector": "#search-reveal-source-root > div:nth-of-type(1) > div:nth-of-type(1) > div:nth-of-type(1) > div:nth-of-type(1) > svg:nth-of-type(1) > g:nth-of-type(3)",
        "message": "Element extends outside a clipping layout container.",
        "rect": {
          "left": 783.58,
          "top": 372.11,
          "right": 1112.04,
          "bottom": 644.71,
          "width": 328.46,
          "height": 272.6
        },
        "containerSelector": "#search-reveal-source-root > div:nth-of-type(1) > div:nth-of-type(1) > div:nth-of-type(1) > div:nth-of-type(1) > svg:nth-of-type(1)",
        "fixHint": "Resize/reposition the child or container, or mark intentional overflow with data-layout-allow-overflow.",
        "containerRect": {
          "left": 218,
          "top": 173,
          "right": 1062,
          "bottom": 547,
          "width": 844,
          "height": 374
        },
        "overflow": {
          "right": 50.04,
          "bottom": 97.71
        },
        "dataAttributes": {},
        "sourceFile": "compositions/search-reveal.html",
        "bbox": {
          "x": 783.58,
          "y": 372.11,
          "width": 328.46,
          "height": 272.6
        },
        "firstSeen": 3,
        "lastSeen": 3.4,
        "occurrences": 2
      },
      {
        "code": "container_overflow",
        "severity": "info",
        "time": 2.2,
        "selector": "#search-reveal-source-root > div:nth-of-type(1) > div:nth-of-type(1) > div:nth-of-type(1) > div:nth-of-type(1) > svg:nth-of-type(1)",
        "message": "Element extends outside a clipping layout container.",
        "rect": {
          "left": 212.84,
          "top": 170.71,
          "right": 1067.16,
          "bottom": 549.29,
          "width": 854.32,
          "height": 378.57
        },
        "containerSelector": "#search-reveal-source-root > div:nth-of-type(1) > div:nth-of-type(1) > div:nth-of-type(1) > div:nth-of-type(1)",
        "fixHint": "Resize/reposition the child or container, or mark intentional overflow with data-layout-allow-overflow.",
        "containerRect": {
          "left": 280.08,
          "top": 198.69,
          "right": 999.92,
          "bottom": 521.33,
          "width": 719.84,
          "height": 322.64
        },
        "overflow": {
          "left": 67.24,
          "right": 67.24,
          "top": 27.98,
          "bottom": 27.96
        },
        "dataAttributes": {},
        "sourceFile": "compositions/search-reveal.html",
        "bbox": {
          "x": 212.84,
          "y": 170.71,
          "width": 854.32,
          "height": 378.57
        },
        "firstSeen": 2.2,
        "lastSeen": 2.2,
        "occurrences": 1
      },
      {
        "code": "container_overflow",
        "severity": "info",
        "time": 2.2,
        "selector": "#search-reveal-source-root > div:nth-of-type(1) > div:nth-of-type(1) > div:nth-of-type(1) > div:nth-of-type(1) > svg:nth-of-type(1) > g:nth-of-type(1)",
        "message": "Element extends outside a clipping layout container.",
        "rect": {
          "left": 284.78,
          "top": -112.47,
          "right": 768.48,
          "bottom": 362.8,
          "width": 483.69,
          "height": 475.27
        },
        "containerSelector": "#search-reveal-source-root > div:nth-of-type(1) > div:nth-of-type(1) > div:nth-of-type(1) > div:nth-of-type(1) > svg:nth-of-type(1)",
        "fixHint": "Resize/reposition the child or container, or mark intentional overflow with data-layout-allow-overflow.",
        "containerRect": {
          "left": 212.84,
          "top": 170.71,
          "right": 1067.16,
          "bottom": 549.29,
          "width": 854.32,
          "height": 378.57
        },
        "overflow": {
          "top": 283.18
        },
        "dataAttributes": {},
        "sourceFile": "compositions/search-reveal.html",
        "bbox": {
          "x": 284.78,
          "y": -112.47,
          "width": 483.69,
          "height": 475.27
        },
        "firstSeen": 2.2,
        "lastSeen": 2.2,
        "occurrences": 1
      },
      {
        "code": "container_overflow",
        "severity": "info",
        "time": 2.2,
        "selector": "#search-reveal-source-root > div:nth-of-type(1) > div:nth-of-type(1) > div:nth-of-type(1) > div:nth-of-type(1) > svg:nth-of-type(1) > g:nth-of-type(2)",
        "message": "Element extends outside a clipping layout container.",
        "rect": {
          "left": 161.14,
          "top": 289.97,
          "right": 396.12,
          "bottom": 523.16,
          "width": 234.98,
          "height": 233.19
        },
        "containerSelector": "#search-reveal-source-root > div:nth-of-type(1) > div:nth-of-type(1) > div:nth-of-type(1) > div:nth-of-type(1) > svg:nth-of-type(1)",
        "fixHint": "Resize/reposition the child or container, or mark intentional overflow with data-layout-allow-overflow.",
        "containerRect": {
          "left": 212.84,
          "top": 170.71,
          "right": 1067.16,
          "bottom": 549.29,
          "width": 854.32,
          "height": 378.57
        },
        "overflow": {
          "left": 51.7
        },
        "dataAttributes": {},
        "sourceFile": "compositions/search-reveal.html",
        "bbox": {
          "x": 161.14,
          "y": 289.97,
          "width": 234.98,
          "height": 233.19
        },
        "firstSeen": 2.2,
        "lastSeen": 2.2,
        "occurrences": 1
      },
      {
        "code": "container_overflow",
        "severity": "info",
        "time": 2.2,
        "selector": "#search-reveal-source-root > div:nth-of-type(1) > div:nth-of-type(1) > div:nth-of-type(1) > div:nth-of-type(1) > svg:nth-of-type(1) > g:nth-of-type(3)",
        "message": "Element extends outside a clipping layout container.",
        "rect": {
          "left": 789.5,
          "top": 378.82,
          "right": 1116.01,
          "bottom": 642.79,
          "width": 326.51,
          "height": 263.97
        },
        "containerSelector": "#search-reveal-source-root > div:nth-of-type(1) > div:nth-of-type(1) > div:nth-of-type(1) > div:nth-of-type(1) > svg:nth-of-type(1)",
        "fixHint": "Resize/reposition the child or container, or mark intentional overflow with data-layout-allow-overflow.",
        "containerRect": {
          "left": 212.84,
          "top": 170.71,
          "right": 1067.16,
          "bottom": 549.29,
          "width": 854.32,
          "height": 378.57
        },
        "overflow": {
          "right": 48.85,
          "bottom": 93.5
        },
        "dataAttributes": {},
        "sourceFile": "compositions/search-reveal.html",
        "bbox": {
          "x": 789.5,
          "y": 378.82,
          "width": 326.51,
          "height": 263.97
        },
        "firstSeen": 2.2,
        "lastSeen": 2.2,
        "occurrences": 1
      },
      {
        "code": "container_overflow",
        "severity": "info",
        "time": 2.6,
        "selector": "#search-reveal-source-root > div:nth-of-type(1) > div:nth-of-type(1) > div:nth-of-type(1) > div:nth-of-type(1) > svg:nth-of-type(1)",
        "message": "Element extends outside a clipping layout container.",
        "rect": {
          "left": 217.7,
          "top": 172.86,
          "right": 1062.3,
          "bottom": 547.14,
          "width": 844.61,
          "height": 374.27
        },
        "containerSelector": "#search-reveal-source-root > div:nth-of-type(1) > div:nth-of-type(1) > div:nth-of-type(1) > div:nth-of-type(1)",
        "fixHint": "Resize/reposition the child or container, or mark intentional overflow with data-layout-allow-overflow.",
        "containerRect": {
          "left": 254.61,
          "top": 174.53,
          "right": 1025.41,
          "bottom": 545.48,
          "width": 770.8,
          "height": 370.95
        },
        "overflow": {
          "left": 36.91,
          "right": 36.89
        },
        "dataAttributes": {},
        "sourceFile": "compositions/search-reveal.html",
        "bbox": {
          "x": 217.7,
          "y": 172.86,
          "width": 844.61,
          "height": 374.27
        },
        "firstSeen": 2.6,
        "lastSeen": 2.6,
        "occurrences": 1
      },
      {
        "code": "container_overflow",
        "severity": "info",
        "time": 2.6,
        "selector": "#search-reveal-source-root > div:nth-of-type(1) > div:nth-of-type(1) > div:nth-of-type(1) > div:nth-of-type(1) > svg:nth-of-type(1) > g:nth-of-type(1)",
        "message": "Element extends outside a clipping layout container.",
        "rect": {
          "left": 292.62,
          "top": -103.09,
          "right": 763.22,
          "bottom": 358.75,
          "width": 470.6,
          "height": 461.84
        },
        "containerSelector": "#search-reveal-source-root > div:nth-of-type(1) > div:nth-of-type(1) > div:nth-of-type(1) > div:nth-of-type(1) > svg:nth-of-type(1)",
        "fixHint": "Resize/reposition the child or container, or mark intentional overflow with data-layout-allow-overflow.",
        "containerRect": {
          "left": 217.7,
          "top": 172.86,
          "right": 1062.3,
          "bottom": 547.14,
          "width": 844.61,
          "height": 374.27
        },
        "overflow": {
          "top": 275.95
        },
        "dataAttributes": {},
        "sourceFile": "compositions/search-reveal.html",
        "bbox": {
          "x": 292.62,
          "y": -103.09,
          "width": 470.6,
          "height": 461.84
        },
        "firstSeen": 2.6,
        "lastSeen": 2.6,
        "occurrences": 1
      },
      {
        "code": "container_overflow",
        "severity": "info",
        "time": 2.6,
        "selector": "#search-reveal-source-root > div:nth-of-type(1) > div:nth-of-type(1) > div:nth-of-type(1) > div:nth-of-type(1) > svg:nth-of-type(1) > g:nth-of-type(2)",
        "message": "Element extends outside a clipping layout container.",
        "rect": {
          "left": 163.2,
          "top": 287.23,
          "right": 402.28,
          "bottom": 524.83,
          "width": 239.08,
          "height": 237.6
        },
        "containerSelector": "#search-reveal-source-root > div:nth-of-type(1) > div:nth-of-type(1) > div:nth-of-type(1) > div:nth-of-type(1) > svg:nth-of-type(1)",
        "fixHint": "Resize/reposition the child or container, or mark intentional overflow with data-layout-allow-overflow.",
        "containerRect": {
          "left": 217.7,
          "top": 172.86,
          "right": 1062.3,
          "bottom": 547.14,
          "width": 844.61,
          "height": 374.27
        },
        "overflow": {
          "left": 54.5
        },
        "dataAttributes": {},
        "sourceFile": "compositions/search-reveal.html",
        "bbox": {
          "x": 163.2,
          "y": 287.23,
          "width": 239.08,
          "height": 237.6
        },
        "firstSeen": 2.6,
        "lastSeen": 2.6,
        "occurrences": 1
      },
      {
        "code": "container_overflow",
        "severity": "info",
        "time": 2.6,
        "selector": "#search-reveal-source-root > div:nth-of-type(1) > div:nth-of-type(1) > div:nth-of-type(1) > div:nth-of-type(1) > svg:nth-of-type(1) > g:nth-of-type(3)",
        "message": "Element extends outside a clipping layout container.",
        "rect": {
          "left": 783.92,
          "top": 372.49,
          "right": 1112.29,
          "bottom": 644.61,
          "width": 328.37,
          "height": 272.12
        },
        "containerSelector": "#search-reveal-source-root > div:nth-of-type(1) > div:nth-of-type(1) > div:nth-of-type(1) > div:nth-of-type(1) > svg:nth-of-type(1)",
        "fixHint": "Resize/reposition the child or container, or mark intentional overflow with data-layout-allow-overflow.",
        "containerRect": {
          "left": 217.7,
          "top": 172.86,
          "right": 1062.3,
          "bottom": 547.14,
          "width": 844.61,
          "height": 374.27
        },
        "overflow": {
          "right": 49.99,
          "bottom": 97.47
        },
        "dataAttributes": {},
        "sourceFile": "compositions/search-reveal.html",
        "bbox": {
          "x": 783.92,
          "y": 372.49,
          "width": 328.37,
          "height": 272.12
        },
        "firstSeen": 2.6,
        "lastSeen": 2.6,
        "occurrences": 1
      }
    ],
    "duration": 3.6,
    "samples": [
      0.2,
      0.6,
      1,
      1.4,
      1.8,
      2.2,
      2.6,
      3,
      3.4
    ],
    "transitionSamples": [],
    "transitionSamplesDropped": 0,
    "tolerance": 2,
    "totalIssueCount": 12,
    "truncated": false
  },
  "motion": {
    "ok": true,
    "errorCount": 0,
    "warningCount": 0,
    "infoCount": 0,
    "findings": [],
    "enabled": false,
    "samples": 0
  },
  "contrast": {
    "ok": true,
    "errorCount": 0,
    "warningCount": 0,
    "infoCount": 0,
    "findings": [],
    "enabled": true,
    "samples": [
      0.2,
      1,
      1.8,
      2.6,
      3.4
    ],
    "checked": 2,
    "passed": 2
  },
  "snapshots": {
    "enabled": false,
    "files": [],
    "times": [],
    "findingFiles": []
  },
  "_meta": {
    "version": "0.8.30",
    "latestVersion": "0.8.32",
    "updateAvailable": true
  }
}
