[hyperframes] browserGpuMode probe → hardware (WebGL renderer vendor="Google Inc. (NVIDIA Corporation)" renderer="ANGLE (NVIDIA Corporation, NVIDIA GeForce RTX 5060/PCIe/SSE2, OpenGL ES 3.2)")
{
  "ok": true,
  "strict": false,
  "lint": {
    "ok": true,
    "errorCount": 0,
    "warningCount": 0,
    "infoCount": 0,
    "findings": [],
    "filesScanned": 2
  },
  "runtime": {
    "ok": true,
    "errorCount": 0,
    "warningCount": 0,
    "infoCount": 0,
    "findings": []
  },
  "layout": {
    "ok": true,
    "errorCount": 0,
    "warningCount": 7,
    "infoCount": 37,
    "findings": [
      {
        "code": "escaped_container",
        "severity": "warning",
        "time": 1.306,
        "selector": "#snapcn-count-grid-source-root > div:nth-of-type(1) > div:nth-of-type(1) > div:nth-of-type(2)",
        "message": "Positioned element renders far outside its offset parent — its coordinates were likely computed in a different frame (canvas/viewport pixels).",
        "rect": {
          "left": 78.39,
          "top": -207.84,
          "right": 259.45,
          "bottom": 12.75,
          "width": 181.06,
          "height": 220.59
        },
        "containerSelector": "#snapcn-count-grid-source-root > div:nth-of-type(1) > div:nth-of-type(1)",
        "text": "",
        "fixHint": "Compute left/top in the offset parent's frame (subtract its rect), or mark intentional placement with data-layout-allow-overflow.",
        "containerRect": {
          "left": 0,
          "top": 0,
          "right": 1280,
          "bottom": 720,
          "width": 1280,
          "height": 720
        },
        "dataAttributes": {},
        "sourceFile": "compositions/snapcn-count-grid.html",
        "bbox": {
          "x": 78.39,
          "y": -207.84,
          "width": 181.06,
          "height": 220.59
        },
        "firstSeen": 1.306,
        "lastSeen": 1.48,
        "occurrences": 2
      },
      {
        "code": "escaped_container",
        "severity": "warning",
        "time": 1.306,
        "selector": "#snapcn-count-grid-source-root > div:nth-of-type(1) > div:nth-of-type(1) > div:nth-of-type(3)",
        "message": "Positioned element renders far outside its offset parent — its coordinates were likely computed in a different frame (canvas/viewport pixels).",
        "rect": {
          "left": 268.95,
          "top": -207.84,
          "right": 450.02,
          "bottom": 12.75,
          "width": 181.06,
          "height": 220.59
        },
        "containerSelector": "#snapcn-count-grid-source-root > div:nth-of-type(1) > div:nth-of-type(1)",
        "text": "",
        "fixHint": "Compute left/top in the offset parent's frame (subtract its rect), or mark intentional placement with data-layout-allow-overflow.",
        "containerRect": {
          "left": 0,
          "top": 0,
          "right": 1280,
          "bottom": 720,
          "width": 1280,
          "height": 720
        },
        "dataAttributes": {},
        "sourceFile": "compositions/snapcn-count-grid.html",
        "bbox": {
          "x": 268.95,
          "y": -207.84,
          "width": 181.06,
          "height": 220.59
        },
        "firstSeen": 1.306,
        "lastSeen": 1.48,
        "occurrences": 2
      },
      {
        "code": "escaped_container",
        "severity": "warning",
        "time": 1.306,
        "selector": "#snapcn-count-grid-source-root > div:nth-of-type(1) > div:nth-of-type(1) > div:nth-of-type(4)",
        "message": "Positioned element renders far outside its offset parent — its coordinates were likely computed in a different frame (canvas/viewport pixels).",
        "rect": {
          "left": 459.52,
          "top": -207.84,
          "right": 640.58,
          "bottom": 12.75,
          "width": 181.06,
          "height": 220.59
        },
        "containerSelector": "#snapcn-count-grid-source-root > div:nth-of-type(1) > div:nth-of-type(1)",
        "text": "",
        "fixHint": "Compute left/top in the offset parent's frame (subtract its rect), or mark intentional placement with data-layout-allow-overflow.",
        "containerRect": {
          "left": 0,
          "top": 0,
          "right": 1280,
          "bottom": 720,
          "width": 1280,
          "height": 720
        },
        "dataAttributes": {},
        "sourceFile": "compositions/snapcn-count-grid.html",
        "bbox": {
          "x": 459.52,
          "y": -207.84,
          "width": 181.06,
          "height": 220.59
        },
        "firstSeen": 1.306,
        "lastSeen": 1.48,
        "occurrences": 2
      },
      {
        "code": "escaped_container",
        "severity": "warning",
        "time": 1.306,
        "selector": "#snapcn-count-grid-source-root > div:nth-of-type(1) > div:nth-of-type(1) > div:nth-of-type(5)",
        "message": "Positioned element renders far outside its offset parent — its coordinates were likely computed in a different frame (canvas/viewport pixels).",
        "rect": {
          "left": 650.08,
          "top": -207.84,
          "right": 831.14,
          "bottom": 12.75,
          "width": 181.06,
          "height": 220.59
        },
        "containerSelector": "#snapcn-count-grid-source-root > div:nth-of-type(1) > div:nth-of-type(1)",
        "text": "",
        "fixHint": "Compute left/top in the offset parent's frame (subtract its rect), or mark intentional placement with data-layout-allow-overflow.",
        "containerRect": {
          "left": 0,
          "top": 0,
          "right": 1280,
          "bottom": 720,
          "width": 1280,
          "height": 720
        },
        "dataAttributes": {},
        "sourceFile": "compositions/snapcn-count-grid.html",
        "bbox": {
          "x": 650.08,
          "y": -207.84,
          "width": 181.06,
          "height": 220.59
        },
        "firstSeen": 1.306,
        "lastSeen": 1.48,
        "occurrences": 2
      },
      {
        "code": "escaped_container",
        "severity": "warning",
        "time": 1.306,
        "selector": "#snapcn-count-grid-source-root > div:nth-of-type(1) > div:nth-of-type(1) > div:nth-of-type(6)",
        "message": "Positioned element renders far outside its offset parent — its coordinates were likely computed in a different frame (canvas/viewport pixels).",
        "rect": {
          "left": 840.64,
          "top": -207.84,
          "right": 1021.7,
          "bottom": 12.75,
          "width": 181.06,
          "height": 220.59
        },
        "containerSelector": "#snapcn-count-grid-source-root > div:nth-of-type(1) > div:nth-of-type(1)",
        "text": "",
        "fixHint": "Compute left/top in the offset parent's frame (subtract its rect), or mark intentional placement with data-layout-allow-overflow.",
        "containerRect": {
          "left": 0,
          "top": 0,
          "right": 1280,
          "bottom": 720,
          "width": 1280,
          "height": 720
        },
        "dataAttributes": {},
        "sourceFile": "compositions/snapcn-count-grid.html",
        "bbox": {
          "x": 840.64,
          "y": -207.84,
          "width": 181.06,
          "height": 220.59
        },
        "firstSeen": 1.306,
        "lastSeen": 1.48,
        "occurrences": 2
      },
      {
        "code": "escaped_container",
        "severity": "warning",
        "time": 1.306,
        "selector": "#snapcn-count-grid-source-root > div:nth-of-type(1) > div:nth-of-type(1) > div:nth-of-type(7)",
        "message": "Positioned element renders far outside its offset parent — its coordinates were likely computed in a different frame (canvas/viewport pixels).",
        "rect": {
          "left": 1031.2,
          "top": -207.84,
          "right": 1212.27,
          "bottom": 12.75,
          "width": 181.06,
          "height": 220.59
        },
        "containerSelector": "#snapcn-count-grid-source-root > div:nth-of-type(1) > div:nth-of-type(1)",
        "text": "",
        "fixHint": "Compute left/top in the offset parent's frame (subtract its rect), or mark intentional placement with data-layout-allow-overflow.",
        "containerRect": {
          "left": 0,
          "top": 0,
          "right": 1280,
          "bottom": 720,
          "width": 1280,
          "height": 720
        },
        "dataAttributes": {},
        "sourceFile": "compositions/snapcn-count-grid.html",
        "bbox": {
          "x": 1031.2,
          "y": -207.84,
          "width": 181.06,
          "height": 220.59
        },
        "firstSeen": 1.306,
        "lastSeen": 1.48,
        "occurrences": 2
      },
      {
        "code": "escaped_container",
        "severity": "warning",
        "time": 1.306,
        "selector": "#snapcn-count-grid-source-root > div:nth-of-type(1) > div:nth-of-type(1) > div:nth-of-type(8)",
        "message": "Positioned element renders far outside its offset parent — its coordinates were likely computed in a different frame (canvas/viewport pixels).",
        "rect": {
          "left": 1221.77,
          "top": -207.84,
          "right": 1402.83,
          "bottom": 12.75,
          "width": 181.06,
          "height": 220.59
        },
        "containerSelector": "#snapcn-count-grid-source-root > div:nth-of-type(1) > div:nth-of-type(1)",
        "text": "",
        "fixHint": "Compute left/top in the offset parent's frame (subtract its rect), or mark intentional placement with data-layout-allow-overflow.",
        "containerRect": {
          "left": 0,
          "top": 0,
          "right": 1280,
          "bottom": 720,
          "width": 1280,
          "height": 720
        },
        "dataAttributes": {},
        "sourceFile": "compositions/snapcn-count-grid.html",
        "bbox": {
          "x": 1221.77,
          "y": -207.84,
          "width": 181.06,
          "height": 220.59
        },
        "firstSeen": 1.306,
        "lastSeen": 1.48,
        "occurrences": 2
      },
      {
        "code": "panel_out_of_canvas",
        "severity": "info",
        "time": 0.087,
        "selector": "#snapcn-count-grid-source-root > div:nth-of-type(1) > div:nth-of-type(1) > div:nth-of-type(1)",
        "message": "Painted panel extends outside the composition canvas.",
        "rect": {
          "left": 358.31,
          "top": -166.86,
          "right": 638.22,
          "bottom": 174.16,
          "width": 279.91,
          "height": 341.02
        },
        "containerSelector": "#root",
        "text": "",
        "fixHint": "Move the panel inward, or mark intentional off-canvas animation with data-layout-allow-overflow.",
        "containerRect": {
          "left": 0,
          "top": 0,
          "right": 1280,
          "bottom": 720,
          "width": 1280,
          "height": 720
        },
        "overflow": {
          "top": 166.86
        },
        "dataAttributes": {},
        "sourceFile": "compositions/snapcn-count-grid.html",
        "bbox": {
          "x": 358.31,
          "y": -166.86,
          "width": 279.91,
          "height": 341.02
        },
        "firstSeen": 0.087,
        "lastSeen": 0.087,
        "occurrences": 1
      },
      {
        "code": "panel_out_of_canvas",
        "severity": "info",
        "time": 0.087,
        "selector": "#snapcn-count-grid-source-root > div:nth-of-type(1) > div:nth-of-type(1) > div:nth-of-type(2)",
        "message": "Painted panel extends outside the composition canvas.",
        "rect": {
          "left": 652.88,
          "top": -166.86,
          "right": 932.78,
          "bottom": 174.16,
          "width": 279.91,
          "height": 341.02
        },
        "containerSelector": "#root",
        "text": "",
        "fixHint": "Move the panel inward, or mark intentional off-canvas animation with data-layout-allow-overflow.",
        "containerRect": {
          "left": 0,
          "top": 0,
          "right": 1280,
          "bottom": 720,
          "width": 1280,
          "height": 720
        },
        "overflow": {
          "top": 166.86
        },
        "dataAttributes": {},
        "sourceFile": "compositions/snapcn-count-grid.html",
        "bbox": {
          "x": 652.88,
          "y": -166.86,
          "width": 279.91,
          "height": 341.02
        },
        "firstSeen": 0.087,
        "lastSeen": 0.087,
        "occurrences": 1
      },
      {
        "code": "panel_out_of_canvas",
        "severity": "info",
        "time": 0.087,
        "selector": "#snapcn-count-grid-source-root > div:nth-of-type(1) > div:nth-of-type(1) > div:nth-of-type(5)",
        "message": "Painted panel extends outside the composition canvas.",
        "rect": {
          "left": 652.88,
          "top": 551.83,
          "right": 932.78,
          "bottom": 892.84,
          "width": 279.91,
          "height": 341.02
        },
        "containerSelector": "#root",
        "text": "",
        "fixHint": "Move the panel inward, or mark intentional off-canvas animation with data-layout-allow-overflow.",
        "containerRect": {
          "left": 0,
          "top": 0,
          "right": 1280,
          "bottom": 720,
          "width": 1280,
          "height": 720
        },
        "overflow": {
          "bottom": 172.84
        },
        "dataAttributes": {},
        "sourceFile": "compositions/snapcn-count-grid.html",
        "bbox": {
          "x": 652.88,
          "y": 551.83,
          "width": 279.91,
          "height": 341.02
        },
        "firstSeen": 0.087,
        "lastSeen": 0.087,
        "occurrences": 1
      },
      {
        "code": "panel_out_of_canvas",
        "severity": "info",
        "time": 0.261,
        "selector": "#snapcn-count-grid-source-root > div:nth-of-type(1) > div:nth-of-type(1) > div:nth-of-type(1)",
        "message": "Painted panel extends outside the composition canvas.",
        "rect": {
          "left": 402.66,
          "top": -82.94,
          "right": 639.23,
          "bottom": 205.3,
          "width": 236.58,
          "height": 288.23
        },
        "containerSelector": "#root",
        "text": "",
        "fixHint": "Move the panel inward, or mark intentional off-canvas animation with data-layout-allow-overflow.",
        "containerRect": {
          "left": 0,
          "top": 0,
          "right": 1280,
          "bottom": 720,
          "width": 1280,
          "height": 720
        },
        "overflow": {
          "top": 82.94
        },
        "dataAttributes": {},
        "sourceFile": "compositions/snapcn-count-grid.html",
        "bbox": {
          "x": 402.66,
          "y": -82.94,
          "width": 236.58,
          "height": 288.23
        },
        "firstSeen": 0.261,
        "lastSeen": 0.261,
        "occurrences": 1
      },
      {
        "code": "panel_out_of_canvas",
        "severity": "info",
        "time": 0.261,
        "selector": "#snapcn-count-grid-source-root > div:nth-of-type(1) > div:nth-of-type(1) > div:nth-of-type(2)",
        "message": "Painted panel extends outside the composition canvas.",
        "rect": {
          "left": 651.66,
          "top": -82.94,
          "right": 888.23,
          "bottom": 205.3,
          "width": 236.58,
          "height": 288.23
        },
        "containerSelector": "#root",
        "text": "",
        "fixHint": "Move the panel inward, or mark intentional off-canvas animation with data-layout-allow-overflow.",
        "containerRect": {
          "left": 0,
          "top": 0,
          "right": 1280,
          "bottom": 720,
          "width": 1280,
          "height": 720
        },
        "overflow": {
          "top": 82.94
        },
        "dataAttributes": {},
        "sourceFile": "compositions/snapcn-count-grid.html",
        "bbox": {
          "x": 651.66,
          "y": -82.94,
          "width": 236.58,
          "height": 288.23
        },
        "firstSeen": 0.261,
        "lastSeen": 0.261,
        "occurrences": 1
      },
      {
        "code": "panel_out_of_canvas",
        "severity": "info",
        "time": 0.261,
        "selector": "#snapcn-count-grid-source-root > div:nth-of-type(1) > div:nth-of-type(1) > div:nth-of-type(5)",
        "message": "Painted panel extends outside the composition canvas.",
        "rect": {
          "left": 651.66,
          "top": 524.53,
          "right": 888.23,
          "bottom": 812.77,
          "width": 236.58,
          "height": 288.23
        },
        "containerSelector": "#root",
        "text": "",
        "fixHint": "Move the panel inward, or mark intentional off-canvas animation with data-layout-allow-overflow.",
        "containerRect": {
          "left": 0,
          "top": 0,
          "right": 1280,
          "bottom": 720,
          "width": 1280,
          "height": 720
        },
        "overflow": {
          "bottom": 92.77
        },
        "dataAttributes": {},
        "sourceFile": "compositions/snapcn-count-grid.html",
        "bbox": {
          "x": 651.66,
          "y": 524.53,
          "width": 236.58,
          "height": 288.23
        },
        "firstSeen": 0.261,
        "lastSeen": 0.261,
        "occurrences": 1
      },
      {
        "code": "panel_out_of_canvas",
        "severity": "info",
        "time": 0.435,
        "selector": "#snapcn-count-grid-source-root > div:nth-of-type(1) > div:nth-of-type(1) > div:nth-of-type(1)",
        "message": "Painted panel extends outside the composition canvas.",
        "rect": {
          "left": 426.28,
          "top": -38.25,
          "right": 639.8,
          "bottom": 221.89,
          "width": 213.52,
          "height": 260.14
        },
        "containerSelector": "#root",
        "text": "",
        "fixHint": "Move the panel inward, or mark intentional off-canvas animation with data-layout-allow-overflow.",
        "containerRect": {
          "left": 0,
          "top": 0,
          "right": 1280,
          "bottom": 720,
          "width": 1280,
          "height": 720
        },
        "overflow": {
          "top": 38.25
        },
        "dataAttributes": {},
        "sourceFile": "compositions/snapcn-count-grid.html",
        "bbox": {
          "x": 426.28,
          "y": -38.25,
          "width": 213.52,
          "height": 260.14
        },
        "firstSeen": 0.435,
        "lastSeen": 0.435,
        "occurrences": 1
      },
      {
        "code": "panel_out_of_canvas",
        "severity": "info",
        "time": 0.435,
        "selector": "#snapcn-count-grid-source-root > div:nth-of-type(1) > div:nth-of-type(1) > div:nth-of-type(2)",
        "message": "Painted panel extends outside the composition canvas.",
        "rect": {
          "left": 651,
          "top": -38.25,
          "right": 864.52,
          "bottom": 221.89,
          "width": 213.52,
          "height": 260.14
        },
        "containerSelector": "#root",
        "text": "",
        "fixHint": "Move the panel inward, or mark intentional off-canvas animation with data-layout-allow-overflow.",
        "containerRect": {
          "left": 0,
          "top": 0,
          "right": 1280,
          "bottom": 720,
          "width": 1280,
          "height": 720
        },
        "overflow": {
          "top": 38.25
        },
        "dataAttributes": {},
        "sourceFile": "compositions/snapcn-count-grid.html",
        "bbox": {
          "x": 651,
          "y": -38.25,
          "width": 213.52,
          "height": 260.14
        },
        "firstSeen": 0.435,
        "lastSeen": 0.435,
        "occurrences": 1
      },
      {
        "code": "panel_out_of_canvas",
        "severity": "info",
        "time": 0.435,
        "selector": "#snapcn-count-grid-source-root > div:nth-of-type(1) > div:nth-of-type(1) > div:nth-of-type(5)",
        "message": "Painted panel extends outside the composition canvas.",
        "rect": {
          "left": 651,
          "top": 510,
          "right": 864.52,
          "bottom": 770.14,
          "width": 213.52,
          "height": 260.14
        },
        "containerSelector": "#root",
        "text": "",
        "fixHint": "Move the panel inward, or mark intentional off-canvas animation with data-layout-allow-overflow.",
        "containerRect": {
          "left": 0,
          "top": 0,
          "right": 1280,
          "bottom": 720,
          "width": 1280,
          "height": 720
        },
        "overflow": {
          "bottom": 50.14
        },
        "dataAttributes": {},
        "sourceFile": "compositions/snapcn-count-grid.html",
        "bbox": {
          "x": 651,
          "y": 510,
          "width": 213.52,
          "height": 260.14
        },
        "firstSeen": 0.435,
        "lastSeen": 0.435,
        "occurrences": 1
      },
      {
        "code": "panel_out_of_canvas",
        "severity": "info",
        "time": 0.609,
        "selector": "#snapcn-count-grid-source-root > div:nth-of-type(1) > div:nth-of-type(1) > div:nth-of-type(1)",
        "message": "Painted panel extends outside the composition canvas.",
        "rect": {
          "left": 431.53,
          "top": -28.33,
          "right": 639.92,
          "bottom": 225.58,
          "width": 208.39,
          "height": 253.91
        },
        "containerSelector": "#root",
        "text": "",
        "fixHint": "Move the panel inward, or mark intentional off-canvas animation with data-layout-allow-overflow.",
        "containerRect": {
          "left": 0,
          "top": 0,
          "right": 1280,
          "bottom": 720,
          "width": 1280,
          "height": 720
        },
        "overflow": {
          "top": 28.33
        },
        "dataAttributes": {},
        "sourceFile": "compositions/snapcn-count-grid.html",
        "bbox": {
          "x": 431.53,
          "y": -28.33,
          "width": 208.39,
          "height": 253.91
        },
        "firstSeen": 0.609,
        "lastSeen": 0.609,
        "occurrences": 1
      },
      {
        "code": "panel_out_of_canvas",
        "severity": "info",
        "time": 0.609,
        "selector": "#snapcn-count-grid-source-root > div:nth-of-type(1) > div:nth-of-type(1) > div:nth-of-type(2)",
        "message": "Painted panel extends outside the composition canvas.",
        "rect": {
          "left": 650.84,
          "top": -28.33,
          "right": 859.23,
          "bottom": 225.58,
          "width": 208.39,
          "height": 253.91
        },
        "containerSelector": "#root",
        "text": "",
        "fixHint": "Move the panel inward, or mark intentional off-canvas animation with data-layout-allow-overflow.",
        "containerRect": {
          "left": 0,
          "top": 0,
          "right": 1280,
          "bottom": 720,
          "width": 1280,
          "height": 720
        },
        "overflow": {
          "top": 28.33
        },
        "dataAttributes": {},
        "sourceFile": "compositions/snapcn-count-grid.html",
        "bbox": {
          "x": 650.84,
          "y": -28.33,
          "width": 208.39,
          "height": 253.91
        },
        "firstSeen": 0.609,
        "lastSeen": 0.609,
        "occurrences": 1
      },
      {
        "code": "panel_out_of_canvas",
        "severity": "info",
        "time": 0.609,
        "selector": "#snapcn-count-grid-source-root > div:nth-of-type(1) > div:nth-of-type(1) > div:nth-of-type(5)",
        "message": "Painted panel extends outside the composition canvas.",
        "rect": {
          "left": 650.84,
          "top": 506.78,
          "right": 859.23,
          "bottom": 760.69,
          "width": 208.39,
          "height": 253.91
        },
        "containerSelector": "#root",
        "text": "",
        "fixHint": "Move the panel inward, or mark intentional off-canvas animation with data-layout-allow-overflow.",
        "containerRect": {
          "left": 0,
          "top": 0,
          "right": 1280,
          "bottom": 720,
          "width": 1280,
          "height": 720
        },
        "overflow": {
          "bottom": 40.69
        },
        "dataAttributes": {},
        "sourceFile": "compositions/snapcn-count-grid.html",
        "bbox": {
          "x": 650.84,
          "y": 506.78,
          "width": 208.39,
          "height": 253.91
        },
        "firstSeen": 0.609,
        "lastSeen": 0.609,
        "occurrences": 1
      },
      {
        "code": "panel_out_of_canvas",
        "severity": "info",
        "time": 0.783,
        "selector": "#snapcn-count-grid-source-root > div:nth-of-type(1) > div:nth-of-type(1) > div:nth-of-type(5)",
        "message": "Painted panel extends outside the composition canvas.",
        "rect": {
          "left": 650.75,
          "top": 504.52,
          "right": 855.56,
          "bottom": 754.05,
          "width": 204.81,
          "height": 249.53
        },
        "containerSelector": "#root",
        "text": "",
        "fixHint": "Move the panel inward, or mark intentional off-canvas animation with data-layout-allow-overflow.",
        "containerRect": {
          "left": 0,
          "top": 0,
          "right": 1280,
          "bottom": 720,
          "width": 1280,
          "height": 720
        },
        "overflow": {
          "bottom": 34.05
        },
        "dataAttributes": {},
        "sourceFile": "compositions/snapcn-count-grid.html",
        "bbox": {
          "x": 650.75,
          "y": 504.52,
          "width": 204.81,
          "height": 249.53
        },
        "firstSeen": 0.783,
        "lastSeen": 0.783,
        "occurrences": 1
      },
      {
        "code": "panel_out_of_canvas",
        "severity": "info",
        "time": 0.957,
        "selector": "#snapcn-count-grid-source-root > div:nth-of-type(1) > div:nth-of-type(1) > div:nth-of-type(5)",
        "message": "Painted panel extends outside the composition canvas.",
        "rect": {
          "left": 650.72,
          "top": 503.77,
          "right": 854.33,
          "bottom": 751.84,
          "width": 203.61,
          "height": 248.08
        },
        "containerSelector": "#root",
        "text": "",
        "fixHint": "Move the panel inward, or mark intentional off-canvas animation with data-layout-allow-overflow.",
        "containerRect": {
          "left": 0,
          "top": 0,
          "right": 1280,
          "bottom": 720,
          "width": 1280,
          "height": 720
        },
        "overflow": {
          "bottom": 31.84
        },
        "dataAttributes": {},
        "sourceFile": "compositions/snapcn-count-grid.html",
        "bbox": {
          "x": 650.72,
          "y": 503.77,
          "width": 203.61,
          "height": 248.08
        },
        "firstSeen": 0.957,
        "lastSeen": 0.957,
        "occurrences": 1
      },
      {
        "code": "panel_out_of_canvas",
        "severity": "info",
        "time": 1.131,
        "selector": "#snapcn-count-grid-source-root > div:nth-of-type(1) > div:nth-of-type(1) > div:nth-of-type(5)",
        "message": "Painted panel extends outside the composition canvas.",
        "rect": {
          "left": 650.67,
          "top": 502.8,
          "right": 852.75,
          "bottom": 749,
          "width": 202.08,
          "height": 246.2
        },
        "containerSelector": "#root",
        "text": "",
        "fixHint": "Move the panel inward, or mark intentional off-canvas animation with data-layout-allow-overflow.",
        "containerRect": {
          "left": 0,
          "top": 0,
          "right": 1280,
          "bottom": 720,
          "width": 1280,
          "height": 720
        },
        "overflow": {
          "bottom": 29
        },
        "dataAttributes": {},
        "sourceFile": "compositions/snapcn-count-grid.html",
        "bbox": {
          "x": 650.67,
          "y": 502.8,
          "width": 202.08,
          "height": 246.2
        },
        "firstSeen": 1.131,
        "lastSeen": 1.131,
        "occurrences": 1
      },
      {
        "code": "escaped_container",
        "severity": "info",
        "time": 1.306,
        "selector": "#snapcn-count-grid-source-root > div:nth-of-type(1) > div:nth-of-type(1) > div:nth-of-type(1)",
        "message": "Positioned element renders far outside its offset parent — its coordinates were likely computed in a different frame (canvas/viewport pixels).",
        "rect": {
          "left": -112.16,
          "top": -207.84,
          "right": 68.91,
          "bottom": 12.75,
          "width": 181.06,
          "height": 220.59
        },
        "containerSelector": "#snapcn-count-grid-source-root > div:nth-of-type(1) > div:nth-of-type(1)",
        "text": "",
        "fixHint": "Compute left/top in the offset parent's frame (subtract its rect), or mark intentional placement with data-layout-allow-overflow.",
        "containerRect": {
          "left": 0,
          "top": 0,
          "right": 1280,
          "bottom": 720,
          "width": 1280,
          "height": 720
        },
        "dataAttributes": {},
        "sourceFile": "compositions/snapcn-count-grid.html",
        "bbox": {
          "x": -112.16,
          "y": -207.84,
          "width": 181.06,
          "height": 220.59
        },
        "firstSeen": 1.306,
        "lastSeen": 1.306,
        "occurrences": 1
      },
      {
        "code": "panel_out_of_canvas",
        "severity": "info",
        "time": 1.306,
        "selector": "#snapcn-count-grid-source-root > div:nth-of-type(1) > div:nth-of-type(1) > div:nth-of-type(9)",
        "message": "Painted panel extends outside the composition canvas.",
        "rect": {
          "left": -112.16,
          "top": 24.61,
          "right": 68.91,
          "bottom": 245.2,
          "width": 181.06,
          "height": 220.59
        },
        "containerSelector": "#root",
        "text": "",
        "fixHint": "Move the panel inward, or mark intentional off-canvas animation with data-layout-allow-overflow.",
        "containerRect": {
          "left": 0,
          "top": 0,
          "right": 1280,
          "bottom": 720,
          "width": 1280,
          "height": 720
        },
        "overflow": {
          "left": 112.16
        },
        "dataAttributes": {},
        "sourceFile": "compositions/snapcn-count-grid.html",
        "bbox": {
          "x": -112.16,
          "y": 24.61,
          "width": 181.06,
          "height": 220.59
        },
        "firstSeen": 1.306,
        "lastSeen": 1.306,
        "occurrences": 1
      },
      {
        "code": "panel_out_of_canvas",
        "severity": "info",
        "time": 1.306,
        "selector": "#snapcn-count-grid-source-root > div:nth-of-type(1) > div:nth-of-type(1) > div:nth-of-type(16)",
        "message": "Painted panel extends outside the composition canvas.",
        "rect": {
          "left": 1221.77,
          "top": 24.61,
          "right": 1402.83,
          "bottom": 245.2,
          "width": 181.06,
          "height": 220.59
        },
        "containerSelector": "#root",
        "text": "",
        "fixHint": "Move the panel inward, or mark intentional off-canvas animation with data-layout-allow-overflow.",
        "containerRect": {
          "left": 0,
          "top": 0,
          "right": 1280,
          "bottom": 720,
          "width": 1280,
          "height": 720
        },
        "overflow": {
          "right": 122.83
        },
        "dataAttributes": {},
        "sourceFile": "compositions/snapcn-count-grid.html",
        "bbox": {
          "x": 1221.77,
          "y": 24.61,
          "width": 181.06,
          "height": 220.59
        },
        "firstSeen": 1.306,
        "lastSeen": 1.306,
        "occurrences": 1
      },
      {
        "code": "panel_out_of_canvas",
        "severity": "info",
        "time": 1.306,
        "selector": "#snapcn-count-grid-source-root > div:nth-of-type(1) > div:nth-of-type(1) > div:nth-of-type(17)",
        "message": "Painted panel extends outside the composition canvas.",
        "rect": {
          "left": -112.16,
          "top": 257.08,
          "right": 68.91,
          "bottom": 477.67,
          "width": 181.06,
          "height": 220.59
        },
        "containerSelector": "#root",
        "text": "",
        "fixHint": "Move the panel inward, or mark intentional off-canvas animation with data-layout-allow-overflow.",
        "containerRect": {
          "left": 0,
          "top": 0,
          "right": 1280,
          "bottom": 720,
          "width": 1280,
          "height": 720
        },
        "overflow": {
          "left": 112.16
        },
        "dataAttributes": {},
        "sourceFile": "compositions/snapcn-count-grid.html",
        "bbox": {
          "x": -112.16,
          "y": 257.08,
          "width": 181.06,
          "height": 220.59
        },
        "firstSeen": 1.306,
        "lastSeen": 1.306,
        "occurrences": 1
      },
      {
        "code": "panel_out_of_canvas",
        "severity": "info",
        "time": 1.306,
        "selector": "#snapcn-count-grid-source-root > div:nth-of-type(1) > div:nth-of-type(1) > div:nth-of-type(24)",
        "message": "Painted panel extends outside the composition canvas.",
        "rect": {
          "left": 1221.77,
          "top": 257.08,
          "right": 1402.83,
          "bottom": 477.67,
          "width": 181.06,
          "height": 220.59
        },
        "containerSelector": "#root",
        "text": "",
        "fixHint": "Move the panel inward, or mark intentional off-canvas animation with data-layout-allow-overflow.",
        "containerRect": {
          "left": 0,
          "top": 0,
          "right": 1280,
          "bottom": 720,
          "width": 1280,
          "height": 720
        },
        "overflow": {
          "right": 122.83
        },
        "dataAttributes": {},
        "sourceFile": "compositions/snapcn-count-grid.html",
        "bbox": {
          "x": 1221.77,
          "y": 257.08,
          "width": 181.06,
          "height": 220.59
        },
        "firstSeen": 1.306,
        "lastSeen": 1.306,
        "occurrences": 1
      },
      {
        "code": "panel_out_of_canvas",
        "severity": "info",
        "time": 1.306,
        "selector": "#snapcn-count-grid-source-root > div:nth-of-type(1) > div:nth-of-type(1) > div:nth-of-type(25)",
        "message": "Painted panel extends outside the composition canvas.",
        "rect": {
          "left": -112.16,
          "top": 489.55,
          "right": 68.91,
          "bottom": 710.14,
          "width": 181.06,
          "height": 220.59
        },
        "containerSelector": "#root",
        "text": "",
        "fixHint": "Move the panel inward, or mark intentional off-canvas animation with data-layout-allow-overflow.",
        "containerRect": {
          "left": 0,
          "top": 0,
          "right": 1280,
          "bottom": 720,
          "width": 1280,
          "height": 720
        },
        "overflow": {
          "left": 112.16
        },
        "dataAttributes": {},
        "sourceFile": "compositions/snapcn-count-grid.html",
        "bbox": {
          "x": -112.16,
          "y": 489.55,
          "width": 181.06,
          "height": 220.59
        },
        "firstSeen": 1.306,
        "lastSeen": 1.306,
        "occurrences": 1
      },
      {
        "code": "panel_out_of_canvas",
        "severity": "info",
        "time": 1.306,
        "selector": "#snapcn-count-grid-source-root > div:nth-of-type(1) > div:nth-of-type(1) > div:nth-of-type(32)",
        "message": "Painted panel extends outside the composition canvas.",
        "rect": {
          "left": 1221.77,
          "top": 489.55,
          "right": 1402.83,
          "bottom": 710.14,
          "width": 181.06,
          "height": 220.59
        },
        "containerSelector": "#root",
        "text": "",
        "fixHint": "Move the panel inward, or mark intentional off-canvas animation with data-layout-allow-overflow.",
        "containerRect": {
          "left": 0,
          "top": 0,
          "right": 1280,
          "bottom": 720,
          "width": 1280,
          "height": 720
        },
        "overflow": {
          "right": 122.83
        },
        "dataAttributes": {},
        "sourceFile": "compositions/snapcn-count-grid.html",
        "bbox": {
          "x": 1221.77,
          "y": 489.55,
          "width": 181.06,
          "height": 220.59
        },
        "firstSeen": 1.306,
        "lastSeen": 1.306,
        "occurrences": 1
      },
      {
        "code": "escaped_container",
        "severity": "info",
        "time": 1.48,
        "selector": "#snapcn-count-grid-source-root > div:nth-of-type(1) > div:nth-of-type(1) > div:nth-of-type(9)",
        "message": "Positioned element renders far outside its offset parent — its coordinates were likely computed in a different frame (canvas/viewport pixels).",
        "rect": {
          "left": 1173.06,
          "top": -158.59,
          "right": 1338.84,
          "bottom": 43.38,
          "width": 165.78,
          "height": 201.97
        },
        "containerSelector": "#snapcn-count-grid-source-root > div:nth-of-type(1) > div:nth-of-type(1)",
        "text": "",
        "fixHint": "Compute left/top in the offset parent's frame (subtract its rect), or mark intentional placement with data-layout-allow-overflow.",
        "containerRect": {
          "left": 0,
          "top": 0,
          "right": 1280,
          "bottom": 720,
          "width": 1280,
          "height": 720
        },
        "dataAttributes": {},
        "sourceFile": "compositions/snapcn-count-grid.html",
        "bbox": {
          "x": 1173.06,
          "y": -158.59,
          "width": 165.78,
          "height": 201.97
        },
        "firstSeen": 1.48,
        "lastSeen": 1.48,
        "occurrences": 1
      },
      {
        "code": "escaped_container",
        "severity": "info",
        "time": 1.48,
        "selector": "#snapcn-count-grid-source-root > div:nth-of-type(1) > div:nth-of-type(1) > div:nth-of-type(42)",
        "message": "Positioned element renders far outside its offset parent — its coordinates were likely computed in a different frame (canvas/viewport pixels).",
        "rect": {
          "left": -48.23,
          "top": 692.77,
          "right": 117.55,
          "bottom": 894.73,
          "width": 165.78,
          "height": 201.97
        },
        "containerSelector": "#snapcn-count-grid-source-root > div:nth-of-type(1) > div:nth-of-type(1)",
        "text": "",
        "fixHint": "Compute left/top in the offset parent's frame (subtract its rect), or mark intentional placement with data-layout-allow-overflow.",
        "containerRect": {
          "left": 0,
          "top": 0,
          "right": 1280,
          "bottom": 720,
          "width": 1280,
          "height": 720
        },
        "dataAttributes": {},
        "sourceFile": "compositions/snapcn-count-grid.html",
        "bbox": {
          "x": -48.23,
          "y": 692.77,
          "width": 165.78,
          "height": 201.97
        },
        "firstSeen": 1.48,
        "lastSeen": 1.48,
        "occurrences": 1
      },
      {
        "code": "escaped_container",
        "severity": "info",
        "time": 1.48,
        "selector": "#snapcn-count-grid-source-root > div:nth-of-type(1) > div:nth-of-type(1) > div:nth-of-type(43)",
        "message": "Positioned element renders far outside its offset parent — its coordinates were likely computed in a different frame (canvas/viewport pixels).",
        "rect": {
          "left": 126.22,
          "top": 692.77,
          "right": 292,
          "bottom": 894.73,
          "width": 165.78,
          "height": 201.97
        },
        "containerSelector": "#snapcn-count-grid-source-root > div:nth-of-type(1) > div:nth-of-type(1)",
        "text": "",
        "fixHint": "Compute left/top in the offset parent's frame (subtract its rect), or mark intentional placement with data-layout-allow-overflow.",
        "containerRect": {
          "left": 0,
          "top": 0,
          "right": 1280,
          "bottom": 720,
          "width": 1280,
          "height": 720
        },
        "dataAttributes": {},
        "sourceFile": "compositions/snapcn-count-grid.html",
        "bbox": {
          "x": 126.22,
          "y": 692.77,
          "width": 165.78,
          "height": 201.97
        },
        "firstSeen": 1.48,
        "lastSeen": 1.48,
        "occurrences": 1
      },
      {
        "code": "escaped_container",
        "severity": "info",
        "time": 1.48,
        "selector": "#snapcn-count-grid-source-root > div:nth-of-type(1) > div:nth-of-type(1) > div:nth-of-type(44)",
        "message": "Positioned element renders far outside its offset parent — its coordinates were likely computed in a different frame (canvas/viewport pixels).",
        "rect": {
          "left": 300.7,
          "top": 692.77,
          "right": 466.48,
          "bottom": 894.73,
          "width": 165.78,
          "height": 201.97
        },
        "containerSelector": "#snapcn-count-grid-source-root > div:nth-of-type(1) > div:nth-of-type(1)",
        "text": "",
        "fixHint": "Compute left/top in the offset parent's frame (subtract its rect), or mark intentional placement with data-layout-allow-overflow.",
        "containerRect": {
          "left": 0,
          "top": 0,
          "right": 1280,
          "bottom": 720,
          "width": 1280,
          "height": 720
        },
        "dataAttributes": {},
        "sourceFile": "compositions/snapcn-count-grid.html",
        "bbox": {
          "x": 300.7,
          "y": 692.77,
          "width": 165.78,
          "height": 201.97
        },
        "firstSeen": 1.48,
        "lastSeen": 1.48,
        "occurrences": 1
      },
      {
        "code": "escaped_container",
        "severity": "info",
        "time": 1.48,
        "selector": "#snapcn-count-grid-source-root > div:nth-of-type(1) > div:nth-of-type(1) > div:nth-of-type(45)",
        "message": "Positioned element renders far outside its offset parent — its coordinates were likely computed in a different frame (canvas/viewport pixels).",
        "rect": {
          "left": 475.17,
          "top": 692.77,
          "right": 640.95,
          "bottom": 894.73,
          "width": 165.78,
          "height": 201.97
        },
        "containerSelector": "#snapcn-count-grid-source-root > div:nth-of-type(1) > div:nth-of-type(1)",
        "text": "",
        "fixHint": "Compute left/top in the offset parent's frame (subtract its rect), or mark intentional placement with data-layout-allow-overflow.",
        "containerRect": {
          "left": 0,
          "top": 0,
          "right": 1280,
          "bottom": 720,
          "width": 1280,
          "height": 720
        },
        "dataAttributes": {},
        "sourceFile": "compositions/snapcn-count-grid.html",
        "bbox": {
          "x": 475.17,
          "y": 692.77,
          "width": 165.78,
          "height": 201.97
        },
        "firstSeen": 1.48,
        "lastSeen": 1.48,
        "occurrences": 1
      },
      {
        "code": "escaped_container",
        "severity": "info",
        "time": 1.48,
        "selector": "#snapcn-count-grid-source-root > div:nth-of-type(1) > div:nth-of-type(1) > div:nth-of-type(46)",
        "message": "Positioned element renders far outside its offset parent — its coordinates were likely computed in a different frame (canvas/viewport pixels).",
        "rect": {
          "left": 649.64,
          "top": 692.77,
          "right": 815.42,
          "bottom": 894.73,
          "width": 165.78,
          "height": 201.97
        },
        "containerSelector": "#snapcn-count-grid-source-root > div:nth-of-type(1) > div:nth-of-type(1)",
        "text": "",
        "fixHint": "Compute left/top in the offset parent's frame (subtract its rect), or mark intentional placement with data-layout-allow-overflow.",
        "containerRect": {
          "left": 0,
          "top": 0,
          "right": 1280,
          "bottom": 720,
          "width": 1280,
          "height": 720
        },
        "dataAttributes": {},
        "sourceFile": "compositions/snapcn-count-grid.html",
        "bbox": {
          "x": 649.64,
          "y": 692.77,
          "width": 165.78,
          "height": 201.97
        },
        "firstSeen": 1.48,
        "lastSeen": 1.48,
        "occurrences": 1
      },
      {
        "code": "escaped_container",
        "severity": "info",
        "time": 1.48,
        "selector": "#snapcn-count-grid-source-root > div:nth-of-type(1) > div:nth-of-type(1) > div:nth-of-type(47)",
        "message": "Positioned element renders far outside its offset parent — its coordinates were likely computed in a different frame (canvas/viewport pixels).",
        "rect": {
          "left": 824.11,
          "top": 692.77,
          "right": 989.89,
          "bottom": 894.73,
          "width": 165.78,
          "height": 201.97
        },
        "containerSelector": "#snapcn-count-grid-source-root > div:nth-of-type(1) > div:nth-of-type(1)",
        "text": "",
        "fixHint": "Compute left/top in the offset parent's frame (subtract its rect), or mark intentional placement with data-layout-allow-overflow.",
        "containerRect": {
          "left": 0,
          "top": 0,
          "right": 1280,
          "bottom": 720,
          "width": 1280,
          "height": 720
        },
        "dataAttributes": {},
        "sourceFile": "compositions/snapcn-count-grid.html",
        "bbox": {
          "x": 824.11,
          "y": 692.77,
          "width": 165.78,
          "height": 201.97
        },
        "firstSeen": 1.48,
        "lastSeen": 1.48,
        "occurrences": 1
      },
      {
        "code": "escaped_container",
        "severity": "info",
        "time": 1.48,
        "selector": "#snapcn-count-grid-source-root > div:nth-of-type(1) > div:nth-of-type(1) > div:nth-of-type(48)",
        "message": "Positioned element renders far outside its offset parent — its coordinates were likely computed in a different frame (canvas/viewport pixels).",
        "rect": {
          "left": 998.58,
          "top": 692.77,
          "right": 1164.36,
          "bottom": 894.73,
          "width": 165.78,
          "height": 201.97
        },
        "containerSelector": "#snapcn-count-grid-source-root > div:nth-of-type(1) > div:nth-of-type(1)",
        "text": "",
        "fixHint": "Compute left/top in the offset parent's frame (subtract its rect), or mark intentional placement with data-layout-allow-overflow.",
        "containerRect": {
          "left": 0,
          "top": 0,
          "right": 1280,
          "bottom": 720,
          "width": 1280,
          "height": 720
        },
        "dataAttributes": {},
        "sourceFile": "compositions/snapcn-count-grid.html",
        "bbox": {
          "x": 998.58,
          "y": 692.77,
          "width": 165.78,
          "height": 201.97
        },
        "firstSeen": 1.48,
        "lastSeen": 1.48,
        "occurrences": 1
      },
      {
        "code": "escaped_container",
        "severity": "info",
        "time": 1.48,
        "selector": "#snapcn-count-grid-source-root > div:nth-of-type(1) > div:nth-of-type(1) > div:nth-of-type(49)",
        "message": "Positioned element renders far outside its offset parent — its coordinates were likely computed in a different frame (canvas/viewport pixels).",
        "rect": {
          "left": 1173.06,
          "top": 692.77,
          "right": 1338.84,
          "bottom": 894.73,
          "width": 165.78,
          "height": 201.97
        },
        "containerSelector": "#snapcn-count-grid-source-root > div:nth-of-type(1) > div:nth-of-type(1)",
        "text": "",
        "fixHint": "Compute left/top in the offset parent's frame (subtract its rect), or mark intentional placement with data-layout-allow-overflow.",
        "containerRect": {
          "left": 0,
          "top": 0,
          "right": 1280,
          "bottom": 720,
          "width": 1280,
          "height": 720
        },
        "dataAttributes": {},
        "sourceFile": "compositions/snapcn-count-grid.html",
        "bbox": {
          "x": 1173.06,
          "y": 692.77,
          "width": 165.78,
          "height": 201.97
        },
        "firstSeen": 1.48,
        "lastSeen": 1.48,
        "occurrences": 1
      },
      {
        "code": "panel_out_of_canvas",
        "severity": "info",
        "time": 1.48,
        "selector": "#snapcn-count-grid-source-root > div:nth-of-type(1) > div:nth-of-type(1) > div:nth-of-type(12)",
        "message": "Painted panel extends outside the composition canvas.",
        "rect": {
          "left": -48.23,
          "top": 54.23,
          "right": 117.55,
          "bottom": 256.2,
          "width": 165.78,
          "height": 201.97
        },
        "containerSelector": "#root",
        "text": "",
        "fixHint": "Move the panel inward, or mark intentional off-canvas animation with data-layout-allow-overflow.",
        "containerRect": {
          "left": 0,
          "top": 0,
          "right": 1280,
          "bottom": 720,
          "width": 1280,
          "height": 720
        },
        "overflow": {
          "left": 48.23
        },
        "dataAttributes": {},
        "sourceFile": "compositions/snapcn-count-grid.html",
        "bbox": {
          "x": -48.23,
          "y": 54.23,
          "width": 165.78,
          "height": 201.97
        },
        "firstSeen": 1.48,
        "lastSeen": 1.48,
        "occurrences": 1
      },
      {
        "code": "panel_out_of_canvas",
        "severity": "info",
        "time": 1.48,
        "selector": "#snapcn-count-grid-source-root > div:nth-of-type(1) > div:nth-of-type(1) > div:nth-of-type(19)",
        "message": "Painted panel extends outside the composition canvas.",
        "rect": {
          "left": 1173.06,
          "top": 54.23,
          "right": 1338.84,
          "bottom": 256.2,
          "width": 165.78,
          "height": 201.97
        },
        "containerSelector": "#root",
        "text": "",
        "fixHint": "Move the panel inward, or mark intentional off-canvas animation with data-layout-allow-overflow.",
        "containerRect": {
          "left": 0,
          "top": 0,
          "right": 1280,
          "bottom": 720,
          "width": 1280,
          "height": 720
        },
        "overflow": {
          "right": 58.84
        },
        "dataAttributes": {},
        "sourceFile": "compositions/snapcn-count-grid.html",
        "bbox": {
          "x": 1173.06,
          "y": 54.23,
          "width": 165.78,
          "height": 201.97
        },
        "firstSeen": 1.48,
        "lastSeen": 1.48,
        "occurrences": 1
      },
      {
        "code": "panel_out_of_canvas",
        "severity": "info",
        "time": 1.48,
        "selector": "#snapcn-count-grid-source-root > div:nth-of-type(1) > div:nth-of-type(1) > div:nth-of-type(22)",
        "message": "Painted panel extends outside the composition canvas.",
        "rect": {
          "left": -48.23,
          "top": 267.08,
          "right": 117.55,
          "bottom": 469.05,
          "width": 165.78,
          "height": 201.97
        },
        "containerSelector": "#root",
        "text": "",
        "fixHint": "Move the panel inward, or mark intentional off-canvas animation with data-layout-allow-overflow.",
        "containerRect": {
          "left": 0,
          "top": 0,
          "right": 1280,
          "bottom": 720,
          "width": 1280,
          "height": 720
        },
        "overflow": {
          "left": 48.23
        },
        "dataAttributes": {},
        "sourceFile": "compositions/snapcn-count-grid.html",
        "bbox": {
          "x": -48.23,
          "y": 267.08,
          "width": 165.78,
          "height": 201.97
        },
        "firstSeen": 1.48,
        "lastSeen": 1.48,
        "occurrences": 1
      },
      {
        "code": "panel_out_of_canvas",
        "severity": "info",
        "time": 1.48,
        "selector": "#snapcn-count-grid-source-root > div:nth-of-type(1) > div:nth-of-type(1) > div:nth-of-type(29)",
        "message": "Painted panel extends outside the composition canvas.",
        "rect": {
          "left": 1173.06,
          "top": 267.08,
          "right": 1338.84,
          "bottom": 469.05,
          "width": 165.78,
          "height": 201.97
        },
        "containerSelector": "#root",
        "text": "",
        "fixHint": "Move the panel inward, or mark intentional off-canvas animation with data-layout-allow-overflow.",
        "containerRect": {
          "left": 0,
          "top": 0,
          "right": 1280,
          "bottom": 720,
          "width": 1280,
          "height": 720
        },
        "overflow": {
          "right": 58.84
        },
        "dataAttributes": {},
        "sourceFile": "compositions/snapcn-count-grid.html",
        "bbox": {
          "x": 1173.06,
          "y": 267.08,
          "width": 165.78,
          "height": 201.97
        },
        "firstSeen": 1.48,
        "lastSeen": 1.48,
        "occurrences": 1
      },
      {
        "code": "panel_out_of_canvas",
        "severity": "info",
        "time": 1.48,
        "selector": "#snapcn-count-grid-source-root > div:nth-of-type(1) > div:nth-of-type(1) > div:nth-of-type(32)",
        "message": "Painted panel extends outside the composition canvas.",
        "rect": {
          "left": -48.23,
          "top": 479.92,
          "right": 117.55,
          "bottom": 681.89,
          "width": 165.78,
          "height": 201.97
        },
        "containerSelector": "#root",
        "text": "",
        "fixHint": "Move the panel inward, or mark intentional off-canvas animation with data-layout-allow-overflow.",
        "containerRect": {
          "left": 0,
          "top": 0,
          "right": 1280,
          "bottom": 720,
          "width": 1280,
          "height": 720
        },
        "overflow": {
          "left": 48.23
        },
        "dataAttributes": {},
        "sourceFile": "compositions/snapcn-count-grid.html",
        "bbox": {
          "x": -48.23,
          "y": 479.92,
          "width": 165.78,
          "height": 201.97
        },
        "firstSeen": 1.48,
        "lastSeen": 1.48,
        "occurrences": 1
      },
      {
        "code": "panel_out_of_canvas",
        "severity": "info",
        "time": 1.48,
        "selector": "#snapcn-count-grid-source-root > div:nth-of-type(1) > div:nth-of-type(1) > div:nth-of-type(39)",
        "message": "Painted panel extends outside the composition canvas.",
        "rect": {
          "left": 1173.06,
          "top": 479.92,
          "right": 1338.84,
          "bottom": 681.89,
          "width": 165.78,
          "height": 201.97
        },
        "containerSelector": "#root",
        "text": "",
        "fixHint": "Move the panel inward, or mark intentional off-canvas animation with data-layout-allow-overflow.",
        "containerRect": {
          "left": 0,
          "top": 0,
          "right": 1280,
          "bottom": 720,
          "width": 1280,
          "height": 720
        },
        "overflow": {
          "right": 58.84
        },
        "dataAttributes": {},
        "sourceFile": "compositions/snapcn-count-grid.html",
        "bbox": {
          "x": 1173.06,
          "y": 479.92,
          "width": 165.78,
          "height": 201.97
        },
        "firstSeen": 1.48,
        "lastSeen": 1.48,
        "occurrences": 1
      }
    ],
    "duration": 1.5666666666666667,
    "samples": [
      0.087,
      0.261,
      0.435,
      0.609,
      0.783,
      0.957,
      1.131,
      1.306,
      1.48
    ],
    "transitionSamples": [],
    "transitionSamplesDropped": 0,
    "tolerance": 2,
    "totalIssueCount": 44,
    "truncated": false
  },
  "motion": {
    "ok": true,
    "errorCount": 0,
    "warningCount": 0,
    "infoCount": 0,
    "findings": [],
    "enabled": false,
    "samples": 0
  },
  "contrast": {
    "ok": true,
    "errorCount": 0,
    "warningCount": 0,
    "infoCount": 0,
    "findings": [],
    "enabled": true,
    "samples": [
      0.087,
      0.435,
      0.783,
      1.131,
      1.48
    ],
    "checked": 0,
    "passed": 0
  },
  "snapshots": {
    "enabled": false,
    "files": [],
    "times": [],
    "findingFiles": []
  },
  "_meta": {
    "version": "0.8.30",
    "latestVersion": "0.8.30",
    "updateAvailable": false
  }
}
