[hyperframes] browserGpuMode probe → hardware (WebGL renderer vendor="Google Inc. (NVIDIA Corporation)" renderer="ANGLE (NVIDIA Corporation, NVIDIA GeForce RTX 5060/PCIe/SSE2, OpenGL ES 3.2)")
{
  "ok": true,
  "strict": false,
  "lint": {
    "ok": true,
    "errorCount": 0,
    "warningCount": 0,
    "infoCount": 0,
    "findings": [],
    "filesScanned": 2
  },
  "runtime": {
    "ok": true,
    "errorCount": 0,
    "warningCount": 0,
    "infoCount": 0,
    "findings": []
  },
  "layout": {
    "ok": true,
    "errorCount": 0,
    "warningCount": 5,
    "infoCount": 3,
    "findings": [
      {
        "code": "content_overlap",
        "severity": "warning",
        "time": 1.915,
        "selector": "#snapcn-type-morph-source-root > div:nth-of-type(1) > div:nth-of-type(2) > span:nth-of-type(2)",
        "message": "Two text blocks overlap and may render unreadable.",
        "rect": {
          "left": 569.7,
          "top": 317.44,
          "right": 622.84,
          "bottom": 427.44,
          "width": 53.14,
          "height": 110
        },
        "containerSelector": "#snapcn-type-morph-source-root > div:nth-of-type(1) > div:nth-of-type(2) > span:nth-of-type(15)",
        "text": "u",
        "fixHint": "Give each block its own zone, or mark intentional layering with data-layout-allow-overlap.",
        "dataAttributes": {},
        "sourceFile": "compositions/snapcn-type-morph.html",
        "bbox": {
          "x": 569.7,
          "y": 317.44,
          "width": 53.14,
          "height": 110
        },
        "firstSeen": 1.915,
        "lastSeen": 1.928,
        "occurrences": 2
      },
      {
        "code": "content_overlap",
        "severity": "warning",
        "time": 1.915,
        "selector": "#snapcn-type-morph-source-root > div:nth-of-type(1) > div:nth-of-type(2) > span:nth-of-type(3)",
        "message": "Two text blocks overlap and may render unreadable.",
        "rect": {
          "left": 688.7,
          "top": 317.44,
          "right": 738.75,
          "bottom": 427.44,
          "width": 50.05,
          "height": 110
        },
        "containerSelector": "#snapcn-type-morph-source-root > div:nth-of-type(1) > div:nth-of-type(2) > span:nth-of-type(9)",
        "text": "c",
        "fixHint": "Give each block its own zone, or mark intentional layering with data-layout-allow-overlap.",
        "dataAttributes": {},
        "sourceFile": "compositions/snapcn-type-morph.html",
        "bbox": {
          "x": 688.7,
          "y": 317.44,
          "width": 50.05,
          "height": 110
        },
        "firstSeen": 1.915,
        "lastSeen": 1.928,
        "occurrences": 2
      },
      {
        "code": "content_overlap",
        "severity": "warning",
        "time": 1.915,
        "selector": "#snapcn-type-morph-source-root > div:nth-of-type(1) > div:nth-of-type(2) > span:nth-of-type(4)",
        "message": "Two text blocks overlap and may render unreadable.",
        "rect": {
          "left": 736.7,
          "top": 317.44,
          "right": 786.05,
          "bottom": 427.44,
          "width": 49.34,
          "height": 110
        },
        "containerSelector": "#snapcn-type-morph-source-root > div:nth-of-type(1) > div:nth-of-type(2) > span:nth-of-type(9)",
        "text": "a",
        "fixHint": "Give each block its own zone, or mark intentional layering with data-layout-allow-overlap.",
        "dataAttributes": {},
        "sourceFile": "compositions/snapcn-type-morph.html",
        "bbox": {
          "x": 736.7,
          "y": 317.44,
          "width": 49.34,
          "height": 110
        },
        "firstSeen": 1.915,
        "lastSeen": 1.928,
        "occurrences": 2
      },
      {
        "code": "content_overlap",
        "severity": "warning",
        "time": 1.915,
        "selector": "#snapcn-type-morph-source-root > div:nth-of-type(1) > div:nth-of-type(2) > span:nth-of-type(11)",
        "message": "Two text blocks overlap and may render unreadable.",
        "rect": {
          "left": 665.23,
          "top": 317.44,
          "right": 686.58,
          "bottom": 427.44,
          "width": 21.34,
          "height": 110
        },
        "containerSelector": "#snapcn-type-morph-source-root > div:nth-of-type(1) > div:nth-of-type(2) > span:nth-of-type(12)",
        "text": "i",
        "fixHint": "Give each block its own zone, or mark intentional layering with data-layout-allow-overlap.",
        "dataAttributes": {},
        "sourceFile": "compositions/snapcn-type-morph.html",
        "bbox": {
          "x": 665.23,
          "y": 317.44,
          "width": 21.34,
          "height": 110
        },
        "firstSeen": 1.915,
        "lastSeen": 2.049,
        "occurrences": 3
      },
      {
        "code": "content_overlap",
        "severity": "warning",
        "time": 1.915,
        "selector": "#snapcn-type-morph-source-root > div:nth-of-type(1) > div:nth-of-type(2) > span:nth-of-type(12)",
        "message": "Two text blocks overlap and may render unreadable.",
        "rect": {
          "left": 633.34,
          "top": 317.44,
          "right": 686.48,
          "bottom": 427.44,
          "width": 53.14,
          "height": 110
        },
        "containerSelector": "#snapcn-type-morph-source-root > div:nth-of-type(1) > div:nth-of-type(2) > span:nth-of-type(15)",
        "text": "n",
        "fixHint": "Give each block its own zone, or mark intentional layering with data-layout-allow-overlap.",
        "dataAttributes": {},
        "sourceFile": "compositions/snapcn-type-morph.html",
        "bbox": {
          "x": 633.34,
          "y": 317.44,
          "width": 53.14,
          "height": 110
        },
        "firstSeen": 1.915,
        "lastSeen": 1.928,
        "occurrences": 2
      },
      {
        "code": "content_overlap",
        "severity": "info",
        "time": 2.049,
        "selector": "#snapcn-type-morph-source-root > div:nth-of-type(1) > div:nth-of-type(2) > span:nth-of-type(9)",
        "message": "Two text blocks overlap and may render unreadable.",
        "rect": {
          "left": 565.05,
          "top": 317.44,
          "right": 595,
          "bottom": 427.44,
          "width": 29.95,
          "height": 110
        },
        "containerSelector": "#snapcn-type-morph-source-root > div:nth-of-type(1) > div:nth-of-type(2) > span:nth-of-type(10)",
        "text": "t",
        "fixHint": "Give each block its own zone, or mark intentional layering with data-layout-allow-overlap.",
        "dataAttributes": {},
        "sourceFile": "compositions/snapcn-type-morph.html",
        "bbox": {
          "x": 565.05,
          "y": 317.44,
          "width": 29.95,
          "height": 110
        },
        "firstSeen": 2.049,
        "lastSeen": 2.049,
        "occurrences": 1
      },
      {
        "code": "content_overlap",
        "severity": "info",
        "time": 2.049,
        "selector": "#snapcn-type-morph-source-root > div:nth-of-type(1) > div:nth-of-type(2) > span:nth-of-type(13)",
        "message": "Two text blocks overlap and may render unreadable.",
        "rect": {
          "left": 678.61,
          "top": 317.44,
          "right": 732.58,
          "bottom": 427.44,
          "width": 53.97,
          "height": 110
        },
        "containerSelector": "#snapcn-type-morph-source-root > div:nth-of-type(1) > div:nth-of-type(2) > span:nth-of-type(15)",
        "text": "g",
        "fixHint": "Give each block its own zone, or mark intentional layering with data-layout-allow-overlap.",
        "dataAttributes": {},
        "sourceFile": "compositions/snapcn-type-morph.html",
        "bbox": {
          "x": 678.61,
          "y": 317.44,
          "width": 53.97,
          "height": 110
        },
        "firstSeen": 2.049,
        "lastSeen": 2.049,
        "occurrences": 1
      },
      {
        "code": "content_overlap",
        "severity": "info",
        "time": 2.049,
        "selector": "#snapcn-type-morph-source-root > div:nth-of-type(1) > div:nth-of-type(2) > span:nth-of-type(18)",
        "message": "Two text blocks overlap and may render unreadable.",
        "rect": {
          "left": 911.61,
          "top": 317.44,
          "right": 962.31,
          "bottom": 427.44,
          "width": 50.7,
          "height": 110
        },
        "containerSelector": "#snapcn-type-morph-source-root > div:nth-of-type(1) > div:nth-of-type(2) > span:nth-of-type(19)",
        "text": "e",
        "fixHint": "Give each block its own zone, or mark intentional layering with data-layout-allow-overlap.",
        "dataAttributes": {},
        "sourceFile": "compositions/snapcn-type-morph.html",
        "bbox": {
          "x": 911.61,
          "y": 317.44,
          "width": 50.7,
          "height": 110
        },
        "firstSeen": 2.049,
        "lastSeen": 2.049,
        "occurrences": 1
      }
    ],
    "duration": 3.1333333333333333,
    "samples": [
      0.174,
      0.522,
      0.87,
      1.219,
      1.567,
      1.915,
      2.263,
      2.611,
      2.959
    ],
    "transitionSamples": [],
    "transitionSamplesDropped": 0,
    "tolerance": 2,
    "totalIssueCount": 8,
    "truncated": false
  },
  "motion": {
    "ok": true,
    "errorCount": 0,
    "warningCount": 0,
    "infoCount": 0,
    "findings": [],
    "enabled": false,
    "samples": 0
  },
  "contrast": {
    "ok": true,
    "errorCount": 0,
    "warningCount": 0,
    "infoCount": 0,
    "findings": [],
    "enabled": true,
    "samples": [
      0.174,
      0.87,
      1.567,
      2.263,
      2.959
    ],
    "checked": 36,
    "passed": 36
  },
  "snapshots": {
    "enabled": false,
    "files": [],
    "times": [],
    "findingFiles": []
  },
  "_meta": {
    "version": "0.8.30",
    "latestVersion": "0.8.30",
    "updateAvailable": false
  }
}
