
◆  Rendering installed → <project>/.work/verify-remocn-lossless/context-menu/hyperframes-frames
   30fps · high · 1 workers
   GPU: browser GPU (forced)

[?25l│
◇  Browser: env
[?25h[INFO] [Render] Pipeline started {"renderJobId":"f2034db1-0c69-4cb4-ae04-1a2a7a4ff902","platform":"linux","arch":"x64","nodeVersion":"v26.11.1","fps":{"num":30,"den":1},"format":"png-sequence","quality":"high","browserGpuMode":"hardware","forceScreenshot":false,"protocolTimeout":300000,"browserTimeout":120000,"pageNavigationTimeout":60000,"playerReadyTimeout":45000}
[INFO] [Render:trace] {"renderJobId":"f2034db1-0c69-4cb4-ae04-1a2a7a4ff902","phase":"pipeline","status":"checkpoint","elapsedMs":2,"message":"started","format":"png-sequence","quality":"high","browserGpuMode":"hardware","forceScreenshot":false,"protocolTimeoutMs":300000,"pageNavigationTimeoutMs":60000,"playerReadyTimeoutMs":45000,"requestedWorkers":1}
[INFO] [Render:trace] {"renderJobId":"f2034db1-0c69-4cb4-ae04-1a2a7a4ff902","phase":"compile","status":"start","elapsedMs":3,"needsAlpha":true}
  █░░░░░░░░░░░░░░░░░░░░░░░░  5%  Compiling composition
[INFO] [Compiler] Inlined CDN script: https://cdn.jsdelivr.net/npm/gsap@3.14.2/dist/gsap.min.js
[INFO] [Compiler] Embedded local font file: assets/fonts/Geist-Latin.woff2 (29 KB → data URI)
[INFO] Compiled composition metadata {"renderJobId":"f2034db1-0c69-4cb4-ae04-1a2a7a4ff902","entryFile":"index.html","staticDuration":4.5,"width":1280,"height":720,"videoCount":0,"audioCount":0,"renderModeHints":{"recommendScreenshot":false,"reasons":[]}}
[INFO] [Render:trace] {"renderJobId":"f2034db1-0c69-4cb4-ae04-1a2a7a4ff902","phase":"compile","status":"end","elapsedMs":152,"durationMs":148,"needsAlpha":true}
[INFO] [Render:trace] {"renderJobId":"f2034db1-0c69-4cb4-ae04-1a2a7a4ff902","phase":"compile","status":"checkpoint","elapsedMs":153,"message":"composition metadata resolved","width":1280,"height":720,"videoCount":0,"audioCount":0,"imageCount":0,"deviceScaleFactor":1,"forceScreenshot":true,"compositionHash":"6e6f0cc4da7bc141"}
[INFO] [Render:trace] {"renderJobId":"f2034db1-0c69-4cb4-ae04-1a2a7a4ff902","phase":"browser_probe","status":"start","elapsedMs":153,"forceScreenshot":true,"stagePhase":"calibrating"}
[INFO] [Render:trace] {"renderJobId":"f2034db1-0c69-4cb4-ae04-1a2a7a4ff902","phase":"browser_probe","status":"end","elapsedMs":271,"durationMs":118,"forceScreenshot":true,"stagePhase":"calibrating"}
[INFO] [Render:trace] {"renderJobId":"f2034db1-0c69-4cb4-ae04-1a2a7a4ff902","phase":"browser_probe","status":"checkpoint","elapsedMs":271,"message":"duration resolved","durationSeconds":4.5,"totalFrames":135,"compositionHash":"6e6f0cc4da7bc141","beginFrameStalled":false}
[INFO] [Render:trace] {"renderJobId":"f2034db1-0c69-4cb4-ae04-1a2a7a4ff902","phase":"video_extract","status":"start","elapsedMs":272,"videoCount":0}
  ██░░░░░░░░░░░░░░░░░░░░░░░  10%  Extracting video frames
[INFO] [Render:trace] {"renderJobId":"f2034db1-0c69-4cb4-ae04-1a2a7a4ff902","phase":"video_extract","status":"end","elapsedMs":272,"durationMs":0,"videoCount":0}
[INFO] [Render:trace] {"renderJobId":"f2034db1-0c69-4cb4-ae04-1a2a7a4ff902","phase":"video_extract","status":"checkpoint","elapsedMs":273,"message":"frames resolved","videoCount":0,"extractedVideoCount":0,"totalFramesExtracted":0,"maxFramesPerVideo":0,"avgFramesPerExtractedVideo":null,"vfrPreflightCount":null,"vfrPreflightMs":null,"cacheHits":null,"cacheMisses":null,"transientRetries":null,"minVideoFrameCoverageRatio":null,"authoredTimedClipCount":3}
[INFO] [Render] No HDR sources detected — rendering SDR {"renderJobId":"f2034db1-0c69-4cb4-ae04-1a2a7a4ff902"}
[INFO] [Render:trace] {"renderJobId":"f2034db1-0c69-4cb4-ae04-1a2a7a4ff902","phase":"hdr_detection","status":"checkpoint","elapsedMs":274,"message":"resolved","requestedHdrMode":"auto","effectiveHdr":"sdr","nativeHdrVideoCount":0,"nativeHdrImageCount":0}
[INFO] [Render:trace] {"renderJobId":"f2034db1-0c69-4cb4-ae04-1a2a7a4ff902","phase":"audio_process","status":"start","elapsedMs":274,"audioCount":0}
[INFO] [Render:trace] {"renderJobId":"f2034db1-0c69-4cb4-ae04-1a2a7a4ff902","phase":"audio_process","status":"end","elapsedMs":274,"durationMs":0,"audioCount":0}
  █████░░░░░░░░░░░░░░░░░░░░  20%  Processing audio tracks
[INFO] [Render:trace] {"renderJobId":"f2034db1-0c69-4cb4-ae04-1a2a7a4ff902","phase":"file_server","status":"start","elapsedMs":274,"reused":false}
  ██████░░░░░░░░░░░░░░░░░░░  25%  Starting frame capture
[INFO] [Render:trace] {"renderJobId":"f2034db1-0c69-4cb4-ae04-1a2a7a4ff902","phase":"file_server","status":"end","elapsedMs":280,"durationMs":3}
  ██████░░░░░░░░░░░░░░░░░░░  25%  Checking browser GPU
[hyperframes] browserGpuMode probe → hardware (WebGL renderer vendor="Google Inc. (NVIDIA Corporation)" renderer="ANGLE (NVIDIA Corporation, NVIDIA GeForce RTX 5060/PCIe/SSE2, OpenGL ES 3.2)")
[INFO] [Render:trace] {"renderJobId":"f2034db1-0c69-4cb4-ae04-1a2a7a4ff902","phase":"capture_calibration","status":"checkpoint","elapsedMs":750,"message":"skipped","requestedWorkers":1,"totalFrames":135,"htmlInCanvasDetected":false,"lowMemoryMode":false,"deInversionEligible":false,"deParallelRouterEligible":false}
[INFO] [Render:trace] {"renderJobId":"f2034db1-0c69-4cb4-ae04-1a2a7a4ff902","phase":"worker_resolution","status":"checkpoint","elapsedMs":751,"message":"resolved","workerCount":1}
[INFO] streaming-encode gate {"renderJobId":"f2034db1-0c69-4cb4-ae04-1a2a7a4ff902","enabled":false,"reason":"format_excluded","configFlag":true,"durationCapEnabled":false,"outputFormat":"png-sequence","workerCount":1,"durationSeconds":4.5,"maxDurationSeconds":240}
[INFO] [Render:trace] {"renderJobId":"f2034db1-0c69-4cb4-ae04-1a2a7a4ff902","phase":"capture_strategy","status":"checkpoint","elapsedMs":751,"message":"resolved","workerCount":1,"forceScreenshot":true,"captureBeyondViewport":null,"useStreamingEncode":false,"useLayeredComposite":false,"usePageSideCompositing":false,"hasHdrContent":false,"hasShaderTransitions":false,"isPngSequence":true}
[INFO] [Render:trace] {"renderJobId":"f2034db1-0c69-4cb4-ae04-1a2a7a4ff902","phase":"capture_disk","status":"start","elapsedMs":752,"stagePhase":"capturing","needsAlpha":true,"workerCount":1,"forceScreenshot":true,"totalFrames":135,"framesCompleted":0,"captureMode":"screenshot","captureOperation":"captureScreenshot"}
[BrowserManager] Browser launched (HeadlessChrome/152.0.7977.42, screenshot, gl=--use-gl=angle --use-angle=gl-egl, headlessShell=true, platform=linux)
[initSession:screenshot] page.goto start (0ms)
[HyperFrames] render runtime fps {"canonicalFps":30,"source":"render-options","rawFpsSource":"render-options","rawFps":30}
[initSession:screenshot] page.goto complete (143ms)
[initSession:screenshot] GSAP proxy flush complete (147ms)
[initSession:screenshot] pollHfReady complete (258ms)
[initSession:screenshot] pollSubCompositionTimelines complete (ready) (259ms)
[initSession:screenshot] applyVideoMetadataHints complete (259ms)
[initSession:screenshot] media + fonts + tailwind ready (261ms)
[initSession:screenshot] static-frame dedup: disabled (eligible) (267ms)
  ██████░░░░░░░░░░░░░░░░░░░  25%  Capturing frame 1/135
  ███████░░░░░░░░░░░░░░░░░░  28%  Capturing frame 8/135
  ███████░░░░░░░░░░░░░░░░░░  30%  Capturing frame 15/135
  ████████░░░░░░░░░░░░░░░░░  32%  Capturing frame 21/135
  ████████░░░░░░░░░░░░░░░░░  34%  Capturing frame 27/135
  █████████░░░░░░░░░░░░░░░░  36%  Capturing frame 33/135
  █████████░░░░░░░░░░░░░░░░  38%  Capturing frame 40/135
  ██████████░░░░░░░░░░░░░░░  40%  Capturing frame 46/135
  ██████████░░░░░░░░░░░░░░░  42%  Capturing frame 52/135
  ███████████░░░░░░░░░░░░░░  45%  Capturing frame 59/135
  ███████████░░░░░░░░░░░░░░  47%  Capturing frame 65/135
  ████████████░░░░░░░░░░░░░  49%  Capturing frame 72/135
  ████████████░░░░░░░░░░░░░  51%  Capturing frame 78/135
  █████████████░░░░░░░░░░░░  53%  Capturing frame 84/135
  █████████████░░░░░░░░░░░░  55%  Capturing frame 90/135
  ██████████████░░░░░░░░░░░  57%  Capturing frame 97/135
  ██████████████░░░░░░░░░░░  59%  Capturing frame 103/135
  ███████████████░░░░░░░░░░  62%  Capturing frame 110/135
  ████████████████░░░░░░░░░  64%  Capturing frame 117/135
  ████████████████░░░░░░░░░  66%  Capturing frame 124/135
  █████████████████░░░░░░░░  69%  Capturing frame 131/135
  █████████████████░░░░░░░░  70%  Capturing frame 135/135
[INFO] [Render:trace] {"renderJobId":"f2034db1-0c69-4cb4-ae04-1a2a7a4ff902","phase":"capture_disk","status":"end","elapsedMs":6673,"durationMs":5921,"stagePhase":"capturing","needsAlpha":true,"workerCount":1,"forceScreenshot":true,"totalFrames":135,"framesCompleted":135,"captureMode":"screenshot","captureOperation":"encode"}
[INFO] [Render:trace] {"renderJobId":"f2034db1-0c69-4cb4-ae04-1a2a7a4ff902","phase":"encode","status":"start","elapsedMs":6673,"stagePhase":"capturing","hasAudio":false,"isPngSequence":true,"isGif":false,"chunkedEncode":false,"workerCount":1,"forceScreenshot":true,"totalFrames":135,"framesCompleted":135,"captureMode":"screenshot","captureOperation":"encode"}
  ██████████████████░░░░░░░  75%  Writing PNG sequence
[INFO] [Render:trace] {"renderJobId":"f2034db1-0c69-4cb4-ae04-1a2a7a4ff902","phase":"encode","status":"end","elapsedMs":6680,"durationMs":7,"stagePhase":"capturing","hasAudio":false,"isPngSequence":true,"isGif":false,"chunkedEncode":false,"workerCount":1,"forceScreenshot":true,"totalFrames":135,"framesCompleted":135,"captureMode":"screenshot","captureOperation":"encode"}
[INFO] [Render:trace] {"renderJobId":"f2034db1-0c69-4cb4-ae04-1a2a7a4ff902","phase":"assemble","status":"checkpoint","elapsedMs":6680,"message":"skipped for png-sequence"}
[INFO] [Render:trace] {"renderJobId":"f2034db1-0c69-4cb4-ae04-1a2a7a4ff902","phase":"pipeline","status":"checkpoint","elapsedMs":6698,"message":"artifact validated","totalElapsedMs":6697}
  █████████████████████████  100%  Render complete

◇  <project>/.work/verify-remocn-lossless/context-menu/hyperframes-frames
   1.4 MB · 135 frames · rendered in 6.7s
   screenshot capture · hardware gpu · compile 0.3s · extract 0.0s · audio 0.0s · probe 0.1s · setup 0.5s · capture 5.9s · encode 0.0s
