[hyperframes] browserGpuMode probe → hardware (WebGL renderer vendor="Google Inc. (NVIDIA Corporation)" renderer="ANGLE (NVIDIA Corporation, NVIDIA GeForce RTX 5060/PCIe/SSE2, OpenGL ES 3.2)")
{
  "ok": true,
  "strict": false,
  "lint": {
    "ok": true,
    "errorCount": 0,
    "warningCount": 0,
    "infoCount": 0,
    "findings": [],
    "filesScanned": 2
  },
  "runtime": {
    "ok": true,
    "errorCount": 0,
    "warningCount": 0,
    "infoCount": 0,
    "findings": []
  },
  "layout": {
    "ok": true,
    "errorCount": 0,
    "warningCount": 0,
    "infoCount": 0,
    "findings": [],
    "duration": 6,
    "samples": [
      0.333,
      1,
      1.667,
      2.333,
      3,
      3.667,
      4.333,
      5,
      5.667
    ],
    "transitionSamples": [],
    "transitionSamplesDropped": 0,
    "tolerance": 2,
    "totalIssueCount": 0,
    "truncated": false
  },
  "motion": {
    "ok": true,
    "errorCount": 0,
    "warningCount": 0,
    "infoCount": 0,
    "findings": [],
    "enabled": false,
    "samples": 0
  },
  "contrast": {
    "ok": true,
    "errorCount": 0,
    "warningCount": 1,
    "infoCount": 0,
    "findings": [
      {
        "code": "contrast_aa_failure",
        "severity": "warning",
        "message": "Contrast is 2.7:1; WCAG AA requires 4.5:1.",
        "text": "then",
        "fg": "rgb(142,142,137)",
        "bg": "rgb(233,233,229)",
        "ratio": 2.7,
        "requiredRatio": 4.5,
        "suggestedColor": "rgb(105,105,102)",
        "large": false,
        "selector": "div > div > div > div > div > div > div > div:nth-of-type(1)",
        "dataAttributes": {},
        "sourceFile": "compositions/keystroke.html",
        "bbox": {
          "x": 609.609375,
          "y": 587.1875,
          "width": 60.796875,
          "height": 53.75
        },
        "time": 3
      }
    ],
    "enabled": true,
    "samples": [
      0.333,
      1.667,
      3,
      4.333,
      5.667
    ],
    "checked": 6,
    "passed": 5
  },
  "snapshots": {
    "enabled": false,
    "files": [],
    "times": [],
    "findingFiles": []
  },
  "_meta": {
    "version": "0.8.30",
    "latestVersion": "0.8.87",
    "updateAvailable": true
  }
}
