[hyperframes] browserGpuMode probe → hardware (WebGL renderer vendor="Google Inc. (NVIDIA Corporation)" renderer="ANGLE (NVIDIA Corporation, NVIDIA GeForce RTX 5060/PCIe/SSE2, OpenGL ES 3.2)")
{
  "ok": true,
  "strict": false,
  "lint": {
    "ok": true,
    "errorCount": 0,
    "warningCount": 0,
    "infoCount": 0,
    "findings": [],
    "filesScanned": 2
  },
  "runtime": {
    "ok": true,
    "errorCount": 0,
    "warningCount": 0,
    "infoCount": 0,
    "findings": []
  },
  "layout": {
    "ok": true,
    "errorCount": 0,
    "warningCount": 0,
    "infoCount": 2,
    "findings": [
      {
        "code": "text_occluded",
        "severity": "info",
        "time": 7.333,
        "selector": "#x-followers-overview-source-root > div:nth-of-type(1) > div:nth-of-type(1) > div:nth-of-type(1) > div:nth-of-type(1) > div:nth-of-type(2) > div:nth-of-type(1) > span:nth-of-type(1)",
        "message": "Text is hidden beneath an opaque element.",
        "rect": {
          "left": 600.81,
          "top": 271,
          "right": 757.19,
          "bottom": 317,
          "width": 156.38,
          "height": 46
        },
        "containerSelector": "#x-followers-overview-source-root > div:nth-of-type(1) > div:nth-of-type(2) > div:nth-of-type(92)",
        "text": "@remocn",
        "fixHint": "Give the text its own zone, raise its stacking order above the covering element, or mark intentional layering with data-layout-allow-occlusion.",
        "coveredFraction": 0.02,
        "dataAttributes": {},
        "sourceFile": "compositions/x-followers-overview.html",
        "bbox": {
          "x": 600.81,
          "y": 271,
          "width": 156.38,
          "height": 46
        },
        "firstSeen": 7.333,
        "lastSeen": 7.333,
        "occurrences": 1
      },
      {
        "code": "text_occluded",
        "severity": "info",
        "time": 7.333,
        "selector": "#x-followers-overview-source-root > div:nth-of-type(1) > div:nth-of-type(1) > div:nth-of-type(1) > div:nth-of-type(1) > div:nth-of-type(2) > div:nth-of-type(2) > span:nth-of-type(2)",
        "message": "Text is hidden beneath an opaque element.",
        "rect": {
          "left": 693.17,
          "top": 398.5,
          "right": 895.97,
          "bottom": 461.51,
          "width": 202.8,
          "height": 63.02
        },
        "containerSelector": "#x-followers-overview-source-root > div:nth-of-type(1) > div:nth-of-type(2) > div:nth-of-type(8)",
        "text": "Followers",
        "fixHint": "Give the text its own zone, raise its stacking order above the covering element, or mark intentional layering with data-layout-allow-occlusion.",
        "coveredFraction": 0.04,
        "dataAttributes": {},
        "sourceFile": "compositions/x-followers-overview.html",
        "bbox": {
          "x": 693.17,
          "y": 398.5,
          "width": 202.8,
          "height": 63.02
        },
        "firstSeen": 7.333,
        "lastSeen": 7.333,
        "occurrences": 1
      }
    ],
    "duration": 12,
    "samples": [
      0.667,
      2,
      3.333,
      4.667,
      6,
      7.333,
      8.667,
      10,
      11.333
    ],
    "transitionSamples": [],
    "transitionSamplesDropped": 0,
    "tolerance": 2,
    "totalIssueCount": 2,
    "truncated": false
  },
  "motion": {
    "ok": true,
    "errorCount": 0,
    "warningCount": 0,
    "infoCount": 0,
    "findings": [],
    "enabled": false,
    "samples": 0
  },
  "contrast": {
    "ok": true,
    "errorCount": 0,
    "warningCount": 0,
    "infoCount": 0,
    "findings": [],
    "enabled": true,
    "samples": [
      0.667,
      3.333,
      6,
      8.667,
      11.333
    ],
    "checked": 12,
    "passed": 12
  },
  "snapshots": {
    "enabled": false,
    "files": [],
    "times": [],
    "findingFiles": []
  },
  "_meta": {
    "version": "0.8.30",
    "latestVersion": "0.8.32",
    "updateAvailable": true
  }
}
