[hyperframes] browserGpuMode probe → hardware (WebGL renderer vendor="Google Inc. (NVIDIA Corporation)" renderer="ANGLE (NVIDIA Corporation, NVIDIA GeForce RTX 5060/PCIe/SSE2, OpenGL ES 3.2)")
{
  "ok": true,
  "strict": false,
  "lint": {
    "ok": true,
    "errorCount": 0,
    "warningCount": 0,
    "infoCount": 0,
    "findings": [],
    "filesScanned": 2
  },
  "runtime": {
    "ok": true,
    "errorCount": 0,
    "warningCount": 0,
    "infoCount": 0,
    "findings": []
  },
  "layout": {
    "ok": true,
    "errorCount": 0,
    "warningCount": 6,
    "infoCount": 2,
    "findings": [
      {
        "code": "rotation_pivot_drift",
        "severity": "warning",
        "time": 3.056,
        "selector": "#snapcn-block-wordmark-source-root > div:nth-of-type(1) > div:nth-of-type(2) > div:nth-of-type(4)",
        "dataAttributes": {},
        "sourceFile": "index.html",
        "bbox": {
          "x": 644.03,
          "y": 316.5,
          "width": 87,
          "height": 87
        },
        "rect": {
          "left": 644.03,
          "top": 316.5,
          "right": 731.03,
          "bottom": 403.5,
          "width": 87,
          "height": 87
        },
        "message": "Rotating element's bounding-box center drifts 93px across rotation — it is not spinning about its own center (check transformOrigin/svgOrigin).",
        "fixHint": "The bounding-box center should stay fixed while the element spins; check its transformOrigin/svgOrigin so rotation pivots about the element's own center rather than a point in a coordinate space it was resized out of.",
        "firstSeen": 3.056,
        "lastSeen": 3.056,
        "occurrences": 1
      },
      {
        "code": "rotation_pivot_drift",
        "severity": "warning",
        "time": 3.056,
        "selector": "#snapcn-block-wordmark-source-root > div:nth-of-type(1) > div:nth-of-type(2) > div:nth-of-type(5)",
        "dataAttributes": {},
        "sourceFile": "index.html",
        "bbox": {
          "x": 739.13,
          "y": 316.5,
          "width": 87,
          "height": 87
        },
        "rect": {
          "left": 739.13,
          "top": 316.5,
          "right": 826.13,
          "bottom": 403.5,
          "width": 87,
          "height": 87
        },
        "message": "Rotating element's bounding-box center drifts 178px across rotation — it is not spinning about its own center (check transformOrigin/svgOrigin).",
        "fixHint": "The bounding-box center should stay fixed while the element spins; check its transformOrigin/svgOrigin so rotation pivots about the element's own center rather than a point in a coordinate space it was resized out of.",
        "firstSeen": 3.056,
        "lastSeen": 3.056,
        "occurrences": 1
      },
      {
        "code": "rotation_pivot_drift",
        "severity": "warning",
        "time": 3.056,
        "selector": "#snapcn-block-wordmark-source-root > div:nth-of-type(1) > div:nth-of-type(2) > div:nth-of-type(6)",
        "dataAttributes": {},
        "sourceFile": "index.html",
        "bbox": {
          "x": 834.22,
          "y": 316.5,
          "width": 87,
          "height": 87
        },
        "rect": {
          "left": 834.22,
          "top": 316.5,
          "right": 921.22,
          "bottom": 403.5,
          "width": 87,
          "height": 87
        },
        "message": "Rotating element's bounding-box center drifts 261px across rotation — it is not spinning about its own center (check transformOrigin/svgOrigin).",
        "fixHint": "The bounding-box center should stay fixed while the element spins; check its transformOrigin/svgOrigin so rotation pivots about the element's own center rather than a point in a coordinate space it was resized out of.",
        "firstSeen": 3.056,
        "lastSeen": 3.056,
        "occurrences": 1
      },
      {
        "code": "rotation_pivot_drift",
        "severity": "warning",
        "time": 3.611,
        "selector": "#snapcn-block-wordmark-source-root > div:nth-of-type(1) > div:nth-of-type(2) > div:nth-of-type(1)",
        "dataAttributes": {},
        "sourceFile": "index.html",
        "bbox": {
          "x": 358.77,
          "y": 316.5,
          "width": 87,
          "height": 87
        },
        "rect": {
          "left": 358.77,
          "top": 316.5,
          "right": 445.77,
          "bottom": 403.5,
          "width": 87,
          "height": 87
        },
        "message": "Rotating element's bounding-box center drifts 243px across rotation — it is not spinning about its own center (check transformOrigin/svgOrigin).",
        "fixHint": "The bounding-box center should stay fixed while the element spins; check its transformOrigin/svgOrigin so rotation pivots about the element's own center rather than a point in a coordinate space it was resized out of.",
        "firstSeen": 3.611,
        "lastSeen": 3.611,
        "occurrences": 1
      },
      {
        "code": "rotation_pivot_drift",
        "severity": "warning",
        "time": 3.611,
        "selector": "#snapcn-block-wordmark-source-root > div:nth-of-type(1) > div:nth-of-type(2) > div:nth-of-type(2)",
        "dataAttributes": {},
        "sourceFile": "index.html",
        "bbox": {
          "x": 739.13,
          "y": 316.5,
          "width": 87,
          "height": 87
        },
        "rect": {
          "left": 739.13,
          "top": 316.5,
          "right": 826.13,
          "bottom": 403.5,
          "width": 87,
          "height": 87
        },
        "message": "Rotating element's bounding-box center drifts 285px across rotation — it is not spinning about its own center (check transformOrigin/svgOrigin).",
        "fixHint": "The bounding-box center should stay fixed while the element spins; check its transformOrigin/svgOrigin so rotation pivots about the element's own center rather than a point in a coordinate space it was resized out of.",
        "firstSeen": 3.611,
        "lastSeen": 3.611,
        "occurrences": 1
      },
      {
        "code": "rotation_pivot_drift",
        "severity": "warning",
        "time": 3.611,
        "selector": "#snapcn-block-wordmark-source-root > div:nth-of-type(1) > div:nth-of-type(2) > div:nth-of-type(3)",
        "dataAttributes": {},
        "sourceFile": "index.html",
        "bbox": {
          "x": 834.22,
          "y": 316.5,
          "width": 87,
          "height": 87
        },
        "rect": {
          "left": 834.22,
          "top": 316.5,
          "right": 921.22,
          "bottom": 403.5,
          "width": 87,
          "height": 87
        },
        "message": "Rotating element's bounding-box center drifts 285px across rotation — it is not spinning about its own center (check transformOrigin/svgOrigin).",
        "fixHint": "The bounding-box center should stay fixed while the element spins; check its transformOrigin/svgOrigin so rotation pivots about the element's own center rather than a point in a coordinate space it was resized out of.",
        "firstSeen": 3.611,
        "lastSeen": 3.611,
        "occurrences": 1
      },
      {
        "code": "container_overflow",
        "severity": "info",
        "time": 0.278,
        "selector": "#snapcn-block-wordmark-source-root > div:nth-of-type(1) > div:nth-of-type(2)",
        "message": "Element extends outside a clipping layout container.",
        "rect": {
          "left": 0,
          "top": -50.77,
          "right": 1280,
          "bottom": 669.23,
          "width": 1280,
          "height": 720
        },
        "containerSelector": "#snapcn-block-wordmark-source-root > div:nth-of-type(1)",
        "fixHint": "Resize/reposition the child or container, or mark intentional overflow with data-layout-allow-overflow.",
        "containerRect": {
          "left": 0,
          "top": 0,
          "right": 1280,
          "bottom": 720,
          "width": 1280,
          "height": 720
        },
        "overflow": {
          "top": 50.77
        },
        "dataAttributes": {},
        "sourceFile": "compositions/snapcn-block-wordmark.html",
        "bbox": {
          "x": 0,
          "y": -50.77,
          "width": 1280,
          "height": 720
        },
        "firstSeen": 0.278,
        "lastSeen": 0.278,
        "occurrences": 1
      },
      {
        "code": "container_overflow",
        "severity": "info",
        "time": 0.833,
        "selector": "#snapcn-block-wordmark-source-root > div:nth-of-type(1) > div:nth-of-type(2)",
        "message": "Element extends outside a clipping layout container.",
        "rect": {
          "left": 0,
          "top": -57.85,
          "right": 1280,
          "bottom": 662.15,
          "width": 1280,
          "height": 720
        },
        "containerSelector": "#snapcn-block-wordmark-source-root > div:nth-of-type(1)",
        "fixHint": "Resize/reposition the child or container, or mark intentional overflow with data-layout-allow-overflow.",
        "containerRect": {
          "left": 0,
          "top": 0,
          "right": 1280,
          "bottom": 720,
          "width": 1280,
          "height": 720
        },
        "overflow": {
          "top": 57.85
        },
        "dataAttributes": {},
        "sourceFile": "compositions/snapcn-block-wordmark.html",
        "bbox": {
          "x": 0,
          "y": -57.85,
          "width": 1280,
          "height": 720
        },
        "firstSeen": 0.833,
        "lastSeen": 0.833,
        "occurrences": 1
      }
    ],
    "duration": 5,
    "samples": [
      0.278,
      0.833,
      1.389,
      1.944,
      2.5,
      3.056,
      3.611,
      4.167,
      4.722
    ],
    "transitionSamples": [],
    "transitionSamplesDropped": 0,
    "tolerance": 2,
    "totalIssueCount": 8,
    "truncated": false
  },
  "motion": {
    "ok": true,
    "errorCount": 0,
    "warningCount": 0,
    "infoCount": 0,
    "findings": [],
    "enabled": false,
    "samples": 0
  },
  "contrast": {
    "ok": true,
    "errorCount": 0,
    "warningCount": 0,
    "infoCount": 0,
    "findings": [],
    "enabled": true,
    "samples": [
      0.278,
      1.389,
      2.5,
      3.611,
      4.722
    ],
    "checked": 9,
    "passed": 9
  },
  "snapshots": {
    "enabled": false,
    "files": [],
    "times": [],
    "findingFiles": []
  },
  "_meta": {
    "version": "0.8.30",
    "latestVersion": "0.8.30",
    "updateAvailable": false
  }
}
