
◆  Rendering installed → /home/akshar/dev/projects/hyfrme-audit/.work/full-parity-audit/context-menu-main-reproof-prep-20261008/reproof-v1/harness/.work/verify-remocn-fresh/context-menu/run-rX8VHG/sequential-frames
   30fps · high · 1 workers
   GPU: browser GPU (forced)

[?25l│
◇  Browser: env
[?25h[INFO] [Render] Debug artifacts enabled {"renderJobId":"fcf74df1-0207-48b6-9df4-b7eb3d8a1ef0","workDir":"/home/akshar/dev/projects/hyfrme-audit/.work/full-parity-audit/context-menu-main-reproof-prep-20261008/reproof-v1/harness/.work/verify-remocn-fresh/context-menu/run-rX8VHG/.debug/fcf74df1-0207-48b6-9df4-b7eb3d8a1ef0","logPath":"/home/akshar/dev/projects/hyfrme-audit/.work/full-parity-audit/context-menu-main-reproof-prep-20261008/reproof-v1/harness/.work/verify-remocn-fresh/context-menu/run-rX8VHG/.debug/fcf74df1-0207-48b6-9df4-b7eb3d8a1ef0/render.log"}
[INFO] [Render] Pipeline started {"renderJobId":"fcf74df1-0207-48b6-9df4-b7eb3d8a1ef0","platform":"linux","arch":"x64","nodeVersion":"v26.11.1","fps":{"num":30,"den":1},"format":"png-sequence","quality":"high","browserGpuMode":"hardware","forceScreenshot":false,"protocolTimeout":300000,"browserTimeout":120000,"pageNavigationTimeout":60000,"playerReadyTimeout":45000}
[INFO] [Render:trace] {"renderJobId":"fcf74df1-0207-48b6-9df4-b7eb3d8a1ef0","phase":"pipeline","status":"checkpoint","elapsedMs":3,"message":"started","format":"png-sequence","quality":"high","browserGpuMode":"hardware","forceScreenshot":false,"protocolTimeoutMs":300000,"pageNavigationTimeoutMs":60000,"playerReadyTimeoutMs":45000,"requestedWorkers":1}
[INFO] [Render:trace] {"renderJobId":"fcf74df1-0207-48b6-9df4-b7eb3d8a1ef0","phase":"compile","status":"start","elapsedMs":4,"needsAlpha":true}
  █░░░░░░░░░░░░░░░░░░░░░░░░  5%  Compiling composition
[INFO] [Compiler] Inlined CDN script: https://cdn.jsdelivr.net/npm/gsap@3.14.2/dist/gsap.min.js
[INFO] [Compiler] Embedded local font file: assets/fonts/Geist-Latin.woff2 (29 KB → data URI)
[INFO] Compiled composition metadata {"renderJobId":"fcf74df1-0207-48b6-9df4-b7eb3d8a1ef0","entryFile":"index.html","staticDuration":4.5,"width":1280,"height":720,"videoCount":0,"audioCount":0,"renderModeHints":{"recommendScreenshot":false,"reasons":[]}}
[INFO] [Render:trace] {"renderJobId":"fcf74df1-0207-48b6-9df4-b7eb3d8a1ef0","phase":"compile","status":"end","elapsedMs":143,"durationMs":139,"needsAlpha":true}
[INFO] [Render:trace] {"renderJobId":"fcf74df1-0207-48b6-9df4-b7eb3d8a1ef0","phase":"compile","status":"checkpoint","elapsedMs":144,"message":"composition metadata resolved","width":1280,"height":720,"videoCount":0,"audioCount":0,"imageCount":0,"deviceScaleFactor":1,"forceScreenshot":true,"compositionHash":"8737b81a3a70a61c"}
[INFO] [Render:trace] {"renderJobId":"fcf74df1-0207-48b6-9df4-b7eb3d8a1ef0","phase":"browser_probe","status":"start","elapsedMs":144,"forceScreenshot":true,"stagePhase":"calibrating"}
[INFO] [Render:trace] {"renderJobId":"fcf74df1-0207-48b6-9df4-b7eb3d8a1ef0","phase":"browser_probe","status":"end","elapsedMs":259,"durationMs":115,"forceScreenshot":true,"stagePhase":"calibrating"}
[INFO] [Render:trace] {"renderJobId":"fcf74df1-0207-48b6-9df4-b7eb3d8a1ef0","phase":"browser_probe","status":"checkpoint","elapsedMs":260,"message":"duration resolved","durationSeconds":4.5,"totalFrames":135,"compositionHash":"8737b81a3a70a61c","beginFrameStalled":false}
[INFO] [Render:trace] {"renderJobId":"fcf74df1-0207-48b6-9df4-b7eb3d8a1ef0","phase":"video_extract","status":"start","elapsedMs":260,"videoCount":0}
  ██░░░░░░░░░░░░░░░░░░░░░░░  10%  Extracting video frames
[INFO] [Render:trace] {"renderJobId":"fcf74df1-0207-48b6-9df4-b7eb3d8a1ef0","phase":"video_extract","status":"end","elapsedMs":260,"durationMs":0,"videoCount":0}
[INFO] [Render:trace] {"renderJobId":"fcf74df1-0207-48b6-9df4-b7eb3d8a1ef0","phase":"video_extract","status":"checkpoint","elapsedMs":262,"message":"frames resolved","videoCount":0,"extractedVideoCount":0,"totalFramesExtracted":0,"maxFramesPerVideo":0,"avgFramesPerExtractedVideo":null,"vfrPreflightCount":null,"vfrPreflightMs":null,"cacheHits":null,"cacheMisses":null,"transientRetries":null,"minVideoFrameCoverageRatio":null,"authoredTimedClipCount":3}
[INFO] [Render] No HDR sources detected — rendering SDR {"renderJobId":"fcf74df1-0207-48b6-9df4-b7eb3d8a1ef0"}
[INFO] [Render:trace] {"renderJobId":"fcf74df1-0207-48b6-9df4-b7eb3d8a1ef0","phase":"hdr_detection","status":"checkpoint","elapsedMs":262,"message":"resolved","requestedHdrMode":"auto","effectiveHdr":"sdr","nativeHdrVideoCount":0,"nativeHdrImageCount":0}
[INFO] [Render:trace] {"renderJobId":"fcf74df1-0207-48b6-9df4-b7eb3d8a1ef0","phase":"audio_process","status":"start","elapsedMs":262,"audioCount":0}
[INFO] [Render:trace] {"renderJobId":"fcf74df1-0207-48b6-9df4-b7eb3d8a1ef0","phase":"audio_process","status":"end","elapsedMs":262,"durationMs":0,"audioCount":0}
  █████░░░░░░░░░░░░░░░░░░░░  20%  Processing audio tracks
[INFO] [Render:trace] {"renderJobId":"fcf74df1-0207-48b6-9df4-b7eb3d8a1ef0","phase":"file_server","status":"start","elapsedMs":262,"reused":false}
  ██████░░░░░░░░░░░░░░░░░░░  25%  Starting frame capture
[INFO] [Render:trace] {"renderJobId":"fcf74df1-0207-48b6-9df4-b7eb3d8a1ef0","phase":"file_server","status":"end","elapsedMs":268,"durationMs":6}
  ██████░░░░░░░░░░░░░░░░░░░  25%  Checking browser GPU
[hyperframes] browserGpuMode probe → hardware (WebGL renderer vendor="Google Inc. (NVIDIA Corporation)" renderer="ANGLE (NVIDIA Corporation, NVIDIA GeForce RTX 5060/PCIe/SSE2, OpenGL ES 3.2)")
[INFO] [Render:trace] {"renderJobId":"fcf74df1-0207-48b6-9df4-b7eb3d8a1ef0","phase":"capture_calibration","status":"checkpoint","elapsedMs":756,"message":"skipped","requestedWorkers":1,"totalFrames":135,"htmlInCanvasDetected":false,"lowMemoryMode":false,"deInversionEligible":false,"deParallelRouterEligible":false}
[INFO] [Render:trace] {"renderJobId":"fcf74df1-0207-48b6-9df4-b7eb3d8a1ef0","phase":"worker_resolution","status":"checkpoint","elapsedMs":757,"message":"resolved","workerCount":1}
[INFO] streaming-encode gate {"renderJobId":"fcf74df1-0207-48b6-9df4-b7eb3d8a1ef0","enabled":false,"reason":"format_excluded","configFlag":true,"durationCapEnabled":false,"outputFormat":"png-sequence","workerCount":1,"durationSeconds":4.5,"maxDurationSeconds":240}
[INFO] [Render:trace] {"renderJobId":"fcf74df1-0207-48b6-9df4-b7eb3d8a1ef0","phase":"capture_strategy","status":"checkpoint","elapsedMs":757,"message":"resolved","workerCount":1,"forceScreenshot":true,"captureBeyondViewport":null,"useStreamingEncode":false,"useLayeredComposite":false,"usePageSideCompositing":false,"hasHdrContent":false,"hasShaderTransitions":false,"isPngSequence":true}
[INFO] [Render:trace] {"renderJobId":"fcf74df1-0207-48b6-9df4-b7eb3d8a1ef0","phase":"capture_disk","status":"start","elapsedMs":757,"stagePhase":"capturing","needsAlpha":true,"workerCount":1,"forceScreenshot":true,"totalFrames":135,"framesCompleted":0,"captureMode":"screenshot","captureOperation":"captureScreenshot"}
[BrowserManager] Browser launched (HeadlessChrome/152.0.7977.42, screenshot, gl=--use-gl=angle --use-angle=gl-egl, headlessShell=true, platform=linux)
[initSession:screenshot] page.goto start (0ms)
[HyperFrames] render runtime fps {"canonicalFps":30,"source":"render-options","rawFpsSource":"render-options","rawFps":30}
[initSession:screenshot] page.goto complete (144ms)
[initSession:screenshot] GSAP proxy flush complete (147ms)
[initSession:screenshot] pollHfReady complete (256ms)
[initSession:screenshot] pollSubCompositionTimelines complete (ready) (258ms)
[initSession:screenshot] applyVideoMetadataHints complete (258ms)
[initSession:screenshot] media + fonts + tailwind ready (259ms)
[initSession:screenshot] static-frame dedup: disabled (eligible) (264ms)
  ██████░░░░░░░░░░░░░░░░░░░  25%  Capturing frame 1/135
  ███████░░░░░░░░░░░░░░░░░░  28%  Capturing frame 8/135
  ███████░░░░░░░░░░░░░░░░░░  30%  Capturing frame 14/135
  ████████░░░░░░░░░░░░░░░░░  32%  Capturing frame 20/135
  ████████░░░░░░░░░░░░░░░░░  34%  Capturing frame 27/135
  █████████░░░░░░░░░░░░░░░░  36%  Capturing frame 33/135
  █████████░░░░░░░░░░░░░░░░  38%  Capturing frame 40/135
  ██████████░░░░░░░░░░░░░░░  41%  Capturing frame 47/135
  ██████████░░░░░░░░░░░░░░░  43%  Capturing frame 53/135
  ███████████░░░░░░░░░░░░░░  45%  Capturing frame 59/135
  ███████████░░░░░░░░░░░░░░  47%  Capturing frame 66/135
  ████████████░░░░░░░░░░░░░  49%  Capturing frame 73/135
  ████████████░░░░░░░░░░░░░  51%  Capturing frame 78/135
  █████████████░░░░░░░░░░░░  53%  Capturing frame 85/135
  █████████████░░░░░░░░░░░░  55%  Capturing frame 91/135
  ██████████████░░░░░░░░░░░  58%  Capturing frame 98/135
  ███████████████░░░░░░░░░░  60%  Capturing frame 104/135
  ███████████████░░░░░░░░░░  62%  Capturing frame 111/135
  ████████████████░░░░░░░░░  64%  Capturing frame 118/135
  ████████████████░░░░░░░░░  67%  Capturing frame 125/135
  █████████████████░░░░░░░░  69%  Capturing frame 132/135
  █████████████████░░░░░░░░  70%  Capturing frame 135/135
[INFO] [Render:trace] {"renderJobId":"fcf74df1-0207-48b6-9df4-b7eb3d8a1ef0","phase":"capture_disk","status":"end","elapsedMs":6660,"durationMs":5902,"stagePhase":"capturing","needsAlpha":true,"workerCount":1,"forceScreenshot":true,"totalFrames":135,"framesCompleted":135,"captureMode":"screenshot","captureOperation":"encode"}
[INFO] [Render:trace] {"renderJobId":"fcf74df1-0207-48b6-9df4-b7eb3d8a1ef0","phase":"encode","status":"start","elapsedMs":6660,"stagePhase":"capturing","hasAudio":false,"isPngSequence":true,"isGif":false,"chunkedEncode":false,"workerCount":1,"forceScreenshot":true,"totalFrames":135,"framesCompleted":135,"captureMode":"screenshot","captureOperation":"encode"}
  ██████████████████░░░░░░░  75%  Writing PNG sequence
[INFO] [Render:trace] {"renderJobId":"fcf74df1-0207-48b6-9df4-b7eb3d8a1ef0","phase":"encode","status":"end","elapsedMs":6669,"durationMs":9,"stagePhase":"capturing","hasAudio":false,"isPngSequence":true,"isGif":false,"chunkedEncode":false,"workerCount":1,"forceScreenshot":true,"totalFrames":135,"framesCompleted":135,"captureMode":"screenshot","captureOperation":"encode"}
[INFO] [Render:trace] {"renderJobId":"fcf74df1-0207-48b6-9df4-b7eb3d8a1ef0","phase":"assemble","status":"checkpoint","elapsedMs":6669,"message":"skipped for png-sequence"}
[INFO] [Render:trace] {"renderJobId":"fcf74df1-0207-48b6-9df4-b7eb3d8a1ef0","phase":"pipeline","status":"checkpoint","elapsedMs":6686,"message":"artifact validated","totalElapsedMs":6685}
  █████████████████████████  100%  Render complete

◇  /home/akshar/dev/projects/hyfrme-audit/.work/full-parity-audit/context-menu-main-reproof-prep-20261008/reproof-v1/harness/.work/verify-remocn-fresh/context-menu/run-rX8VHG/sequential-frames
   1.4 MB · 135 frames · rendered in 6.7s
   screenshot capture · hardware gpu · compile 0.3s · extract 0.0s · audio 0.0s · probe 0.1s · setup 0.5s · capture 5.9s · encode 0.0s
