
◆  Rendering installed → /home/akshar/dev/projects/hyfrme-audit/.work/full-parity-audit/onboarding-overlap-resolution-20261008/main-generation-v1/runnable-reproof-v1/harness/.work/verify-remocn-fresh/onboarding-stepper-flow/run-lD3etK/sequential-frames
   30fps · high · 1 workers
   GPU: browser GPU (forced)

[?25l│
◇  Browser: env
[?25h[INFO] [Render] Debug artifacts enabled {"renderJobId":"9c86affc-b185-4559-9a0f-27d875b438d8","workDir":"/home/akshar/dev/projects/hyfrme-audit/.work/full-parity-audit/onboarding-overlap-resolution-20261008/main-generation-v1/runnable-reproof-v1/harness/.work/verify-remocn-fresh/onboarding-stepper-flow/run-lD3etK/.debug/9c86affc-b185-4559-9a0f-27d875b438d8","logPath":"/home/akshar/dev/projects/hyfrme-audit/.work/full-parity-audit/onboarding-overlap-resolution-20261008/main-generation-v1/runnable-reproof-v1/harness/.work/verify-remocn-fresh/onboarding-stepper-flow/run-lD3etK/.debug/9c86affc-b185-4559-9a0f-27d875b438d8/render.log"}
[INFO] [Render] Pipeline started {"renderJobId":"9c86affc-b185-4559-9a0f-27d875b438d8","platform":"linux","arch":"x64","nodeVersion":"v26.11.1","fps":{"num":30,"den":1},"format":"png-sequence","quality":"high","browserGpuMode":"hardware","forceScreenshot":false,"protocolTimeout":300000,"browserTimeout":120000,"pageNavigationTimeout":60000,"playerReadyTimeout":45000}
[INFO] [Render:trace] {"renderJobId":"9c86affc-b185-4559-9a0f-27d875b438d8","phase":"pipeline","status":"checkpoint","elapsedMs":3,"message":"started","format":"png-sequence","quality":"high","browserGpuMode":"hardware","forceScreenshot":false,"protocolTimeoutMs":300000,"pageNavigationTimeoutMs":60000,"playerReadyTimeoutMs":45000,"requestedWorkers":1}
[INFO] [Render:trace] {"renderJobId":"9c86affc-b185-4559-9a0f-27d875b438d8","phase":"compile","status":"start","elapsedMs":4,"needsAlpha":true}
  █░░░░░░░░░░░░░░░░░░░░░░░░  5%  Compiling composition
[INFO] [Compiler] Inlined CDN script: https://cdn.jsdelivr.net/npm/gsap@3.14.2/dist/gsap.min.js
[INFO] [Compiler] Embedded local font file: assets/fonts/Geist-Latin.woff2 (29 KB → data URI)
[INFO] Compiled composition metadata {"renderJobId":"9c86affc-b185-4559-9a0f-27d875b438d8","entryFile":"index.html","staticDuration":5.833333333333333,"width":1280,"height":720,"videoCount":0,"audioCount":0,"renderModeHints":{"recommendScreenshot":false,"reasons":[]}}
[INFO] [Render:trace] {"renderJobId":"9c86affc-b185-4559-9a0f-27d875b438d8","phase":"compile","status":"end","elapsedMs":150,"durationMs":146,"needsAlpha":true}
[INFO] [Render:trace] {"renderJobId":"9c86affc-b185-4559-9a0f-27d875b438d8","phase":"compile","status":"checkpoint","elapsedMs":151,"message":"composition metadata resolved","width":1280,"height":720,"videoCount":0,"audioCount":0,"imageCount":0,"deviceScaleFactor":1,"forceScreenshot":true,"compositionHash":"aada556cb6c567f9"}
[INFO] [Render:trace] {"renderJobId":"9c86affc-b185-4559-9a0f-27d875b438d8","phase":"browser_probe","status":"start","elapsedMs":151,"forceScreenshot":true,"stagePhase":"calibrating"}
[INFO] [Render:trace] {"renderJobId":"9c86affc-b185-4559-9a0f-27d875b438d8","phase":"browser_probe","status":"end","elapsedMs":264,"durationMs":113,"forceScreenshot":true,"stagePhase":"calibrating"}
[INFO] [Render:trace] {"renderJobId":"9c86affc-b185-4559-9a0f-27d875b438d8","phase":"browser_probe","status":"checkpoint","elapsedMs":264,"message":"duration resolved","durationSeconds":5.833333333333333,"totalFrames":175,"compositionHash":"aada556cb6c567f9","beginFrameStalled":false}
[INFO] [Render:trace] {"renderJobId":"9c86affc-b185-4559-9a0f-27d875b438d8","phase":"video_extract","status":"start","elapsedMs":265,"videoCount":0}
  ██░░░░░░░░░░░░░░░░░░░░░░░  10%  Extracting video frames
[INFO] [Render:trace] {"renderJobId":"9c86affc-b185-4559-9a0f-27d875b438d8","phase":"video_extract","status":"end","elapsedMs":265,"durationMs":0,"videoCount":0}
[INFO] [Render:trace] {"renderJobId":"9c86affc-b185-4559-9a0f-27d875b438d8","phase":"video_extract","status":"checkpoint","elapsedMs":266,"message":"frames resolved","videoCount":0,"extractedVideoCount":0,"totalFramesExtracted":0,"maxFramesPerVideo":0,"avgFramesPerExtractedVideo":null,"vfrPreflightCount":null,"vfrPreflightMs":null,"cacheHits":null,"cacheMisses":null,"transientRetries":null,"minVideoFrameCoverageRatio":null,"authoredTimedClipCount":3}
[INFO] [Render] No HDR sources detected — rendering SDR {"renderJobId":"9c86affc-b185-4559-9a0f-27d875b438d8"}
[INFO] [Render:trace] {"renderJobId":"9c86affc-b185-4559-9a0f-27d875b438d8","phase":"hdr_detection","status":"checkpoint","elapsedMs":267,"message":"resolved","requestedHdrMode":"auto","effectiveHdr":"sdr","nativeHdrVideoCount":0,"nativeHdrImageCount":0}
[INFO] [Render:trace] {"renderJobId":"9c86affc-b185-4559-9a0f-27d875b438d8","phase":"audio_process","status":"start","elapsedMs":267,"audioCount":0}
[INFO] [Render:trace] {"renderJobId":"9c86affc-b185-4559-9a0f-27d875b438d8","phase":"audio_process","status":"end","elapsedMs":270,"durationMs":3,"audioCount":0}
  █████░░░░░░░░░░░░░░░░░░░░  20%  Processing audio tracks
[INFO] [Render:trace] {"renderJobId":"9c86affc-b185-4559-9a0f-27d875b438d8","phase":"file_server","status":"start","elapsedMs":271,"reused":false}
  ██████░░░░░░░░░░░░░░░░░░░  25%  Starting frame capture
[INFO] [Render:trace] {"renderJobId":"9c86affc-b185-4559-9a0f-27d875b438d8","phase":"file_server","status":"end","elapsedMs":273,"durationMs":2}
  ██████░░░░░░░░░░░░░░░░░░░  25%  Checking browser GPU
[hyperframes] browserGpuMode probe → hardware (WebGL renderer vendor="Google Inc. (NVIDIA Corporation)" renderer="ANGLE (NVIDIA Corporation, NVIDIA GeForce RTX 5060/PCIe/SSE2, OpenGL ES 3.2)")
[INFO] [Render:trace] {"renderJobId":"9c86affc-b185-4559-9a0f-27d875b438d8","phase":"capture_calibration","status":"checkpoint","elapsedMs":775,"message":"skipped","requestedWorkers":1,"totalFrames":175,"htmlInCanvasDetected":false,"lowMemoryMode":false,"deInversionEligible":false,"deParallelRouterEligible":false}
[INFO] [Render:trace] {"renderJobId":"9c86affc-b185-4559-9a0f-27d875b438d8","phase":"worker_resolution","status":"checkpoint","elapsedMs":776,"message":"resolved","workerCount":1}
[INFO] streaming-encode gate {"renderJobId":"9c86affc-b185-4559-9a0f-27d875b438d8","enabled":false,"reason":"format_excluded","configFlag":true,"durationCapEnabled":false,"outputFormat":"png-sequence","workerCount":1,"durationSeconds":5.833333333333333,"maxDurationSeconds":240}
[INFO] [Render:trace] {"renderJobId":"9c86affc-b185-4559-9a0f-27d875b438d8","phase":"capture_strategy","status":"checkpoint","elapsedMs":777,"message":"resolved","workerCount":1,"forceScreenshot":true,"captureBeyondViewport":null,"useStreamingEncode":false,"useLayeredComposite":false,"usePageSideCompositing":false,"hasHdrContent":false,"hasShaderTransitions":false,"isPngSequence":true}
[INFO] [Render:trace] {"renderJobId":"9c86affc-b185-4559-9a0f-27d875b438d8","phase":"capture_disk","status":"start","elapsedMs":777,"stagePhase":"capturing","needsAlpha":true,"workerCount":1,"forceScreenshot":true,"totalFrames":175,"framesCompleted":0,"captureMode":"screenshot","captureOperation":"captureScreenshot"}
[BrowserManager] Browser launched (HeadlessChrome/152.0.7977.42, screenshot, gl=--use-gl=angle --use-angle=gl-egl, headlessShell=true, platform=linux)
[initSession:screenshot] page.goto start (0ms)
[HyperFrames] render runtime fps {"canonicalFps":30,"source":"render-options","rawFpsSource":"render-options","rawFps":30}
[initSession:screenshot] page.goto complete (140ms)
[initSession:screenshot] GSAP proxy flush complete (143ms)
[initSession:screenshot] pollHfReady complete (259ms)
[initSession:screenshot] pollSubCompositionTimelines complete (ready) (260ms)
[initSession:screenshot] applyVideoMetadataHints complete (261ms)
[initSession:screenshot] media + fonts + tailwind ready (262ms)
[initSession:screenshot] static-frame dedup: disabled (eligible) (266ms)
  ██████░░░░░░░░░░░░░░░░░░░  25%  Capturing frame 1/175
  ██████░░░░░░░░░░░░░░░░░░░  27%  Capturing frame 7/175
  ███████░░░░░░░░░░░░░░░░░░  28%  Capturing frame 13/175
  ███████░░░░░░░░░░░░░░░░░░  30%  Capturing frame 19/175
  ███████░░░░░░░░░░░░░░░░░░  31%  Capturing frame 25/175
  ████████░░░░░░░░░░░░░░░░░  33%  Capturing frame 31/175
  ████████░░░░░░░░░░░░░░░░░  35%  Capturing frame 37/175
  █████████░░░░░░░░░░░░░░░░  36%  Capturing frame 43/175
  █████████░░░░░░░░░░░░░░░░  38%  Capturing frame 49/175
  █████████░░░░░░░░░░░░░░░░  39%  Capturing frame 55/175
  ██████████░░░░░░░░░░░░░░░  41%  Capturing frame 61/175
  ██████████░░░░░░░░░░░░░░░  42%  Capturing frame 67/175
  ███████████░░░░░░░░░░░░░░  44%  Capturing frame 73/175
  ███████████░░░░░░░░░░░░░░  46%  Capturing frame 80/175
  ███████████░░░░░░░░░░░░░░  47%  Capturing frame 86/175
  ████████████░░░░░░░░░░░░░  49%  Capturing frame 92/175
  ████████████░░░░░░░░░░░░░  50%  Capturing frame 97/175
  ████████████░░░░░░░░░░░░░  51%  Capturing frame 103/175
  █████████████░░░░░░░░░░░░  53%  Capturing frame 109/175
  █████████████░░░░░░░░░░░░  55%  Capturing frame 115/175
  ██████████████░░░░░░░░░░░  56%  Capturing frame 121/175
  ██████████████░░░░░░░░░░░  58%  Capturing frame 127/175
  ██████████████░░░░░░░░░░░  59%  Capturing frame 133/175
  ███████████████░░░░░░░░░░  61%  Capturing frame 139/175
  ███████████████░░░░░░░░░░  62%  Capturing frame 145/175
  ████████████████░░░░░░░░░  64%  Capturing frame 151/175
  ████████████████░░░░░░░░░  65%  Capturing frame 157/175
  ████████████████░░░░░░░░░  67%  Capturing frame 163/175
  █████████████████░░░░░░░░  68%  Capturing frame 169/175
  █████████████████░░░░░░░░  70%  Capturing frame 175/175
[INFO] [Render:trace] {"renderJobId":"9c86affc-b185-4559-9a0f-27d875b438d8","phase":"capture_disk","status":"end","elapsedMs":8826,"durationMs":8049,"stagePhase":"capturing","needsAlpha":true,"workerCount":1,"forceScreenshot":true,"totalFrames":175,"framesCompleted":175,"captureMode":"screenshot","captureOperation":"encode"}
[INFO] [Render:trace] {"renderJobId":"9c86affc-b185-4559-9a0f-27d875b438d8","phase":"encode","status":"start","elapsedMs":8826,"stagePhase":"capturing","hasAudio":false,"isPngSequence":true,"isGif":false,"chunkedEncode":false,"workerCount":1,"forceScreenshot":true,"totalFrames":175,"framesCompleted":175,"captureMode":"screenshot","captureOperation":"encode"}
  ██████████████████░░░░░░░  75%  Writing PNG sequence
[INFO] [Render:trace] {"renderJobId":"9c86affc-b185-4559-9a0f-27d875b438d8","phase":"encode","status":"end","elapsedMs":8848,"durationMs":22,"stagePhase":"capturing","hasAudio":false,"isPngSequence":true,"isGif":false,"chunkedEncode":false,"workerCount":1,"forceScreenshot":true,"totalFrames":175,"framesCompleted":175,"captureMode":"screenshot","captureOperation":"encode"}
[INFO] [Render:trace] {"renderJobId":"9c86affc-b185-4559-9a0f-27d875b438d8","phase":"assemble","status":"checkpoint","elapsedMs":8849,"message":"skipped for png-sequence"}
[INFO] [Render:trace] {"renderJobId":"9c86affc-b185-4559-9a0f-27d875b438d8","phase":"pipeline","status":"checkpoint","elapsedMs":8872,"message":"artifact validated","totalElapsedMs":8870}
  █████████████████████████  100%  Render complete

◇  /home/akshar/dev/projects/hyfrme-audit/.work/full-parity-audit/onboarding-overlap-resolution-20261008/main-generation-v1/runnable-reproof-v1/harness/.work/verify-remocn-fresh/onboarding-stepper-flow/run-lD3etK/sequential-frames
   2.1 MB · 175 frames · rendered in 8.9s
   screenshot capture · hardware gpu · compile 0.3s · extract 0.0s · audio 0.0s · probe 0.1s · setup 0.5s · capture 8.0s · encode 0.0s
