
◆  Rendering installed → <project>/.work/verify-remocn-lossless/icon-wallet/hyperframes-frames
   30fps · high · 1 workers
   GPU: browser GPU (forced)

[?25l│
◇  Browser: env
[?25h[INFO] [Render] Pipeline started {"renderJobId":"17ad4cc9-9a73-41df-8e41-5312e3112d4d","platform":"linux","arch":"x64","nodeVersion":"v26.11.1","fps":{"num":30,"den":1},"format":"png-sequence","quality":"high","browserGpuMode":"hardware","forceScreenshot":false,"protocolTimeout":300000,"browserTimeout":120000,"pageNavigationTimeout":60000,"playerReadyTimeout":45000}
[INFO] [Render:trace] {"renderJobId":"17ad4cc9-9a73-41df-8e41-5312e3112d4d","phase":"pipeline","status":"checkpoint","elapsedMs":3,"message":"started","format":"png-sequence","quality":"high","browserGpuMode":"hardware","forceScreenshot":false,"protocolTimeoutMs":300000,"pageNavigationTimeoutMs":60000,"playerReadyTimeoutMs":45000,"requestedWorkers":1}
[INFO] [Render:trace] {"renderJobId":"17ad4cc9-9a73-41df-8e41-5312e3112d4d","phase":"compile","status":"start","elapsedMs":4,"needsAlpha":true}
  █░░░░░░░░░░░░░░░░░░░░░░░░  5%  Compiling composition
[INFO] [Compiler] Inlined CDN script: https://cdn.jsdelivr.net/npm/gsap@3.14.2/dist/gsap.min.js
[INFO] Compiled composition metadata {"renderJobId":"17ad4cc9-9a73-41df-8e41-5312e3112d4d","entryFile":"index.html","staticDuration":2.3333333333333335,"width":48,"height":48,"videoCount":0,"audioCount":0,"renderModeHints":{"recommendScreenshot":false,"reasons":[]}}
[INFO] [Render:trace] {"renderJobId":"17ad4cc9-9a73-41df-8e41-5312e3112d4d","phase":"compile","status":"end","elapsedMs":149,"durationMs":145,"needsAlpha":true}
[INFO] [Render:trace] {"renderJobId":"17ad4cc9-9a73-41df-8e41-5312e3112d4d","phase":"compile","status":"checkpoint","elapsedMs":149,"message":"composition metadata resolved","width":48,"height":48,"videoCount":0,"audioCount":0,"imageCount":0,"deviceScaleFactor":1,"forceScreenshot":true,"compositionHash":"140d185acac6020e"}
[INFO] [Render:trace] {"renderJobId":"17ad4cc9-9a73-41df-8e41-5312e3112d4d","phase":"browser_probe","status":"start","elapsedMs":149,"forceScreenshot":true,"stagePhase":"calibrating"}
[INFO] [Render:trace] {"renderJobId":"17ad4cc9-9a73-41df-8e41-5312e3112d4d","phase":"browser_probe","status":"end","elapsedMs":200,"durationMs":51,"forceScreenshot":true,"stagePhase":"calibrating"}
[INFO] [Render:trace] {"renderJobId":"17ad4cc9-9a73-41df-8e41-5312e3112d4d","phase":"browser_probe","status":"checkpoint","elapsedMs":200,"message":"duration resolved","durationSeconds":2.3333333333333335,"totalFrames":70,"compositionHash":"140d185acac6020e","beginFrameStalled":false}
[INFO] [Render:trace] {"renderJobId":"17ad4cc9-9a73-41df-8e41-5312e3112d4d","phase":"video_extract","status":"start","elapsedMs":200,"videoCount":0}
  ██░░░░░░░░░░░░░░░░░░░░░░░  10%  Extracting video frames
[INFO] [Render:trace] {"renderJobId":"17ad4cc9-9a73-41df-8e41-5312e3112d4d","phase":"video_extract","status":"end","elapsedMs":201,"durationMs":1,"videoCount":0}
[INFO] [Render:trace] {"renderJobId":"17ad4cc9-9a73-41df-8e41-5312e3112d4d","phase":"video_extract","status":"checkpoint","elapsedMs":201,"message":"frames resolved","videoCount":0,"extractedVideoCount":0,"totalFramesExtracted":0,"maxFramesPerVideo":0,"avgFramesPerExtractedVideo":null,"vfrPreflightCount":null,"vfrPreflightMs":null,"cacheHits":null,"cacheMisses":null,"transientRetries":null,"minVideoFrameCoverageRatio":null,"authoredTimedClipCount":3}
[INFO] [Render] No HDR sources detected — rendering SDR {"renderJobId":"17ad4cc9-9a73-41df-8e41-5312e3112d4d"}
[INFO] [Render:trace] {"renderJobId":"17ad4cc9-9a73-41df-8e41-5312e3112d4d","phase":"hdr_detection","status":"checkpoint","elapsedMs":201,"message":"resolved","requestedHdrMode":"auto","effectiveHdr":"sdr","nativeHdrVideoCount":0,"nativeHdrImageCount":0}
[INFO] [Render:trace] {"renderJobId":"17ad4cc9-9a73-41df-8e41-5312e3112d4d","phase":"audio_process","status":"start","elapsedMs":202,"audioCount":0}
[INFO] [Render:trace] {"renderJobId":"17ad4cc9-9a73-41df-8e41-5312e3112d4d","phase":"audio_process","status":"end","elapsedMs":202,"durationMs":0,"audioCount":0}
  █████░░░░░░░░░░░░░░░░░░░░  20%  Processing audio tracks
[INFO] [Render:trace] {"renderJobId":"17ad4cc9-9a73-41df-8e41-5312e3112d4d","phase":"file_server","status":"start","elapsedMs":202,"reused":false}
  ██████░░░░░░░░░░░░░░░░░░░  25%  Starting frame capture
[INFO] [Render:trace] {"renderJobId":"17ad4cc9-9a73-41df-8e41-5312e3112d4d","phase":"file_server","status":"end","elapsedMs":205,"durationMs":3}
  ██████░░░░░░░░░░░░░░░░░░░  25%  Checking browser GPU
[hyperframes] browserGpuMode probe → hardware (WebGL renderer vendor="Google Inc. (NVIDIA Corporation)" renderer="ANGLE (NVIDIA Corporation, NVIDIA GeForce RTX 5060/PCIe/SSE2, OpenGL ES 3.2)")
[INFO] [Render:trace] {"renderJobId":"17ad4cc9-9a73-41df-8e41-5312e3112d4d","phase":"capture_calibration","status":"checkpoint","elapsedMs":670,"message":"skipped","requestedWorkers":1,"totalFrames":70,"htmlInCanvasDetected":false,"lowMemoryMode":false,"deInversionEligible":false,"deParallelRouterEligible":false}
[INFO] [Render:trace] {"renderJobId":"17ad4cc9-9a73-41df-8e41-5312e3112d4d","phase":"worker_resolution","status":"checkpoint","elapsedMs":671,"message":"resolved","workerCount":1}
[INFO] streaming-encode gate {"renderJobId":"17ad4cc9-9a73-41df-8e41-5312e3112d4d","enabled":false,"reason":"format_excluded","configFlag":true,"durationCapEnabled":false,"outputFormat":"png-sequence","workerCount":1,"durationSeconds":2.3333333333333335,"maxDurationSeconds":240}
[INFO] [Render:trace] {"renderJobId":"17ad4cc9-9a73-41df-8e41-5312e3112d4d","phase":"capture_strategy","status":"checkpoint","elapsedMs":671,"message":"resolved","workerCount":1,"forceScreenshot":true,"captureBeyondViewport":null,"useStreamingEncode":false,"useLayeredComposite":false,"usePageSideCompositing":false,"hasHdrContent":false,"hasShaderTransitions":false,"isPngSequence":true}
[INFO] [Render:trace] {"renderJobId":"17ad4cc9-9a73-41df-8e41-5312e3112d4d","phase":"capture_disk","status":"start","elapsedMs":671,"stagePhase":"capturing","needsAlpha":true,"workerCount":1,"forceScreenshot":true,"totalFrames":70,"framesCompleted":0,"captureMode":"screenshot","captureOperation":"captureScreenshot"}
[BrowserManager] Browser launched (HeadlessChrome/152.0.7977.42, screenshot, gl=--use-gl=angle --use-angle=gl-egl, headlessShell=true, platform=linux)
[initSession:screenshot] page.goto start (0ms)
[HyperFrames] render runtime fps {"canonicalFps":30,"source":"render-options","rawFpsSource":"render-options","rawFps":30}
[initSession:screenshot] page.goto complete (80ms)
[initSession:screenshot] GSAP proxy flush complete (82ms)
[initSession:screenshot] pollHfReady complete (184ms)
[initSession:screenshot] pollSubCompositionTimelines complete (ready) (186ms)
[initSession:screenshot] applyVideoMetadataHints complete (186ms)
[initSession:screenshot] media + fonts + tailwind ready (188ms)
[initSession:screenshot] static-frame dedup: disabled (eligible) (193ms)
  ██████░░░░░░░░░░░░░░░░░░░  26%  Capturing frame 1/70
  ███████░░░░░░░░░░░░░░░░░░  30%  Capturing frame 7/70
  ████████░░░░░░░░░░░░░░░░░  33%  Capturing frame 13/70
  █████████░░░░░░░░░░░░░░░░  37%  Capturing frame 19/70
  ██████████░░░░░░░░░░░░░░░  42%  Capturing frame 26/70
  ███████████░░░░░░░░░░░░░░  46%  Capturing frame 32/70
  ████████████░░░░░░░░░░░░░  49%  Capturing frame 38/70
  █████████████░░░░░░░░░░░░  53%  Capturing frame 44/70
  ██████████████░░░░░░░░░░░  57%  Capturing frame 50/70
  ███████████████░░░░░░░░░░  61%  Capturing frame 56/70
  ████████████████░░░░░░░░░  65%  Capturing frame 62/70
  █████████████████░░░░░░░░  69%  Capturing frame 68/70
  █████████████████░░░░░░░░  70%  Capturing frame 70/70
[INFO] [Render:trace] {"renderJobId":"17ad4cc9-9a73-41df-8e41-5312e3112d4d","phase":"capture_disk","status":"end","elapsedMs":3874,"durationMs":3203,"stagePhase":"capturing","needsAlpha":true,"workerCount":1,"forceScreenshot":true,"totalFrames":70,"framesCompleted":70,"captureMode":"screenshot","captureOperation":"encode"}
[INFO] [Render:trace] {"renderJobId":"17ad4cc9-9a73-41df-8e41-5312e3112d4d","phase":"encode","status":"start","elapsedMs":3874,"stagePhase":"capturing","hasAudio":false,"isPngSequence":true,"isGif":false,"chunkedEncode":false,"workerCount":1,"forceScreenshot":true,"totalFrames":70,"framesCompleted":70,"captureMode":"screenshot","captureOperation":"encode"}
  ██████████████████░░░░░░░  75%  Writing PNG sequence
[INFO] [Render:trace] {"renderJobId":"17ad4cc9-9a73-41df-8e41-5312e3112d4d","phase":"encode","status":"end","elapsedMs":3877,"durationMs":3,"stagePhase":"capturing","hasAudio":false,"isPngSequence":true,"isGif":false,"chunkedEncode":false,"workerCount":1,"forceScreenshot":true,"totalFrames":70,"framesCompleted":70,"captureMode":"screenshot","captureOperation":"encode"}
[INFO] [Render:trace] {"renderJobId":"17ad4cc9-9a73-41df-8e41-5312e3112d4d","phase":"assemble","status":"checkpoint","elapsedMs":3878,"message":"skipped for png-sequence"}
[INFO] [Render:trace] {"renderJobId":"17ad4cc9-9a73-41df-8e41-5312e3112d4d","phase":"pipeline","status":"checkpoint","elapsedMs":3879,"message":"artifact validated","totalElapsedMs":3878}
  █████████████████████████  100%  Render complete

◇  <project>/.work/verify-remocn-lossless/icon-wallet/hyperframes-frames
   30.7 KB · 70 frames · rendered in 3.9s
   screenshot capture · hardware gpu · compile 0.2s · extract 0.0s · audio 0.0s · probe 0.1s · setup 0.5s · capture 3.2s · encode 0.0s
  [hyperframes] Agent feedback: hyperframes feedback --rating <0-10> --comment "..."
