[hyperframes] browserGpuMode probe → hardware (WebGL renderer vendor="Google Inc. (NVIDIA Corporation)" renderer="ANGLE (NVIDIA Corporation, NVIDIA GeForce RTX 5060/PCIe/SSE2, OpenGL ES 3.2)")
{
  "ok": true,
  "strict": false,
  "lint": {
    "ok": true,
    "errorCount": 0,
    "warningCount": 0,
    "infoCount": 0,
    "findings": [],
    "filesScanned": 2
  },
  "runtime": {
    "ok": true,
    "errorCount": 0,
    "warningCount": 0,
    "infoCount": 0,
    "findings": []
  },
  "layout": {
    "ok": true,
    "errorCount": 0,
    "warningCount": 6,
    "infoCount": 0,
    "findings": [
      {
        "code": "rotation_pivot_drift",
        "severity": "warning",
        "time": 9.067,
        "selector": "#kinetic-morph-text-source-root > div:nth-of-type(1) > svg:nth-of-type(1) > g:nth-of-type(1) > g:nth-of-type(1) > g:nth-of-type(1)",
        "dataAttributes": {},
        "sourceFile": "index.html",
        "bbox": {
          "x": 205.77,
          "y": 294.5,
          "width": 66.7,
          "height": 112
        },
        "rect": {
          "left": 205.77,
          "top": 294.5,
          "right": 272.47,
          "bottom": 406.5,
          "width": 66.7,
          "height": 112
        },
        "message": "Rotating element's bounding-box center drifts 412px across rotation — it is not spinning about its own center (check transformOrigin/svgOrigin).",
        "fixHint": "The bounding-box center should stay fixed while the element spins; check its transformOrigin/svgOrigin so rotation pivots about the element's own center rather than a point in a coordinate space it was resized out of.",
        "firstSeen": 9.067,
        "lastSeen": 9.067,
        "occurrences": 1
      },
      {
        "code": "rotation_pivot_drift",
        "severity": "warning",
        "time": 9.067,
        "selector": "#kinetic-morph-text-source-root > div:nth-of-type(1) > svg:nth-of-type(1) > g:nth-of-type(1) > g:nth-of-type(2) > g:nth-of-type(1)",
        "dataAttributes": {},
        "sourceFile": "index.html",
        "bbox": {
          "x": 272.465,
          "y": 294.5,
          "width": 61.09,
          "height": 112
        },
        "rect": {
          "left": 272.465,
          "top": 294.5,
          "right": 333.555,
          "bottom": 406.5,
          "width": 61.09,
          "height": 112
        },
        "message": "Rotating element's bounding-box center drifts 507px across rotation — it is not spinning about its own center (check transformOrigin/svgOrigin).",
        "fixHint": "The bounding-box center should stay fixed while the element spins; check its transformOrigin/svgOrigin so rotation pivots about the element's own center rather than a point in a coordinate space it was resized out of.",
        "firstSeen": 9.067,
        "lastSeen": 9.067,
        "occurrences": 1
      },
      {
        "code": "rotation_pivot_drift",
        "severity": "warning",
        "time": 9.067,
        "selector": "#kinetic-morph-text-source-root > div:nth-of-type(1) > svg:nth-of-type(1) > g:nth-of-type(1) > g:nth-of-type(11) > g:nth-of-type(1)",
        "dataAttributes": {},
        "sourceFile": "index.html",
        "bbox": {
          "x": 785.2049999999999,
          "y": 294.5,
          "width": 55.63,
          "height": 112
        },
        "rect": {
          "left": 785.2049999999999,
          "top": 294.5,
          "right": 840.835,
          "bottom": 406.5,
          "width": 55.63,
          "height": 112
        },
        "message": "Rotating element's bounding-box center drifts 398px across rotation — it is not spinning about its own center (check transformOrigin/svgOrigin).",
        "fixHint": "The bounding-box center should stay fixed while the element spins; check its transformOrigin/svgOrigin so rotation pivots about the element's own center rather than a point in a coordinate space it was resized out of.",
        "firstSeen": 9.067,
        "lastSeen": 9.067,
        "occurrences": 1
      },
      {
        "code": "rotation_pivot_drift",
        "severity": "warning",
        "time": 9.067,
        "selector": "#kinetic-morph-text-source-root > div:nth-of-type(1) > svg:nth-of-type(1) > g:nth-of-type(1) > g:nth-of-type(12) > g:nth-of-type(1)",
        "dataAttributes": {},
        "sourceFile": "index.html",
        "bbox": {
          "x": 868.615,
          "y": 294.5,
          "width": 61.09,
          "height": 112
        },
        "rect": {
          "left": 868.615,
          "top": 294.5,
          "right": 929.7049999999999,
          "bottom": 406.5,
          "width": 61.09,
          "height": 112
        },
        "message": "Rotating element's bounding-box center drifts 470px across rotation — it is not spinning about its own center (check transformOrigin/svgOrigin).",
        "fixHint": "The bounding-box center should stay fixed while the element spins; check its transformOrigin/svgOrigin so rotation pivots about the element's own center rather than a point in a coordinate space it was resized out of.",
        "firstSeen": 9.067,
        "lastSeen": 9.067,
        "occurrences": 1
      },
      {
        "code": "rotation_pivot_drift",
        "severity": "warning",
        "time": 9.067,
        "selector": "#kinetic-morph-text-source-root > div:nth-of-type(1) > svg:nth-of-type(1) > g:nth-of-type(1) > g:nth-of-type(14) > g:nth-of-type(1)",
        "dataAttributes": {},
        "sourceFile": "index.html",
        "bbox": {
          "x": 985.305,
          "y": 294.5,
          "width": 55.63,
          "height": 112
        },
        "rect": {
          "left": 985.305,
          "top": 294.5,
          "right": 1040.935,
          "bottom": 406.5,
          "width": 55.63,
          "height": 112
        },
        "message": "Rotating element's bounding-box center drifts 543px across rotation — it is not spinning about its own center (check transformOrigin/svgOrigin).",
        "fixHint": "The bounding-box center should stay fixed while the element spins; check its transformOrigin/svgOrigin so rotation pivots about the element's own center rather than a point in a coordinate space it was resized out of.",
        "firstSeen": 9.067,
        "lastSeen": 9.067,
        "occurrences": 1
      },
      {
        "code": "rotation_pivot_drift",
        "severity": "warning",
        "time": 9.067,
        "selector": "#kinetic-morph-text-source-root > div:nth-of-type(1) > svg:nth-of-type(1) > g:nth-of-type(1) > g:nth-of-type(15) > g:nth-of-type(1)",
        "dataAttributes": {},
        "sourceFile": "index.html",
        "bbox": {
          "x": 1040.925,
          "y": 294.5,
          "width": 33.31,
          "height": 112
        },
        "rect": {
          "left": 1040.925,
          "top": 294.5,
          "right": 1074.235,
          "bottom": 406.5,
          "width": 33.31,
          "height": 112
        },
        "message": "Rotating element's bounding-box center drifts 453px across rotation — it is not spinning about its own center (check transformOrigin/svgOrigin).",
        "fixHint": "The bounding-box center should stay fixed while the element spins; check its transformOrigin/svgOrigin so rotation pivots about the element's own center rather than a point in a coordinate space it was resized out of.",
        "firstSeen": 9.067,
        "lastSeen": 9.067,
        "occurrences": 1
      }
    ],
    "duration": 9.6,
    "samples": [
      0.533,
      1.6,
      2.667,
      3.733,
      4.8,
      5.867,
      6.933,
      8,
      9.067
    ],
    "transitionSamples": [],
    "transitionSamplesDropped": 0,
    "tolerance": 2,
    "totalIssueCount": 6,
    "truncated": false
  },
  "motion": {
    "ok": true,
    "errorCount": 0,
    "warningCount": 0,
    "infoCount": 0,
    "findings": [],
    "enabled": false,
    "samples": 0
  },
  "contrast": {
    "ok": true,
    "errorCount": 0,
    "warningCount": 0,
    "infoCount": 0,
    "findings": [],
    "enabled": true,
    "samples": [
      0.533,
      2.667,
      4.8,
      6.933,
      9.067
    ],
    "checked": 110,
    "passed": 110
  },
  "snapshots": {
    "enabled": false,
    "files": [],
    "times": [],
    "findingFiles": []
  },
  "_meta": {
    "version": "0.8.30",
    "latestVersion": "0.8.32",
    "updateAvailable": true
  }
}
