
◆  Rendering installed → /home/akshar/dev/worktrees/hyfrme-outline-fonts/.work/switch-merge-20261008/reproof/harness/.work/verify-remocn-fresh/switch/run-bIxK3I/sequential-frames
   30fps · high · 1 workers
   GPU: browser GPU (forced)

[?25l│
◇  Browser: env
[?25h[INFO] [Render] Debug artifacts enabled {"renderJobId":"c7212651-49dd-43b1-a93b-7c84d9b631f8","workDir":"/home/akshar/dev/worktrees/hyfrme-outline-fonts/.work/switch-merge-20261008/reproof/harness/.work/verify-remocn-fresh/switch/run-bIxK3I/.debug/c7212651-49dd-43b1-a93b-7c84d9b631f8","logPath":"/home/akshar/dev/worktrees/hyfrme-outline-fonts/.work/switch-merge-20261008/reproof/harness/.work/verify-remocn-fresh/switch/run-bIxK3I/.debug/c7212651-49dd-43b1-a93b-7c84d9b631f8/render.log"}
[INFO] [Render] Pipeline started {"renderJobId":"c7212651-49dd-43b1-a93b-7c84d9b631f8","platform":"linux","arch":"x64","nodeVersion":"v26.11.1","fps":{"num":30,"den":1},"format":"png-sequence","quality":"high","browserGpuMode":"hardware","forceScreenshot":false,"protocolTimeout":300000,"browserTimeout":120000,"pageNavigationTimeout":60000,"playerReadyTimeout":45000}
[INFO] [Render:trace] {"renderJobId":"c7212651-49dd-43b1-a93b-7c84d9b631f8","phase":"pipeline","status":"checkpoint","elapsedMs":3,"message":"started","format":"png-sequence","quality":"high","browserGpuMode":"hardware","forceScreenshot":false,"protocolTimeoutMs":300000,"pageNavigationTimeoutMs":60000,"playerReadyTimeoutMs":45000,"requestedWorkers":1}
[INFO] [Render:trace] {"renderJobId":"c7212651-49dd-43b1-a93b-7c84d9b631f8","phase":"compile","status":"start","elapsedMs":4,"needsAlpha":true}
  █░░░░░░░░░░░░░░░░░░░░░░░░  5%  Compiling composition
[INFO] [Compiler] Inlined CDN script: https://cdn.jsdelivr.net/npm/gsap@3.14.2/dist/gsap.min.js
[INFO] [Compiler] Embedded local font file: assets/fonts/Geist-Latin.woff2 (29 KB → data URI)
[INFO] Compiled composition metadata {"renderJobId":"c7212651-49dd-43b1-a93b-7c84d9b631f8","entryFile":"index.html","staticDuration":3.3333333333333335,"width":1280,"height":720,"videoCount":0,"audioCount":0,"renderModeHints":{"recommendScreenshot":false,"reasons":[]}}
[INFO] [Render:trace] {"renderJobId":"c7212651-49dd-43b1-a93b-7c84d9b631f8","phase":"compile","status":"end","elapsedMs":167,"durationMs":163,"needsAlpha":true}
[INFO] [Render:trace] {"renderJobId":"c7212651-49dd-43b1-a93b-7c84d9b631f8","phase":"compile","status":"checkpoint","elapsedMs":168,"message":"composition metadata resolved","width":1280,"height":720,"videoCount":0,"audioCount":0,"imageCount":0,"deviceScaleFactor":1,"forceScreenshot":true,"compositionHash":"62049482f0bc28d7"}
[INFO] [Render:trace] {"renderJobId":"c7212651-49dd-43b1-a93b-7c84d9b631f8","phase":"browser_probe","status":"start","elapsedMs":168,"forceScreenshot":true,"stagePhase":"calibrating"}
[INFO] [Render:trace] {"renderJobId":"c7212651-49dd-43b1-a93b-7c84d9b631f8","phase":"browser_probe","status":"end","elapsedMs":281,"durationMs":113,"forceScreenshot":true,"stagePhase":"calibrating"}
[INFO] [Render:trace] {"renderJobId":"c7212651-49dd-43b1-a93b-7c84d9b631f8","phase":"browser_probe","status":"checkpoint","elapsedMs":281,"message":"duration resolved","durationSeconds":3.3333333333333335,"totalFrames":100,"compositionHash":"62049482f0bc28d7","beginFrameStalled":false}
[INFO] [Render:trace] {"renderJobId":"c7212651-49dd-43b1-a93b-7c84d9b631f8","phase":"video_extract","status":"start","elapsedMs":281,"videoCount":0}
  ██░░░░░░░░░░░░░░░░░░░░░░░  10%  Extracting video frames
[INFO] [Render:trace] {"renderJobId":"c7212651-49dd-43b1-a93b-7c84d9b631f8","phase":"video_extract","status":"end","elapsedMs":282,"durationMs":0,"videoCount":0}
[INFO] [Render:trace] {"renderJobId":"c7212651-49dd-43b1-a93b-7c84d9b631f8","phase":"video_extract","status":"checkpoint","elapsedMs":283,"message":"frames resolved","videoCount":0,"extractedVideoCount":0,"totalFramesExtracted":0,"maxFramesPerVideo":0,"avgFramesPerExtractedVideo":null,"vfrPreflightCount":null,"vfrPreflightMs":null,"cacheHits":null,"cacheMisses":null,"transientRetries":null,"minVideoFrameCoverageRatio":null,"authoredTimedClipCount":3}
[INFO] [Render] No HDR sources detected — rendering SDR {"renderJobId":"c7212651-49dd-43b1-a93b-7c84d9b631f8"}
[INFO] [Render:trace] {"renderJobId":"c7212651-49dd-43b1-a93b-7c84d9b631f8","phase":"hdr_detection","status":"checkpoint","elapsedMs":284,"message":"resolved","requestedHdrMode":"auto","effectiveHdr":"sdr","nativeHdrVideoCount":0,"nativeHdrImageCount":0}
[INFO] [Render:trace] {"renderJobId":"c7212651-49dd-43b1-a93b-7c84d9b631f8","phase":"audio_process","status":"start","elapsedMs":284,"audioCount":0}
[INFO] [Render:trace] {"renderJobId":"c7212651-49dd-43b1-a93b-7c84d9b631f8","phase":"audio_process","status":"end","elapsedMs":287,"durationMs":3,"audioCount":0}
  █████░░░░░░░░░░░░░░░░░░░░  20%  Processing audio tracks
[INFO] [Render:trace] {"renderJobId":"c7212651-49dd-43b1-a93b-7c84d9b631f8","phase":"file_server","status":"start","elapsedMs":287,"reused":false}
  ██████░░░░░░░░░░░░░░░░░░░  25%  Starting frame capture
[INFO] [Render:trace] {"renderJobId":"c7212651-49dd-43b1-a93b-7c84d9b631f8","phase":"file_server","status":"end","elapsedMs":290,"durationMs":3}
  ██████░░░░░░░░░░░░░░░░░░░  25%  Checking browser GPU
[hyperframes] browserGpuMode probe → hardware (WebGL renderer vendor="Google Inc. (NVIDIA Corporation)" renderer="ANGLE (NVIDIA Corporation, NVIDIA GeForce RTX 5060/PCIe/SSE2, OpenGL ES 3.2)")
[INFO] [Render:trace] {"renderJobId":"c7212651-49dd-43b1-a93b-7c84d9b631f8","phase":"capture_calibration","status":"checkpoint","elapsedMs":771,"message":"skipped","requestedWorkers":1,"totalFrames":100,"htmlInCanvasDetected":false,"lowMemoryMode":false,"deInversionEligible":false,"deParallelRouterEligible":false}
[INFO] [Render:trace] {"renderJobId":"c7212651-49dd-43b1-a93b-7c84d9b631f8","phase":"worker_resolution","status":"checkpoint","elapsedMs":772,"message":"resolved","workerCount":1}
[INFO] streaming-encode gate {"renderJobId":"c7212651-49dd-43b1-a93b-7c84d9b631f8","enabled":false,"reason":"format_excluded","configFlag":true,"durationCapEnabled":false,"outputFormat":"png-sequence","workerCount":1,"durationSeconds":3.3333333333333335,"maxDurationSeconds":240}
[INFO] [Render:trace] {"renderJobId":"c7212651-49dd-43b1-a93b-7c84d9b631f8","phase":"capture_strategy","status":"checkpoint","elapsedMs":772,"message":"resolved","workerCount":1,"forceScreenshot":true,"captureBeyondViewport":null,"useStreamingEncode":false,"useLayeredComposite":false,"usePageSideCompositing":false,"hasHdrContent":false,"hasShaderTransitions":false,"isPngSequence":true}
[INFO] [Render:trace] {"renderJobId":"c7212651-49dd-43b1-a93b-7c84d9b631f8","phase":"capture_disk","status":"start","elapsedMs":773,"stagePhase":"capturing","needsAlpha":true,"workerCount":1,"forceScreenshot":true,"totalFrames":100,"framesCompleted":0,"captureMode":"screenshot","captureOperation":"captureScreenshot"}
[BrowserManager] Browser launched (HeadlessChrome/152.0.7977.42, screenshot, gl=--use-gl=angle --use-angle=gl-egl, headlessShell=true, platform=linux)
[initSession:screenshot] page.goto start (0ms)
[HyperFrames] render runtime fps {"canonicalFps":30,"source":"render-options","rawFpsSource":"render-options","rawFps":30}
[initSession:screenshot] page.goto complete (141ms)
[initSession:screenshot] GSAP proxy flush complete (144ms)
[initSession:screenshot] pollHfReady complete (252ms)
[initSession:screenshot] pollSubCompositionTimelines complete (ready) (254ms)
[initSession:screenshot] applyVideoMetadataHints complete (254ms)
[initSession:screenshot] media + fonts + tailwind ready (256ms)
[initSession:screenshot] static-frame dedup: disabled (eligible) (261ms)
  ██████░░░░░░░░░░░░░░░░░░░  25%  Capturing frame 1/100
  ███████░░░░░░░░░░░░░░░░░░  29%  Capturing frame 8/100
  ███████░░░░░░░░░░░░░░░░░░  31%  Capturing frame 14/100
  ████████░░░░░░░░░░░░░░░░░  34%  Capturing frame 20/100
  █████████░░░░░░░░░░░░░░░░  37%  Capturing frame 26/100
  █████████░░░░░░░░░░░░░░░░  39%  Capturing frame 32/100
  ██████████░░░░░░░░░░░░░░░  42%  Capturing frame 38/100
  ███████████░░░░░░░░░░░░░░  45%  Capturing frame 45/100
  ████████████░░░░░░░░░░░░░  48%  Capturing frame 52/100
  █████████████░░░░░░░░░░░░  52%  Capturing frame 59/100
  █████████████░░░░░░░░░░░░  55%  Capturing frame 66/100
  ██████████████░░░░░░░░░░░  57%  Capturing frame 72/100
  ███████████████░░░░░░░░░░  61%  Capturing frame 79/100
  ███████████████░░░░░░░░░░  63%  Capturing frame 85/100
  ████████████████░░░░░░░░░  66%  Capturing frame 90/100
  █████████████████░░░░░░░░  69%  Capturing frame 97/100
  █████████████████░░░░░░░░  70%  Capturing frame 100/100
[INFO] [Render:trace] {"renderJobId":"c7212651-49dd-43b1-a93b-7c84d9b631f8","phase":"capture_disk","status":"end","elapsedMs":5311,"durationMs":4538,"stagePhase":"capturing","needsAlpha":true,"workerCount":1,"forceScreenshot":true,"totalFrames":100,"framesCompleted":100,"captureMode":"screenshot","captureOperation":"encode"}
[INFO] [Render:trace] {"renderJobId":"c7212651-49dd-43b1-a93b-7c84d9b631f8","phase":"encode","status":"start","elapsedMs":5311,"stagePhase":"capturing","hasAudio":false,"isPngSequence":true,"isGif":false,"chunkedEncode":false,"workerCount":1,"forceScreenshot":true,"totalFrames":100,"framesCompleted":100,"captureMode":"screenshot","captureOperation":"encode"}
  ██████████████████░░░░░░░  75%  Writing PNG sequence
[INFO] [Render:trace] {"renderJobId":"c7212651-49dd-43b1-a93b-7c84d9b631f8","phase":"encode","status":"end","elapsedMs":5319,"durationMs":8,"stagePhase":"capturing","hasAudio":false,"isPngSequence":true,"isGif":false,"chunkedEncode":false,"workerCount":1,"forceScreenshot":true,"totalFrames":100,"framesCompleted":100,"captureMode":"screenshot","captureOperation":"encode"}
[INFO] [Render:trace] {"renderJobId":"c7212651-49dd-43b1-a93b-7c84d9b631f8","phase":"assemble","status":"checkpoint","elapsedMs":5319,"message":"skipped for png-sequence"}
[INFO] [Render:trace] {"renderJobId":"c7212651-49dd-43b1-a93b-7c84d9b631f8","phase":"pipeline","status":"checkpoint","elapsedMs":5332,"message":"artifact validated","totalElapsedMs":5330}
  █████████████████████████  100%  Render complete

◇  /home/akshar/dev/worktrees/hyfrme-outline-fonts/.work/switch-merge-20261008/reproof/harness/.work/verify-remocn-fresh/switch/run-bIxK3I/sequential-frames
   500.4 KB · 100 frames · rendered in 5.3s
   screenshot capture · hardware gpu · compile 0.3s · extract 0.0s · audio 0.0s · probe 0.1s · setup 0.5s · capture 4.5s · encode 0.0s
