[hyperframes] browserGpuMode probe → hardware (WebGL renderer vendor="Google Inc. (NVIDIA Corporation)" renderer="ANGLE (NVIDIA Corporation, NVIDIA GeForce RTX 5060/PCIe/SSE2, OpenGL ES 3.2)")
{
  "ok": false,
  "strict": false,
  "lint": {
    "ok": true,
    "errorCount": 0,
    "warningCount": 0,
    "infoCount": 0,
    "findings": [],
    "filesScanned": 2
  },
  "runtime": {
    "ok": true,
    "errorCount": 0,
    "warningCount": 0,
    "infoCount": 0,
    "findings": []
  },
  "layout": {
    "ok": false,
    "errorCount": 2,
    "warningCount": 4,
    "infoCount": 20,
    "findings": [
      {
        "code": "content_overlap",
        "severity": "error",
        "time": 0.872,
        "selector": "#snapcn-status-cycle-source-root > div:nth-of-type(1) > div:nth-of-type(2) > div:nth-of-type(2) > div:nth-of-type(1)",
        "message": "Two text blocks overlap and may render unreadable.",
        "rect": {
          "left": 603.51,
          "top": 335.98,
          "right": 970.93,
          "bottom": 407.05,
          "width": 367.42,
          "height": 71.07
        },
        "containerSelector": "#snapcn-status-cycle-source-root > div:nth-of-type(1) > div:nth-of-type(2) > div:nth-of-type(2) > div:nth-of-type(2)",
        "text": "transitioning",
        "fixHint": "Give each block its own zone, or mark intentional layering with data-layout-allow-overlap.",
        "dataAttributes": {},
        "sourceFile": "compositions/snapcn-status-cycle.html",
        "bbox": {
          "x": 603.51,
          "y": 335.98,
          "width": 367.42,
          "height": 71.07
        },
        "firstSeen": 0.872,
        "lastSeen": 3.238,
        "occurrences": 8,
        "heldMs": 2366
      },
      {
        "code": "text_box_overflow",
        "severity": "error",
        "time": 3.3,
        "selector": "#snapcn-status-cycle-source-root > div:nth-of-type(1) > div:nth-of-type(2) > div:nth-of-type(2) > div:nth-of-type(1)",
        "message": "Text extends outside its nearest visual/container box.",
        "rect": {
          "left": 663.27,
          "top": 333.27,
          "right": 911.13,
          "bottom": 409.27,
          "width": 247.86,
          "height": 76
        },
        "containerSelector": "#snapcn-status-cycle-source-root > div:nth-of-type(1) > div:nth-of-type(2) > div:nth-of-type(2)",
        "text": "installed",
        "fixHint": "Text is 248px x 76px inside 248px x 71px and overflows by up to 3px; increase the container height to at least ~76px or shrink font-size from 63px to ~59px, or allow wrapping with max-width/fitTextFontSize.",
        "containerRect": {
          "left": 663.34,
          "top": 335.98,
          "right": 911.08,
          "bottom": 407.05,
          "width": 247.73,
          "height": 71.06
        },
        "overflow": {
          "top": 2.71,
          "bottom": 2.22
        },
        "dataAttributes": {},
        "sourceFile": "compositions/snapcn-status-cycle.html",
        "bbox": {
          "x": 663.27,
          "y": 333.27,
          "width": 247.86,
          "height": 76
        },
        "firstSeen": 3.3,
        "lastSeen": 4.767,
        "occurrences": 3,
        "heldMs": 1467.0000000000005
      },
      {
        "code": "content_overlap",
        "severity": "warning",
        "time": 0.367,
        "selector": "#snapcn-status-cycle-source-root > div:nth-of-type(1) > div:nth-of-type(2) > div:nth-of-type(1) > span:nth-of-type(1)",
        "message": "Two text blocks overlap and may render unreadable.",
        "rect": {
          "left": 370.26,
          "top": 309.49,
          "right": 417.25,
          "bottom": 416.85,
          "width": 46.99,
          "height": 107.36
        },
        "containerSelector": "#snapcn-status-cycle-source-root > div:nth-of-type(1) > div:nth-of-type(2) > div:nth-of-type(1) > span:nth-of-type(2)",
        "text": "s",
        "fixHint": "Give each block its own zone, or mark intentional layering with data-layout-allow-overlap.",
        "dataAttributes": {},
        "sourceFile": "compositions/snapcn-status-cycle.html",
        "bbox": {
          "x": 370.26,
          "y": 309.49,
          "width": 46.99,
          "height": 107.36
        },
        "firstSeen": 0.367,
        "lastSeen": 0.374,
        "occurrences": 2,
        "heldMs": 7.000000000000006
      },
      {
        "code": "content_overlap",
        "severity": "warning",
        "time": 0.367,
        "selector": "#snapcn-status-cycle-source-root > div:nth-of-type(1) > div:nth-of-type(2) > div:nth-of-type(1) > span:nth-of-type(2)",
        "message": "Two text blocks overlap and may render unreadable.",
        "rect": {
          "left": 403,
          "top": 307.55,
          "right": 456.8,
          "bottom": 417.37,
          "width": 53.8,
          "height": 109.82
        },
        "containerSelector": "#snapcn-status-cycle-source-root > div:nth-of-type(1) > div:nth-of-type(2) > div:nth-of-type(1) > span:nth-of-type(3)",
        "text": "n",
        "fixHint": "Give each block its own zone, or mark intentional layering with data-layout-allow-overlap.",
        "dataAttributes": {},
        "sourceFile": "compositions/snapcn-status-cycle.html",
        "bbox": {
          "x": 403,
          "y": 307.55,
          "width": 53.8,
          "height": 109.82
        },
        "firstSeen": 0.367,
        "lastSeen": 0.374,
        "occurrences": 2,
        "heldMs": 7.000000000000006
      },
      {
        "code": "content_overlap",
        "severity": "warning",
        "time": 0.367,
        "selector": "#snapcn-status-cycle-source-root > div:nth-of-type(1) > div:nth-of-type(2) > div:nth-of-type(1) > span:nth-of-type(3)",
        "message": "Two text blocks overlap and may render unreadable.",
        "rect": {
          "left": 442.85,
          "top": 308.22,
          "right": 493.59,
          "bottom": 417.19,
          "width": 50.74,
          "height": 108.97
        },
        "containerSelector": "#snapcn-status-cycle-source-root > div:nth-of-type(1) > div:nth-of-type(2) > div:nth-of-type(1) > span:nth-of-type(4)",
        "text": "a",
        "fixHint": "Give each block its own zone, or mark intentional layering with data-layout-allow-overlap.",
        "dataAttributes": {},
        "sourceFile": "compositions/snapcn-status-cycle.html",
        "bbox": {
          "x": 442.85,
          "y": 308.22,
          "width": 50.74,
          "height": 108.97
        },
        "firstSeen": 0.367,
        "lastSeen": 0.498,
        "occurrences": 3,
        "heldMs": 131
      },
      {
        "code": "content_overlap",
        "severity": "warning",
        "time": 0.367,
        "selector": "#snapcn-status-cycle-source-root > div:nth-of-type(1) > div:nth-of-type(2) > div:nth-of-type(1) > span:nth-of-type(4)",
        "message": "Two text blocks overlap and may render unreadable.",
        "rect": {
          "left": 479.56,
          "top": 311.9,
          "right": 532.51,
          "bottom": 416.21,
          "width": 52.95,
          "height": 104.31
        },
        "containerSelector": "#snapcn-status-cycle-source-root > div:nth-of-type(1) > div:nth-of-type(2) > div:nth-of-type(1) > span:nth-of-type(5)",
        "text": "p",
        "fixHint": "Give each block its own zone, or mark intentional layering with data-layout-allow-overlap.",
        "dataAttributes": {},
        "sourceFile": "compositions/snapcn-status-cycle.html",
        "bbox": {
          "x": 479.56,
          "y": 311.9,
          "width": 52.95,
          "height": 104.31
        },
        "firstSeen": 0.367,
        "lastSeen": 0.498,
        "occurrences": 3,
        "heldMs": 131
      },
      {
        "code": "text_box_overflow",
        "severity": "info",
        "time": 0.367,
        "selector": "#snapcn-status-cycle-source-root > div:nth-of-type(1) > div:nth-of-type(2) > div:nth-of-type(2) > div:nth-of-type(1)",
        "message": "Text extends outside its nearest visual/container box.",
        "rect": {
          "left": 642.2,
          "top": 331.99,
          "right": 942.02,
          "bottom": 410.52,
          "width": 299.82,
          "height": 78.53
        },
        "containerSelector": "#snapcn-status-cycle-source-root > div:nth-of-type(1) > div:nth-of-type(2) > div:nth-of-type(2)",
        "text": "animating",
        "fixHint": "Text is 300px x 79px inside 223px x 73px and overflows by up to 39px; resize the container to at least ~300px x 79px or shrink font-size from 63px to ~47px, or allow wrapping with max-width/fitTextFontSize.",
        "containerRect": {
          "left": 680.82,
          "top": 334.8,
          "right": 903.42,
          "bottom": 408.23,
          "width": 222.6,
          "height": 73.43
        },
        "overflow": {
          "left": 38.62,
          "right": 38.6,
          "top": 2.81,
          "bottom": 2.29
        },
        "dataAttributes": {},
        "sourceFile": "compositions/snapcn-status-cycle.html",
        "bbox": {
          "x": 642.2,
          "y": 331.99,
          "width": 299.82,
          "height": 78.53
        },
        "firstSeen": 0.367,
        "lastSeen": 0.367,
        "occurrences": 1,
        "heldMs": 0
      },
      {
        "code": "container_overflow",
        "severity": "info",
        "time": 0.367,
        "selector": "#snapcn-status-cycle-source-root > div:nth-of-type(1) > div:nth-of-type(2)",
        "message": "Element extends outside a clipping layout container.",
        "rect": {
          "left": -21.33,
          "top": -12.38,
          "right": 1301.33,
          "bottom": 731.61,
          "width": 1322.66,
          "height": 744
        },
        "containerSelector": "#snapcn-status-cycle-source-root > div:nth-of-type(1)",
        "fixHint": "Resize/reposition the child or container, or mark intentional overflow with data-layout-allow-overflow.",
        "containerRect": {
          "left": 0,
          "top": 0,
          "right": 1280,
          "bottom": 720,
          "width": 1280,
          "height": 720
        },
        "overflow": {
          "left": 21.33,
          "right": 21.33,
          "top": 12.38,
          "bottom": 11.61
        },
        "dataAttributes": {},
        "sourceFile": "compositions/snapcn-status-cycle.html",
        "bbox": {
          "x": -21.33,
          "y": -12.38,
          "width": 1322.66,
          "height": 744
        },
        "firstSeen": 0.367,
        "lastSeen": 0.367,
        "occurrences": 1,
        "heldMs": 0
      },
      {
        "code": "container_overflow",
        "severity": "info",
        "time": 0.367,
        "selector": "#snapcn-status-cycle-source-root > div:nth-of-type(1) > div:nth-of-type(2) > div:nth-of-type(2) > div:nth-of-type(1)",
        "message": "Element extends outside a clipping layout container.",
        "rect": {
          "left": 642.2,
          "top": 334.8,
          "right": 942.02,
          "bottom": 408.23,
          "width": 299.83,
          "height": 73.43
        },
        "containerSelector": "#snapcn-status-cycle-source-root > div:nth-of-type(1) > div:nth-of-type(2) > div:nth-of-type(2)",
        "fixHint": "Resize/reposition the child or container, or mark intentional overflow with data-layout-allow-overflow.",
        "containerRect": {
          "left": 680.82,
          "top": 334.8,
          "right": 903.42,
          "bottom": 408.23,
          "width": 222.6,
          "height": 73.43
        },
        "overflow": {
          "left": 38.62,
          "right": 38.6
        },
        "dataAttributes": {},
        "sourceFile": "compositions/snapcn-status-cycle.html",
        "bbox": {
          "x": 642.2,
          "y": 334.8,
          "width": 299.83,
          "height": 73.43
        },
        "firstSeen": 0.367,
        "lastSeen": 0.367,
        "occurrences": 1,
        "heldMs": 0
      },
      {
        "code": "content_overlap",
        "severity": "info",
        "time": 0.498,
        "selector": "#snapcn-status-cycle-source-root > div:nth-of-type(1) > div:nth-of-type(2) > div:nth-of-type(1) > span:nth-of-type(5)",
        "message": "Two text blocks overlap and may render unreadable.",
        "rect": {
          "left": 464.51,
          "top": 308.5,
          "right": 515.76,
          "bottom": 416.69,
          "width": 51.25,
          "height": 108.19
        },
        "containerSelector": "#snapcn-status-cycle-source-root > div:nth-of-type(1) > div:nth-of-type(2) > div:nth-of-type(1) > span:nth-of-type(6)",
        "text": "c",
        "fixHint": "Give each block its own zone, or mark intentional layering with data-layout-allow-overlap.",
        "dataAttributes": {},
        "sourceFile": "compositions/snapcn-status-cycle.html",
        "bbox": {
          "x": 464.51,
          "y": 308.5,
          "width": 51.25,
          "height": 108.19
        },
        "firstSeen": 0.498,
        "lastSeen": 0.498,
        "occurrences": 1,
        "heldMs": 0
      },
      {
        "code": "content_overlap",
        "severity": "info",
        "time": 0.623,
        "selector": "#snapcn-status-cycle-source-root > div:nth-of-type(1) > div:nth-of-type(2) > div:nth-of-type(1) > span:nth-of-type(8)",
        "message": "Two text blocks overlap and may render unreadable.",
        "rect": {
          "left": 547.83,
          "top": 311.03,
          "right": 568.86,
          "bottom": 415.72,
          "width": 21.03,
          "height": 104.69
        },
        "containerSelector": "#snapcn-status-cycle-source-root > div:nth-of-type(1) > div:nth-of-type(2) > div:nth-of-type(1) > span:nth-of-type(9)",
        "text": "i",
        "fixHint": "Give each block its own zone, or mark intentional layering with data-layout-allow-overlap.",
        "dataAttributes": {},
        "sourceFile": "compositions/snapcn-status-cycle.html",
        "bbox": {
          "x": 547.83,
          "y": 311.03,
          "width": 21.03,
          "height": 104.69
        },
        "firstSeen": 0.623,
        "lastSeen": 0.623,
        "occurrences": 1,
        "heldMs": 0
      },
      {
        "code": "text_box_overflow",
        "severity": "info",
        "time": 1.1,
        "selector": "#snapcn-status-cycle-source-root > div:nth-of-type(1) > div:nth-of-type(2) > div:nth-of-type(2) > div:nth-of-type(1)",
        "message": "Text extends outside its nearest visual/container box.",
        "rect": {
          "left": 642.13,
          "top": 284.23,
          "right": 932.35,
          "bottom": 360.25,
          "width": 290.22,
          "height": 76.02
        },
        "containerSelector": "#snapcn-status-cycle-source-root > div:nth-of-type(1) > div:nth-of-type(2) > div:nth-of-type(2)",
        "text": "animating",
        "fixHint": "Text is 290px x 76px inside 381px x 71px and overflows by up to 52px; increase the container height to at least ~123px or shrink font-size from 63px to ~59px, or allow wrapping with max-width/fitTextFontSize.",
        "containerRect": {
          "left": 596.88,
          "top": 335.98,
          "right": 977.59,
          "bottom": 407.06,
          "width": 380.71,
          "height": 71.08
        },
        "overflow": {
          "top": 51.75
        },
        "dataAttributes": {},
        "sourceFile": "compositions/snapcn-status-cycle.html",
        "bbox": {
          "x": 642.13,
          "y": 284.23,
          "width": 290.22,
          "height": 76.02
        },
        "firstSeen": 1.1,
        "lastSeen": 1.1,
        "occurrences": 1,
        "heldMs": 0
      },
      {
        "code": "text_box_overflow",
        "severity": "info",
        "time": 1.1,
        "selector": "#snapcn-status-cycle-source-root > div:nth-of-type(1) > div:nth-of-type(2) > div:nth-of-type(2) > div:nth-of-type(2)",
        "message": "Text extends outside its nearest visual/container box.",
        "rect": {
          "left": 603.48,
          "top": 356.73,
          "right": 970.99,
          "bottom": 432.75,
          "width": 367.51,
          "height": 76.02
        },
        "containerSelector": "#snapcn-status-cycle-source-root > div:nth-of-type(1) > div:nth-of-type(2) > div:nth-of-type(2)",
        "text": "transitioning",
        "fixHint": "Text is 368px x 76px inside 381px x 71px and overflows by up to 26px; increase the container height to at least ~97px or shrink font-size from 63px to ~59px, or allow wrapping with max-width/fitTextFontSize.",
        "containerRect": {
          "left": 596.88,
          "top": 335.98,
          "right": 977.59,
          "bottom": 407.06,
          "width": 380.71,
          "height": 71.08
        },
        "overflow": {
          "bottom": 25.69
        },
        "dataAttributes": {},
        "sourceFile": "compositions/snapcn-status-cycle.html",
        "bbox": {
          "x": 603.48,
          "y": 356.73,
          "width": 367.51,
          "height": 76.02
        },
        "firstSeen": 1.1,
        "lastSeen": 1.1,
        "occurrences": 1,
        "heldMs": 0
      },
      {
        "code": "container_overflow",
        "severity": "info",
        "time": 1.1,
        "selector": "#snapcn-status-cycle-source-root > div:nth-of-type(1) > div:nth-of-type(2) > div:nth-of-type(2) > div:nth-of-type(1)",
        "message": "Element extends outside a clipping layout container.",
        "rect": {
          "left": 642.13,
          "top": 286.95,
          "right": 932.35,
          "bottom": 358.03,
          "width": 290.22,
          "height": 71.08
        },
        "containerSelector": "#snapcn-status-cycle-source-root > div:nth-of-type(1) > div:nth-of-type(2) > div:nth-of-type(2)",
        "fixHint": "Resize/reposition the child or container, or mark intentional overflow with data-layout-allow-overflow.",
        "containerRect": {
          "left": 596.88,
          "top": 335.98,
          "right": 977.59,
          "bottom": 407.06,
          "width": 380.71,
          "height": 71.08
        },
        "overflow": {
          "top": 49.03
        },
        "dataAttributes": {},
        "sourceFile": "compositions/snapcn-status-cycle.html",
        "bbox": {
          "x": 642.13,
          "y": 286.95,
          "width": 290.22,
          "height": 71.08
        },
        "firstSeen": 1.1,
        "lastSeen": 1.1,
        "occurrences": 1,
        "heldMs": 0
      },
      {
        "code": "container_overflow",
        "severity": "info",
        "time": 1.1,
        "selector": "#snapcn-status-cycle-source-root > div:nth-of-type(1) > div:nth-of-type(2) > div:nth-of-type(2) > div:nth-of-type(2)",
        "message": "Element extends outside a clipping layout container.",
        "rect": {
          "left": 603.48,
          "top": 359.45,
          "right": 970.99,
          "bottom": 430.53,
          "width": 367.51,
          "height": 71.08
        },
        "containerSelector": "#snapcn-status-cycle-source-root > div:nth-of-type(1) > div:nth-of-type(2) > div:nth-of-type(2)",
        "fixHint": "Resize/reposition the child or container, or mark intentional overflow with data-layout-allow-overflow.",
        "containerRect": {
          "left": 596.88,
          "top": 335.98,
          "right": 977.59,
          "bottom": 407.06,
          "width": 380.71,
          "height": 71.08
        },
        "overflow": {
          "bottom": 23.47
        },
        "dataAttributes": {},
        "sourceFile": "compositions/snapcn-status-cycle.html",
        "bbox": {
          "x": 603.48,
          "y": 359.45,
          "width": 367.51,
          "height": 71.08
        },
        "firstSeen": 1.1,
        "lastSeen": 1.1,
        "occurrences": 1,
        "heldMs": 0
      },
      {
        "code": "text_box_overflow",
        "severity": "info",
        "time": 1.833,
        "selector": "#snapcn-status-cycle-source-root > div:nth-of-type(1) > div:nth-of-type(2) > div:nth-of-type(2) > div:nth-of-type(1)",
        "message": "Text extends outside its nearest visual/container box.",
        "rect": {
          "left": 603.51,
          "top": 333.27,
          "right": 970.93,
          "bottom": 409.27,
          "width": 367.42,
          "height": 76
        },
        "containerSelector": "#snapcn-status-cycle-source-root > div:nth-of-type(1) > div:nth-of-type(2) > div:nth-of-type(2)",
        "text": "transitioning",
        "fixHint": "Text is 367px x 76px inside 394px x 71px and overflows by up to 3px; increase the container height to at least ~76px or shrink font-size from 63px to ~59px, or allow wrapping with max-width/fitTextFontSize.",
        "containerRect": {
          "left": 590.22,
          "top": 335.98,
          "right": 984.22,
          "bottom": 407.05,
          "width": 394,
          "height": 71.06
        },
        "overflow": {
          "top": 2.71,
          "bottom": 2.22
        },
        "dataAttributes": {},
        "sourceFile": "compositions/snapcn-status-cycle.html",
        "bbox": {
          "x": 603.51,
          "y": 333.27,
          "width": 367.42,
          "height": 76
        },
        "firstSeen": 1.833,
        "lastSeen": 1.833,
        "occurrences": 1,
        "heldMs": 0
      },
      {
        "code": "container_overflow",
        "severity": "info",
        "time": 1.833,
        "selector": "#snapcn-status-cycle-source-root > div:nth-of-type(1) > div:nth-of-type(2) > div:nth-of-type(2) > div:nth-of-type(2)",
        "message": "Element extends outside a clipping layout container.",
        "rect": {
          "left": 518.16,
          "top": 408.47,
          "right": 1056.28,
          "bottom": 479.53,
          "width": 538.13,
          "height": 71.06
        },
        "containerSelector": "#snapcn-status-cycle-source-root > div:nth-of-type(1) > div:nth-of-type(2) > div:nth-of-type(2)",
        "fixHint": "Resize/reposition the child or container, or mark intentional overflow with data-layout-allow-overflow.",
        "containerRect": {
          "left": 590.22,
          "top": 335.98,
          "right": 984.22,
          "bottom": 407.05,
          "width": 394,
          "height": 71.06
        },
        "overflow": {
          "left": 72.06,
          "right": 72.06,
          "bottom": 72.48
        },
        "dataAttributes": {},
        "sourceFile": "compositions/snapcn-status-cycle.html",
        "bbox": {
          "x": 518.16,
          "y": 408.47,
          "width": 538.13,
          "height": 71.06
        },
        "firstSeen": 1.833,
        "lastSeen": 1.833,
        "occurrences": 1,
        "heldMs": 0
      },
      {
        "code": "text_box_overflow",
        "severity": "info",
        "time": 2.567,
        "selector": "#snapcn-status-cycle-source-root > div:nth-of-type(1) > div:nth-of-type(2) > div:nth-of-type(2) > div:nth-of-type(1)",
        "message": "Text extends outside its nearest visual/container box.",
        "rect": {
          "left": 518.16,
          "top": 333.27,
          "right": 1056.28,
          "bottom": 409.27,
          "width": 538.12,
          "height": 76
        },
        "containerSelector": "#snapcn-status-cycle-source-root > div:nth-of-type(1) > div:nth-of-type(2) > div:nth-of-type(2)",
        "text": "rendering a scene",
        "fixHint": "Text is 538px x 76px inside 565px x 71px and overflows by up to 3px; increase the container height to at least ~76px or shrink font-size from 63px to ~59px, or allow wrapping with max-width/fitTextFontSize.",
        "containerRect": {
          "left": 504.72,
          "top": 335.98,
          "right": 1069.72,
          "bottom": 407.05,
          "width": 565,
          "height": 71.06
        },
        "overflow": {
          "top": 2.71,
          "bottom": 2.22
        },
        "dataAttributes": {},
        "sourceFile": "compositions/snapcn-status-cycle.html",
        "bbox": {
          "x": 518.16,
          "y": 333.27,
          "width": 538.12,
          "height": 76
        },
        "firstSeen": 2.567,
        "lastSeen": 2.567,
        "occurrences": 1,
        "heldMs": 0
      },
      {
        "code": "canvas_overflow",
        "severity": "info",
        "time": 5.5,
        "selector": "#snapcn-status-cycle-source-root > div:nth-of-type(1) > div:nth-of-type(2) > div:nth-of-type(3)",
        "message": "Text extends outside the composition canvas.",
        "rect": {
          "left": 113.5,
          "top": 670.65,
          "right": 1166.45,
          "bottom": 850.65,
          "width": 1052.95,
          "height": 180
        },
        "containerSelector": "#root",
        "text": "answer-stream",
        "fixHint": "Move the text inward, reduce its size, or mark intentional off-canvas animation with data-layout-allow-overflow.",
        "containerRect": {
          "left": 0,
          "top": 0,
          "right": 1280,
          "bottom": 720,
          "width": 1280,
          "height": 720
        },
        "overflow": {
          "bottom": 130.65
        },
        "dataAttributes": {},
        "sourceFile": "compositions/snapcn-status-cycle.html",
        "bbox": {
          "x": 113.5,
          "y": 670.65,
          "width": 1052.95,
          "height": 180
        },
        "firstSeen": 5.5,
        "lastSeen": 5.5,
        "occurrences": 1,
        "heldMs": 0
      },
      {
        "code": "container_overflow",
        "severity": "info",
        "time": 5.5,
        "selector": "#snapcn-status-cycle-source-root > div:nth-of-type(1) > div:nth-of-type(2) > div:nth-of-type(3)",
        "message": "Element extends outside a clipping layout container.",
        "rect": {
          "left": 51.19,
          "top": 662.24,
          "right": 1228.78,
          "bottom": 859.34,
          "width": 1177.59,
          "height": 197.09
        },
        "containerSelector": "#snapcn-status-cycle-source-root > div:nth-of-type(1) > div:nth-of-type(2)",
        "fixHint": "Resize/reposition the child or container, or mark intentional overflow with data-layout-allow-overflow.",
        "containerRect": {
          "left": 0,
          "top": 0,
          "right": 1280,
          "bottom": 720,
          "width": 1280,
          "height": 720
        },
        "overflow": {
          "bottom": 139.34
        },
        "dataAttributes": {},
        "sourceFile": "compositions/snapcn-status-cycle.html",
        "bbox": {
          "x": 51.19,
          "y": 662.24,
          "width": 1177.59,
          "height": 197.09
        },
        "firstSeen": 5.5,
        "lastSeen": 5.5,
        "occurrences": 1,
        "heldMs": 0
      },
      {
        "code": "escaped_container",
        "severity": "info",
        "time": 5.5,
        "selector": "#snapcn-status-cycle-source-root > div:nth-of-type(1) > div:nth-of-type(2) > div:nth-of-type(3)",
        "message": "Positioned element renders far outside its offset parent — its coordinates were likely computed in a different frame (canvas/viewport pixels).",
        "rect": {
          "left": 51.19,
          "top": 662.24,
          "right": 1228.78,
          "bottom": 859.34,
          "width": 1177.59,
          "height": 197.09
        },
        "containerSelector": "#snapcn-status-cycle-source-root > div:nth-of-type(1) > div:nth-of-type(2)",
        "text": "answer-stream",
        "fixHint": "Compute left/top in the offset parent's frame (subtract its rect), or mark intentional placement with data-layout-allow-overflow.",
        "containerRect": {
          "left": 0,
          "top": 0,
          "right": 1280,
          "bottom": 720,
          "width": 1280,
          "height": 720
        },
        "dataAttributes": {},
        "sourceFile": "compositions/snapcn-status-cycle.html",
        "bbox": {
          "x": 51.19,
          "y": 662.24,
          "width": 1177.59,
          "height": 197.09
        },
        "firstSeen": 5.5,
        "lastSeen": 5.5,
        "occurrences": 1,
        "heldMs": 0
      },
      {
        "code": "canvas_overflow",
        "severity": "info",
        "time": 6.233,
        "selector": "#snapcn-status-cycle-source-root > div:nth-of-type(1) > div:nth-of-type(2) > div:nth-of-type(1)",
        "message": "Text extends outside the composition canvas.",
        "rect": {
          "left": 113.56,
          "top": -451.08,
          "right": 865.36,
          "bottom": -271.08,
          "width": 751.8,
          "height": 180
        },
        "containerSelector": "#root",
        "text": "text-reveal",
        "fixHint": "Move the text inward, reduce its size, or mark intentional off-canvas animation with data-layout-allow-overflow.",
        "containerRect": {
          "left": 0,
          "top": 0,
          "right": 1280,
          "bottom": 720,
          "width": 1280,
          "height": 720
        },
        "overflow": {
          "top": 451.08
        },
        "dataAttributes": {},
        "sourceFile": "compositions/snapcn-status-cycle.html",
        "bbox": {
          "x": 113.56,
          "y": -451.08,
          "width": 751.8,
          "height": 180
        },
        "firstSeen": 6.233,
        "lastSeen": 6.233,
        "occurrences": 1,
        "heldMs": 0
      },
      {
        "code": "canvas_overflow",
        "severity": "info",
        "time": 6.233,
        "selector": "#snapcn-status-cycle-source-root > div:nth-of-type(1) > div:nth-of-type(2) > div:nth-of-type(2)",
        "message": "Text extends outside the composition canvas.",
        "rect": {
          "left": 247.02,
          "top": -212.94,
          "right": 1166.39,
          "bottom": -32.94,
          "width": 919.37,
          "height": 180
        },
        "containerSelector": "#root",
        "text": "phone-frame",
        "fixHint": "Move the text inward, reduce its size, or mark intentional off-canvas animation with data-layout-allow-overflow.",
        "containerRect": {
          "left": 0,
          "top": 0,
          "right": 1280,
          "bottom": 720,
          "width": 1280,
          "height": 720
        },
        "overflow": {
          "top": 212.94
        },
        "dataAttributes": {},
        "sourceFile": "compositions/snapcn-status-cycle.html",
        "bbox": {
          "x": 247.02,
          "y": -212.94,
          "width": 919.37,
          "height": 180
        },
        "firstSeen": 6.233,
        "lastSeen": 6.233,
        "occurrences": 1,
        "heldMs": 0
      },
      {
        "code": "container_overflow",
        "severity": "info",
        "time": 6.233,
        "selector": "#snapcn-status-cycle-source-root > div:nth-of-type(1) > div:nth-of-type(2) > div:nth-of-type(1)",
        "message": "Element extends outside a clipping layout container.",
        "rect": {
          "left": 51.19,
          "top": -459.49,
          "right": 927.75,
          "bottom": -262.39,
          "width": 876.56,
          "height": 197.09
        },
        "containerSelector": "#snapcn-status-cycle-source-root > div:nth-of-type(1) > div:nth-of-type(2)",
        "fixHint": "Resize/reposition the child or container, or mark intentional overflow with data-layout-allow-overflow.",
        "containerRect": {
          "left": 0,
          "top": 0,
          "right": 1280,
          "bottom": 720,
          "width": 1280,
          "height": 720
        },
        "overflow": {
          "top": 459.49
        },
        "dataAttributes": {},
        "sourceFile": "compositions/snapcn-status-cycle.html",
        "bbox": {
          "x": 51.19,
          "y": -459.49,
          "width": 876.56,
          "height": 197.09
        },
        "firstSeen": 6.233,
        "lastSeen": 6.233,
        "occurrences": 1,
        "heldMs": 0
      },
      {
        "code": "container_overflow",
        "severity": "info",
        "time": 6.233,
        "selector": "#snapcn-status-cycle-source-root > div:nth-of-type(1) > div:nth-of-type(2) > div:nth-of-type(2)",
        "message": "Element extends outside a clipping layout container.",
        "rect": {
          "left": 184.59,
          "top": -221.35,
          "right": 1228.81,
          "bottom": -24.25,
          "width": 1044.22,
          "height": 197.09
        },
        "containerSelector": "#snapcn-status-cycle-source-root > div:nth-of-type(1) > div:nth-of-type(2)",
        "fixHint": "Resize/reposition the child or container, or mark intentional overflow with data-layout-allow-overflow.",
        "containerRect": {
          "left": 0,
          "top": 0,
          "right": 1280,
          "bottom": 720,
          "width": 1280,
          "height": 720
        },
        "overflow": {
          "top": 221.35
        },
        "dataAttributes": {},
        "sourceFile": "compositions/snapcn-status-cycle.html",
        "bbox": {
          "x": 184.59,
          "y": -221.35,
          "width": 1044.22,
          "height": 197.09
        },
        "firstSeen": 6.233,
        "lastSeen": 6.233,
        "occurrences": 1,
        "heldMs": 0
      },
      {
        "code": "escaped_container",
        "severity": "info",
        "time": 6.233,
        "selector": "#snapcn-status-cycle-source-root > div:nth-of-type(1) > div:nth-of-type(2) > div:nth-of-type(1)",
        "message": "Positioned element renders far outside its offset parent — its coordinates were likely computed in a different frame (canvas/viewport pixels).",
        "rect": {
          "left": 51.19,
          "top": -459.49,
          "right": 927.75,
          "bottom": -262.39,
          "width": 876.56,
          "height": 197.09
        },
        "containerSelector": "#snapcn-status-cycle-source-root > div:nth-of-type(1) > div:nth-of-type(2)",
        "text": "text-reveal",
        "fixHint": "Compute left/top in the offset parent's frame (subtract its rect), or mark intentional placement with data-layout-allow-overflow.",
        "containerRect": {
          "left": 0,
          "top": 0,
          "right": 1280,
          "bottom": 720,
          "width": 1280,
          "height": 720
        },
        "dataAttributes": {},
        "sourceFile": "compositions/snapcn-status-cycle.html",
        "bbox": {
          "x": 51.19,
          "y": -459.49,
          "width": 876.56,
          "height": 197.09
        },
        "firstSeen": 6.233,
        "lastSeen": 6.233,
        "occurrences": 1,
        "heldMs": 0
      }
    ],
    "duration": 6.6,
    "samples": [
      0.367,
      1.1,
      1.833,
      2.567,
      3.3,
      4.033,
      4.767,
      5.5,
      6.233
    ],
    "transitionSamples": [],
    "transitionSamplesDropped": 0,
    "tolerance": 2,
    "totalIssueCount": 26,
    "truncated": false
  },
  "motion": {
    "ok": true,
    "errorCount": 0,
    "warningCount": 0,
    "infoCount": 0,
    "findings": [],
    "enabled": false,
    "samples": 0
  },
  "contrast": {
    "ok": true,
    "errorCount": 0,
    "warningCount": 1,
    "infoCount": 0,
    "findings": [
      {
        "code": "contrast_aa_failure",
        "severity": "warning",
        "message": "Contrast is 2.66:1; WCAG AA requires 3:1.",
        "text": "rendering a scene",
        "fg": "rgb(178,205,247)",
        "bg": "rgb(53,119,224)",
        "ratio": 2.66,
        "requiredRatio": 3,
        "suggestedColor": "rgb(43,49,59)",
        "large": true,
        "selector": "div > div > div > div > div > div > div:nth-of-type(2) > div:nth-of-type(2) > div:nth-of-type(2)",
        "dataAttributes": {},
        "sourceFile": "compositions/snapcn-status-cycle.html",
        "bbox": {
          "x": 518.1560668945312,
          "y": 408.4697265625,
          "width": 538.1256713867188,
          "height": 71.06259155273438
        },
        "time": 1.833
      }
    ],
    "enabled": true,
    "samples": [
      0.367,
      1.833,
      3.3,
      4.767,
      6.233
    ],
    "checked": 40,
    "passed": 39
  },
  "hdr": {
    "autoPromotion": null,
    "inspection": "available"
  },
  "snapshots": {
    "enabled": false,
    "files": [],
    "times": [],
    "findingFiles": []
  },
  "_meta": {
    "version": "0.8.99",
    "latestVersion": "0.8.99",
    "updateAvailable": false
  }
}
