
◆  Rendering installed → <project>/.work/verify-remocn-lossless/switch/hyperframes-frames
   30fps · high · 1 workers
   GPU: browser GPU (forced)

[?25l│
◇  Browser: env
[?25h[INFO] [Render] Pipeline started {"renderJobId":"ef04a0be-3d98-4c30-83b5-280c162f25ec","platform":"linux","arch":"x64","nodeVersion":"v26.11.1","fps":{"num":30,"den":1},"format":"png-sequence","quality":"high","browserGpuMode":"hardware","forceScreenshot":false,"protocolTimeout":300000,"browserTimeout":120000,"pageNavigationTimeout":60000,"playerReadyTimeout":45000}
[INFO] [Render:trace] {"renderJobId":"ef04a0be-3d98-4c30-83b5-280c162f25ec","phase":"pipeline","status":"checkpoint","elapsedMs":2,"message":"started","format":"png-sequence","quality":"high","browserGpuMode":"hardware","forceScreenshot":false,"protocolTimeoutMs":300000,"pageNavigationTimeoutMs":60000,"playerReadyTimeoutMs":45000,"requestedWorkers":1}
[INFO] [Render:trace] {"renderJobId":"ef04a0be-3d98-4c30-83b5-280c162f25ec","phase":"compile","status":"start","elapsedMs":3,"needsAlpha":true}
  █░░░░░░░░░░░░░░░░░░░░░░░░  5%  Compiling composition
[INFO] [Compiler] Inlined CDN script: https://cdn.jsdelivr.net/npm/gsap@3.14.2/dist/gsap.min.js
[INFO] [Compiler] Embedded local font file: assets/fonts/Geist-Latin.woff2 (29 KB → data URI)
[INFO] Compiled composition metadata {"renderJobId":"ef04a0be-3d98-4c30-83b5-280c162f25ec","entryFile":"index.html","staticDuration":3.3333333333333335,"width":1280,"height":720,"videoCount":0,"audioCount":0,"renderModeHints":{"recommendScreenshot":false,"reasons":[]}}
[INFO] [Render:trace] {"renderJobId":"ef04a0be-3d98-4c30-83b5-280c162f25ec","phase":"compile","status":"end","elapsedMs":176,"durationMs":173,"needsAlpha":true}
[INFO] [Render:trace] {"renderJobId":"ef04a0be-3d98-4c30-83b5-280c162f25ec","phase":"compile","status":"checkpoint","elapsedMs":176,"message":"composition metadata resolved","width":1280,"height":720,"videoCount":0,"audioCount":0,"imageCount":0,"deviceScaleFactor":1,"forceScreenshot":true,"compositionHash":"15e49a8d65e88157"}
[INFO] [Render:trace] {"renderJobId":"ef04a0be-3d98-4c30-83b5-280c162f25ec","phase":"browser_probe","status":"start","elapsedMs":176,"forceScreenshot":true,"stagePhase":"calibrating"}
[INFO] [Render:trace] {"renderJobId":"ef04a0be-3d98-4c30-83b5-280c162f25ec","phase":"browser_probe","status":"end","elapsedMs":336,"durationMs":160,"forceScreenshot":true,"stagePhase":"calibrating"}
[INFO] [Render:trace] {"renderJobId":"ef04a0be-3d98-4c30-83b5-280c162f25ec","phase":"browser_probe","status":"checkpoint","elapsedMs":337,"message":"duration resolved","durationSeconds":3.3333333333333335,"totalFrames":100,"compositionHash":"15e49a8d65e88157","beginFrameStalled":false}
[INFO] [Render:trace] {"renderJobId":"ef04a0be-3d98-4c30-83b5-280c162f25ec","phase":"video_extract","status":"start","elapsedMs":337,"videoCount":0}
  ██░░░░░░░░░░░░░░░░░░░░░░░  10%  Extracting video frames
[INFO] [Render:trace] {"renderJobId":"ef04a0be-3d98-4c30-83b5-280c162f25ec","phase":"video_extract","status":"end","elapsedMs":337,"durationMs":0,"videoCount":0}
[INFO] [Render:trace] {"renderJobId":"ef04a0be-3d98-4c30-83b5-280c162f25ec","phase":"video_extract","status":"checkpoint","elapsedMs":339,"message":"frames resolved","videoCount":0,"extractedVideoCount":0,"totalFramesExtracted":0,"maxFramesPerVideo":0,"avgFramesPerExtractedVideo":null,"vfrPreflightCount":null,"vfrPreflightMs":null,"cacheHits":null,"cacheMisses":null,"transientRetries":null,"minVideoFrameCoverageRatio":null,"authoredTimedClipCount":3}
[INFO] [Render] No HDR sources detected — rendering SDR {"renderJobId":"ef04a0be-3d98-4c30-83b5-280c162f25ec"}
[INFO] [Render:trace] {"renderJobId":"ef04a0be-3d98-4c30-83b5-280c162f25ec","phase":"hdr_detection","status":"checkpoint","elapsedMs":340,"message":"resolved","requestedHdrMode":"auto","effectiveHdr":"sdr","nativeHdrVideoCount":0,"nativeHdrImageCount":0}
[INFO] [Render:trace] {"renderJobId":"ef04a0be-3d98-4c30-83b5-280c162f25ec","phase":"audio_process","status":"start","elapsedMs":340,"audioCount":0}
[INFO] [Render:trace] {"renderJobId":"ef04a0be-3d98-4c30-83b5-280c162f25ec","phase":"audio_process","status":"end","elapsedMs":340,"durationMs":0,"audioCount":0}
  █████░░░░░░░░░░░░░░░░░░░░  20%  Processing audio tracks
[INFO] [Render:trace] {"renderJobId":"ef04a0be-3d98-4c30-83b5-280c162f25ec","phase":"file_server","status":"start","elapsedMs":340,"reused":false}
  ██████░░░░░░░░░░░░░░░░░░░  25%  Starting frame capture
[INFO] [Render:trace] {"renderJobId":"ef04a0be-3d98-4c30-83b5-280c162f25ec","phase":"file_server","status":"end","elapsedMs":343,"durationMs":3}
  ██████░░░░░░░░░░░░░░░░░░░  25%  Checking browser GPU
[hyperframes] browserGpuMode probe → hardware (WebGL renderer vendor="Google Inc. (NVIDIA Corporation)" renderer="ANGLE (NVIDIA Corporation, NVIDIA GeForce RTX 5060/PCIe/SSE2, OpenGL ES 3.2)")
[INFO] [Render:trace] {"renderJobId":"ef04a0be-3d98-4c30-83b5-280c162f25ec","phase":"capture_calibration","status":"checkpoint","elapsedMs":902,"message":"skipped","requestedWorkers":1,"totalFrames":100,"htmlInCanvasDetected":false,"lowMemoryMode":false,"deInversionEligible":false,"deParallelRouterEligible":false}
[INFO] [Render:trace] {"renderJobId":"ef04a0be-3d98-4c30-83b5-280c162f25ec","phase":"worker_resolution","status":"checkpoint","elapsedMs":904,"message":"resolved","workerCount":1}
[INFO] streaming-encode gate {"renderJobId":"ef04a0be-3d98-4c30-83b5-280c162f25ec","enabled":false,"reason":"format_excluded","configFlag":true,"durationCapEnabled":false,"outputFormat":"png-sequence","workerCount":1,"durationSeconds":3.3333333333333335,"maxDurationSeconds":240}
[INFO] [Render:trace] {"renderJobId":"ef04a0be-3d98-4c30-83b5-280c162f25ec","phase":"capture_strategy","status":"checkpoint","elapsedMs":905,"message":"resolved","workerCount":1,"forceScreenshot":true,"captureBeyondViewport":null,"useStreamingEncode":false,"useLayeredComposite":false,"usePageSideCompositing":false,"hasHdrContent":false,"hasShaderTransitions":false,"isPngSequence":true}
[INFO] [Render:trace] {"renderJobId":"ef04a0be-3d98-4c30-83b5-280c162f25ec","phase":"capture_disk","status":"start","elapsedMs":906,"stagePhase":"capturing","needsAlpha":true,"workerCount":1,"forceScreenshot":true,"totalFrames":100,"framesCompleted":0,"captureMode":"screenshot","captureOperation":"captureScreenshot"}
[BrowserManager] Browser launched (HeadlessChrome/152.0.7977.42, screenshot, gl=--use-gl=angle --use-angle=gl-egl, headlessShell=true, platform=linux)
[initSession:screenshot] page.goto start (1ms)
[HyperFrames] render runtime fps {"canonicalFps":30,"source":"render-options","rawFpsSource":"render-options","rawFps":30}
[initSession:screenshot] page.goto complete (213ms)
[initSession:screenshot] GSAP proxy flush complete (230ms)
[initSession:screenshot] pollHfReady complete (334ms)
[initSession:screenshot] pollSubCompositionTimelines complete (ready) (338ms)
[initSession:screenshot] applyVideoMetadataHints complete (338ms)
[initSession:screenshot] media + fonts + tailwind ready (342ms)
[initSession:screenshot] static-frame dedup: disabled (eligible) (354ms)
  ██████░░░░░░░░░░░░░░░░░░░  25%  Capturing frame 1/100
  ███████░░░░░░░░░░░░░░░░░░  28%  Capturing frame 6/100
  ███████░░░░░░░░░░░░░░░░░░  30%  Capturing frame 12/100
  ████████░░░░░░░░░░░░░░░░░  33%  Capturing frame 17/100
  ████████░░░░░░░░░░░░░░░░░  35%  Capturing frame 22/100
  █████████░░░░░░░░░░░░░░░░  38%  Capturing frame 28/100
  ██████████░░░░░░░░░░░░░░░  40%  Capturing frame 34/100
  ██████████░░░░░░░░░░░░░░░  43%  Capturing frame 40/100
  ███████████░░░░░░░░░░░░░░  45%  Capturing frame 45/100
  ████████████░░░░░░░░░░░░░  48%  Capturing frame 50/100
  ████████████░░░░░░░░░░░░░  50%  Capturing frame 55/100
  █████████████░░░░░░░░░░░░  52%  Capturing frame 61/100
  █████████████░░░░░░░░░░░░  55%  Capturing frame 66/100
  ██████████████░░░░░░░░░░░  57%  Capturing frame 71/100
  ███████████████░░░░░░░░░░  60%  Capturing frame 77/100
  ███████████████░░░░░░░░░░  61%  Capturing frame 81/100
  ███████████████░░░░░░░░░░  63%  Capturing frame 85/100
  ████████████████░░░░░░░░░  65%  Capturing frame 89/100
  ████████████████░░░░░░░░░  67%  Capturing frame 93/100
  █████████████████░░░░░░░░  70%  Capturing frame 99/100
  █████████████████░░░░░░░░  70%  Capturing frame 100/100
[INFO] [Render:trace] {"renderJobId":"ef04a0be-3d98-4c30-83b5-280c162f25ec","phase":"capture_disk","status":"end","elapsedMs":6735,"durationMs":5829,"stagePhase":"capturing","needsAlpha":true,"workerCount":1,"forceScreenshot":true,"totalFrames":100,"framesCompleted":100,"captureMode":"screenshot","captureOperation":"encode"}
[INFO] [Render:trace] {"renderJobId":"ef04a0be-3d98-4c30-83b5-280c162f25ec","phase":"encode","status":"start","elapsedMs":6735,"stagePhase":"capturing","hasAudio":false,"isPngSequence":true,"isGif":false,"chunkedEncode":false,"workerCount":1,"forceScreenshot":true,"totalFrames":100,"framesCompleted":100,"captureMode":"screenshot","captureOperation":"encode"}
  ██████████████████░░░░░░░  75%  Writing PNG sequence
[INFO] [Render:trace] {"renderJobId":"ef04a0be-3d98-4c30-83b5-280c162f25ec","phase":"encode","status":"end","elapsedMs":6743,"durationMs":8,"stagePhase":"capturing","hasAudio":false,"isPngSequence":true,"isGif":false,"chunkedEncode":false,"workerCount":1,"forceScreenshot":true,"totalFrames":100,"framesCompleted":100,"captureMode":"screenshot","captureOperation":"encode"}
[INFO] [Render:trace] {"renderJobId":"ef04a0be-3d98-4c30-83b5-280c162f25ec","phase":"assemble","status":"checkpoint","elapsedMs":6749,"message":"skipped for png-sequence"}
[INFO] [Render:trace] {"renderJobId":"ef04a0be-3d98-4c30-83b5-280c162f25ec","phase":"pipeline","status":"checkpoint","elapsedMs":6767,"message":"artifact validated","totalElapsedMs":6766}
  █████████████████████████  100%  Render complete

◇  <project>/.work/verify-remocn-lossless/switch/hyperframes-frames
   500.4 KB · 100 frames · rendered in 6.8s
   screenshot capture · hardware gpu · compile 0.3s · extract 0.0s · audio 0.0s · probe 0.2s · setup 0.6s · capture 5.8s · encode 0.0s
