[hyperframes] browserGpuMode probe → hardware (WebGL renderer vendor="Google Inc. (NVIDIA Corporation)" renderer="ANGLE (NVIDIA Corporation, NVIDIA GeForce RTX 5060/PCIe/SSE2, OpenGL ES 3.2)")
{
  "ok": false,
  "strict": false,
  "lint": {
    "ok": true,
    "errorCount": 0,
    "warningCount": 0,
    "infoCount": 0,
    "findings": [],
    "filesScanned": 2
  },
  "runtime": {
    "ok": true,
    "errorCount": 0,
    "warningCount": 0,
    "infoCount": 0,
    "findings": []
  },
  "layout": {
    "ok": false,
    "errorCount": 1,
    "warningCount": 0,
    "infoCount": 0,
    "findings": [
      {
        "code": "content_overlap",
        "severity": "error",
        "time": 0.494,
        "selector": "#stripe-type-source-root > div:nth-of-type(1) > div:nth-of-type(1) > div:nth-of-type(3)",
        "message": "Two text blocks overlap and may render unreadable.",
        "rect": {
          "left": 311.31,
          "top": 251,
          "right": 969.18,
          "bottom": 468,
          "width": 657.88,
          "height": 217
        },
        "containerSelector": "#stripe-type-source-root > div:nth-of-type(1) > div:nth-of-type(1) > div:nth-of-type(8)",
        "text": "Launch",
        "fixHint": "Give each block its own zone, or mark intentional layering with data-layout-allow-overlap.",
        "dataAttributes": {},
        "sourceFile": "compositions/stripe-type.html",
        "bbox": {
          "x": 311.31,
          "y": 251,
          "width": 657.88,
          "height": 217
        },
        "firstSeen": 0.494,
        "lastSeen": 2.469,
        "occurrences": 23
      }
    ],
    "duration": 3.3333333333333335,
    "samples": [
      0.185,
      0.556,
      0.926,
      1.296,
      1.667,
      2.037,
      2.407,
      2.778,
      3.148
    ],
    "transitionSamples": [],
    "transitionSamplesDropped": 0,
    "tolerance": 2,
    "totalIssueCount": 1,
    "truncated": false
  },
  "motion": {
    "ok": true,
    "errorCount": 0,
    "warningCount": 0,
    "infoCount": 0,
    "findings": [],
    "enabled": false,
    "samples": 0
  },
  "contrast": {
    "ok": true,
    "errorCount": 0,
    "warningCount": 0,
    "infoCount": 0,
    "findings": [],
    "enabled": true,
    "samples": [
      0.185,
      0.926,
      1.667,
      2.407,
      3.148
    ],
    "checked": 7,
    "passed": 7
  },
  "snapshots": {
    "enabled": false,
    "files": [],
    "times": [],
    "findingFiles": []
  },
  "_meta": {
    "version": "0.8.30",
    "latestVersion": "0.8.87",
    "updateAvailable": true
  }
}
