[hyperframes] browserGpuMode probe → hardware (WebGL renderer vendor="Google Inc. (NVIDIA Corporation)" renderer="ANGLE (NVIDIA Corporation, NVIDIA GeForce RTX 5060/PCIe/SSE2, OpenGL ES 3.2)")
{
  "ok": false,
  "strict": false,
  "lint": {
    "ok": true,
    "errorCount": 0,
    "warningCount": 0,
    "infoCount": 0,
    "findings": [],
    "filesScanned": 2
  },
  "runtime": {
    "ok": true,
    "errorCount": 0,
    "warningCount": 0,
    "infoCount": 0,
    "findings": []
  },
  "layout": {
    "ok": false,
    "errorCount": 7,
    "warningCount": 0,
    "infoCount": 44,
    "findings": [
      {
        "code": "text_not_painted",
        "severity": "error",
        "time": 4.093,
        "selector": "#snapcn-announce-title-source-root > div:nth-of-type(1) > div:nth-of-type(2) > div:nth-of-type(1) > div:nth-of-type(1) > div:nth-of-type(1) > span:nth-of-type(4)",
        "message": "Text paints with an effectively transparent fill (-webkit-text-fill-color / color), so its glyphs are invisible.",
        "rect": {
          "left": 550.19,
          "top": 325.27,
          "right": 780.02,
          "bottom": 387.27,
          "width": 229.83,
          "height": 62
        },
        "text": "Remotion,",
        "fixHint": "Set an explicit, opaque `color` on the text — and an explicit `-webkit-text-fill-color` if an ancestor makes the fill transparent. If the transparency is intentional gradient text, add `background-clip: text`.",
        "dataAttributes": {},
        "sourceFile": "compositions/snapcn-announce-title.html",
        "bbox": {
          "x": 550.19,
          "y": 325.27,
          "width": 229.83,
          "height": 62
        },
        "firstSeen": 4.093,
        "lastSeen": 5.352,
        "occurrences": 3,
        "heldMs": 1259.0000000000005
      },
      {
        "code": "text_not_painted",
        "severity": "error",
        "time": 4.093,
        "selector": "#snapcn-announce-title-source-root > div:nth-of-type(1) > div:nth-of-type(2) > div:nth-of-type(1) > div:nth-of-type(1) > div:nth-of-type(1) > span:nth-of-type(5)",
        "message": "Text paints with an effectively transparent fill (-webkit-text-fill-color / color), so its glyphs are invisible.",
        "rect": {
          "left": 780.02,
          "top": 325.27,
          "right": 827.3,
          "bottom": 387.27,
          "width": 47.28,
          "height": 62
        },
        "text": "in",
        "fixHint": "Set an explicit, opaque `color` on the text — and an explicit `-webkit-text-fill-color` if an ancestor makes the fill transparent. If the transparency is intentional gradient text, add `background-clip: text`.",
        "dataAttributes": {},
        "sourceFile": "compositions/snapcn-announce-title.html",
        "bbox": {
          "x": 780.02,
          "y": 325.27,
          "width": 47.28,
          "height": 62
        },
        "firstSeen": 4.093,
        "lastSeen": 5.352,
        "occurrences": 3,
        "heldMs": 1259.0000000000005
      },
      {
        "code": "text_not_painted",
        "severity": "error",
        "time": 4.093,
        "selector": "#snapcn-announce-title-source-root > div:nth-of-type(1) > div:nth-of-type(2) > div:nth-of-type(1) > div:nth-of-type(1) > div:nth-of-type(1) > span:nth-of-type(6)",
        "message": "Text paints with an effectively transparent fill (-webkit-text-fill-color / color), so its glyphs are invisible.",
        "rect": {
          "left": 827.3,
          "top": 325.27,
          "right": 920.66,
          "bottom": 387.27,
          "width": 93.36,
          "height": 62
        },
        "text": "one",
        "fixHint": "Set an explicit, opaque `color` on the text — and an explicit `-webkit-text-fill-color` if an ancestor makes the fill transparent. If the transparency is intentional gradient text, add `background-clip: text`.",
        "dataAttributes": {},
        "sourceFile": "compositions/snapcn-announce-title.html",
        "bbox": {
          "x": 827.3,
          "y": 325.27,
          "width": 93.36,
          "height": 62
        },
        "firstSeen": 4.093,
        "lastSeen": 5.352,
        "occurrences": 3,
        "heldMs": 1259.0000000000005
      },
      {
        "code": "text_not_painted",
        "severity": "error",
        "time": 4.093,
        "selector": "#snapcn-announce-title-source-root > div:nth-of-type(1) > div:nth-of-type(2) > div:nth-of-type(1) > div:nth-of-type(1) > div:nth-of-type(1) > span:nth-of-type(7)",
        "message": "Text paints with an effectively transparent fill (-webkit-text-fill-color / color), so its glyphs are invisible.",
        "rect": {
          "left": 920.66,
          "top": 325.27,
          "right": 1162.86,
          "bottom": 387.27,
          "width": 242.2,
          "height": 62
        },
        "text": "command.",
        "fixHint": "Set an explicit, opaque `color` on the text — and an explicit `-webkit-text-fill-color` if an ancestor makes the fill transparent. If the transparency is intentional gradient text, add `background-clip: text`.",
        "dataAttributes": {},
        "sourceFile": "compositions/snapcn-announce-title.html",
        "bbox": {
          "x": 920.66,
          "y": 325.27,
          "width": 242.2,
          "height": 62
        },
        "firstSeen": 4.093,
        "lastSeen": 5.352,
        "occurrences": 3,
        "heldMs": 1259.0000000000005
      },
      {
        "code": "text_not_painted",
        "severity": "error",
        "time": 4.722,
        "selector": "#snapcn-announce-title-source-root > div:nth-of-type(1) > div:nth-of-type(2) > div:nth-of-type(1) > div:nth-of-type(1) > div:nth-of-type(1) > span:nth-of-type(1)",
        "message": "Text paints with an effectively transparent fill (-webkit-text-fill-color / color), so its glyphs are invisible.",
        "rect": {
          "left": 76.42,
          "top": 325.27,
          "right": 354.86,
          "bottom": 387.27,
          "width": 278.44,
          "height": 62
        },
        "text": "Ready-made",
        "fixHint": "Set an explicit, opaque `color` on the text — and an explicit `-webkit-text-fill-color` if an ancestor makes the fill transparent. If the transparency is intentional gradient text, add `background-clip: text`.",
        "dataAttributes": {},
        "sourceFile": "compositions/snapcn-announce-title.html",
        "bbox": {
          "x": 76.42,
          "y": 325.27,
          "width": 278.44,
          "height": 62
        },
        "firstSeen": 4.722,
        "lastSeen": 5.352,
        "occurrences": 2,
        "heldMs": 629.9999999999999
      },
      {
        "code": "text_not_painted",
        "severity": "error",
        "time": 4.722,
        "selector": "#snapcn-announce-title-source-root > div:nth-of-type(1) > div:nth-of-type(2) > div:nth-of-type(1) > div:nth-of-type(1) > div:nth-of-type(1) > span:nth-of-type(2)",
        "message": "Text paints with an effectively transparent fill (-webkit-text-fill-color / color), so its glyphs are invisible.",
        "rect": {
          "left": 354.86,
          "top": 325.27,
          "right": 517.23,
          "bottom": 387.27,
          "width": 162.38,
          "height": 62
        },
        "text": "scenes",
        "fixHint": "Set an explicit, opaque `color` on the text — and an explicit `-webkit-text-fill-color` if an ancestor makes the fill transparent. If the transparency is intentional gradient text, add `background-clip: text`.",
        "dataAttributes": {},
        "sourceFile": "compositions/snapcn-announce-title.html",
        "bbox": {
          "x": 354.86,
          "y": 325.27,
          "width": 162.38,
          "height": 62
        },
        "firstSeen": 4.722,
        "lastSeen": 5.352,
        "occurrences": 2,
        "heldMs": 629.9999999999999
      },
      {
        "code": "text_not_painted",
        "severity": "error",
        "time": 4.722,
        "selector": "#snapcn-announce-title-source-root > div:nth-of-type(1) > div:nth-of-type(2) > div:nth-of-type(1) > div:nth-of-type(1) > div:nth-of-type(1) > span:nth-of-type(3)",
        "message": "Text paints with an effectively transparent fill (-webkit-text-fill-color / color), so its glyphs are invisible.",
        "rect": {
          "left": 517.23,
          "top": 325.27,
          "right": 590.16,
          "bottom": 387.27,
          "width": 72.92,
          "height": 62
        },
        "text": "for",
        "fixHint": "Set an explicit, opaque `color` on the text — and an explicit `-webkit-text-fill-color` if an ancestor makes the fill transparent. If the transparency is intentional gradient text, add `background-clip: text`.",
        "dataAttributes": {},
        "sourceFile": "compositions/snapcn-announce-title.html",
        "bbox": {
          "x": 517.23,
          "y": 325.27,
          "width": 72.92,
          "height": 62
        },
        "firstSeen": 4.722,
        "lastSeen": 5.352,
        "occurrences": 2,
        "heldMs": 629.9999999999999
      },
      {
        "code": "text_box_overflow",
        "severity": "info",
        "time": 0.315,
        "selector": "#snapcn-announce-title-source-root > div:nth-of-type(1) > div:nth-of-type(2) > div:nth-of-type(1) > div:nth-of-type(1) > div:nth-of-type(1) > div:nth-of-type(1) > div:nth-of-type(1) > div:nth-of-type(1)",
        "message": "Text extends outside its nearest visual/container box.",
        "rect": {
          "left": -3927.91,
          "top": 222.89,
          "right": 5072.52,
          "bottom": 880.04,
          "width": 9000.43,
          "height": 657.15
        },
        "containerSelector": "#root",
        "text": "Introducing",
        "fixHint": "Text is 9000px x 657px inside 1280px x 720px and overflows by up to 3928px; resize the container to at least ~9000px x 880px or shrink font-size from 398px to ~57px, or allow wrapping with max-width/fitTextFontSize.",
        "containerRect": {
          "left": 0,
          "top": 0,
          "right": 1280,
          "bottom": 720,
          "width": 1280,
          "height": 720
        },
        "overflow": {
          "left": 3927.91,
          "right": 3792.52,
          "bottom": 160.04
        },
        "dataAttributes": {
          "data-layout-allow-overlap": ""
        },
        "sourceFile": "compositions/snapcn-announce-title.html",
        "bbox": {
          "x": -3927.91,
          "y": 222.89,
          "width": 9000.43,
          "height": 657.15
        },
        "firstSeen": 0.315,
        "lastSeen": 0.315,
        "occurrences": 1,
        "heldMs": 0
      },
      {
        "code": "canvas_overflow",
        "severity": "info",
        "time": 0.315,
        "selector": "#snapcn-announce-title-source-root > div:nth-of-type(1) > div:nth-of-type(2) > div:nth-of-type(1) > div:nth-of-type(1) > div:nth-of-type(1) > div:nth-of-type(1) > div:nth-of-type(1) > div:nth-of-type(1)",
        "message": "Text extends outside the composition canvas.",
        "rect": {
          "left": -3927.91,
          "top": 139.89,
          "right": 5072.52,
          "bottom": 963.04,
          "width": 9000.43,
          "height": 823.15
        },
        "containerSelector": "#root",
        "text": "Introducing",
        "fixHint": "Move the text inward, reduce its size, or mark intentional off-canvas animation with data-layout-allow-overflow.",
        "containerRect": {
          "left": 0,
          "top": 0,
          "right": 1280,
          "bottom": 720,
          "width": 1280,
          "height": 720
        },
        "overflow": {
          "left": 3927.91,
          "right": 3792.52,
          "bottom": 243.04
        },
        "dataAttributes": {
          "data-layout-allow-overlap": ""
        },
        "sourceFile": "compositions/snapcn-announce-title.html",
        "bbox": {
          "x": -3927.91,
          "y": 139.89,
          "width": 9000.43,
          "height": 823.15
        },
        "firstSeen": 0.315,
        "lastSeen": 0.315,
        "occurrences": 1,
        "heldMs": 0
      },
      {
        "code": "text_box_overflow",
        "severity": "info",
        "time": 0.315,
        "selector": "#snapcn-announce-title-source-root > div:nth-of-type(1) > div:nth-of-type(2) > div:nth-of-type(2) > div:nth-of-type(1) > div:nth-of-type(1) > div:nth-of-type(1) > div:nth-of-type(1) > div:nth-of-type(1)",
        "message": "Text extends outside its nearest visual/container box.",
        "rect": {
          "left": -3877.28,
          "top": 222.14,
          "right": 5023.39,
          "bottom": 879.83,
          "width": 8900.67,
          "height": 657.69
        },
        "containerSelector": "#root",
        "text": "Introducing",
        "fixHint": "Text is 8901px x 658px inside 1280px x 720px and overflows by up to 3877px; resize the container to at least ~8901px x 880px or shrink font-size from 398px to ~57px, or allow wrapping with max-width/fitTextFontSize.",
        "containerRect": {
          "left": 0,
          "top": 0,
          "right": 1280,
          "bottom": 720,
          "width": 1280,
          "height": 720
        },
        "overflow": {
          "left": 3877.28,
          "right": 3743.39,
          "bottom": 159.83
        },
        "dataAttributes": {
          "data-layout-allow-overlap": ""
        },
        "sourceFile": "compositions/snapcn-announce-title.html",
        "bbox": {
          "x": -3877.28,
          "y": 222.14,
          "width": 8900.67,
          "height": 657.69
        },
        "firstSeen": 0.315,
        "lastSeen": 0.315,
        "occurrences": 1,
        "heldMs": 0
      },
      {
        "code": "canvas_overflow",
        "severity": "info",
        "time": 0.315,
        "selector": "#snapcn-announce-title-source-root > div:nth-of-type(1) > div:nth-of-type(2) > div:nth-of-type(2) > div:nth-of-type(1) > div:nth-of-type(1) > div:nth-of-type(1) > div:nth-of-type(1) > div:nth-of-type(1)",
        "message": "Text extends outside the composition canvas.",
        "rect": {
          "left": -3877.28,
          "top": 139.07,
          "right": 5023.39,
          "bottom": 962.9,
          "width": 8900.67,
          "height": 823.83
        },
        "containerSelector": "#root",
        "text": "Introducing",
        "fixHint": "Move the text inward, reduce its size, or mark intentional off-canvas animation with data-layout-allow-overflow.",
        "containerRect": {
          "left": 0,
          "top": 0,
          "right": 1280,
          "bottom": 720,
          "width": 1280,
          "height": 720
        },
        "overflow": {
          "left": 3877.28,
          "right": 3743.39,
          "bottom": 242.9
        },
        "dataAttributes": {
          "data-layout-allow-overlap": ""
        },
        "sourceFile": "compositions/snapcn-announce-title.html",
        "bbox": {
          "x": -3877.28,
          "y": 139.07,
          "width": 8900.67,
          "height": 823.83
        },
        "firstSeen": 0.315,
        "lastSeen": 0.315,
        "occurrences": 1,
        "heldMs": 0
      },
      {
        "code": "text_box_overflow",
        "severity": "info",
        "time": 0.315,
        "selector": "#snapcn-announce-title-source-root > div:nth-of-type(1) > div:nth-of-type(2) > div:nth-of-type(3) > div:nth-of-type(1) > div:nth-of-type(1) > div:nth-of-type(1) > div:nth-of-type(1) > div:nth-of-type(1)",
        "message": "Text extends outside its nearest visual/container box.",
        "rect": {
          "left": -3826.8,
          "top": 221.41,
          "right": 4974.41,
          "bottom": 879.49,
          "width": 8801.21,
          "height": 658.08
        },
        "containerSelector": "#root",
        "text": "Introducing",
        "fixHint": "Text is 8801px x 658px inside 1280px x 720px and overflows by up to 3827px; resize the container to at least ~8801px x 879px or shrink font-size from 398px to ~58px, or allow wrapping with max-width/fitTextFontSize.",
        "containerRect": {
          "left": 0,
          "top": 0,
          "right": 1280,
          "bottom": 720,
          "width": 1280,
          "height": 720
        },
        "overflow": {
          "left": 3826.8,
          "right": 3694.41,
          "bottom": 159.49
        },
        "dataAttributes": {
          "data-layout-allow-overlap": ""
        },
        "sourceFile": "compositions/snapcn-announce-title.html",
        "bbox": {
          "x": -3826.8,
          "y": 221.41,
          "width": 8801.21,
          "height": 658.08
        },
        "firstSeen": 0.315,
        "lastSeen": 0.315,
        "occurrences": 1,
        "heldMs": 0
      },
      {
        "code": "canvas_overflow",
        "severity": "info",
        "time": 0.315,
        "selector": "#snapcn-announce-title-source-root > div:nth-of-type(1) > div:nth-of-type(2) > div:nth-of-type(3) > div:nth-of-type(1) > div:nth-of-type(1) > div:nth-of-type(1) > div:nth-of-type(1) > div:nth-of-type(1)",
        "message": "Text extends outside the composition canvas.",
        "rect": {
          "left": -3826.8,
          "top": 138.29,
          "right": 4974.41,
          "bottom": 962.61,
          "width": 8801.21,
          "height": 824.32
        },
        "containerSelector": "#root",
        "text": "Introducing",
        "fixHint": "Move the text inward, reduce its size, or mark intentional off-canvas animation with data-layout-allow-overflow.",
        "containerRect": {
          "left": 0,
          "top": 0,
          "right": 1280,
          "bottom": 720,
          "width": 1280,
          "height": 720
        },
        "overflow": {
          "left": 3826.8,
          "right": 3694.41,
          "bottom": 242.61
        },
        "dataAttributes": {
          "data-layout-allow-overlap": ""
        },
        "sourceFile": "compositions/snapcn-announce-title.html",
        "bbox": {
          "x": -3826.8,
          "y": 138.29,
          "width": 8801.21,
          "height": 824.32
        },
        "firstSeen": 0.315,
        "lastSeen": 0.315,
        "occurrences": 1,
        "heldMs": 0
      },
      {
        "code": "text_box_overflow",
        "severity": "info",
        "time": 0.315,
        "selector": "#snapcn-announce-title-source-root > div:nth-of-type(1) > div:nth-of-type(2) > div:nth-of-type(4) > div:nth-of-type(1) > div:nth-of-type(1) > div:nth-of-type(1) > div:nth-of-type(1) > div:nth-of-type(1)",
        "message": "Text extends outside its nearest visual/container box.",
        "rect": {
          "left": -3776.49,
          "top": 220.71,
          "right": 4925.58,
          "bottom": 879.03,
          "width": 8702.07,
          "height": 658.32
        },
        "containerSelector": "#root",
        "text": "Introducing",
        "fixHint": "Text is 8702px x 658px inside 1280px x 720px and overflows by up to 3776px; resize the container to at least ~8702px x 879px or shrink font-size from 398px to ~59px, or allow wrapping with max-width/fitTextFontSize.",
        "containerRect": {
          "left": 0,
          "top": 0,
          "right": 1280,
          "bottom": 720,
          "width": 1280,
          "height": 720
        },
        "overflow": {
          "left": 3776.49,
          "right": 3645.58,
          "bottom": 159.03
        },
        "dataAttributes": {
          "data-layout-allow-overlap": ""
        },
        "sourceFile": "compositions/snapcn-announce-title.html",
        "bbox": {
          "x": -3776.49,
          "y": 220.71,
          "width": 8702.07,
          "height": 658.32
        },
        "firstSeen": 0.315,
        "lastSeen": 0.315,
        "occurrences": 1,
        "heldMs": 0
      },
      {
        "code": "canvas_overflow",
        "severity": "info",
        "time": 0.315,
        "selector": "#snapcn-announce-title-source-root > div:nth-of-type(1) > div:nth-of-type(2) > div:nth-of-type(4) > div:nth-of-type(1) > div:nth-of-type(1) > div:nth-of-type(1) > div:nth-of-type(1) > div:nth-of-type(1)",
        "message": "Text extends outside the composition canvas.",
        "rect": {
          "left": -3776.49,
          "top": 137.56,
          "right": 4925.58,
          "bottom": 962.18,
          "width": 8702.07,
          "height": 824.62
        },
        "containerSelector": "#root",
        "text": "Introducing",
        "fixHint": "Move the text inward, reduce its size, or mark intentional off-canvas animation with data-layout-allow-overflow.",
        "containerRect": {
          "left": 0,
          "top": 0,
          "right": 1280,
          "bottom": 720,
          "width": 1280,
          "height": 720
        },
        "overflow": {
          "left": 3776.49,
          "right": 3645.58,
          "bottom": 242.18
        },
        "dataAttributes": {
          "data-layout-allow-overlap": ""
        },
        "sourceFile": "compositions/snapcn-announce-title.html",
        "bbox": {
          "x": -3776.49,
          "y": 137.56,
          "width": 8702.07,
          "height": 824.62
        },
        "firstSeen": 0.315,
        "lastSeen": 0.315,
        "occurrences": 1,
        "heldMs": 0
      },
      {
        "code": "text_box_overflow",
        "severity": "info",
        "time": 0.315,
        "selector": "#snapcn-announce-title-source-root > div:nth-of-type(1) > div:nth-of-type(2) > div:nth-of-type(5) > div:nth-of-type(1) > div:nth-of-type(1) > div:nth-of-type(1) > div:nth-of-type(1) > div:nth-of-type(1)",
        "message": "Text extends outside its nearest visual/container box.",
        "rect": {
          "left": -3726.33,
          "top": 220.03,
          "right": 4876.91,
          "bottom": 878.44,
          "width": 8603.24,
          "height": 658.41
        },
        "containerSelector": "#root",
        "text": "Introducing",
        "fixHint": "Text is 8603px x 658px inside 1280px x 720px and overflows by up to 3726px; resize the container to at least ~8603px x 878px or shrink font-size from 398px to ~59px, or allow wrapping with max-width/fitTextFontSize.",
        "containerRect": {
          "left": 0,
          "top": 0,
          "right": 1280,
          "bottom": 720,
          "width": 1280,
          "height": 720
        },
        "overflow": {
          "left": 3726.33,
          "right": 3596.91,
          "bottom": 158.44
        },
        "dataAttributes": {
          "data-layout-allow-overlap": ""
        },
        "sourceFile": "compositions/snapcn-announce-title.html",
        "bbox": {
          "x": -3726.33,
          "y": 220.03,
          "width": 8603.24,
          "height": 658.41
        },
        "firstSeen": 0.315,
        "lastSeen": 0.315,
        "occurrences": 1,
        "heldMs": 0
      },
      {
        "code": "canvas_overflow",
        "severity": "info",
        "time": 0.315,
        "selector": "#snapcn-announce-title-source-root > div:nth-of-type(1) > div:nth-of-type(2) > div:nth-of-type(5) > div:nth-of-type(1) > div:nth-of-type(1) > div:nth-of-type(1) > div:nth-of-type(1) > div:nth-of-type(1)",
        "message": "Text extends outside the composition canvas.",
        "rect": {
          "left": -3726.33,
          "top": 136.87,
          "right": 4876.91,
          "bottom": 961.6,
          "width": 8603.24,
          "height": 824.73
        },
        "containerSelector": "#root",
        "text": "Introducing",
        "fixHint": "Move the text inward, reduce its size, or mark intentional off-canvas animation with data-layout-allow-overflow.",
        "containerRect": {
          "left": 0,
          "top": 0,
          "right": 1280,
          "bottom": 720,
          "width": 1280,
          "height": 720
        },
        "overflow": {
          "left": 3726.33,
          "right": 3596.91,
          "bottom": 241.6
        },
        "dataAttributes": {
          "data-layout-allow-overlap": ""
        },
        "sourceFile": "compositions/snapcn-announce-title.html",
        "bbox": {
          "x": -3726.33,
          "y": 136.87,
          "width": 8603.24,
          "height": 824.73
        },
        "firstSeen": 0.315,
        "lastSeen": 0.315,
        "occurrences": 1,
        "heldMs": 0
      },
      {
        "code": "text_box_overflow",
        "severity": "info",
        "time": 0.315,
        "selector": "#snapcn-announce-title-source-root > div:nth-of-type(1) > div:nth-of-type(2) > div:nth-of-type(6) > div:nth-of-type(1) > div:nth-of-type(1) > div:nth-of-type(1) > div:nth-of-type(1) > div:nth-of-type(1)",
        "message": "Text extends outside its nearest visual/container box.",
        "rect": {
          "left": -3676.34,
          "top": 219.38,
          "right": 4828.4,
          "bottom": 877.73,
          "width": 8504.74,
          "height": 658.35
        },
        "containerSelector": "#root",
        "text": "Introducing",
        "fixHint": "Text is 8505px x 658px inside 1280px x 720px and overflows by up to 3676px; resize the container to at least ~8505px x 878px or shrink font-size from 398px to ~60px, or allow wrapping with max-width/fitTextFontSize.",
        "containerRect": {
          "left": 0,
          "top": 0,
          "right": 1280,
          "bottom": 720,
          "width": 1280,
          "height": 720
        },
        "overflow": {
          "left": 3676.34,
          "right": 3548.4,
          "bottom": 157.73
        },
        "dataAttributes": {
          "data-layout-allow-overlap": ""
        },
        "sourceFile": "compositions/snapcn-announce-title.html",
        "bbox": {
          "x": -3676.34,
          "y": 219.38,
          "width": 8504.74,
          "height": 658.35
        },
        "firstSeen": 0.315,
        "lastSeen": 0.315,
        "occurrences": 1,
        "heldMs": 0
      },
      {
        "code": "canvas_overflow",
        "severity": "info",
        "time": 0.315,
        "selector": "#snapcn-announce-title-source-root > div:nth-of-type(1) > div:nth-of-type(2) > div:nth-of-type(6) > div:nth-of-type(1) > div:nth-of-type(1) > div:nth-of-type(1) > div:nth-of-type(1) > div:nth-of-type(1)",
        "message": "Text extends outside the composition canvas.",
        "rect": {
          "left": -3676.34,
          "top": 136.22,
          "right": 4828.4,
          "bottom": 960.89,
          "width": 8504.74,
          "height": 824.67
        },
        "containerSelector": "#root",
        "text": "Introducing",
        "fixHint": "Move the text inward, reduce its size, or mark intentional off-canvas animation with data-layout-allow-overflow.",
        "containerRect": {
          "left": 0,
          "top": 0,
          "right": 1280,
          "bottom": 720,
          "width": 1280,
          "height": 720
        },
        "overflow": {
          "left": 3676.34,
          "right": 3548.4,
          "bottom": 240.89
        },
        "dataAttributes": {
          "data-layout-allow-overlap": ""
        },
        "sourceFile": "compositions/snapcn-announce-title.html",
        "bbox": {
          "x": -3676.34,
          "y": 136.22,
          "width": 8504.74,
          "height": 824.67
        },
        "firstSeen": 0.315,
        "lastSeen": 0.315,
        "occurrences": 1,
        "heldMs": 0
      },
      {
        "code": "text_box_overflow",
        "severity": "info",
        "time": 0.315,
        "selector": "#snapcn-announce-title-source-root > div:nth-of-type(1) > div:nth-of-type(2) > div:nth-of-type(7) > div:nth-of-type(1) > div:nth-of-type(1) > div:nth-of-type(1) > div:nth-of-type(1) > div:nth-of-type(1)",
        "message": "Text extends outside its nearest visual/container box.",
        "rect": {
          "left": -3626.51,
          "top": 218.74,
          "right": 4780.06,
          "bottom": 876.9,
          "width": 8406.57,
          "height": 658.16
        },
        "containerSelector": "#root",
        "text": "Introducing",
        "fixHint": "Text is 8407px x 658px inside 1280px x 720px and overflows by up to 3627px; resize the container to at least ~8407px x 877px or shrink font-size from 398px to ~61px, or allow wrapping with max-width/fitTextFontSize.",
        "containerRect": {
          "left": 0,
          "top": 0,
          "right": 1280,
          "bottom": 720,
          "width": 1280,
          "height": 720
        },
        "overflow": {
          "left": 3626.51,
          "right": 3500.06,
          "bottom": 156.9
        },
        "dataAttributes": {
          "data-layout-allow-overlap": ""
        },
        "sourceFile": "compositions/snapcn-announce-title.html",
        "bbox": {
          "x": -3626.51,
          "y": 218.74,
          "width": 8406.57,
          "height": 658.16
        },
        "firstSeen": 0.315,
        "lastSeen": 0.315,
        "occurrences": 1,
        "heldMs": 0
      },
      {
        "code": "canvas_overflow",
        "severity": "info",
        "time": 0.315,
        "selector": "#snapcn-announce-title-source-root > div:nth-of-type(1) > div:nth-of-type(2) > div:nth-of-type(7) > div:nth-of-type(1) > div:nth-of-type(1) > div:nth-of-type(1) > div:nth-of-type(1) > div:nth-of-type(1)",
        "message": "Text extends outside the composition canvas.",
        "rect": {
          "left": -3626.51,
          "top": 135.61,
          "right": 4780.06,
          "bottom": 960.03,
          "width": 8406.57,
          "height": 824.42
        },
        "containerSelector": "#root",
        "text": "Introducing",
        "fixHint": "Move the text inward, reduce its size, or mark intentional off-canvas animation with data-layout-allow-overflow.",
        "containerRect": {
          "left": 0,
          "top": 0,
          "right": 1280,
          "bottom": 720,
          "width": 1280,
          "height": 720
        },
        "overflow": {
          "left": 3626.51,
          "right": 3500.06,
          "bottom": 240.03
        },
        "dataAttributes": {
          "data-layout-allow-overlap": ""
        },
        "sourceFile": "compositions/snapcn-announce-title.html",
        "bbox": {
          "x": -3626.51,
          "y": 135.61,
          "width": 8406.57,
          "height": 824.42
        },
        "firstSeen": 0.315,
        "lastSeen": 0.315,
        "occurrences": 1,
        "heldMs": 0
      },
      {
        "code": "text_box_overflow",
        "severity": "info",
        "time": 0.315,
        "selector": "#snapcn-announce-title-source-root > div:nth-of-type(1) > div:nth-of-type(2) > div:nth-of-type(8) > div:nth-of-type(1) > div:nth-of-type(1) > div:nth-of-type(1) > div:nth-of-type(1) > div:nth-of-type(1)",
        "message": "Text extends outside its nearest visual/container box.",
        "rect": {
          "left": -3576.86,
          "top": 218.14,
          "right": 4731.88,
          "bottom": 875.94,
          "width": 8308.74,
          "height": 657.8
        },
        "containerSelector": "#root",
        "text": "Introducing",
        "fixHint": "Text is 8309px x 658px inside 1280px x 720px and overflows by up to 3577px; resize the container to at least ~8309px x 876px or shrink font-size from 398px to ~61px, or allow wrapping with max-width/fitTextFontSize.",
        "containerRect": {
          "left": 0,
          "top": 0,
          "right": 1280,
          "bottom": 720,
          "width": 1280,
          "height": 720
        },
        "overflow": {
          "left": 3576.86,
          "right": 3451.88,
          "bottom": 155.94
        },
        "dataAttributes": {
          "data-layout-allow-overlap": ""
        },
        "sourceFile": "compositions/snapcn-announce-title.html",
        "bbox": {
          "x": -3576.86,
          "y": 218.14,
          "width": 8308.74,
          "height": 657.8
        },
        "firstSeen": 0.315,
        "lastSeen": 0.315,
        "occurrences": 1,
        "heldMs": 0
      },
      {
        "code": "canvas_overflow",
        "severity": "info",
        "time": 0.315,
        "selector": "#snapcn-announce-title-source-root > div:nth-of-type(1) > div:nth-of-type(2) > div:nth-of-type(8) > div:nth-of-type(1) > div:nth-of-type(1) > div:nth-of-type(1) > div:nth-of-type(1) > div:nth-of-type(1)",
        "message": "Text extends outside the composition canvas.",
        "rect": {
          "left": -3576.86,
          "top": 135.05,
          "right": 4731.88,
          "bottom": 959.03,
          "width": 8308.74,
          "height": 823.98
        },
        "containerSelector": "#root",
        "text": "Introducing",
        "fixHint": "Move the text inward, reduce its size, or mark intentional off-canvas animation with data-layout-allow-overflow.",
        "containerRect": {
          "left": 0,
          "top": 0,
          "right": 1280,
          "bottom": 720,
          "width": 1280,
          "height": 720
        },
        "overflow": {
          "left": 3576.86,
          "right": 3451.88,
          "bottom": 239.03
        },
        "dataAttributes": {
          "data-layout-allow-overlap": ""
        },
        "sourceFile": "compositions/snapcn-announce-title.html",
        "bbox": {
          "x": -3576.86,
          "y": 135.05,
          "width": 8308.74,
          "height": 823.98
        },
        "firstSeen": 0.315,
        "lastSeen": 0.315,
        "occurrences": 1,
        "heldMs": 0
      },
      {
        "code": "text_box_overflow",
        "severity": "info",
        "time": 0.315,
        "selector": "#snapcn-announce-title-source-root > div:nth-of-type(1) > div:nth-of-type(2) > div:nth-of-type(9) > div:nth-of-type(1) > div:nth-of-type(1) > div:nth-of-type(1) > div:nth-of-type(1) > div:nth-of-type(1)",
        "message": "Text extends outside its nearest visual/container box.",
        "rect": {
          "left": -3527.39,
          "top": 217.56,
          "right": 4683.87,
          "bottom": 874.86,
          "width": 8211.26,
          "height": 657.3
        },
        "containerSelector": "#root",
        "text": "Introducing",
        "fixHint": "Text is 8211px x 657px inside 1280px x 720px and overflows by up to 3527px; resize the container to at least ~8211px x 875px or shrink font-size from 398px to ~62px, or allow wrapping with max-width/fitTextFontSize.",
        "containerRect": {
          "left": 0,
          "top": 0,
          "right": 1280,
          "bottom": 720,
          "width": 1280,
          "height": 720
        },
        "overflow": {
          "left": 3527.39,
          "right": 3403.87,
          "bottom": 154.86
        },
        "dataAttributes": {
          "data-layout-allow-overlap": ""
        },
        "sourceFile": "compositions/snapcn-announce-title.html",
        "bbox": {
          "x": -3527.39,
          "y": 217.56,
          "width": 8211.26,
          "height": 657.3
        },
        "firstSeen": 0.315,
        "lastSeen": 0.315,
        "occurrences": 1,
        "heldMs": 0
      },
      {
        "code": "canvas_overflow",
        "severity": "info",
        "time": 0.315,
        "selector": "#snapcn-announce-title-source-root > div:nth-of-type(1) > div:nth-of-type(2) > div:nth-of-type(9) > div:nth-of-type(1) > div:nth-of-type(1) > div:nth-of-type(1) > div:nth-of-type(1) > div:nth-of-type(1)",
        "message": "Text extends outside the composition canvas.",
        "rect": {
          "left": -3527.39,
          "top": 134.53,
          "right": 4683.87,
          "bottom": 957.89,
          "width": 8211.26,
          "height": 823.36
        },
        "containerSelector": "#root",
        "text": "Introducing",
        "fixHint": "Move the text inward, reduce its size, or mark intentional off-canvas animation with data-layout-allow-overflow.",
        "containerRect": {
          "left": 0,
          "top": 0,
          "right": 1280,
          "bottom": 720,
          "width": 1280,
          "height": 720
        },
        "overflow": {
          "left": 3527.39,
          "right": 3403.87,
          "bottom": 237.89
        },
        "dataAttributes": {
          "data-layout-allow-overlap": ""
        },
        "sourceFile": "compositions/snapcn-announce-title.html",
        "bbox": {
          "x": -3527.39,
          "y": 134.53,
          "width": 8211.26,
          "height": 823.36
        },
        "firstSeen": 0.315,
        "lastSeen": 0.315,
        "occurrences": 1,
        "heldMs": 0
      },
      {
        "code": "text_box_overflow",
        "severity": "info",
        "time": 0.315,
        "selector": "#snapcn-announce-title-source-root > div:nth-of-type(1) > div:nth-of-type(2) > div:nth-of-type(10) > div:nth-of-type(1) > div:nth-of-type(1) > div:nth-of-type(1) > div:nth-of-type(1) > div:nth-of-type(1)",
        "message": "Text extends outside its nearest visual/container box.",
        "rect": {
          "left": -3478.1,
          "top": 217,
          "right": 4636.04,
          "bottom": 873.66,
          "width": 8114.14,
          "height": 656.66
        },
        "containerSelector": "#root",
        "text": "Introducing",
        "fixHint": "Text is 8114px x 657px inside 1280px x 720px and overflows by up to 3478px; resize the container to at least ~8114px x 874px or shrink font-size from 398px to ~63px, or allow wrapping with max-width/fitTextFontSize.",
        "containerRect": {
          "left": 0,
          "top": 0,
          "right": 1280,
          "bottom": 720,
          "width": 1280,
          "height": 720
        },
        "overflow": {
          "left": 3478.1,
          "right": 3356.04,
          "bottom": 153.66
        },
        "dataAttributes": {
          "data-layout-allow-overlap": ""
        },
        "sourceFile": "compositions/snapcn-announce-title.html",
        "bbox": {
          "x": -3478.1,
          "y": 217,
          "width": 8114.14,
          "height": 656.66
        },
        "firstSeen": 0.315,
        "lastSeen": 0.315,
        "occurrences": 1,
        "heldMs": 0
      },
      {
        "code": "canvas_overflow",
        "severity": "info",
        "time": 0.315,
        "selector": "#snapcn-announce-title-source-root > div:nth-of-type(1) > div:nth-of-type(2) > div:nth-of-type(10) > div:nth-of-type(1) > div:nth-of-type(1) > div:nth-of-type(1) > div:nth-of-type(1) > div:nth-of-type(1)",
        "message": "Text extends outside the composition canvas.",
        "rect": {
          "left": -3478.1,
          "top": 134.05,
          "right": 4636.04,
          "bottom": 956.61,
          "width": 8114.14,
          "height": 822.56
        },
        "containerSelector": "#root",
        "text": "Introducing",
        "fixHint": "Move the text inward, reduce its size, or mark intentional off-canvas animation with data-layout-allow-overflow.",
        "containerRect": {
          "left": 0,
          "top": 0,
          "right": 1280,
          "bottom": 720,
          "width": 1280,
          "height": 720
        },
        "overflow": {
          "left": 3478.1,
          "right": 3356.04,
          "bottom": 236.61
        },
        "dataAttributes": {
          "data-layout-allow-overlap": ""
        },
        "sourceFile": "compositions/snapcn-announce-title.html",
        "bbox": {
          "x": -3478.1,
          "y": 134.05,
          "width": 8114.14,
          "height": 822.56
        },
        "firstSeen": 0.315,
        "lastSeen": 0.315,
        "occurrences": 1,
        "heldMs": 0
      },
      {
        "code": "text_box_overflow",
        "severity": "info",
        "time": 0.315,
        "selector": "#snapcn-announce-title-source-root > div:nth-of-type(1) > div:nth-of-type(2) > div:nth-of-type(11) > div:nth-of-type(1) > div:nth-of-type(1) > div:nth-of-type(1) > div:nth-of-type(1) > div:nth-of-type(1)",
        "message": "Text extends outside its nearest visual/container box.",
        "rect": {
          "left": -3428.98,
          "top": 216.47,
          "right": 4588.38,
          "bottom": 872.36,
          "width": 8017.36,
          "height": 655.89
        },
        "containerSelector": "#root",
        "text": "Introducing",
        "fixHint": "Text is 8017px x 656px inside 1280px x 720px and overflows by up to 3429px; resize the container to at least ~8017px x 872px or shrink font-size from 398px to ~64px, or allow wrapping with max-width/fitTextFontSize.",
        "containerRect": {
          "left": 0,
          "top": 0,
          "right": 1280,
          "bottom": 720,
          "width": 1280,
          "height": 720
        },
        "overflow": {
          "left": 3428.98,
          "right": 3308.38,
          "bottom": 152.36
        },
        "dataAttributes": {
          "data-layout-allow-overlap": ""
        },
        "sourceFile": "compositions/snapcn-announce-title.html",
        "bbox": {
          "x": -3428.98,
          "y": 216.47,
          "width": 8017.36,
          "height": 655.89
        },
        "firstSeen": 0.315,
        "lastSeen": 0.315,
        "occurrences": 1,
        "heldMs": 0
      },
      {
        "code": "canvas_overflow",
        "severity": "info",
        "time": 0.315,
        "selector": "#snapcn-announce-title-source-root > div:nth-of-type(1) > div:nth-of-type(2) > div:nth-of-type(11) > div:nth-of-type(1) > div:nth-of-type(1) > div:nth-of-type(1) > div:nth-of-type(1) > div:nth-of-type(1)",
        "message": "Text extends outside the composition canvas.",
        "rect": {
          "left": -3428.98,
          "top": 133.62,
          "right": 4588.38,
          "bottom": 955.21,
          "width": 8017.36,
          "height": 821.59
        },
        "containerSelector": "#root",
        "text": "Introducing",
        "fixHint": "Move the text inward, reduce its size, or mark intentional off-canvas animation with data-layout-allow-overflow.",
        "containerRect": {
          "left": 0,
          "top": 0,
          "right": 1280,
          "bottom": 720,
          "width": 1280,
          "height": 720
        },
        "overflow": {
          "left": 3428.98,
          "right": 3308.38,
          "bottom": 235.21
        },
        "dataAttributes": {
          "data-layout-allow-overlap": ""
        },
        "sourceFile": "compositions/snapcn-announce-title.html",
        "bbox": {
          "x": -3428.98,
          "y": 133.62,
          "width": 8017.36,
          "height": 821.59
        },
        "firstSeen": 0.315,
        "lastSeen": 0.315,
        "occurrences": 1,
        "heldMs": 0
      },
      {
        "code": "text_box_overflow",
        "severity": "info",
        "time": 0.315,
        "selector": "#snapcn-announce-title-source-root > div:nth-of-type(1) > div:nth-of-type(2) > div:nth-of-type(12) > div:nth-of-type(1) > div:nth-of-type(1) > div:nth-of-type(1) > div:nth-of-type(1) > div:nth-of-type(1)",
        "message": "Text extends outside its nearest visual/container box.",
        "rect": {
          "left": -3380.06,
          "top": 215.95,
          "right": 4540.91,
          "bottom": 870.94,
          "width": 7920.97,
          "height": 654.99
        },
        "containerSelector": "#root",
        "text": "Introducing",
        "fixHint": "Text is 7921px x 655px inside 1280px x 720px and overflows by up to 3380px; resize the container to at least ~7921px x 871px or shrink font-size from 398px to ~64px, or allow wrapping with max-width/fitTextFontSize.",
        "containerRect": {
          "left": 0,
          "top": 0,
          "right": 1280,
          "bottom": 720,
          "width": 1280,
          "height": 720
        },
        "overflow": {
          "left": 3380.06,
          "right": 3260.91,
          "bottom": 150.94
        },
        "dataAttributes": {
          "data-layout-allow-overlap": ""
        },
        "sourceFile": "compositions/snapcn-announce-title.html",
        "bbox": {
          "x": -3380.06,
          "y": 215.95,
          "width": 7920.97,
          "height": 654.99
        },
        "firstSeen": 0.315,
        "lastSeen": 0.315,
        "occurrences": 1,
        "heldMs": 0
      },
      {
        "code": "canvas_overflow",
        "severity": "info",
        "time": 0.315,
        "selector": "#snapcn-announce-title-source-root > div:nth-of-type(1) > div:nth-of-type(2) > div:nth-of-type(12) > div:nth-of-type(1) > div:nth-of-type(1) > div:nth-of-type(1) > div:nth-of-type(1) > div:nth-of-type(1)",
        "message": "Text extends outside the composition canvas.",
        "rect": {
          "left": -3380.06,
          "top": 133.22,
          "right": 4540.91,
          "bottom": 953.67,
          "width": 7920.97,
          "height": 820.45
        },
        "containerSelector": "#root",
        "text": "Introducing",
        "fixHint": "Move the text inward, reduce its size, or mark intentional off-canvas animation with data-layout-allow-overflow.",
        "containerRect": {
          "left": 0,
          "top": 0,
          "right": 1280,
          "bottom": 720,
          "width": 1280,
          "height": 720
        },
        "overflow": {
          "left": 3380.06,
          "right": 3260.91,
          "bottom": 233.67
        },
        "dataAttributes": {
          "data-layout-allow-overlap": ""
        },
        "sourceFile": "compositions/snapcn-announce-title.html",
        "bbox": {
          "x": -3380.06,
          "y": 133.22,
          "width": 7920.97,
          "height": 820.45
        },
        "firstSeen": 0.315,
        "lastSeen": 0.315,
        "occurrences": 1,
        "heldMs": 0
      },
      {
        "code": "text_box_overflow",
        "severity": "info",
        "time": 0.315,
        "selector": "#snapcn-announce-title-source-root > div:nth-of-type(1) > div:nth-of-type(2) > div:nth-of-type(13) > div:nth-of-type(1) > div:nth-of-type(1) > div:nth-of-type(1) > div:nth-of-type(1) > div:nth-of-type(1)",
        "message": "Text extends outside its nearest visual/container box.",
        "rect": {
          "left": -3331.32,
          "top": 215.47,
          "right": 4493.62,
          "bottom": 869.4,
          "width": 7824.94,
          "height": 653.93
        },
        "containerSelector": "#root",
        "text": "Introducing",
        "fixHint": "Text is 7825px x 654px inside 1280px x 720px and overflows by up to 3331px; resize the container to at least ~7825px x 869px or shrink font-size from 398px to ~65px, or allow wrapping with max-width/fitTextFontSize.",
        "containerRect": {
          "left": 0,
          "top": 0,
          "right": 1280,
          "bottom": 720,
          "width": 1280,
          "height": 720
        },
        "overflow": {
          "left": 3331.32,
          "right": 3213.62,
          "bottom": 149.4
        },
        "dataAttributes": {
          "data-layout-allow-overlap": ""
        },
        "sourceFile": "compositions/snapcn-announce-title.html",
        "bbox": {
          "x": -3331.32,
          "y": 215.47,
          "width": 7824.94,
          "height": 653.93
        },
        "firstSeen": 0.315,
        "lastSeen": 0.315,
        "occurrences": 1,
        "heldMs": 0
      },
      {
        "code": "canvas_overflow",
        "severity": "info",
        "time": 0.315,
        "selector": "#snapcn-announce-title-source-root > div:nth-of-type(1) > div:nth-of-type(2) > div:nth-of-type(13) > div:nth-of-type(1) > div:nth-of-type(1) > div:nth-of-type(1) > div:nth-of-type(1) > div:nth-of-type(1)",
        "message": "Text extends outside the composition canvas.",
        "rect": {
          "left": -3331.32,
          "top": 132.87,
          "right": 4493.62,
          "bottom": 952,
          "width": 7824.94,
          "height": 819.13
        },
        "containerSelector": "#root",
        "text": "Introducing",
        "fixHint": "Move the text inward, reduce its size, or mark intentional off-canvas animation with data-layout-allow-overflow.",
        "containerRect": {
          "left": 0,
          "top": 0,
          "right": 1280,
          "bottom": 720,
          "width": 1280,
          "height": 720
        },
        "overflow": {
          "left": 3331.32,
          "right": 3213.62,
          "bottom": 232
        },
        "dataAttributes": {
          "data-layout-allow-overlap": ""
        },
        "sourceFile": "compositions/snapcn-announce-title.html",
        "bbox": {
          "x": -3331.32,
          "y": 132.87,
          "width": 7824.94,
          "height": 819.13
        },
        "firstSeen": 0.315,
        "lastSeen": 0.315,
        "occurrences": 1,
        "heldMs": 0
      },
      {
        "code": "text_box_overflow",
        "severity": "info",
        "time": 0.315,
        "selector": "#snapcn-announce-title-source-root > div:nth-of-type(1) > div:nth-of-type(2) > div:nth-of-type(14) > div:nth-of-type(1) > div:nth-of-type(1) > div:nth-of-type(1) > div:nth-of-type(1) > div:nth-of-type(1)",
        "message": "Text extends outside its nearest visual/container box.",
        "rect": {
          "left": -3282.78,
          "top": 215.01,
          "right": 4446.51,
          "bottom": 867.75,
          "width": 7729.29,
          "height": 652.74
        },
        "containerSelector": "#root",
        "text": "Introducing",
        "fixHint": "Text is 7729px x 653px inside 1280px x 720px and overflows by up to 3283px; resize the container to at least ~7729px x 868px or shrink font-size from 398px to ~66px, or allow wrapping with max-width/fitTextFontSize.",
        "containerRect": {
          "left": 0,
          "top": 0,
          "right": 1280,
          "bottom": 720,
          "width": 1280,
          "height": 720
        },
        "overflow": {
          "left": 3282.78,
          "right": 3166.51,
          "bottom": 147.75
        },
        "dataAttributes": {
          "data-layout-allow-overlap": ""
        },
        "sourceFile": "compositions/snapcn-announce-title.html",
        "bbox": {
          "x": -3282.78,
          "y": 215.01,
          "width": 7729.29,
          "height": 652.74
        },
        "firstSeen": 0.315,
        "lastSeen": 0.315,
        "occurrences": 1,
        "heldMs": 0
      },
      {
        "code": "canvas_overflow",
        "severity": "info",
        "time": 0.315,
        "selector": "#snapcn-announce-title-source-root > div:nth-of-type(1) > div:nth-of-type(2) > div:nth-of-type(14) > div:nth-of-type(1) > div:nth-of-type(1) > div:nth-of-type(1) > div:nth-of-type(1) > div:nth-of-type(1)",
        "message": "Text extends outside the composition canvas.",
        "rect": {
          "left": -3282.78,
          "top": 132.56,
          "right": 4446.51,
          "bottom": 950.2,
          "width": 7729.29,
          "height": 817.64
        },
        "containerSelector": "#root",
        "text": "Introducing",
        "fixHint": "Move the text inward, reduce its size, or mark intentional off-canvas animation with data-layout-allow-overflow.",
        "containerRect": {
          "left": 0,
          "top": 0,
          "right": 1280,
          "bottom": 720,
          "width": 1280,
          "height": 720
        },
        "overflow": {
          "left": 3282.78,
          "right": 3166.51,
          "bottom": 230.2
        },
        "dataAttributes": {
          "data-layout-allow-overlap": ""
        },
        "sourceFile": "compositions/snapcn-announce-title.html",
        "bbox": {
          "x": -3282.78,
          "y": 132.56,
          "width": 7729.29,
          "height": 817.64
        },
        "firstSeen": 0.315,
        "lastSeen": 0.315,
        "occurrences": 1,
        "heldMs": 0
      },
      {
        "code": "text_box_overflow",
        "severity": "info",
        "time": 0.315,
        "selector": "#snapcn-announce-title-source-root > div:nth-of-type(1) > div:nth-of-type(2) > div:nth-of-type(15) > div:nth-of-type(1) > div:nth-of-type(1) > div:nth-of-type(1) > div:nth-of-type(1) > div:nth-of-type(1)",
        "message": "Text extends outside its nearest visual/container box.",
        "rect": {
          "left": -3234.43,
          "top": 214.58,
          "right": 4399.59,
          "bottom": 865.99,
          "width": 7634.02,
          "height": 651.41
        },
        "containerSelector": "#root",
        "text": "Introducing",
        "fixHint": "Text is 7634px x 651px inside 1280px x 720px and overflows by up to 3234px; resize the container to at least ~7634px x 866px or shrink font-size from 398px to ~67px, or allow wrapping with max-width/fitTextFontSize.",
        "containerRect": {
          "left": 0,
          "top": 0,
          "right": 1280,
          "bottom": 720,
          "width": 1280,
          "height": 720
        },
        "overflow": {
          "left": 3234.43,
          "right": 3119.59,
          "bottom": 145.99
        },
        "dataAttributes": {
          "data-layout-allow-overlap": ""
        },
        "sourceFile": "compositions/snapcn-announce-title.html",
        "bbox": {
          "x": -3234.43,
          "y": 214.58,
          "width": 7634.02,
          "height": 651.41
        },
        "firstSeen": 0.315,
        "lastSeen": 0.315,
        "occurrences": 1,
        "heldMs": 0
      },
      {
        "code": "canvas_overflow",
        "severity": "info",
        "time": 0.315,
        "selector": "#snapcn-announce-title-source-root > div:nth-of-type(1) > div:nth-of-type(2) > div:nth-of-type(15) > div:nth-of-type(1) > div:nth-of-type(1) > div:nth-of-type(1) > div:nth-of-type(1) > div:nth-of-type(1)",
        "message": "Text extends outside the composition canvas.",
        "rect": {
          "left": -3234.43,
          "top": 132.3,
          "right": 4399.59,
          "bottom": 948.27,
          "width": 7634.02,
          "height": 815.97
        },
        "containerSelector": "#root",
        "text": "Introducing",
        "fixHint": "Move the text inward, reduce its size, or mark intentional off-canvas animation with data-layout-allow-overflow.",
        "containerRect": {
          "left": 0,
          "top": 0,
          "right": 1280,
          "bottom": 720,
          "width": 1280,
          "height": 720
        },
        "overflow": {
          "left": 3234.43,
          "right": 3119.59,
          "bottom": 228.27
        },
        "dataAttributes": {
          "data-layout-allow-overlap": ""
        },
        "sourceFile": "compositions/snapcn-announce-title.html",
        "bbox": {
          "x": -3234.43,
          "y": 132.3,
          "width": 7634.02,
          "height": 815.97
        },
        "firstSeen": 0.315,
        "lastSeen": 0.315,
        "occurrences": 1,
        "heldMs": 0
      },
      {
        "code": "text_box_overflow",
        "severity": "info",
        "time": 0.315,
        "selector": "#snapcn-announce-title-source-root > div:nth-of-type(1) > div:nth-of-type(2) > div:nth-of-type(16) > div:nth-of-type(1) > div:nth-of-type(1) > div:nth-of-type(1) > div:nth-of-type(1) > div:nth-of-type(1)",
        "message": "Text extends outside its nearest visual/container box.",
        "rect": {
          "left": -3186.27,
          "top": 214.17,
          "right": 4352.87,
          "bottom": 864.12,
          "width": 7539.14,
          "height": 649.95
        },
        "containerSelector": "#root",
        "text": "Introducing",
        "fixHint": "Text is 7539px x 650px inside 1280px x 720px and overflows by up to 3186px; resize the container to at least ~7539px x 864px or shrink font-size from 398px to ~68px, or allow wrapping with max-width/fitTextFontSize.",
        "containerRect": {
          "left": 0,
          "top": 0,
          "right": 1280,
          "bottom": 720,
          "width": 1280,
          "height": 720
        },
        "overflow": {
          "left": 3186.27,
          "right": 3072.87,
          "bottom": 144.12
        },
        "dataAttributes": {
          "data-layout-allow-overlap": ""
        },
        "sourceFile": "compositions/snapcn-announce-title.html",
        "bbox": {
          "x": -3186.27,
          "y": 214.17,
          "width": 7539.14,
          "height": 649.95
        },
        "firstSeen": 0.315,
        "lastSeen": 0.315,
        "occurrences": 1,
        "heldMs": 0
      },
      {
        "code": "canvas_overflow",
        "severity": "info",
        "time": 0.315,
        "selector": "#snapcn-announce-title-source-root > div:nth-of-type(1) > div:nth-of-type(2) > div:nth-of-type(16) > div:nth-of-type(1) > div:nth-of-type(1) > div:nth-of-type(1) > div:nth-of-type(1) > div:nth-of-type(1)",
        "message": "Text extends outside the composition canvas.",
        "rect": {
          "left": -3186.27,
          "top": 132.07,
          "right": 4352.87,
          "bottom": 946.22,
          "width": 7539.14,
          "height": 814.15
        },
        "containerSelector": "#root",
        "text": "Introducing",
        "fixHint": "Move the text inward, reduce its size, or mark intentional off-canvas animation with data-layout-allow-overflow.",
        "containerRect": {
          "left": 0,
          "top": 0,
          "right": 1280,
          "bottom": 720,
          "width": 1280,
          "height": 720
        },
        "overflow": {
          "left": 3186.27,
          "right": 3072.87,
          "bottom": 226.22
        },
        "dataAttributes": {
          "data-layout-allow-overlap": ""
        },
        "sourceFile": "compositions/snapcn-announce-title.html",
        "bbox": {
          "x": -3186.27,
          "y": 132.07,
          "width": 7539.14,
          "height": 814.15
        },
        "firstSeen": 0.315,
        "lastSeen": 0.315,
        "occurrences": 1,
        "heldMs": 0
      },
      {
        "code": "text_box_overflow",
        "severity": "info",
        "time": 0.315,
        "selector": "#snapcn-announce-title-source-root > div:nth-of-type(1) > div:nth-of-type(2) > div:nth-of-type(17) > div:nth-of-type(1) > div:nth-of-type(1) > div:nth-of-type(1) > div:nth-of-type(1) > div:nth-of-type(1)",
        "message": "Text extends outside its nearest visual/container box.",
        "rect": {
          "left": -3138.32,
          "top": 213.79,
          "right": 4306.34,
          "bottom": 862.15,
          "width": 7444.66,
          "height": 648.36
        },
        "containerSelector": "#root",
        "text": "Introducing",
        "fixHint": "Text is 7445px x 648px inside 1280px x 720px and overflows by up to 3138px; resize the container to at least ~7445px x 862px or shrink font-size from 398px to ~68px, or allow wrapping with max-width/fitTextFontSize.",
        "containerRect": {
          "left": 0,
          "top": 0,
          "right": 1280,
          "bottom": 720,
          "width": 1280,
          "height": 720
        },
        "overflow": {
          "left": 3138.32,
          "right": 3026.34,
          "bottom": 142.15
        },
        "dataAttributes": {
          "data-layout-allow-overlap": ""
        },
        "sourceFile": "compositions/snapcn-announce-title.html",
        "bbox": {
          "x": -3138.32,
          "y": 213.79,
          "width": 7444.66,
          "height": 648.36
        },
        "firstSeen": 0.315,
        "lastSeen": 0.315,
        "occurrences": 1,
        "heldMs": 0
      },
      {
        "code": "canvas_overflow",
        "severity": "info",
        "time": 0.315,
        "selector": "#snapcn-announce-title-source-root > div:nth-of-type(1) > div:nth-of-type(2) > div:nth-of-type(17) > div:nth-of-type(1) > div:nth-of-type(1) > div:nth-of-type(1) > div:nth-of-type(1) > div:nth-of-type(1)",
        "message": "Text extends outside the composition canvas.",
        "rect": {
          "left": -3138.32,
          "top": 131.89,
          "right": 4306.34,
          "bottom": 944.05,
          "width": 7444.66,
          "height": 812.16
        },
        "containerSelector": "#root",
        "text": "Introducing",
        "fixHint": "Move the text inward, reduce its size, or mark intentional off-canvas animation with data-layout-allow-overflow.",
        "containerRect": {
          "left": 0,
          "top": 0,
          "right": 1280,
          "bottom": 720,
          "width": 1280,
          "height": 720
        },
        "overflow": {
          "left": 3138.32,
          "right": 3026.34,
          "bottom": 224.05
        },
        "dataAttributes": {
          "data-layout-allow-overlap": ""
        },
        "sourceFile": "compositions/snapcn-announce-title.html",
        "bbox": {
          "x": -3138.32,
          "y": 131.89,
          "width": 7444.66,
          "height": 812.16
        },
        "firstSeen": 0.315,
        "lastSeen": 0.315,
        "occurrences": 1,
        "heldMs": 0
      },
      {
        "code": "text_box_overflow",
        "severity": "info",
        "time": 0.315,
        "selector": "#snapcn-announce-title-source-root > div:nth-of-type(1) > div:nth-of-type(2) > div:nth-of-type(18) > div:nth-of-type(1) > div:nth-of-type(1) > div:nth-of-type(1) > div:nth-of-type(1) > div:nth-of-type(1)",
        "message": "Text extends outside its nearest visual/container box.",
        "rect": {
          "left": -3090.57,
          "top": 213.44,
          "right": 4260,
          "bottom": 860.08,
          "width": 7350.57,
          "height": 646.64
        },
        "containerSelector": "#root",
        "text": "Introducing",
        "fixHint": "Text is 7351px x 647px inside 1280px x 720px and overflows by up to 3091px; resize the container to at least ~7351px x 860px or shrink font-size from 398px to ~69px, or allow wrapping with max-width/fitTextFontSize.",
        "containerRect": {
          "left": 0,
          "top": 0,
          "right": 1280,
          "bottom": 720,
          "width": 1280,
          "height": 720
        },
        "overflow": {
          "left": 3090.57,
          "right": 2980,
          "bottom": 140.08
        },
        "dataAttributes": {
          "data-layout-allow-overlap": ""
        },
        "sourceFile": "compositions/snapcn-announce-title.html",
        "bbox": {
          "x": -3090.57,
          "y": 213.44,
          "width": 7350.57,
          "height": 646.64
        },
        "firstSeen": 0.315,
        "lastSeen": 0.315,
        "occurrences": 1,
        "heldMs": 0
      },
      {
        "code": "canvas_overflow",
        "severity": "info",
        "time": 0.315,
        "selector": "#snapcn-announce-title-source-root > div:nth-of-type(1) > div:nth-of-type(2) > div:nth-of-type(18) > div:nth-of-type(1) > div:nth-of-type(1) > div:nth-of-type(1) > div:nth-of-type(1) > div:nth-of-type(1)",
        "message": "Text extends outside the composition canvas.",
        "rect": {
          "left": -3090.57,
          "top": 131.76,
          "right": 4260,
          "bottom": 941.76,
          "width": 7350.57,
          "height": 810
        },
        "containerSelector": "#root",
        "text": "Introducing",
        "fixHint": "Move the text inward, reduce its size, or mark intentional off-canvas animation with data-layout-allow-overflow.",
        "containerRect": {
          "left": 0,
          "top": 0,
          "right": 1280,
          "bottom": 720,
          "width": 1280,
          "height": 720
        },
        "overflow": {
          "left": 3090.57,
          "right": 2980,
          "bottom": 221.76
        },
        "dataAttributes": {
          "data-layout-allow-overlap": ""
        },
        "sourceFile": "compositions/snapcn-announce-title.html",
        "bbox": {
          "x": -3090.57,
          "y": 131.76,
          "width": 7350.57,
          "height": 810
        },
        "firstSeen": 0.315,
        "lastSeen": 0.315,
        "occurrences": 1,
        "heldMs": 0
      },
      {
        "code": "text_box_overflow",
        "severity": "info",
        "time": 0.315,
        "selector": "#snapcn-announce-title-source-root > div:nth-of-type(1) > div:nth-of-type(2) > div:nth-of-type(19) > div:nth-of-type(1) > div:nth-of-type(1) > div:nth-of-type(1) > div:nth-of-type(1) > div:nth-of-type(1)",
        "message": "Text extends outside its nearest visual/container box.",
        "rect": {
          "left": -3043.03,
          "top": 213.1,
          "right": 4213.87,
          "bottom": 857.9,
          "width": 7256.9,
          "height": 644.8
        },
        "containerSelector": "#root",
        "text": "Introducing",
        "fixHint": "Text is 7257px x 645px inside 1280px x 720px and overflows by up to 3043px; resize the container to at least ~7257px x 858px or shrink font-size from 398px to ~70px, or allow wrapping with max-width/fitTextFontSize.",
        "containerRect": {
          "left": 0,
          "top": 0,
          "right": 1280,
          "bottom": 720,
          "width": 1280,
          "height": 720
        },
        "overflow": {
          "left": 3043.03,
          "right": 2933.87,
          "bottom": 137.9
        },
        "dataAttributes": {
          "data-layout-allow-overlap": ""
        },
        "sourceFile": "compositions/snapcn-announce-title.html",
        "bbox": {
          "x": -3043.03,
          "y": 213.1,
          "width": 7256.9,
          "height": 644.8
        },
        "firstSeen": 0.315,
        "lastSeen": 0.315,
        "occurrences": 1,
        "heldMs": 0
      },
      {
        "code": "canvas_overflow",
        "severity": "info",
        "time": 0.315,
        "selector": "#snapcn-announce-title-source-root > div:nth-of-type(1) > div:nth-of-type(2) > div:nth-of-type(19) > div:nth-of-type(1) > div:nth-of-type(1) > div:nth-of-type(1) > div:nth-of-type(1) > div:nth-of-type(1)",
        "message": "Text extends outside the composition canvas.",
        "rect": {
          "left": -3043.03,
          "top": 131.66,
          "right": 4213.87,
          "bottom": 939.34,
          "width": 7256.9,
          "height": 807.68
        },
        "containerSelector": "#root",
        "text": "Introducing",
        "fixHint": "Move the text inward, reduce its size, or mark intentional off-canvas animation with data-layout-allow-overflow.",
        "containerRect": {
          "left": 0,
          "top": 0,
          "right": 1280,
          "bottom": 720,
          "width": 1280,
          "height": 720
        },
        "overflow": {
          "left": 3043.03,
          "right": 2933.87,
          "bottom": 219.34
        },
        "dataAttributes": {
          "data-layout-allow-overlap": ""
        },
        "sourceFile": "compositions/snapcn-announce-title.html",
        "bbox": {
          "x": -3043.03,
          "y": 131.66,
          "width": 7256.9,
          "height": 807.68
        },
        "firstSeen": 0.315,
        "lastSeen": 0.315,
        "occurrences": 1,
        "heldMs": 0
      },
      {
        "code": "text_box_overflow",
        "severity": "info",
        "time": 0.315,
        "selector": "#snapcn-announce-title-source-root > div:nth-of-type(1) > div:nth-of-type(2) > div:nth-of-type(20) > div:nth-of-type(1) > div:nth-of-type(1) > div:nth-of-type(1) > div:nth-of-type(1) > div:nth-of-type(1)",
        "message": "Text extends outside its nearest visual/container box.",
        "rect": {
          "left": -2995.69,
          "top": 212.8,
          "right": 4167.93,
          "bottom": 855.62,
          "width": 7163.62,
          "height": 642.82
        },
        "containerSelector": "#root",
        "text": "Introducing",
        "fixHint": "Text is 7164px x 643px inside 1280px x 720px and overflows by up to 2996px; resize the container to at least ~7164px x 856px or shrink font-size from 398px to ~71px, or allow wrapping with max-width/fitTextFontSize.",
        "containerRect": {
          "left": 0,
          "top": 0,
          "right": 1280,
          "bottom": 720,
          "width": 1280,
          "height": 720
        },
        "overflow": {
          "left": 2995.69,
          "right": 2887.93,
          "bottom": 135.62
        },
        "dataAttributes": {
          "data-layout-allow-overlap": ""
        },
        "sourceFile": "compositions/snapcn-announce-title.html",
        "bbox": {
          "x": -2995.69,
          "y": 212.8,
          "width": 7163.62,
          "height": 642.82
        },
        "firstSeen": 0.315,
        "lastSeen": 0.315,
        "occurrences": 1,
        "heldMs": 0
      },
      {
        "code": "canvas_overflow",
        "severity": "info",
        "time": 0.315,
        "selector": "#snapcn-announce-title-source-root > div:nth-of-type(1) > div:nth-of-type(2) > div:nth-of-type(20) > div:nth-of-type(1) > div:nth-of-type(1) > div:nth-of-type(1) > div:nth-of-type(1) > div:nth-of-type(1)",
        "message": "Text extends outside the composition canvas.",
        "rect": {
          "left": -2995.69,
          "top": 131.61,
          "right": 4167.93,
          "bottom": 936.81,
          "width": 7163.62,
          "height": 805.2
        },
        "containerSelector": "#root",
        "text": "Introducing",
        "fixHint": "Move the text inward, reduce its size, or mark intentional off-canvas animation with data-layout-allow-overflow.",
        "containerRect": {
          "left": 0,
          "top": 0,
          "right": 1280,
          "bottom": 720,
          "width": 1280,
          "height": 720
        },
        "overflow": {
          "left": 2995.69,
          "right": 2887.93,
          "bottom": 216.81
        },
        "dataAttributes": {
          "data-layout-allow-overlap": ""
        },
        "sourceFile": "compositions/snapcn-announce-title.html",
        "bbox": {
          "x": -2995.69,
          "y": 131.61,
          "width": 7163.62,
          "height": 805.2
        },
        "firstSeen": 0.315,
        "lastSeen": 0.315,
        "occurrences": 1,
        "heldMs": 0
      },
      {
        "code": "text_box_overflow",
        "severity": "info",
        "time": 2.833,
        "selector": "#snapcn-announce-title-source-root > div:nth-of-type(1) > div:nth-of-type(2) > div:nth-of-type(1) > div:nth-of-type(1) > div:nth-of-type(1)",
        "message": "Text extends outside its nearest visual/container box.",
        "rect": {
          "left": -7964.89,
          "top": -93.94,
          "right": 9721.41,
          "bottom": 683.32,
          "width": 17686.3,
          "height": 777.26
        },
        "containerSelector": "#root",
        "text": "Ready-made scenes for Remotion, in one command.",
        "fixHint": "Text is 17686px x 777px inside 1280px x 720px and overflows by up to 8441px; resize the container to at least ~17686px x 814px or shrink font-size from 777px to ~56px, or allow wrapping with max-width/fitTextFontSize.",
        "containerRect": {
          "left": 0,
          "top": 0,
          "right": 1280,
          "bottom": 720,
          "width": 1280,
          "height": 720
        },
        "overflow": {
          "left": 7964.89,
          "right": 8441.41,
          "top": 93.94
        },
        "dataAttributes": {},
        "sourceFile": "compositions/snapcn-announce-title.html",
        "bbox": {
          "x": -7964.89,
          "y": -93.94,
          "width": 17686.3,
          "height": 777.26
        },
        "firstSeen": 2.833,
        "lastSeen": 2.833,
        "occurrences": 1,
        "heldMs": 0
      },
      {
        "code": "canvas_overflow",
        "severity": "info",
        "time": 2.833,
        "selector": "#snapcn-announce-title-source-root > div:nth-of-type(1) > div:nth-of-type(2) > div:nth-of-type(1) > div:nth-of-type(1) > div:nth-of-type(1)",
        "message": "Text extends outside the composition canvas.",
        "rect": {
          "left": -7964.89,
          "top": -191.81,
          "right": 9721.41,
          "bottom": 781.19,
          "width": 17686.3,
          "height": 973
        },
        "containerSelector": "#root",
        "text": "Ready-made scenes for Remotion, in one command.",
        "fixHint": "Move the text inward, reduce its size, or mark intentional off-canvas animation with data-layout-allow-overflow.",
        "containerRect": {
          "left": 0,
          "top": 0,
          "right": 1280,
          "bottom": 720,
          "width": 1280,
          "height": 720
        },
        "overflow": {
          "left": 7964.89,
          "right": 8441.41,
          "top": 191.81,
          "bottom": 61.19
        },
        "dataAttributes": {},
        "sourceFile": "compositions/snapcn-announce-title.html",
        "bbox": {
          "x": -7964.89,
          "y": -191.81,
          "width": 17686.3,
          "height": 973
        },
        "firstSeen": 2.833,
        "lastSeen": 2.833,
        "occurrences": 1,
        "heldMs": 0
      },
      {
        "code": "text_box_overflow",
        "severity": "info",
        "time": 3.463,
        "selector": "#snapcn-announce-title-source-root > div:nth-of-type(1) > div:nth-of-type(2) > div:nth-of-type(1) > div:nth-of-type(1) > div:nth-of-type(1)",
        "message": "Text extends outside its nearest visual/container box.",
        "rect": {
          "left": -8583.98,
          "top": -93.94,
          "right": 9102.32,
          "bottom": 683.32,
          "width": 17686.3,
          "height": 777.26
        },
        "containerSelector": "#root",
        "text": "Ready-made scenes for Remotion, in one command.",
        "fixHint": "Text is 17686px x 777px inside 1280px x 720px and overflows by up to 8584px; resize the container to at least ~17686px x 814px or shrink font-size from 777px to ~56px, or allow wrapping with max-width/fitTextFontSize.",
        "containerRect": {
          "left": 0,
          "top": 0,
          "right": 1280,
          "bottom": 720,
          "width": 1280,
          "height": 720
        },
        "overflow": {
          "left": 8583.98,
          "right": 7822.32,
          "top": 93.94
        },
        "dataAttributes": {},
        "sourceFile": "compositions/snapcn-announce-title.html",
        "bbox": {
          "x": -8583.98,
          "y": -93.94,
          "width": 17686.3,
          "height": 777.26
        },
        "firstSeen": 3.463,
        "lastSeen": 3.463,
        "occurrences": 1,
        "heldMs": 0
      },
      {
        "code": "canvas_overflow",
        "severity": "info",
        "time": 3.463,
        "selector": "#snapcn-announce-title-source-root > div:nth-of-type(1) > div:nth-of-type(2) > div:nth-of-type(1) > div:nth-of-type(1) > div:nth-of-type(1)",
        "message": "Text extends outside the composition canvas.",
        "rect": {
          "left": -8583.98,
          "top": -191.81,
          "right": 9102.32,
          "bottom": 781.19,
          "width": 17686.3,
          "height": 973
        },
        "containerSelector": "#root",
        "text": "Ready-made scenes for Remotion, in one command.",
        "fixHint": "Move the text inward, reduce its size, or mark intentional off-canvas animation with data-layout-allow-overflow.",
        "containerRect": {
          "left": 0,
          "top": 0,
          "right": 1280,
          "bottom": 720,
          "width": 1280,
          "height": 720
        },
        "overflow": {
          "left": 8583.98,
          "right": 7822.32,
          "top": 191.81,
          "bottom": 61.19
        },
        "dataAttributes": {},
        "sourceFile": "compositions/snapcn-announce-title.html",
        "bbox": {
          "x": -8583.98,
          "y": -191.81,
          "width": 17686.3,
          "height": 973
        },
        "firstSeen": 3.463,
        "lastSeen": 3.463,
        "occurrences": 1,
        "heldMs": 0
      }
    ],
    "duration": 5.666666666666667,
    "samples": [
      0.315,
      0.944,
      1.574,
      2.204,
      2.833,
      3.463,
      4.093,
      4.722,
      5.352
    ],
    "transitionSamples": [],
    "transitionSamplesDropped": 0,
    "tolerance": 2,
    "totalIssueCount": 51,
    "truncated": false
  },
  "motion": {
    "ok": true,
    "errorCount": 0,
    "warningCount": 0,
    "infoCount": 0,
    "findings": [],
    "enabled": false,
    "samples": 0
  },
  "contrast": {
    "ok": true,
    "errorCount": 0,
    "warningCount": 0,
    "infoCount": 0,
    "findings": [],
    "enabled": true,
    "samples": [
      0.315,
      1.574,
      2.833,
      4.093,
      5.352
    ],
    "checked": 22,
    "passed": 22
  },
  "hdr": {
    "autoPromotion": null,
    "inspection": "available"
  },
  "snapshots": {
    "enabled": false,
    "files": [],
    "times": [],
    "findingFiles": []
  },
  "_meta": {
    "version": "0.8.99",
    "latestVersion": "0.8.94",
    "updateAvailable": false
  }
}
