
◆  Rendering installed → <project>/.work/verify-remocn-lossless/switch/hyperframes-frames
   30fps · high · 1 workers
   GPU: browser GPU (forced)

[?25l│
◇  Browser: env
[?25h[INFO] [Render] Pipeline started {"renderJobId":"c42ade0a-e909-4c3c-a677-e33840cc1ec1","platform":"linux","arch":"x64","nodeVersion":"v26.11.1","fps":{"num":30,"den":1},"format":"png-sequence","quality":"high","browserGpuMode":"hardware","forceScreenshot":false,"protocolTimeout":300000,"browserTimeout":120000,"pageNavigationTimeout":60000,"playerReadyTimeout":45000}
[INFO] [Render:trace] {"renderJobId":"c42ade0a-e909-4c3c-a677-e33840cc1ec1","phase":"pipeline","status":"checkpoint","elapsedMs":2,"message":"started","format":"png-sequence","quality":"high","browserGpuMode":"hardware","forceScreenshot":false,"protocolTimeoutMs":300000,"pageNavigationTimeoutMs":60000,"playerReadyTimeoutMs":45000,"requestedWorkers":1}
[INFO] [Render:trace] {"renderJobId":"c42ade0a-e909-4c3c-a677-e33840cc1ec1","phase":"compile","status":"start","elapsedMs":3,"needsAlpha":true}
  █░░░░░░░░░░░░░░░░░░░░░░░░  5%  Compiling composition
[INFO] [Compiler] Inlined CDN script: https://cdn.jsdelivr.net/npm/gsap@3.14.2/dist/gsap.min.js
[INFO] [Compiler] Embedded local font file: assets/fonts/Geist-Latin.woff2 (29 KB → data URI)
[INFO] Compiled composition metadata {"renderJobId":"c42ade0a-e909-4c3c-a677-e33840cc1ec1","entryFile":"index.html","staticDuration":3.3333333333333335,"width":1280,"height":720,"videoCount":0,"audioCount":0,"renderModeHints":{"recommendScreenshot":false,"reasons":[]}}
[INFO] [Render:trace] {"renderJobId":"c42ade0a-e909-4c3c-a677-e33840cc1ec1","phase":"compile","status":"end","elapsedMs":160,"durationMs":156,"needsAlpha":true}
[INFO] [Render:trace] {"renderJobId":"c42ade0a-e909-4c3c-a677-e33840cc1ec1","phase":"compile","status":"checkpoint","elapsedMs":161,"message":"composition metadata resolved","width":1280,"height":720,"videoCount":0,"audioCount":0,"imageCount":0,"deviceScaleFactor":1,"forceScreenshot":true,"compositionHash":"62049482f0bc28d7"}
[INFO] [Render:trace] {"renderJobId":"c42ade0a-e909-4c3c-a677-e33840cc1ec1","phase":"browser_probe","status":"start","elapsedMs":161,"forceScreenshot":true,"stagePhase":"calibrating"}
[INFO] [Render:trace] {"renderJobId":"c42ade0a-e909-4c3c-a677-e33840cc1ec1","phase":"browser_probe","status":"end","elapsedMs":274,"durationMs":113,"forceScreenshot":true,"stagePhase":"calibrating"}
[INFO] [Render:trace] {"renderJobId":"c42ade0a-e909-4c3c-a677-e33840cc1ec1","phase":"browser_probe","status":"checkpoint","elapsedMs":275,"message":"duration resolved","durationSeconds":3.3333333333333335,"totalFrames":100,"compositionHash":"62049482f0bc28d7","beginFrameStalled":false}
[INFO] [Render:trace] {"renderJobId":"c42ade0a-e909-4c3c-a677-e33840cc1ec1","phase":"video_extract","status":"start","elapsedMs":275,"videoCount":0}
  ██░░░░░░░░░░░░░░░░░░░░░░░  10%  Extracting video frames
[INFO] [Render:trace] {"renderJobId":"c42ade0a-e909-4c3c-a677-e33840cc1ec1","phase":"video_extract","status":"end","elapsedMs":276,"durationMs":1,"videoCount":0}
[INFO] [Render:trace] {"renderJobId":"c42ade0a-e909-4c3c-a677-e33840cc1ec1","phase":"video_extract","status":"checkpoint","elapsedMs":277,"message":"frames resolved","videoCount":0,"extractedVideoCount":0,"totalFramesExtracted":0,"maxFramesPerVideo":0,"avgFramesPerExtractedVideo":null,"vfrPreflightCount":null,"vfrPreflightMs":null,"cacheHits":null,"cacheMisses":null,"transientRetries":null,"minVideoFrameCoverageRatio":null,"authoredTimedClipCount":3}
[INFO] [Render] No HDR sources detected — rendering SDR {"renderJobId":"c42ade0a-e909-4c3c-a677-e33840cc1ec1"}
[INFO] [Render:trace] {"renderJobId":"c42ade0a-e909-4c3c-a677-e33840cc1ec1","phase":"hdr_detection","status":"checkpoint","elapsedMs":277,"message":"resolved","requestedHdrMode":"auto","effectiveHdr":"sdr","nativeHdrVideoCount":0,"nativeHdrImageCount":0}
[INFO] [Render:trace] {"renderJobId":"c42ade0a-e909-4c3c-a677-e33840cc1ec1","phase":"audio_process","status":"start","elapsedMs":277,"audioCount":0}
[INFO] [Render:trace] {"renderJobId":"c42ade0a-e909-4c3c-a677-e33840cc1ec1","phase":"audio_process","status":"end","elapsedMs":277,"durationMs":0,"audioCount":0}
  █████░░░░░░░░░░░░░░░░░░░░  20%  Processing audio tracks
[INFO] [Render:trace] {"renderJobId":"c42ade0a-e909-4c3c-a677-e33840cc1ec1","phase":"file_server","status":"start","elapsedMs":277,"reused":false}
  ██████░░░░░░░░░░░░░░░░░░░  25%  Starting frame capture
[INFO] [Render:trace] {"renderJobId":"c42ade0a-e909-4c3c-a677-e33840cc1ec1","phase":"file_server","status":"end","elapsedMs":283,"durationMs":6}
  ██████░░░░░░░░░░░░░░░░░░░  25%  Checking browser GPU
[hyperframes] browserGpuMode probe → hardware (WebGL renderer vendor="Google Inc. (NVIDIA Corporation)" renderer="ANGLE (NVIDIA Corporation, NVIDIA GeForce RTX 5060/PCIe/SSE2, OpenGL ES 3.2)")
[INFO] [Render:trace] {"renderJobId":"c42ade0a-e909-4c3c-a677-e33840cc1ec1","phase":"capture_calibration","status":"checkpoint","elapsedMs":742,"message":"skipped","requestedWorkers":1,"totalFrames":100,"htmlInCanvasDetected":false,"lowMemoryMode":false,"deInversionEligible":false,"deParallelRouterEligible":false}
[INFO] [Render:trace] {"renderJobId":"c42ade0a-e909-4c3c-a677-e33840cc1ec1","phase":"worker_resolution","status":"checkpoint","elapsedMs":743,"message":"resolved","workerCount":1}
[INFO] streaming-encode gate {"renderJobId":"c42ade0a-e909-4c3c-a677-e33840cc1ec1","enabled":false,"reason":"format_excluded","configFlag":true,"durationCapEnabled":false,"outputFormat":"png-sequence","workerCount":1,"durationSeconds":3.3333333333333335,"maxDurationSeconds":240}
[INFO] [Render:trace] {"renderJobId":"c42ade0a-e909-4c3c-a677-e33840cc1ec1","phase":"capture_strategy","status":"checkpoint","elapsedMs":743,"message":"resolved","workerCount":1,"forceScreenshot":true,"captureBeyondViewport":null,"useStreamingEncode":false,"useLayeredComposite":false,"usePageSideCompositing":false,"hasHdrContent":false,"hasShaderTransitions":false,"isPngSequence":true}
[INFO] [Render:trace] {"renderJobId":"c42ade0a-e909-4c3c-a677-e33840cc1ec1","phase":"capture_disk","status":"start","elapsedMs":743,"stagePhase":"capturing","needsAlpha":true,"workerCount":1,"forceScreenshot":true,"totalFrames":100,"framesCompleted":0,"captureMode":"screenshot","captureOperation":"captureScreenshot"}
[BrowserManager] Browser launched (HeadlessChrome/152.0.7977.42, screenshot, gl=--use-gl=angle --use-angle=gl-egl, headlessShell=true, platform=linux)
[initSession:screenshot] page.goto start (0ms)
[HyperFrames] render runtime fps {"canonicalFps":30,"source":"render-options","rawFpsSource":"render-options","rawFps":30}
[initSession:screenshot] page.goto complete (140ms)
[initSession:screenshot] GSAP proxy flush complete (142ms)
[initSession:screenshot] pollHfReady complete (250ms)
[initSession:screenshot] pollSubCompositionTimelines complete (ready) (251ms)
[initSession:screenshot] applyVideoMetadataHints complete (252ms)
[initSession:screenshot] media + fonts + tailwind ready (253ms)
[initSession:screenshot] static-frame dedup: disabled (eligible) (258ms)
  ██████░░░░░░░░░░░░░░░░░░░  25%  Capturing frame 1/100
  ███████░░░░░░░░░░░░░░░░░░  29%  Capturing frame 8/100
  ███████░░░░░░░░░░░░░░░░░░  31%  Capturing frame 14/100
  ████████░░░░░░░░░░░░░░░░░  34%  Capturing frame 21/100
  █████████░░░░░░░░░░░░░░░░  37%  Capturing frame 27/100
  ██████████░░░░░░░░░░░░░░░  40%  Capturing frame 33/100
  ██████████░░░░░░░░░░░░░░░  43%  Capturing frame 40/100
  ███████████░░░░░░░░░░░░░░  46%  Capturing frame 47/100
  ████████████░░░░░░░░░░░░░  49%  Capturing frame 54/100
  █████████████░░░░░░░░░░░░  52%  Capturing frame 61/100
  ██████████████░░░░░░░░░░░  56%  Capturing frame 68/100
  ██████████████░░░░░░░░░░░  58%  Capturing frame 74/100
  ███████████████░░░░░░░░░░  61%  Capturing frame 81/100
  ████████████████░░░░░░░░░  64%  Capturing frame 87/100
  ████████████████░░░░░░░░░  67%  Capturing frame 93/100
  █████████████████░░░░░░░░  70%  Capturing frame 100/100
[INFO] [Render:trace] {"renderJobId":"c42ade0a-e909-4c3c-a677-e33840cc1ec1","phase":"capture_disk","status":"end","elapsedMs":5110,"durationMs":4367,"stagePhase":"capturing","needsAlpha":true,"workerCount":1,"forceScreenshot":true,"totalFrames":100,"framesCompleted":100,"captureMode":"screenshot","captureOperation":"encode"}
[INFO] [Render:trace] {"renderJobId":"c42ade0a-e909-4c3c-a677-e33840cc1ec1","phase":"encode","status":"start","elapsedMs":5110,"stagePhase":"capturing","hasAudio":false,"isPngSequence":true,"isGif":false,"chunkedEncode":false,"workerCount":1,"forceScreenshot":true,"totalFrames":100,"framesCompleted":100,"captureMode":"screenshot","captureOperation":"encode"}
  ██████████████████░░░░░░░  75%  Writing PNG sequence
[INFO] [Render:trace] {"renderJobId":"c42ade0a-e909-4c3c-a677-e33840cc1ec1","phase":"encode","status":"end","elapsedMs":5120,"durationMs":10,"stagePhase":"capturing","hasAudio":false,"isPngSequence":true,"isGif":false,"chunkedEncode":false,"workerCount":1,"forceScreenshot":true,"totalFrames":100,"framesCompleted":100,"captureMode":"screenshot","captureOperation":"encode"}
[INFO] [Render:trace] {"renderJobId":"c42ade0a-e909-4c3c-a677-e33840cc1ec1","phase":"assemble","status":"checkpoint","elapsedMs":5121,"message":"skipped for png-sequence"}
[INFO] [Render:trace] {"renderJobId":"c42ade0a-e909-4c3c-a677-e33840cc1ec1","phase":"pipeline","status":"checkpoint","elapsedMs":5132,"message":"artifact validated","totalElapsedMs":5131}
  █████████████████████████  100%  Render complete

◇  <project>/.work/verify-remocn-lossless/switch/hyperframes-frames
   500.4 KB · 100 frames · rendered in 5.1s
   screenshot capture · hardware gpu · compile 0.3s · extract 0.0s · audio 0.0s · probe 0.1s · setup 0.5s · capture 4.4s · encode 0.0s
