[hyperframes] browserGpuMode probe → hardware (WebGL renderer vendor="Google Inc. (NVIDIA Corporation)" renderer="ANGLE (NVIDIA Corporation, NVIDIA GeForce RTX 5060/PCIe/SSE2, OpenGL ES 3.2)")
{
  "ok": true,
  "strict": false,
  "lint": {
    "ok": true,
    "errorCount": 0,
    "warningCount": 0,
    "infoCount": 0,
    "findings": [],
    "filesScanned": 2
  },
  "runtime": {
    "ok": true,
    "errorCount": 0,
    "warningCount": 0,
    "infoCount": 0,
    "findings": []
  },
  "layout": {
    "ok": true,
    "errorCount": 0,
    "warningCount": 0,
    "infoCount": 7,
    "findings": [
      {
        "code": "container_overflow",
        "severity": "info",
        "time": 0.89,
        "selector": "#release-teaser-source-root > div:nth-of-type(1) > div:nth-of-type(1) > div:nth-of-type(2)",
        "message": "Element extends outside a clipping layout container.",
        "rect": {
          "left": -7.2,
          "top": -4.05,
          "right": 1927.2,
          "bottom": 1084.05,
          "width": 1934.4,
          "height": 1088.1
        },
        "containerSelector": "#release-teaser-source-root > div:nth-of-type(1) > div:nth-of-type(1)",
        "fixHint": "Resize/reposition the child or container, or mark intentional overflow with data-layout-allow-overflow.",
        "containerRect": {
          "left": 0,
          "top": 0,
          "right": 1920,
          "bottom": 1080,
          "width": 1920,
          "height": 1080
        },
        "overflow": {
          "left": 7.2,
          "right": 7.2,
          "top": 4.05,
          "bottom": 4.05
        },
        "dataAttributes": {},
        "sourceFile": "compositions/release-teaser.html",
        "bbox": {
          "x": -7.2,
          "y": -4.05,
          "width": 1934.4,
          "height": 1088.1
        },
        "firstSeen": 0.89,
        "lastSeen": 0.89,
        "occurrences": 1
      },
      {
        "code": "container_overflow",
        "severity": "info",
        "time": 2.669,
        "selector": "#release-teaser-source-root > div:nth-of-type(1) > div:nth-of-type(1) > div:nth-of-type(2)",
        "message": "Element extends outside a clipping layout container.",
        "rect": {
          "left": -8.49,
          "top": -4.78,
          "right": 1928.49,
          "bottom": 1084.78,
          "width": 1936.98,
          "height": 1089.55
        },
        "containerSelector": "#release-teaser-source-root > div:nth-of-type(1) > div:nth-of-type(1)",
        "fixHint": "Resize/reposition the child or container, or mark intentional overflow with data-layout-allow-overflow.",
        "containerRect": {
          "left": 0,
          "top": 0,
          "right": 1920,
          "bottom": 1080,
          "width": 1920,
          "height": 1080
        },
        "overflow": {
          "left": 8.49,
          "right": 8.49,
          "top": 4.78,
          "bottom": 4.78
        },
        "dataAttributes": {},
        "sourceFile": "compositions/release-teaser.html",
        "bbox": {
          "x": -8.49,
          "y": -4.78,
          "width": 1936.98,
          "height": 1089.55
        },
        "firstSeen": 2.669,
        "lastSeen": 2.669,
        "occurrences": 1
      },
      {
        "code": "container_overflow",
        "severity": "info",
        "time": 4.449,
        "selector": "#release-teaser-source-root > div:nth-of-type(1) > div:nth-of-type(1) > div:nth-of-type(2)",
        "message": "Element extends outside a clipping layout container.",
        "rect": {
          "left": -6.92,
          "top": -3.89,
          "right": 1926.92,
          "bottom": 1083.89,
          "width": 1933.83,
          "height": 1087.78
        },
        "containerSelector": "#release-teaser-source-root > div:nth-of-type(1) > div:nth-of-type(1)",
        "fixHint": "Resize/reposition the child or container, or mark intentional overflow with data-layout-allow-overflow.",
        "containerRect": {
          "left": 0,
          "top": 0,
          "right": 1920,
          "bottom": 1080,
          "width": 1920,
          "height": 1080
        },
        "overflow": {
          "left": 6.92,
          "right": 6.92,
          "top": 3.89,
          "bottom": 3.89
        },
        "dataAttributes": {},
        "sourceFile": "compositions/release-teaser.html",
        "bbox": {
          "x": -6.92,
          "y": -3.89,
          "width": 1933.83,
          "height": 1087.78
        },
        "firstSeen": 4.449,
        "lastSeen": 4.449,
        "occurrences": 1
      },
      {
        "code": "container_overflow",
        "severity": "info",
        "time": 6.228,
        "selector": "#release-teaser-source-root > div:nth-of-type(1) > div:nth-of-type(1) > div:nth-of-type(2)",
        "message": "Element extends outside a clipping layout container.",
        "rect": {
          "left": -3.28,
          "top": -1.84,
          "right": 1923.28,
          "bottom": 1081.84,
          "width": 1926.56,
          "height": 1083.69
        },
        "containerSelector": "#release-teaser-source-root > div:nth-of-type(1) > div:nth-of-type(1)",
        "fixHint": "Resize/reposition the child or container, or mark intentional overflow with data-layout-allow-overflow.",
        "containerRect": {
          "left": 0,
          "top": 0,
          "right": 1920,
          "bottom": 1080,
          "width": 1920,
          "height": 1080
        },
        "overflow": {
          "left": 3.28,
          "right": 3.28
        },
        "dataAttributes": {},
        "sourceFile": "compositions/release-teaser.html",
        "bbox": {
          "x": -3.28,
          "y": -1.84,
          "width": 1926.56,
          "height": 1083.69
        },
        "firstSeen": 6.228,
        "lastSeen": 6.228,
        "occurrences": 1
      },
      {
        "code": "container_overflow",
        "severity": "info",
        "time": 9.788,
        "selector": "#release-teaser-source-root > div:nth-of-type(1) > div:nth-of-type(1) > div:nth-of-type(2)",
        "message": "Element extends outside a clipping layout container.",
        "rect": {
          "left": -18.88,
          "top": -10.62,
          "right": 1938.88,
          "bottom": 1090.62,
          "width": 1957.76,
          "height": 1101.24
        },
        "containerSelector": "#release-teaser-source-root > div:nth-of-type(1) > div:nth-of-type(1)",
        "fixHint": "Resize/reposition the child or container, or mark intentional overflow with data-layout-allow-overflow.",
        "containerRect": {
          "left": 0,
          "top": 0,
          "right": 1920,
          "bottom": 1080,
          "width": 1920,
          "height": 1080
        },
        "overflow": {
          "left": 18.88,
          "right": 18.88,
          "top": 10.62,
          "bottom": 10.62
        },
        "dataAttributes": {},
        "sourceFile": "compositions/release-teaser.html",
        "bbox": {
          "x": -18.88,
          "y": -10.62,
          "width": 1957.76,
          "height": 1101.24
        },
        "firstSeen": 9.788,
        "lastSeen": 9.788,
        "occurrences": 1
      },
      {
        "code": "container_overflow",
        "severity": "info",
        "time": 13.347,
        "selector": "#release-teaser-source-root > div:nth-of-type(1) > div:nth-of-type(1) > div:nth-of-type(2)",
        "message": "Element extends outside a clipping layout container.",
        "rect": {
          "left": -2.3,
          "top": -1.3,
          "right": 1922.3,
          "bottom": 1081.3,
          "width": 1924.61,
          "height": 1082.59
        },
        "containerSelector": "#release-teaser-source-root > div:nth-of-type(1) > div:nth-of-type(1)",
        "fixHint": "Resize/reposition the child or container, or mark intentional overflow with data-layout-allow-overflow.",
        "containerRect": {
          "left": 0,
          "top": 0,
          "right": 1920,
          "bottom": 1080,
          "width": 1920,
          "height": 1080
        },
        "overflow": {
          "left": 2.3,
          "right": 2.3
        },
        "dataAttributes": {},
        "sourceFile": "compositions/release-teaser.html",
        "bbox": {
          "x": -2.3,
          "y": -1.3,
          "width": 1924.61,
          "height": 1082.59
        },
        "firstSeen": 13.347,
        "lastSeen": 13.347,
        "occurrences": 1
      },
      {
        "code": "container_overflow",
        "severity": "info",
        "time": 15.126,
        "selector": "#release-teaser-source-root > div:nth-of-type(1) > div:nth-of-type(1) > div:nth-of-type(2)",
        "message": "Element extends outside a clipping layout container.",
        "rect": {
          "left": -19.75,
          "top": -11.11,
          "right": 1939.75,
          "bottom": 1091.11,
          "width": 1959.5,
          "height": 1102.22
        },
        "containerSelector": "#release-teaser-source-root > div:nth-of-type(1) > div:nth-of-type(1)",
        "fixHint": "Resize/reposition the child or container, or mark intentional overflow with data-layout-allow-overflow.",
        "containerRect": {
          "left": 0,
          "top": 0,
          "right": 1920,
          "bottom": 1080,
          "width": 1920,
          "height": 1080
        },
        "overflow": {
          "left": 19.75,
          "right": 19.75,
          "top": 11.11,
          "bottom": 11.11
        },
        "dataAttributes": {},
        "sourceFile": "compositions/release-teaser.html",
        "bbox": {
          "x": -19.75,
          "y": -11.11,
          "width": 1959.5,
          "height": 1102.22
        },
        "firstSeen": 15.126,
        "lastSeen": 15.126,
        "occurrences": 1
      }
    ],
    "duration": 16.016000000000002,
    "samples": [
      0.89,
      2.669,
      4.449,
      6.228,
      8.008,
      9.788,
      11.567,
      13.347,
      15.126
    ],
    "transitionSamples": [],
    "transitionSamplesDropped": 0,
    "tolerance": 2,
    "totalIssueCount": 7,
    "truncated": false
  },
  "motion": {
    "ok": true,
    "errorCount": 0,
    "warningCount": 0,
    "infoCount": 0,
    "findings": [],
    "enabled": false,
    "samples": 0
  },
  "contrast": {
    "ok": true,
    "errorCount": 0,
    "warningCount": 0,
    "infoCount": 0,
    "findings": [],
    "enabled": true,
    "samples": [
      0.89,
      4.449,
      8.008,
      11.567,
      15.126
    ],
    "checked": 70,
    "passed": 70
  },
  "snapshots": {
    "enabled": false,
    "files": [],
    "times": [],
    "findingFiles": []
  },
  "_meta": {
    "version": "0.8.30",
    "latestVersion": "0.8.35",
    "updateAvailable": true
  }
}
