[hyperframes] browserGpuMode probe → hardware (WebGL renderer vendor="Google Inc. (NVIDIA Corporation)" renderer="ANGLE (NVIDIA Corporation, NVIDIA GeForce RTX 5060/PCIe/SSE2, OpenGL ES 3.2)")
{
  "ok": false,
  "strict": false,
  "lint": {
    "ok": true,
    "errorCount": 0,
    "warningCount": 0,
    "infoCount": 0,
    "findings": [],
    "filesScanned": 2
  },
  "runtime": {
    "ok": true,
    "errorCount": 0,
    "warningCount": 0,
    "infoCount": 0,
    "findings": []
  },
  "layout": {
    "ok": false,
    "errorCount": 27,
    "warningCount": 0,
    "infoCount": 0,
    "findings": [
      {
        "code": "content_overlap",
        "severity": "error",
        "time": 0,
        "selector": "#chromatic-wave-source-root > div:nth-of-type(1) > svg:nth-of-type(1) > g:nth-of-type(1) > text:nth-of-type(1)",
        "message": "Two text blocks overlap and may render unreadable.",
        "rect": {
          "left": 508.55,
          "top": 265.33,
          "right": 771.45,
          "bottom": 304,
          "width": 262.9,
          "height": 38.67
        },
        "containerSelector": "#chromatic-wave-source-root > div:nth-of-type(1) > svg:nth-of-type(1) > g:nth-of-type(1) > text:nth-of-type(2)",
        "text": "APPLES",
        "fixHint": "Give each block its own zone, or mark intentional layering with data-layout-allow-overlap.",
        "dataAttributes": {},
        "sourceFile": "compositions/chromatic-wave.html",
        "bbox": {
          "x": 508.55,
          "y": 265.33,
          "width": 262.9,
          "height": 38.67
        },
        "firstSeen": 0,
        "lastSeen": 3.333,
        "occurrences": 37
      },
      {
        "code": "content_overlap",
        "severity": "error",
        "time": 0,
        "selector": "#chromatic-wave-source-root > div:nth-of-type(1) > svg:nth-of-type(1) > g:nth-of-type(1) > text:nth-of-type(1)",
        "message": "Two text blocks overlap and may render unreadable.",
        "rect": {
          "left": 508.55,
          "top": 265.33,
          "right": 771.45,
          "bottom": 304,
          "width": 262.9,
          "height": 38.67
        },
        "containerSelector": "#chromatic-wave-source-root > div:nth-of-type(1) > svg:nth-of-type(1) > g:nth-of-type(2) > text:nth-of-type(1)",
        "text": "APPLES",
        "fixHint": "Give each block its own zone, or mark intentional layering with data-layout-allow-overlap.",
        "dataAttributes": {},
        "sourceFile": "compositions/chromatic-wave.html",
        "bbox": {
          "x": 508.55,
          "y": 265.33,
          "width": 262.9,
          "height": 38.67
        },
        "firstSeen": 0,
        "lastSeen": 3.333,
        "occurrences": 37
      },
      {
        "code": "content_overlap",
        "severity": "error",
        "time": 0,
        "selector": "#chromatic-wave-source-root > div:nth-of-type(1) > svg:nth-of-type(1) > g:nth-of-type(1) > text:nth-of-type(1)",
        "message": "Two text blocks overlap and may render unreadable.",
        "rect": {
          "left": 508.55,
          "top": 265.33,
          "right": 771.45,
          "bottom": 304,
          "width": 262.9,
          "height": 38.67
        },
        "containerSelector": "#chromatic-wave-source-root > div:nth-of-type(1) > svg:nth-of-type(1) > g:nth-of-type(2) > text:nth-of-type(2)",
        "text": "APPLES",
        "fixHint": "Give each block its own zone, or mark intentional layering with data-layout-allow-overlap.",
        "dataAttributes": {},
        "sourceFile": "compositions/chromatic-wave.html",
        "bbox": {
          "x": 508.55,
          "y": 265.33,
          "width": 262.9,
          "height": 38.67
        },
        "firstSeen": 0,
        "lastSeen": 3.333,
        "occurrences": 37
      },
      {
        "code": "content_overlap",
        "severity": "error",
        "time": 0,
        "selector": "#chromatic-wave-source-root > div:nth-of-type(1) > svg:nth-of-type(1) > g:nth-of-type(1) > text:nth-of-type(1)",
        "message": "Two text blocks overlap and may render unreadable.",
        "rect": {
          "left": 508.55,
          "top": 265.33,
          "right": 771.45,
          "bottom": 304,
          "width": 262.9,
          "height": 38.67
        },
        "containerSelector": "#chromatic-wave-source-root > div:nth-of-type(1) > svg:nth-of-type(1) > g:nth-of-type(3) > text:nth-of-type(1)",
        "text": "APPLES",
        "fixHint": "Give each block its own zone, or mark intentional layering with data-layout-allow-overlap.",
        "dataAttributes": {},
        "sourceFile": "compositions/chromatic-wave.html",
        "bbox": {
          "x": 508.55,
          "y": 265.33,
          "width": 262.9,
          "height": 38.67
        },
        "firstSeen": 0,
        "lastSeen": 3.333,
        "occurrences": 37
      },
      {
        "code": "content_overlap",
        "severity": "error",
        "time": 0,
        "selector": "#chromatic-wave-source-root > div:nth-of-type(1) > svg:nth-of-type(1) > g:nth-of-type(1) > text:nth-of-type(1)",
        "message": "Two text blocks overlap and may render unreadable.",
        "rect": {
          "left": 508.55,
          "top": 265.33,
          "right": 771.45,
          "bottom": 304,
          "width": 262.9,
          "height": 38.67
        },
        "containerSelector": "#chromatic-wave-source-root > div:nth-of-type(1) > svg:nth-of-type(1) > g:nth-of-type(3) > text:nth-of-type(2)",
        "text": "APPLES",
        "fixHint": "Give each block its own zone, or mark intentional layering with data-layout-allow-overlap.",
        "dataAttributes": {},
        "sourceFile": "compositions/chromatic-wave.html",
        "bbox": {
          "x": 508.55,
          "y": 265.33,
          "width": 262.9,
          "height": 38.67
        },
        "firstSeen": 0,
        "lastSeen": 3.333,
        "occurrences": 37
      },
      {
        "code": "content_overlap",
        "severity": "error",
        "time": 0,
        "selector": "#chromatic-wave-source-root > div:nth-of-type(1) > svg:nth-of-type(1) > g:nth-of-type(1) > text:nth-of-type(2)",
        "message": "Two text blocks overlap and may render unreadable.",
        "rect": {
          "left": 453.11,
          "top": 295.33,
          "right": 826.89,
          "bottom": 425.33,
          "width": 373.78,
          "height": 130
        },
        "containerSelector": "#chromatic-wave-source-root > div:nth-of-type(1) > svg:nth-of-type(1) > g:nth-of-type(1) > text:nth-of-type(3)",
        "text": "MUSIC",
        "fixHint": "Give each block its own zone, or mark intentional layering with data-layout-allow-overlap.",
        "dataAttributes": {},
        "sourceFile": "compositions/chromatic-wave.html",
        "bbox": {
          "x": 453.11,
          "y": 295.33,
          "width": 373.78,
          "height": 130
        },
        "firstSeen": 0,
        "lastSeen": 3.333,
        "occurrences": 37
      },
      {
        "code": "content_overlap",
        "severity": "error",
        "time": 0,
        "selector": "#chromatic-wave-source-root > div:nth-of-type(1) > svg:nth-of-type(1) > g:nth-of-type(1) > text:nth-of-type(2)",
        "message": "Two text blocks overlap and may render unreadable.",
        "rect": {
          "left": 453.11,
          "top": 295.33,
          "right": 826.89,
          "bottom": 425.33,
          "width": 373.78,
          "height": 130
        },
        "containerSelector": "#chromatic-wave-source-root > div:nth-of-type(1) > svg:nth-of-type(1) > g:nth-of-type(2) > text:nth-of-type(1)",
        "text": "MUSIC",
        "fixHint": "Give each block its own zone, or mark intentional layering with data-layout-allow-overlap.",
        "dataAttributes": {},
        "sourceFile": "compositions/chromatic-wave.html",
        "bbox": {
          "x": 453.11,
          "y": 295.33,
          "width": 373.78,
          "height": 130
        },
        "firstSeen": 0,
        "lastSeen": 3.333,
        "occurrences": 37
      },
      {
        "code": "content_overlap",
        "severity": "error",
        "time": 0,
        "selector": "#chromatic-wave-source-root > div:nth-of-type(1) > svg:nth-of-type(1) > g:nth-of-type(1) > text:nth-of-type(2)",
        "message": "Two text blocks overlap and may render unreadable.",
        "rect": {
          "left": 453.11,
          "top": 295.33,
          "right": 826.89,
          "bottom": 425.33,
          "width": 373.78,
          "height": 130
        },
        "containerSelector": "#chromatic-wave-source-root > div:nth-of-type(1) > svg:nth-of-type(1) > g:nth-of-type(2) > text:nth-of-type(2)",
        "text": "MUSIC",
        "fixHint": "Give each block its own zone, or mark intentional layering with data-layout-allow-overlap.",
        "dataAttributes": {},
        "sourceFile": "compositions/chromatic-wave.html",
        "bbox": {
          "x": 453.11,
          "y": 295.33,
          "width": 373.78,
          "height": 130
        },
        "firstSeen": 0,
        "lastSeen": 3.333,
        "occurrences": 37
      },
      {
        "code": "content_overlap",
        "severity": "error",
        "time": 0,
        "selector": "#chromatic-wave-source-root > div:nth-of-type(1) > svg:nth-of-type(1) > g:nth-of-type(1) > text:nth-of-type(2)",
        "message": "Two text blocks overlap and may render unreadable.",
        "rect": {
          "left": 453.11,
          "top": 295.33,
          "right": 826.89,
          "bottom": 425.33,
          "width": 373.78,
          "height": 130
        },
        "containerSelector": "#chromatic-wave-source-root > div:nth-of-type(1) > svg:nth-of-type(1) > g:nth-of-type(2) > text:nth-of-type(3)",
        "text": "MUSIC",
        "fixHint": "Give each block its own zone, or mark intentional layering with data-layout-allow-overlap.",
        "dataAttributes": {},
        "sourceFile": "compositions/chromatic-wave.html",
        "bbox": {
          "x": 453.11,
          "y": 295.33,
          "width": 373.78,
          "height": 130
        },
        "firstSeen": 0,
        "lastSeen": 3.333,
        "occurrences": 37
      },
      {
        "code": "content_overlap",
        "severity": "error",
        "time": 0,
        "selector": "#chromatic-wave-source-root > div:nth-of-type(1) > svg:nth-of-type(1) > g:nth-of-type(1) > text:nth-of-type(2)",
        "message": "Two text blocks overlap and may render unreadable.",
        "rect": {
          "left": 453.11,
          "top": 295.33,
          "right": 826.89,
          "bottom": 425.33,
          "width": 373.78,
          "height": 130
        },
        "containerSelector": "#chromatic-wave-source-root > div:nth-of-type(1) > svg:nth-of-type(1) > g:nth-of-type(3) > text:nth-of-type(1)",
        "text": "MUSIC",
        "fixHint": "Give each block its own zone, or mark intentional layering with data-layout-allow-overlap.",
        "dataAttributes": {},
        "sourceFile": "compositions/chromatic-wave.html",
        "bbox": {
          "x": 453.11,
          "y": 295.33,
          "width": 373.78,
          "height": 130
        },
        "firstSeen": 0,
        "lastSeen": 3.333,
        "occurrences": 37
      },
      {
        "code": "content_overlap",
        "severity": "error",
        "time": 0,
        "selector": "#chromatic-wave-source-root > div:nth-of-type(1) > svg:nth-of-type(1) > g:nth-of-type(1) > text:nth-of-type(2)",
        "message": "Two text blocks overlap and may render unreadable.",
        "rect": {
          "left": 453.11,
          "top": 295.33,
          "right": 826.89,
          "bottom": 425.33,
          "width": 373.78,
          "height": 130
        },
        "containerSelector": "#chromatic-wave-source-root > div:nth-of-type(1) > svg:nth-of-type(1) > g:nth-of-type(3) > text:nth-of-type(2)",
        "text": "MUSIC",
        "fixHint": "Give each block its own zone, or mark intentional layering with data-layout-allow-overlap.",
        "dataAttributes": {},
        "sourceFile": "compositions/chromatic-wave.html",
        "bbox": {
          "x": 453.11,
          "y": 295.33,
          "width": 373.78,
          "height": 130
        },
        "firstSeen": 0,
        "lastSeen": 3.333,
        "occurrences": 37
      },
      {
        "code": "content_overlap",
        "severity": "error",
        "time": 0,
        "selector": "#chromatic-wave-source-root > div:nth-of-type(1) > svg:nth-of-type(1) > g:nth-of-type(1) > text:nth-of-type(2)",
        "message": "Two text blocks overlap and may render unreadable.",
        "rect": {
          "left": 453.11,
          "top": 295.33,
          "right": 826.89,
          "bottom": 425.33,
          "width": 373.78,
          "height": 130
        },
        "containerSelector": "#chromatic-wave-source-root > div:nth-of-type(1) > svg:nth-of-type(1) > g:nth-of-type(3) > text:nth-of-type(3)",
        "text": "MUSIC",
        "fixHint": "Give each block its own zone, or mark intentional layering with data-layout-allow-overlap.",
        "dataAttributes": {},
        "sourceFile": "compositions/chromatic-wave.html",
        "bbox": {
          "x": 453.11,
          "y": 295.33,
          "width": 373.78,
          "height": 130
        },
        "firstSeen": 0,
        "lastSeen": 3.333,
        "occurrences": 37
      },
      {
        "code": "content_overlap",
        "severity": "error",
        "time": 0,
        "selector": "#chromatic-wave-source-root > div:nth-of-type(1) > svg:nth-of-type(1) > g:nth-of-type(1) > text:nth-of-type(3)",
        "message": "Two text blocks overlap and may render unreadable.",
        "rect": {
          "left": 508.55,
          "top": 416,
          "right": 771.45,
          "bottom": 454.67,
          "width": 262.9,
          "height": 38.67
        },
        "containerSelector": "#chromatic-wave-source-root > div:nth-of-type(1) > svg:nth-of-type(1) > g:nth-of-type(2) > text:nth-of-type(2)",
        "text": "APPLES",
        "fixHint": "Give each block its own zone, or mark intentional layering with data-layout-allow-overlap.",
        "dataAttributes": {},
        "sourceFile": "compositions/chromatic-wave.html",
        "bbox": {
          "x": 508.55,
          "y": 416,
          "width": 262.9,
          "height": 38.67
        },
        "firstSeen": 0,
        "lastSeen": 3.333,
        "occurrences": 37
      },
      {
        "code": "content_overlap",
        "severity": "error",
        "time": 0,
        "selector": "#chromatic-wave-source-root > div:nth-of-type(1) > svg:nth-of-type(1) > g:nth-of-type(1) > text:nth-of-type(3)",
        "message": "Two text blocks overlap and may render unreadable.",
        "rect": {
          "left": 508.55,
          "top": 416,
          "right": 771.45,
          "bottom": 454.67,
          "width": 262.9,
          "height": 38.67
        },
        "containerSelector": "#chromatic-wave-source-root > div:nth-of-type(1) > svg:nth-of-type(1) > g:nth-of-type(2) > text:nth-of-type(3)",
        "text": "APPLES",
        "fixHint": "Give each block its own zone, or mark intentional layering with data-layout-allow-overlap.",
        "dataAttributes": {},
        "sourceFile": "compositions/chromatic-wave.html",
        "bbox": {
          "x": 508.55,
          "y": 416,
          "width": 262.9,
          "height": 38.67
        },
        "firstSeen": 0,
        "lastSeen": 3.333,
        "occurrences": 37
      },
      {
        "code": "content_overlap",
        "severity": "error",
        "time": 0,
        "selector": "#chromatic-wave-source-root > div:nth-of-type(1) > svg:nth-of-type(1) > g:nth-of-type(1) > text:nth-of-type(3)",
        "message": "Two text blocks overlap and may render unreadable.",
        "rect": {
          "left": 508.55,
          "top": 416,
          "right": 771.45,
          "bottom": 454.67,
          "width": 262.9,
          "height": 38.67
        },
        "containerSelector": "#chromatic-wave-source-root > div:nth-of-type(1) > svg:nth-of-type(1) > g:nth-of-type(3) > text:nth-of-type(2)",
        "text": "APPLES",
        "fixHint": "Give each block its own zone, or mark intentional layering with data-layout-allow-overlap.",
        "dataAttributes": {},
        "sourceFile": "compositions/chromatic-wave.html",
        "bbox": {
          "x": 508.55,
          "y": 416,
          "width": 262.9,
          "height": 38.67
        },
        "firstSeen": 0,
        "lastSeen": 3.333,
        "occurrences": 37
      },
      {
        "code": "content_overlap",
        "severity": "error",
        "time": 0,
        "selector": "#chromatic-wave-source-root > div:nth-of-type(1) > svg:nth-of-type(1) > g:nth-of-type(1) > text:nth-of-type(3)",
        "message": "Two text blocks overlap and may render unreadable.",
        "rect": {
          "left": 508.55,
          "top": 416,
          "right": 771.45,
          "bottom": 454.67,
          "width": 262.9,
          "height": 38.67
        },
        "containerSelector": "#chromatic-wave-source-root > div:nth-of-type(1) > svg:nth-of-type(1) > g:nth-of-type(3) > text:nth-of-type(3)",
        "text": "APPLES",
        "fixHint": "Give each block its own zone, or mark intentional layering with data-layout-allow-overlap.",
        "dataAttributes": {},
        "sourceFile": "compositions/chromatic-wave.html",
        "bbox": {
          "x": 508.55,
          "y": 416,
          "width": 262.9,
          "height": 38.67
        },
        "firstSeen": 0,
        "lastSeen": 3.333,
        "occurrences": 37
      },
      {
        "code": "content_overlap",
        "severity": "error",
        "time": 0,
        "selector": "#chromatic-wave-source-root > div:nth-of-type(1) > svg:nth-of-type(1) > g:nth-of-type(2) > text:nth-of-type(1)",
        "message": "Two text blocks overlap and may render unreadable.",
        "rect": {
          "left": 508.55,
          "top": 265.33,
          "right": 771.45,
          "bottom": 304,
          "width": 262.9,
          "height": 38.67
        },
        "containerSelector": "#chromatic-wave-source-root > div:nth-of-type(1) > svg:nth-of-type(1) > g:nth-of-type(2) > text:nth-of-type(2)",
        "text": "APPLES",
        "fixHint": "Give each block its own zone, or mark intentional layering with data-layout-allow-overlap.",
        "dataAttributes": {},
        "sourceFile": "compositions/chromatic-wave.html",
        "bbox": {
          "x": 508.55,
          "y": 265.33,
          "width": 262.9,
          "height": 38.67
        },
        "firstSeen": 0,
        "lastSeen": 3.333,
        "occurrences": 37
      },
      {
        "code": "content_overlap",
        "severity": "error",
        "time": 0,
        "selector": "#chromatic-wave-source-root > div:nth-of-type(1) > svg:nth-of-type(1) > g:nth-of-type(2) > text:nth-of-type(1)",
        "message": "Two text blocks overlap and may render unreadable.",
        "rect": {
          "left": 508.55,
          "top": 265.33,
          "right": 771.45,
          "bottom": 304,
          "width": 262.9,
          "height": 38.67
        },
        "containerSelector": "#chromatic-wave-source-root > div:nth-of-type(1) > svg:nth-of-type(1) > g:nth-of-type(3) > text:nth-of-type(1)",
        "text": "APPLES",
        "fixHint": "Give each block its own zone, or mark intentional layering with data-layout-allow-overlap.",
        "dataAttributes": {},
        "sourceFile": "compositions/chromatic-wave.html",
        "bbox": {
          "x": 508.55,
          "y": 265.33,
          "width": 262.9,
          "height": 38.67
        },
        "firstSeen": 0,
        "lastSeen": 3.333,
        "occurrences": 37
      },
      {
        "code": "content_overlap",
        "severity": "error",
        "time": 0,
        "selector": "#chromatic-wave-source-root > div:nth-of-type(1) > svg:nth-of-type(1) > g:nth-of-type(2) > text:nth-of-type(1)",
        "message": "Two text blocks overlap and may render unreadable.",
        "rect": {
          "left": 508.55,
          "top": 265.33,
          "right": 771.45,
          "bottom": 304,
          "width": 262.9,
          "height": 38.67
        },
        "containerSelector": "#chromatic-wave-source-root > div:nth-of-type(1) > svg:nth-of-type(1) > g:nth-of-type(3) > text:nth-of-type(2)",
        "text": "APPLES",
        "fixHint": "Give each block its own zone, or mark intentional layering with data-layout-allow-overlap.",
        "dataAttributes": {},
        "sourceFile": "compositions/chromatic-wave.html",
        "bbox": {
          "x": 508.55,
          "y": 265.33,
          "width": 262.9,
          "height": 38.67
        },
        "firstSeen": 0,
        "lastSeen": 3.333,
        "occurrences": 37
      },
      {
        "code": "content_overlap",
        "severity": "error",
        "time": 0,
        "selector": "#chromatic-wave-source-root > div:nth-of-type(1) > svg:nth-of-type(1) > g:nth-of-type(2) > text:nth-of-type(2)",
        "message": "Two text blocks overlap and may render unreadable.",
        "rect": {
          "left": 453.11,
          "top": 295.33,
          "right": 826.89,
          "bottom": 425.33,
          "width": 373.78,
          "height": 130
        },
        "containerSelector": "#chromatic-wave-source-root > div:nth-of-type(1) > svg:nth-of-type(1) > g:nth-of-type(2) > text:nth-of-type(3)",
        "text": "MUSIC",
        "fixHint": "Give each block its own zone, or mark intentional layering with data-layout-allow-overlap.",
        "dataAttributes": {},
        "sourceFile": "compositions/chromatic-wave.html",
        "bbox": {
          "x": 453.11,
          "y": 295.33,
          "width": 373.78,
          "height": 130
        },
        "firstSeen": 0,
        "lastSeen": 3.333,
        "occurrences": 37
      },
      {
        "code": "content_overlap",
        "severity": "error",
        "time": 0,
        "selector": "#chromatic-wave-source-root > div:nth-of-type(1) > svg:nth-of-type(1) > g:nth-of-type(2) > text:nth-of-type(2)",
        "message": "Two text blocks overlap and may render unreadable.",
        "rect": {
          "left": 453.11,
          "top": 295.33,
          "right": 826.89,
          "bottom": 425.33,
          "width": 373.78,
          "height": 130
        },
        "containerSelector": "#chromatic-wave-source-root > div:nth-of-type(1) > svg:nth-of-type(1) > g:nth-of-type(3) > text:nth-of-type(1)",
        "text": "MUSIC",
        "fixHint": "Give each block its own zone, or mark intentional layering with data-layout-allow-overlap.",
        "dataAttributes": {},
        "sourceFile": "compositions/chromatic-wave.html",
        "bbox": {
          "x": 453.11,
          "y": 295.33,
          "width": 373.78,
          "height": 130
        },
        "firstSeen": 0,
        "lastSeen": 3.333,
        "occurrences": 37
      },
      {
        "code": "content_overlap",
        "severity": "error",
        "time": 0,
        "selector": "#chromatic-wave-source-root > div:nth-of-type(1) > svg:nth-of-type(1) > g:nth-of-type(2) > text:nth-of-type(2)",
        "message": "Two text blocks overlap and may render unreadable.",
        "rect": {
          "left": 453.11,
          "top": 295.33,
          "right": 826.89,
          "bottom": 425.33,
          "width": 373.78,
          "height": 130
        },
        "containerSelector": "#chromatic-wave-source-root > div:nth-of-type(1) > svg:nth-of-type(1) > g:nth-of-type(3) > text:nth-of-type(2)",
        "text": "MUSIC",
        "fixHint": "Give each block its own zone, or mark intentional layering with data-layout-allow-overlap.",
        "dataAttributes": {},
        "sourceFile": "compositions/chromatic-wave.html",
        "bbox": {
          "x": 453.11,
          "y": 295.33,
          "width": 373.78,
          "height": 130
        },
        "firstSeen": 0,
        "lastSeen": 3.333,
        "occurrences": 37
      },
      {
        "code": "content_overlap",
        "severity": "error",
        "time": 0,
        "selector": "#chromatic-wave-source-root > div:nth-of-type(1) > svg:nth-of-type(1) > g:nth-of-type(2) > text:nth-of-type(2)",
        "message": "Two text blocks overlap and may render unreadable.",
        "rect": {
          "left": 453.11,
          "top": 295.33,
          "right": 826.89,
          "bottom": 425.33,
          "width": 373.78,
          "height": 130
        },
        "containerSelector": "#chromatic-wave-source-root > div:nth-of-type(1) > svg:nth-of-type(1) > g:nth-of-type(3) > text:nth-of-type(3)",
        "text": "MUSIC",
        "fixHint": "Give each block its own zone, or mark intentional layering with data-layout-allow-overlap.",
        "dataAttributes": {},
        "sourceFile": "compositions/chromatic-wave.html",
        "bbox": {
          "x": 453.11,
          "y": 295.33,
          "width": 373.78,
          "height": 130
        },
        "firstSeen": 0,
        "lastSeen": 3.333,
        "occurrences": 37
      },
      {
        "code": "content_overlap",
        "severity": "error",
        "time": 0,
        "selector": "#chromatic-wave-source-root > div:nth-of-type(1) > svg:nth-of-type(1) > g:nth-of-type(2) > text:nth-of-type(3)",
        "message": "Two text blocks overlap and may render unreadable.",
        "rect": {
          "left": 508.55,
          "top": 416,
          "right": 771.45,
          "bottom": 454.67,
          "width": 262.9,
          "height": 38.67
        },
        "containerSelector": "#chromatic-wave-source-root > div:nth-of-type(1) > svg:nth-of-type(1) > g:nth-of-type(3) > text:nth-of-type(2)",
        "text": "APPLES",
        "fixHint": "Give each block its own zone, or mark intentional layering with data-layout-allow-overlap.",
        "dataAttributes": {},
        "sourceFile": "compositions/chromatic-wave.html",
        "bbox": {
          "x": 508.55,
          "y": 416,
          "width": 262.9,
          "height": 38.67
        },
        "firstSeen": 0,
        "lastSeen": 3.333,
        "occurrences": 37
      },
      {
        "code": "content_overlap",
        "severity": "error",
        "time": 0,
        "selector": "#chromatic-wave-source-root > div:nth-of-type(1) > svg:nth-of-type(1) > g:nth-of-type(2) > text:nth-of-type(3)",
        "message": "Two text blocks overlap and may render unreadable.",
        "rect": {
          "left": 508.55,
          "top": 416,
          "right": 771.45,
          "bottom": 454.67,
          "width": 262.9,
          "height": 38.67
        },
        "containerSelector": "#chromatic-wave-source-root > div:nth-of-type(1) > svg:nth-of-type(1) > g:nth-of-type(3) > text:nth-of-type(3)",
        "text": "APPLES",
        "fixHint": "Give each block its own zone, or mark intentional layering with data-layout-allow-overlap.",
        "dataAttributes": {},
        "sourceFile": "compositions/chromatic-wave.html",
        "bbox": {
          "x": 508.55,
          "y": 416,
          "width": 262.9,
          "height": 38.67
        },
        "firstSeen": 0,
        "lastSeen": 3.333,
        "occurrences": 37
      },
      {
        "code": "content_overlap",
        "severity": "error",
        "time": 0,
        "selector": "#chromatic-wave-source-root > div:nth-of-type(1) > svg:nth-of-type(1) > g:nth-of-type(3) > text:nth-of-type(1)",
        "message": "Two text blocks overlap and may render unreadable.",
        "rect": {
          "left": 508.55,
          "top": 265.33,
          "right": 771.45,
          "bottom": 304,
          "width": 262.9,
          "height": 38.67
        },
        "containerSelector": "#chromatic-wave-source-root > div:nth-of-type(1) > svg:nth-of-type(1) > g:nth-of-type(3) > text:nth-of-type(2)",
        "text": "APPLES",
        "fixHint": "Give each block its own zone, or mark intentional layering with data-layout-allow-overlap.",
        "dataAttributes": {},
        "sourceFile": "compositions/chromatic-wave.html",
        "bbox": {
          "x": 508.55,
          "y": 265.33,
          "width": 262.9,
          "height": 38.67
        },
        "firstSeen": 0,
        "lastSeen": 3.333,
        "occurrences": 37
      },
      {
        "code": "content_overlap",
        "severity": "error",
        "time": 0,
        "selector": "#chromatic-wave-source-root > div:nth-of-type(1) > svg:nth-of-type(1) > g:nth-of-type(3) > text:nth-of-type(2)",
        "message": "Two text blocks overlap and may render unreadable.",
        "rect": {
          "left": 453.11,
          "top": 295.33,
          "right": 826.89,
          "bottom": 425.33,
          "width": 373.78,
          "height": 130
        },
        "containerSelector": "#chromatic-wave-source-root > div:nth-of-type(1) > svg:nth-of-type(1) > g:nth-of-type(3) > text:nth-of-type(3)",
        "text": "MUSIC",
        "fixHint": "Give each block its own zone, or mark intentional layering with data-layout-allow-overlap.",
        "dataAttributes": {},
        "sourceFile": "compositions/chromatic-wave.html",
        "bbox": {
          "x": 453.11,
          "y": 295.33,
          "width": 373.78,
          "height": 130
        },
        "firstSeen": 0,
        "lastSeen": 3.333,
        "occurrences": 37
      }
    ],
    "duration": 3.3333333333333335,
    "samples": [
      0.185,
      0.556,
      0.926,
      1.296,
      1.667,
      2.037,
      2.407,
      2.778,
      3.148
    ],
    "transitionSamples": [],
    "transitionSamplesDropped": 0,
    "tolerance": 2,
    "totalIssueCount": 27,
    "truncated": false
  },
  "motion": {
    "ok": true,
    "errorCount": 0,
    "warningCount": 0,
    "infoCount": 0,
    "findings": [],
    "enabled": false,
    "samples": 0
  },
  "contrast": {
    "ok": true,
    "errorCount": 0,
    "warningCount": 0,
    "infoCount": 0,
    "findings": [],
    "enabled": true,
    "samples": [
      0.185,
      0.926,
      1.667,
      2.407,
      3.148
    ],
    "checked": 45,
    "passed": 45
  },
  "snapshots": {
    "enabled": false,
    "files": [],
    "times": [],
    "findingFiles": []
  },
  "_meta": {
    "version": "0.8.30",
    "latestVersion": "0.8.32",
    "updateAvailable": true
  }
}
