[hyperframes] browserGpuMode probe → hardware (WebGL renderer vendor="Google Inc. (NVIDIA Corporation)" renderer="ANGLE (NVIDIA Corporation, NVIDIA GeForce RTX 5060/PCIe/SSE2, OpenGL ES 3.2)")
{
  "ok": true,
  "strict": false,
  "lint": {
    "ok": true,
    "errorCount": 0,
    "warningCount": 0,
    "infoCount": 0,
    "findings": [],
    "filesScanned": 2
  },
  "runtime": {
    "ok": true,
    "errorCount": 0,
    "warningCount": 0,
    "infoCount": 0,
    "findings": []
  },
  "layout": {
    "ok": true,
    "errorCount": 0,
    "warningCount": 1,
    "infoCount": 3,
    "findings": [
      {
        "code": "container_overflow",
        "severity": "warning",
        "time": 1.322,
        "selector": "#snapcn-text-rewrite-source-root > div:nth-of-type(1) > div:nth-of-type(1) > div:nth-of-type(2)",
        "message": "Element extends outside a clipping layout container.",
        "rect": {
          "left": -894.4,
          "top": 301.78,
          "right": 2174.4,
          "bottom": 404.07,
          "width": 3068.8,
          "height": 102.29
        },
        "containerSelector": "#snapcn-text-rewrite-source-root > div:nth-of-type(1) > div:nth-of-type(1)",
        "fixHint": "Resize/reposition the child or container, or mark intentional overflow with data-layout-allow-overflow.",
        "containerRect": {
          "left": 3.32,
          "top": 0,
          "right": 1276.68,
          "bottom": 720,
          "width": 1273.36,
          "height": 720
        },
        "overflow": {
          "left": 897.72,
          "right": 897.72
        },
        "dataAttributes": {},
        "sourceFile": "compositions/snapcn-text-rewrite.html",
        "bbox": {
          "x": -894.4,
          "y": 301.78,
          "width": 3068.8,
          "height": 102.29
        },
        "firstSeen": 1.322,
        "lastSeen": 3.211,
        "occurrences": 6
      },
      {
        "code": "container_overflow",
        "severity": "info",
        "time": 1.7,
        "selector": "#snapcn-text-rewrite-source-root > div:nth-of-type(1) > div:nth-of-type(1) > div:nth-of-type(2) > div:nth-of-type(2) > div:nth-of-type(1)",
        "message": "Element extends outside a clipping layout container.",
        "rect": {
          "left": 253.56,
          "top": 301.78,
          "right": 907.57,
          "bottom": 404.07,
          "width": 654.02,
          "height": 102.29
        },
        "containerSelector": "#snapcn-text-rewrite-source-root > div:nth-of-type(1) > div:nth-of-type(1) > div:nth-of-type(2) > div:nth-of-type(2)",
        "fixHint": "Resize/reposition the child or container, or mark intentional overflow with data-layout-allow-overflow.",
        "containerRect": {
          "left": 550.73,
          "top": 301.78,
          "right": 908.93,
          "bottom": 404.07,
          "width": 358.2,
          "height": 102.29
        },
        "overflow": {
          "left": 297.17
        },
        "dataAttributes": {},
        "sourceFile": "compositions/snapcn-text-rewrite.html",
        "bbox": {
          "x": 253.56,
          "y": 301.78,
          "width": 654.02,
          "height": 102.29
        },
        "firstSeen": 1.7,
        "lastSeen": 1.7,
        "occurrences": 1
      },
      {
        "code": "container_overflow",
        "severity": "info",
        "time": 2.078,
        "selector": "#snapcn-text-rewrite-source-root > div:nth-of-type(1) > div:nth-of-type(1) > div:nth-of-type(2) > div:nth-of-type(2) > div:nth-of-type(1)",
        "message": "Element extends outside a clipping layout container.",
        "rect": {
          "left": 634.26,
          "top": 301.78,
          "right": 1181.78,
          "bottom": 404.07,
          "width": 547.52,
          "height": 102.29
        },
        "containerSelector": "#snapcn-text-rewrite-source-root > div:nth-of-type(1) > div:nth-of-type(1) > div:nth-of-type(2) > div:nth-of-type(2)",
        "fixHint": "Resize/reposition the child or container, or mark intentional overflow with data-layout-allow-overflow.",
        "containerRect": {
          "left": 634.26,
          "top": 301.78,
          "right": 906.86,
          "bottom": 404.07,
          "width": 272.6,
          "height": 102.29
        },
        "overflow": {
          "right": 274.92
        },
        "dataAttributes": {},
        "sourceFile": "compositions/snapcn-text-rewrite.html",
        "bbox": {
          "x": 634.26,
          "y": 301.78,
          "width": 547.52,
          "height": 102.29
        },
        "firstSeen": 2.078,
        "lastSeen": 2.078,
        "occurrences": 1
      },
      {
        "code": "container_overflow",
        "severity": "info",
        "time": 2.456,
        "selector": "#snapcn-text-rewrite-source-root > div:nth-of-type(1) > div:nth-of-type(1) > div:nth-of-type(2) > div:nth-of-type(2) > div:nth-of-type(1)",
        "message": "Element extends outside a clipping layout container.",
        "rect": {
          "left": 313.7,
          "top": 301.78,
          "right": 861.22,
          "bottom": 404.07,
          "width": 547.52,
          "height": 102.29
        },
        "containerSelector": "#snapcn-text-rewrite-source-root > div:nth-of-type(1) > div:nth-of-type(1) > div:nth-of-type(2) > div:nth-of-type(2)",
        "fixHint": "Resize/reposition the child or container, or mark intentional overflow with data-layout-allow-overflow.",
        "containerRect": {
          "left": 313.7,
          "top": 301.78,
          "right": 857.02,
          "bottom": 404.07,
          "width": 543.32,
          "height": 102.29
        },
        "overflow": {
          "right": 4.2
        },
        "dataAttributes": {},
        "sourceFile": "compositions/snapcn-text-rewrite.html",
        "bbox": {
          "x": 313.7,
          "y": 301.78,
          "width": 547.52,
          "height": 102.29
        },
        "firstSeen": 2.456,
        "lastSeen": 2.456,
        "occurrences": 1
      }
    ],
    "duration": 3.4,
    "samples": [
      0.189,
      0.567,
      0.944,
      1.322,
      1.7,
      2.078,
      2.456,
      2.833,
      3.211
    ],
    "transitionSamples": [],
    "transitionSamplesDropped": 0,
    "tolerance": 2,
    "totalIssueCount": 4,
    "truncated": false
  },
  "motion": {
    "ok": true,
    "errorCount": 0,
    "warningCount": 0,
    "infoCount": 0,
    "findings": [],
    "enabled": false,
    "samples": 0
  },
  "contrast": {
    "ok": true,
    "errorCount": 0,
    "warningCount": 1,
    "infoCount": 0,
    "findings": [
      {
        "code": "contrast_aa_failure",
        "severity": "warning",
        "message": "Contrast is 3.99:1; WCAG AA requires 4.5:1.",
        "text": "snapcn",
        "fg": "rgb(48,114,219)",
        "bg": "rgb(235,239,244)",
        "ratio": 3.99,
        "requiredRatio": 4.5,
        "suggestedColor": "rgb(44,106,203)",
        "large": false,
        "selector": "div > div > div > div > div > div > div > div:nth-of-type(2) > div > div > span:nth-of-type(4)",
        "dataAttributes": {},
        "sourceFile": "compositions/snapcn-text-rewrite.html",
        "bbox": {
          "x": 636.6348266601562,
          "y": 333.27508544921875,
          "width": 114.39141845703125,
          "height": 37.729248046875
        },
        "time": 0.944
      }
    ],
    "enabled": true,
    "samples": [
      0.189,
      0.944,
      1.7,
      2.456,
      3.211
    ],
    "checked": 12,
    "passed": 11
  },
  "snapshots": {
    "enabled": false,
    "files": [],
    "times": [],
    "findingFiles": []
  },
  "_meta": {
    "version": "0.8.30",
    "latestVersion": "0.8.30",
    "updateAvailable": false
  }
}
