[hyperframes] browserGpuMode probe → hardware (WebGL renderer vendor="Google Inc. (NVIDIA Corporation)" renderer="ANGLE (NVIDIA Corporation, NVIDIA GeForce RTX 5060/PCIe/SSE2, OpenGL ES 3.2)")
{
  "ok": true,
  "strict": false,
  "lint": {
    "ok": true,
    "errorCount": 0,
    "warningCount": 0,
    "infoCount": 0,
    "findings": [],
    "filesScanned": 2
  },
  "runtime": {
    "ok": true,
    "errorCount": 0,
    "warningCount": 0,
    "infoCount": 0,
    "findings": []
  },
  "layout": {
    "ok": true,
    "errorCount": 0,
    "warningCount": 1,
    "infoCount": 0,
    "findings": [
      {
        "code": "content_overlap",
        "severity": "warning",
        "time": 2.917,
        "selector": "#onboarding-stepper-flow-source-root > div:nth-of-type(1) > div:nth-of-type(2) > div:nth-of-type(2) > div:nth-of-type(1) > span:nth-of-type(1) > span:nth-of-type(2)",
        "message": "Two text blocks overlap and may render unreadable.",
        "rect": {
          "left": 643.3,
          "top": 400.28,
          "right": 666.7,
          "bottom": 419.28,
          "width": 23.4,
          "height": 19
        },
        "containerSelector": "#onboarding-stepper-flow-source-root > div:nth-of-type(1) > div:nth-of-type(2) > div:nth-of-type(3) > div:nth-of-type(1) > span:nth-of-type(1) > span:nth-of-type(2)",
        "text": "Pro",
        "fixHint": "Give each block its own zone, or mark intentional layering with data-layout-allow-overlap.",
        "dataAttributes": {},
        "sourceFile": "compositions/onboarding-stepper-flow.html",
        "bbox": {
          "x": 643.3,
          "y": 400.28,
          "width": 23.4,
          "height": 19
        },
        "firstSeen": 2.917,
        "lastSeen": 2.979,
        "occurrences": 2,
        "heldMs": 62.00000000000028
      }
    ],
    "duration": 5.833333333333333,
    "samples": [
      0.324,
      0.972,
      1.62,
      2.269,
      2.917,
      3.565,
      4.213,
      4.861,
      5.509
    ],
    "transitionSamples": [],
    "transitionSamplesDropped": 0,
    "tolerance": 2,
    "totalIssueCount": 1,
    "truncated": false
  },
  "motion": {
    "ok": true,
    "errorCount": 0,
    "warningCount": 0,
    "infoCount": 0,
    "findings": [],
    "enabled": false,
    "samples": 0
  },
  "contrast": {
    "ok": true,
    "errorCount": 0,
    "warningCount": 0,
    "infoCount": 0,
    "findings": [],
    "enabled": true,
    "samples": [
      0.324,
      1.62,
      2.917,
      4.213,
      5.509
    ],
    "checked": 0,
    "passed": 0
  },
  "hdr": {
    "autoPromotion": null,
    "inspection": "available"
  },
  "snapshots": {
    "enabled": false,
    "files": [],
    "times": [],
    "findingFiles": []
  },
  "_meta": {
    "version": "0.8.99",
    "latestVersion": "0.8.140",
    "updateAvailable": true
  }
}
