[hyperframes] browserGpuMode probe → hardware (WebGL renderer vendor="Google Inc. (NVIDIA Corporation)" renderer="ANGLE (NVIDIA Corporation, NVIDIA GeForce RTX 5060/PCIe/SSE2, OpenGL ES 3.2)")
{
  "ok": false,
  "strict": false,
  "lint": {
    "ok": true,
    "errorCount": 0,
    "warningCount": 0,
    "infoCount": 0,
    "findings": [],
    "filesScanned": 2
  },
  "runtime": {
    "ok": true,
    "errorCount": 0,
    "warningCount": 0,
    "infoCount": 0,
    "findings": []
  },
  "layout": {
    "ok": false,
    "errorCount": 1,
    "warningCount": 1,
    "infoCount": 30,
    "findings": [
      {
        "code": "content_overlap",
        "severity": "error",
        "time": 0,
        "selector": "#snapcn-word-wheel-source-root > div:nth-of-type(1) > div:nth-of-type(1) > div:nth-of-type(1) > span:nth-of-type(1) > div:nth-of-type(6)",
        "message": "Two text blocks overlap and may render unreadable.",
        "rect": {
          "left": 769.73,
          "top": 265.26,
          "right": 965.3,
          "bottom": 319.32,
          "width": 195.56,
          "height": 54.05
        },
        "containerSelector": "#snapcn-word-wheel-source-root > div:nth-of-type(1) > div:nth-of-type(1) > div:nth-of-type(1) > span:nth-of-type(1) > div:nth-of-type(7)",
        "text": "Changelogs",
        "fixHint": "Give each block its own zone, or mark intentional layering with data-layout-allow-overlap.",
        "dataAttributes": {},
        "sourceFile": "compositions/snapcn-word-wheel.html",
        "bbox": {
          "x": 769.73,
          "y": 265.26,
          "width": 195.56,
          "height": 54.05
        },
        "firstSeen": 0,
        "lastSeen": 2.078,
        "occurrences": 8
      },
      {
        "code": "content_overlap",
        "severity": "warning",
        "time": 1.1,
        "selector": "#snapcn-word-wheel-source-root > div:nth-of-type(1) > div:nth-of-type(1) > div:nth-of-type(1) > span:nth-of-type(1) > div:nth-of-type(6)",
        "message": "Two text blocks overlap and may render unreadable.",
        "rect": {
          "left": 769.73,
          "top": 271,
          "right": 987.56,
          "bottom": 325.05,
          "width": 217.82,
          "height": 54.05
        },
        "containerSelector": "#snapcn-word-wheel-source-root > div:nth-of-type(1) > div:nth-of-type(1) > div:nth-of-type(1) > span:nth-of-type(1) > div:nth-of-type(7)",
        "text": "Solo builders",
        "fixHint": "Give each block its own zone, or mark intentional layering with data-layout-allow-overlap.",
        "dataAttributes": {},
        "sourceFile": "compositions/snapcn-word-wheel.html",
        "bbox": {
          "x": 769.73,
          "y": 271,
          "width": 217.82,
          "height": 54.05
        },
        "firstSeen": 1.1,
        "lastSeen": 1.222,
        "occurrences": 2
      },
      {
        "code": "canvas_overflow",
        "severity": "info",
        "time": 0.122,
        "selector": "#snapcn-word-wheel-source-root > div:nth-of-type(1) > div:nth-of-type(1) > div:nth-of-type(1) > span:nth-of-type(1) > div:nth-of-type(1)",
        "message": "Text extends outside the composition canvas.",
        "rect": {
          "left": 769.73,
          "top": -80.49,
          "right": 922.13,
          "bottom": -26.43,
          "width": 152.39,
          "height": 54.05
        },
        "containerSelector": "#root",
        "text": "Agencies",
        "fixHint": "Move the text inward, reduce its size, or mark intentional off-canvas animation with data-layout-allow-overflow.",
        "containerRect": {
          "left": 0,
          "top": 0,
          "right": 1280,
          "bottom": 720,
          "width": 1280,
          "height": 720
        },
        "overflow": {
          "top": 80.49
        },
        "dataAttributes": {},
        "sourceFile": "compositions/snapcn-word-wheel.html",
        "bbox": {
          "x": 769.73,
          "y": -80.49,
          "width": 152.39,
          "height": 54.05
        },
        "firstSeen": 0.122,
        "lastSeen": 0.122,
        "occurrences": 1
      },
      {
        "code": "canvas_overflow",
        "severity": "info",
        "time": 0.122,
        "selector": "#snapcn-word-wheel-source-root > div:nth-of-type(1) > div:nth-of-type(1) > div:nth-of-type(1) > span:nth-of-type(1) > div:nth-of-type(2)",
        "message": "Text extends outside the composition canvas.",
        "rect": {
          "left": 769.73,
          "top": -11.34,
          "right": 934.18,
          "bottom": 42.71,
          "width": 164.44,
          "height": 54.05
        },
        "containerSelector": "#root",
        "text": "Designers",
        "fixHint": "Move the text inward, reduce its size, or mark intentional off-canvas animation with data-layout-allow-overflow.",
        "containerRect": {
          "left": 0,
          "top": 0,
          "right": 1280,
          "bottom": 720,
          "width": 1280,
          "height": 720
        },
        "overflow": {
          "top": 11.34
        },
        "dataAttributes": {},
        "sourceFile": "compositions/snapcn-word-wheel.html",
        "bbox": {
          "x": 769.73,
          "y": -11.34,
          "width": 164.44,
          "height": 54.05
        },
        "firstSeen": 0.122,
        "lastSeen": 0.122,
        "occurrences": 1
      },
      {
        "code": "canvas_overflow",
        "severity": "info",
        "time": 0.122,
        "selector": "#snapcn-word-wheel-source-root > div:nth-of-type(1) > div:nth-of-type(1) > div:nth-of-type(1) > span:nth-of-type(1) > div:nth-of-type(12)",
        "message": "Text extends outside the composition canvas.",
        "rect": {
          "left": 769.73,
          "top": 680.17,
          "right": 902.68,
          "bottom": 734.23,
          "width": 132.95,
          "height": 54.05
        },
        "containerSelector": "#root",
        "text": "Startups",
        "fixHint": "Move the text inward, reduce its size, or mark intentional off-canvas animation with data-layout-allow-overflow.",
        "containerRect": {
          "left": 0,
          "top": 0,
          "right": 1280,
          "bottom": 720,
          "width": 1280,
          "height": 720
        },
        "overflow": {
          "bottom": 14.23
        },
        "dataAttributes": {},
        "sourceFile": "compositions/snapcn-word-wheel.html",
        "bbox": {
          "x": 769.73,
          "y": 680.17,
          "width": 132.95,
          "height": 54.05
        },
        "firstSeen": 0.122,
        "lastSeen": 0.122,
        "occurrences": 1
      },
      {
        "code": "canvas_overflow",
        "severity": "info",
        "time": 0.122,
        "selector": "#snapcn-word-wheel-source-root > div:nth-of-type(1) > div:nth-of-type(1) > div:nth-of-type(1) > span:nth-of-type(1) > div:nth-of-type(13)",
        "message": "Text extends outside the composition canvas.",
        "rect": {
          "left": 769.73,
          "top": 749.33,
          "right": 921.94,
          "bottom": 803.38,
          "width": 152.21,
          "height": 54.05
        },
        "containerSelector": "#root",
        "text": "Dev tools",
        "fixHint": "Move the text inward, reduce its size, or mark intentional off-canvas animation with data-layout-allow-overflow.",
        "containerRect": {
          "left": 0,
          "top": 0,
          "right": 1280,
          "bottom": 720,
          "width": 1280,
          "height": 720
        },
        "overflow": {
          "bottom": 83.38
        },
        "dataAttributes": {},
        "sourceFile": "compositions/snapcn-word-wheel.html",
        "bbox": {
          "x": 769.73,
          "y": 749.33,
          "width": 152.21,
          "height": 54.05
        },
        "firstSeen": 0.122,
        "lastSeen": 0.122,
        "occurrences": 1
      },
      {
        "code": "canvas_overflow",
        "severity": "info",
        "time": 0.367,
        "selector": "#snapcn-word-wheel-source-root > div:nth-of-type(1) > div:nth-of-type(1) > div:nth-of-type(1) > span:nth-of-type(1) > div:nth-of-type(1)",
        "message": "Text extends outside the composition canvas.",
        "rect": {
          "left": 769.73,
          "top": -104.33,
          "right": 902.68,
          "bottom": -50.27,
          "width": 132.95,
          "height": 54.05
        },
        "containerSelector": "#root",
        "text": "Startups",
        "fixHint": "Move the text inward, reduce its size, or mark intentional off-canvas animation with data-layout-allow-overflow.",
        "containerRect": {
          "left": 0,
          "top": 0,
          "right": 1280,
          "bottom": 720,
          "width": 1280,
          "height": 720
        },
        "overflow": {
          "top": 104.33
        },
        "dataAttributes": {},
        "sourceFile": "compositions/snapcn-word-wheel.html",
        "bbox": {
          "x": 769.73,
          "y": -104.33,
          "width": 132.95,
          "height": 54.05
        },
        "firstSeen": 0.367,
        "lastSeen": 0.367,
        "occurrences": 1
      },
      {
        "code": "canvas_overflow",
        "severity": "info",
        "time": 0.367,
        "selector": "#snapcn-word-wheel-source-root > div:nth-of-type(1) > div:nth-of-type(1) > div:nth-of-type(1) > span:nth-of-type(1) > div:nth-of-type(2)",
        "message": "Text extends outside the composition canvas.",
        "rect": {
          "left": 769.73,
          "top": -35.17,
          "right": 921.94,
          "bottom": 18.88,
          "width": 152.21,
          "height": 54.05
        },
        "containerSelector": "#root",
        "text": "Dev tools",
        "fixHint": "Move the text inward, reduce its size, or mark intentional off-canvas animation with data-layout-allow-overflow.",
        "containerRect": {
          "left": 0,
          "top": 0,
          "right": 1280,
          "bottom": 720,
          "width": 1280,
          "height": 720
        },
        "overflow": {
          "top": 35.17
        },
        "dataAttributes": {},
        "sourceFile": "compositions/snapcn-word-wheel.html",
        "bbox": {
          "x": 769.73,
          "y": -35.17,
          "width": 152.21,
          "height": 54.05
        },
        "firstSeen": 0.367,
        "lastSeen": 0.367,
        "occurrences": 1
      },
      {
        "code": "canvas_overflow",
        "severity": "info",
        "time": 0.367,
        "selector": "#snapcn-word-wheel-source-root > div:nth-of-type(1) > div:nth-of-type(1) > div:nth-of-type(1) > span:nth-of-type(1) > div:nth-of-type(13)",
        "message": "Text extends outside the composition canvas.",
        "rect": {
          "left": 769.73,
          "top": 725.48,
          "right": 965.3,
          "bottom": 779.54,
          "width": 195.56,
          "height": 54.05
        },
        "containerSelector": "#root",
        "text": "Changelogs",
        "fixHint": "Move the text inward, reduce its size, or mark intentional off-canvas animation with data-layout-allow-overflow.",
        "containerRect": {
          "left": 0,
          "top": 0,
          "right": 1280,
          "bottom": 720,
          "width": 1280,
          "height": 720
        },
        "overflow": {
          "bottom": 59.54
        },
        "dataAttributes": {},
        "sourceFile": "compositions/snapcn-word-wheel.html",
        "bbox": {
          "x": 769.73,
          "y": 725.48,
          "width": 195.56,
          "height": 54.05
        },
        "firstSeen": 0.367,
        "lastSeen": 0.367,
        "occurrences": 1
      },
      {
        "code": "content_overlap",
        "severity": "info",
        "time": 0.367,
        "selector": "#snapcn-word-wheel-source-root > div:nth-of-type(1) > div:nth-of-type(1) > div:nth-of-type(1) > span:nth-of-type(1) > div:nth-of-type(6)",
        "message": "Two text blocks overlap and may render unreadable.",
        "rect": {
          "left": 769.73,
          "top": 241.44,
          "right": 921.91,
          "bottom": 295.49,
          "width": 152.18,
          "height": 54.05
        },
        "containerSelector": "#snapcn-word-wheel-source-root > div:nth-of-type(1) > div:nth-of-type(1) > div:nth-of-type(1) > span:nth-of-type(1) > div:nth-of-type(7)",
        "text": "Founders",
        "fixHint": "Give each block its own zone, or mark intentional layering with data-layout-allow-overlap.",
        "dataAttributes": {},
        "sourceFile": "compositions/snapcn-word-wheel.html",
        "bbox": {
          "x": 769.73,
          "y": 241.44,
          "width": 152.18,
          "height": 54.05
        },
        "firstSeen": 0.367,
        "lastSeen": 0.367,
        "occurrences": 1
      },
      {
        "code": "canvas_overflow",
        "severity": "info",
        "time": 0.611,
        "selector": "#snapcn-word-wheel-source-root > div:nth-of-type(1) > div:nth-of-type(1) > div:nth-of-type(1) > span:nth-of-type(1) > div:nth-of-type(1)",
        "message": "Text extends outside the composition canvas.",
        "rect": {
          "left": 769.73,
          "top": -86.77,
          "right": 965.3,
          "bottom": -32.71,
          "width": 195.56,
          "height": 54.05
        },
        "containerSelector": "#root",
        "text": "Changelogs",
        "fixHint": "Move the text inward, reduce its size, or mark intentional off-canvas animation with data-layout-allow-overflow.",
        "containerRect": {
          "left": 0,
          "top": 0,
          "right": 1280,
          "bottom": 720,
          "width": 1280,
          "height": 720
        },
        "overflow": {
          "top": 86.77
        },
        "dataAttributes": {},
        "sourceFile": "compositions/snapcn-word-wheel.html",
        "bbox": {
          "x": 769.73,
          "y": -86.77,
          "width": 195.56,
          "height": 54.05
        },
        "firstSeen": 0.611,
        "lastSeen": 0.611,
        "occurrences": 1
      },
      {
        "code": "canvas_overflow",
        "severity": "info",
        "time": 0.611,
        "selector": "#snapcn-word-wheel-source-root > div:nth-of-type(1) > div:nth-of-type(1) > div:nth-of-type(1) > span:nth-of-type(1) > div:nth-of-type(2)",
        "message": "Text extends outside the composition canvas.",
        "rect": {
          "left": 769.73,
          "top": -17.61,
          "right": 921.8,
          "bottom": 36.44,
          "width": 152.06,
          "height": 54.05
        },
        "containerSelector": "#root",
        "text": "Launches",
        "fixHint": "Move the text inward, reduce its size, or mark intentional off-canvas animation with data-layout-allow-overflow.",
        "containerRect": {
          "left": 0,
          "top": 0,
          "right": 1280,
          "bottom": 720,
          "width": 1280,
          "height": 720
        },
        "overflow": {
          "top": 17.61
        },
        "dataAttributes": {},
        "sourceFile": "compositions/snapcn-word-wheel.html",
        "bbox": {
          "x": 769.73,
          "y": -17.61,
          "width": 152.06,
          "height": 54.05
        },
        "firstSeen": 0.611,
        "lastSeen": 0.611,
        "occurrences": 1
      },
      {
        "code": "canvas_overflow",
        "severity": "info",
        "time": 0.611,
        "selector": "#snapcn-word-wheel-source-root > div:nth-of-type(1) > div:nth-of-type(1) > div:nth-of-type(1) > span:nth-of-type(1) > div:nth-of-type(12)",
        "message": "Text extends outside the composition canvas.",
        "rect": {
          "left": 769.73,
          "top": 673.89,
          "right": 921.91,
          "bottom": 727.94,
          "width": 152.18,
          "height": 54.05
        },
        "containerSelector": "#root",
        "text": "Founders",
        "fixHint": "Move the text inward, reduce its size, or mark intentional off-canvas animation with data-layout-allow-overflow.",
        "containerRect": {
          "left": 0,
          "top": 0,
          "right": 1280,
          "bottom": 720,
          "width": 1280,
          "height": 720
        },
        "overflow": {
          "bottom": 7.94
        },
        "dataAttributes": {},
        "sourceFile": "compositions/snapcn-word-wheel.html",
        "bbox": {
          "x": 769.73,
          "y": 673.89,
          "width": 152.18,
          "height": 54.05
        },
        "firstSeen": 0.611,
        "lastSeen": 0.611,
        "occurrences": 1
      },
      {
        "code": "canvas_overflow",
        "severity": "info",
        "time": 0.611,
        "selector": "#snapcn-word-wheel-source-root > div:nth-of-type(1) > div:nth-of-type(1) > div:nth-of-type(1) > span:nth-of-type(1) > div:nth-of-type(13)",
        "message": "Text extends outside the composition canvas.",
        "rect": {
          "left": 769.73,
          "top": 743.05,
          "right": 988.93,
          "bottom": 797.1,
          "width": 219.2,
          "height": 54.05
        },
        "containerSelector": "#root",
        "text": "Indie hackers",
        "fixHint": "Move the text inward, reduce its size, or mark intentional off-canvas animation with data-layout-allow-overflow.",
        "containerRect": {
          "left": 0,
          "top": 0,
          "right": 1280,
          "bottom": 720,
          "width": 1280,
          "height": 720
        },
        "overflow": {
          "bottom": 77.1
        },
        "dataAttributes": {},
        "sourceFile": "compositions/snapcn-word-wheel.html",
        "bbox": {
          "x": 769.73,
          "y": 743.05,
          "width": 219.2,
          "height": 54.05
        },
        "firstSeen": 0.611,
        "lastSeen": 0.611,
        "occurrences": 1
      },
      {
        "code": "content_overlap",
        "severity": "info",
        "time": 0.733,
        "selector": "#snapcn-word-wheel-source-root > div:nth-of-type(1) > div:nth-of-type(1) > div:nth-of-type(1) > span:nth-of-type(1) > div:nth-of-type(6)",
        "message": "Two text blocks overlap and may render unreadable.",
        "rect": {
          "left": 769,
          "top": 270.39,
          "right": 902.98,
          "bottom": 324.87,
          "width": 133.98,
          "height": 54.48
        },
        "containerSelector": "#snapcn-word-wheel-source-root > div:nth-of-type(1) > div:nth-of-type(1) > div:nth-of-type(1) > span:nth-of-type(1) > div:nth-of-type(7)",
        "text": "Startups",
        "fixHint": "Give each block its own zone, or mark intentional layering with data-layout-allow-overlap.",
        "dataAttributes": {},
        "sourceFile": "compositions/snapcn-word-wheel.html",
        "bbox": {
          "x": 769,
          "y": 270.39,
          "width": 133.98,
          "height": 54.48
        },
        "firstSeen": 0.733,
        "lastSeen": 0.733,
        "occurrences": 1
      },
      {
        "code": "canvas_overflow",
        "severity": "info",
        "time": 0.856,
        "selector": "#snapcn-word-wheel-source-root > div:nth-of-type(1) > div:nth-of-type(1) > div:nth-of-type(1) > span:nth-of-type(1) > div:nth-of-type(1)",
        "message": "Text extends outside the composition canvas.",
        "rect": {
          "left": 769.73,
          "top": -65.77,
          "right": 921.91,
          "bottom": -11.71,
          "width": 152.18,
          "height": 54.05
        },
        "containerSelector": "#root",
        "text": "Founders",
        "fixHint": "Move the text inward, reduce its size, or mark intentional off-canvas animation with data-layout-allow-overflow.",
        "containerRect": {
          "left": 0,
          "top": 0,
          "right": 1280,
          "bottom": 720,
          "width": 1280,
          "height": 720
        },
        "overflow": {
          "top": 65.77
        },
        "dataAttributes": {},
        "sourceFile": "compositions/snapcn-word-wheel.html",
        "bbox": {
          "x": 769.73,
          "y": -65.77,
          "width": 152.18,
          "height": 54.05
        },
        "firstSeen": 0.856,
        "lastSeen": 0.856,
        "occurrences": 1
      },
      {
        "code": "canvas_overflow",
        "severity": "info",
        "time": 0.856,
        "selector": "#snapcn-word-wheel-source-root > div:nth-of-type(1) > div:nth-of-type(1) > div:nth-of-type(1) > span:nth-of-type(1) > div:nth-of-type(12)",
        "message": "Text extends outside the composition canvas.",
        "rect": {
          "left": 769.73,
          "top": 694.89,
          "right": 922.13,
          "bottom": 748.94,
          "width": 152.39,
          "height": 54.05
        },
        "containerSelector": "#root",
        "text": "Agencies",
        "fixHint": "Move the text inward, reduce its size, or mark intentional off-canvas animation with data-layout-allow-overflow.",
        "containerRect": {
          "left": 0,
          "top": 0,
          "right": 1280,
          "bottom": 720,
          "width": 1280,
          "height": 720
        },
        "overflow": {
          "bottom": 28.94
        },
        "dataAttributes": {},
        "sourceFile": "compositions/snapcn-word-wheel.html",
        "bbox": {
          "x": 769.73,
          "y": 694.89,
          "width": 152.39,
          "height": 54.05
        },
        "firstSeen": 0.856,
        "lastSeen": 0.856,
        "occurrences": 1
      },
      {
        "code": "content_overlap",
        "severity": "info",
        "time": 0.978,
        "selector": "#snapcn-word-wheel-source-root > div:nth-of-type(1) > div:nth-of-type(1) > div:nth-of-type(1) > span:nth-of-type(1) > div:nth-of-type(5)",
        "message": "Two text blocks overlap and may render unreadable.",
        "rect": {
          "left": 769.73,
          "top": 234.61,
          "right": 921.94,
          "bottom": 288.66,
          "width": 152.21,
          "height": 54.05
        },
        "containerSelector": "#snapcn-word-wheel-source-root > div:nth-of-type(1) > div:nth-of-type(1) > div:nth-of-type(1) > span:nth-of-type(1) > div:nth-of-type(6)",
        "text": "Dev tools",
        "fixHint": "Give each block its own zone, or mark intentional layering with data-layout-allow-overlap.",
        "dataAttributes": {},
        "sourceFile": "compositions/snapcn-word-wheel.html",
        "bbox": {
          "x": 769.73,
          "y": 234.61,
          "width": 152.21,
          "height": 54.05
        },
        "firstSeen": 0.978,
        "lastSeen": 0.978,
        "occurrences": 1
      },
      {
        "code": "canvas_overflow",
        "severity": "info",
        "time": 1.1,
        "selector": "#snapcn-word-wheel-source-root > div:nth-of-type(1) > div:nth-of-type(1) > div:nth-of-type(1) > span:nth-of-type(1) > div:nth-of-type(1)",
        "message": "Text extends outside the composition canvas.",
        "rect": {
          "left": 769.73,
          "top": -74.77,
          "right": 988.93,
          "bottom": -20.71,
          "width": 219.2,
          "height": 54.05
        },
        "containerSelector": "#root",
        "text": "Indie hackers",
        "fixHint": "Move the text inward, reduce its size, or mark intentional off-canvas animation with data-layout-allow-overflow.",
        "containerRect": {
          "left": 0,
          "top": 0,
          "right": 1280,
          "bottom": 720,
          "width": 1280,
          "height": 720
        },
        "overflow": {
          "top": 74.77
        },
        "dataAttributes": {},
        "sourceFile": "compositions/snapcn-word-wheel.html",
        "bbox": {
          "x": 769.73,
          "y": -74.77,
          "width": 219.2,
          "height": 54.05
        },
        "firstSeen": 1.1,
        "lastSeen": 1.1,
        "occurrences": 1
      },
      {
        "code": "canvas_overflow",
        "severity": "info",
        "time": 1.1,
        "selector": "#snapcn-word-wheel-source-root > div:nth-of-type(1) > div:nth-of-type(1) > div:nth-of-type(1) > span:nth-of-type(1) > div:nth-of-type(2)",
        "message": "Text extends outside the composition canvas.",
        "rect": {
          "left": 769.73,
          "top": -5.61,
          "right": 922.13,
          "bottom": 48.44,
          "width": 152.39,
          "height": 54.05
        },
        "containerSelector": "#root",
        "text": "Agencies",
        "fixHint": "Move the text inward, reduce its size, or mark intentional off-canvas animation with data-layout-allow-overflow.",
        "containerRect": {
          "left": 0,
          "top": 0,
          "right": 1280,
          "bottom": 720,
          "width": 1280,
          "height": 720
        },
        "overflow": {
          "top": 5.61
        },
        "dataAttributes": {},
        "sourceFile": "compositions/snapcn-word-wheel.html",
        "bbox": {
          "x": 769.73,
          "y": -5.61,
          "width": 152.39,
          "height": 54.05
        },
        "firstSeen": 1.1,
        "lastSeen": 1.1,
        "occurrences": 1
      },
      {
        "code": "canvas_overflow",
        "severity": "info",
        "time": 1.1,
        "selector": "#snapcn-word-wheel-source-root > div:nth-of-type(1) > div:nth-of-type(1) > div:nth-of-type(1) > span:nth-of-type(1) > div:nth-of-type(12)",
        "message": "Text extends outside the composition canvas.",
        "rect": {
          "left": 769.73,
          "top": 685.91,
          "right": 934.18,
          "bottom": 739.96,
          "width": 164.44,
          "height": 54.05
        },
        "containerSelector": "#root",
        "text": "Designers",
        "fixHint": "Move the text inward, reduce its size, or mark intentional off-canvas animation with data-layout-allow-overflow.",
        "containerRect": {
          "left": 0,
          "top": 0,
          "right": 1280,
          "bottom": 720,
          "width": 1280,
          "height": 720
        },
        "overflow": {
          "bottom": 19.96
        },
        "dataAttributes": {},
        "sourceFile": "compositions/snapcn-word-wheel.html",
        "bbox": {
          "x": 769.73,
          "y": 685.91,
          "width": 164.44,
          "height": 54.05
        },
        "firstSeen": 1.1,
        "lastSeen": 1.1,
        "occurrences": 1
      },
      {
        "code": "canvas_overflow",
        "severity": "info",
        "time": 1.344,
        "selector": "#snapcn-word-wheel-source-root > div:nth-of-type(1) > div:nth-of-type(1) > div:nth-of-type(1) > span:nth-of-type(1) > div:nth-of-type(1)",
        "message": "Text extends outside the composition canvas.",
        "rect": {
          "left": 769.73,
          "top": -48.09,
          "right": 922.13,
          "bottom": 5.96,
          "width": 152.39,
          "height": 54.05
        },
        "containerSelector": "#root",
        "text": "Agencies",
        "fixHint": "Move the text inward, reduce its size, or mark intentional off-canvas animation with data-layout-allow-overflow.",
        "containerRect": {
          "left": 0,
          "top": 0,
          "right": 1280,
          "bottom": 720,
          "width": 1280,
          "height": 720
        },
        "overflow": {
          "top": 48.09
        },
        "dataAttributes": {},
        "sourceFile": "compositions/snapcn-word-wheel.html",
        "bbox": {
          "x": 769.73,
          "y": -48.09,
          "width": 152.39,
          "height": 54.05
        },
        "firstSeen": 1.344,
        "lastSeen": 1.344,
        "occurrences": 1
      },
      {
        "code": "canvas_overflow",
        "severity": "info",
        "time": 1.344,
        "selector": "#snapcn-word-wheel-source-root > div:nth-of-type(1) > div:nth-of-type(1) > div:nth-of-type(1) > span:nth-of-type(1) > div:nth-of-type(12)",
        "message": "Text extends outside the composition canvas.",
        "rect": {
          "left": 769.73,
          "top": 712.56,
          "right": 902.68,
          "bottom": 766.62,
          "width": 132.95,
          "height": 54.05
        },
        "containerSelector": "#root",
        "text": "Startups",
        "fixHint": "Move the text inward, reduce its size, or mark intentional off-canvas animation with data-layout-allow-overflow.",
        "containerRect": {
          "left": 0,
          "top": 0,
          "right": 1280,
          "bottom": 720,
          "width": 1280,
          "height": 720
        },
        "overflow": {
          "bottom": 46.62
        },
        "dataAttributes": {},
        "sourceFile": "compositions/snapcn-word-wheel.html",
        "bbox": {
          "x": 769.73,
          "y": 712.56,
          "width": 132.95,
          "height": 54.05
        },
        "firstSeen": 1.344,
        "lastSeen": 1.344,
        "occurrences": 1
      },
      {
        "code": "canvas_overflow",
        "severity": "info",
        "time": 1.589,
        "selector": "#snapcn-word-wheel-source-root > div:nth-of-type(1) > div:nth-of-type(1) > div:nth-of-type(1) > span:nth-of-type(1) > div:nth-of-type(1)",
        "message": "Text extends outside the composition canvas.",
        "rect": {
          "left": 769.73,
          "top": -70.88,
          "right": 922.13,
          "bottom": -16.82,
          "width": 152.39,
          "height": 54.05
        },
        "containerSelector": "#root",
        "text": "Agencies",
        "fixHint": "Move the text inward, reduce its size, or mark intentional off-canvas animation with data-layout-allow-overflow.",
        "containerRect": {
          "left": 0,
          "top": 0,
          "right": 1280,
          "bottom": 720,
          "width": 1280,
          "height": 720
        },
        "overflow": {
          "top": 70.88
        },
        "dataAttributes": {},
        "sourceFile": "compositions/snapcn-word-wheel.html",
        "bbox": {
          "x": 769.73,
          "y": -70.88,
          "width": 152.39,
          "height": 54.05
        },
        "firstSeen": 1.589,
        "lastSeen": 1.589,
        "occurrences": 1
      },
      {
        "code": "canvas_overflow",
        "severity": "info",
        "time": 1.589,
        "selector": "#snapcn-word-wheel-source-root > div:nth-of-type(1) > div:nth-of-type(1) > div:nth-of-type(1) > span:nth-of-type(1) > div:nth-of-type(12)",
        "message": "Text extends outside the composition canvas.",
        "rect": {
          "left": 769.73,
          "top": 689.78,
          "right": 902.68,
          "bottom": 743.83,
          "width": 132.95,
          "height": 54.05
        },
        "containerSelector": "#root",
        "text": "Startups",
        "fixHint": "Move the text inward, reduce its size, or mark intentional off-canvas animation with data-layout-allow-overflow.",
        "containerRect": {
          "left": 0,
          "top": 0,
          "right": 1280,
          "bottom": 720,
          "width": 1280,
          "height": 720
        },
        "overflow": {
          "bottom": 23.83
        },
        "dataAttributes": {},
        "sourceFile": "compositions/snapcn-word-wheel.html",
        "bbox": {
          "x": 769.73,
          "y": 689.78,
          "width": 132.95,
          "height": 54.05
        },
        "firstSeen": 1.589,
        "lastSeen": 1.589,
        "occurrences": 1
      },
      {
        "code": "canvas_overflow",
        "severity": "info",
        "time": 1.833,
        "selector": "#snapcn-word-wheel-source-root > div:nth-of-type(1) > div:nth-of-type(1) > div:nth-of-type(1) > span:nth-of-type(1) > div:nth-of-type(1)",
        "message": "Text extends outside the composition canvas.",
        "rect": {
          "left": 769.73,
          "top": -79.69,
          "right": 922.13,
          "bottom": -25.63,
          "width": 152.39,
          "height": 54.05
        },
        "containerSelector": "#root",
        "text": "Agencies",
        "fixHint": "Move the text inward, reduce its size, or mark intentional off-canvas animation with data-layout-allow-overflow.",
        "containerRect": {
          "left": 0,
          "top": 0,
          "right": 1280,
          "bottom": 720,
          "width": 1280,
          "height": 720
        },
        "overflow": {
          "top": 79.69
        },
        "dataAttributes": {},
        "sourceFile": "compositions/snapcn-word-wheel.html",
        "bbox": {
          "x": 769.73,
          "y": -79.69,
          "width": 152.39,
          "height": 54.05
        },
        "firstSeen": 1.833,
        "lastSeen": 1.833,
        "occurrences": 1
      },
      {
        "code": "canvas_overflow",
        "severity": "info",
        "time": 1.833,
        "selector": "#snapcn-word-wheel-source-root > div:nth-of-type(1) > div:nth-of-type(1) > div:nth-of-type(1) > span:nth-of-type(1) > div:nth-of-type(2)",
        "message": "Text extends outside the composition canvas.",
        "rect": {
          "left": 769.73,
          "top": -10.53,
          "right": 934.18,
          "bottom": 43.52,
          "width": 164.44,
          "height": 54.05
        },
        "containerSelector": "#root",
        "text": "Designers",
        "fixHint": "Move the text inward, reduce its size, or mark intentional off-canvas animation with data-layout-allow-overflow.",
        "containerRect": {
          "left": 0,
          "top": 0,
          "right": 1280,
          "bottom": 720,
          "width": 1280,
          "height": 720
        },
        "overflow": {
          "top": 10.53
        },
        "dataAttributes": {},
        "sourceFile": "compositions/snapcn-word-wheel.html",
        "bbox": {
          "x": 769.73,
          "y": -10.53,
          "width": 164.44,
          "height": 54.05
        },
        "firstSeen": 1.833,
        "lastSeen": 1.833,
        "occurrences": 1
      },
      {
        "code": "canvas_overflow",
        "severity": "info",
        "time": 1.833,
        "selector": "#snapcn-word-wheel-source-root > div:nth-of-type(1) > div:nth-of-type(1) > div:nth-of-type(1) > span:nth-of-type(1) > div:nth-of-type(12)",
        "message": "Text extends outside the composition canvas.",
        "rect": {
          "left": 769.73,
          "top": 680.98,
          "right": 902.68,
          "bottom": 735.04,
          "width": 132.95,
          "height": 54.05
        },
        "containerSelector": "#root",
        "text": "Startups",
        "fixHint": "Move the text inward, reduce its size, or mark intentional off-canvas animation with data-layout-allow-overflow.",
        "containerRect": {
          "left": 0,
          "top": 0,
          "right": 1280,
          "bottom": 720,
          "width": 1280,
          "height": 720
        },
        "overflow": {
          "bottom": 15.04
        },
        "dataAttributes": {},
        "sourceFile": "compositions/snapcn-word-wheel.html",
        "bbox": {
          "x": 769.73,
          "y": 680.98,
          "width": 132.95,
          "height": 54.05
        },
        "firstSeen": 1.833,
        "lastSeen": 1.833,
        "occurrences": 1
      },
      {
        "code": "canvas_overflow",
        "severity": "info",
        "time": 2.078,
        "selector": "#snapcn-word-wheel-source-root > div:nth-of-type(1) > div:nth-of-type(1) > div:nth-of-type(1) > span:nth-of-type(1) > div:nth-of-type(1)",
        "message": "Text extends outside the composition canvas.",
        "rect": {
          "left": 769.73,
          "top": -80.28,
          "right": 922.13,
          "bottom": -26.23,
          "width": 152.39,
          "height": 54.05
        },
        "containerSelector": "#root",
        "text": "Agencies",
        "fixHint": "Move the text inward, reduce its size, or mark intentional off-canvas animation with data-layout-allow-overflow.",
        "containerRect": {
          "left": 0,
          "top": 0,
          "right": 1280,
          "bottom": 720,
          "width": 1280,
          "height": 720
        },
        "overflow": {
          "top": 80.28
        },
        "dataAttributes": {},
        "sourceFile": "compositions/snapcn-word-wheel.html",
        "bbox": {
          "x": 769.73,
          "y": -80.28,
          "width": 152.39,
          "height": 54.05
        },
        "firstSeen": 2.078,
        "lastSeen": 2.078,
        "occurrences": 1
      },
      {
        "code": "canvas_overflow",
        "severity": "info",
        "time": 2.078,
        "selector": "#snapcn-word-wheel-source-root > div:nth-of-type(1) > div:nth-of-type(1) > div:nth-of-type(1) > span:nth-of-type(1) > div:nth-of-type(2)",
        "message": "Text extends outside the composition canvas.",
        "rect": {
          "left": 769.73,
          "top": -11.14,
          "right": 934.18,
          "bottom": 42.91,
          "width": 164.44,
          "height": 54.05
        },
        "containerSelector": "#root",
        "text": "Designers",
        "fixHint": "Move the text inward, reduce its size, or mark intentional off-canvas animation with data-layout-allow-overflow.",
        "containerRect": {
          "left": 0,
          "top": 0,
          "right": 1280,
          "bottom": 720,
          "width": 1280,
          "height": 720
        },
        "overflow": {
          "top": 11.14
        },
        "dataAttributes": {},
        "sourceFile": "compositions/snapcn-word-wheel.html",
        "bbox": {
          "x": 769.73,
          "y": -11.14,
          "width": 164.44,
          "height": 54.05
        },
        "firstSeen": 2.078,
        "lastSeen": 2.078,
        "occurrences": 1
      },
      {
        "code": "canvas_overflow",
        "severity": "info",
        "time": 2.078,
        "selector": "#snapcn-word-wheel-source-root > div:nth-of-type(1) > div:nth-of-type(1) > div:nth-of-type(1) > span:nth-of-type(1) > div:nth-of-type(12)",
        "message": "Text extends outside the composition canvas.",
        "rect": {
          "left": 769.73,
          "top": 680.37,
          "right": 902.68,
          "bottom": 734.43,
          "width": 132.95,
          "height": 54.05
        },
        "containerSelector": "#root",
        "text": "Startups",
        "fixHint": "Move the text inward, reduce its size, or mark intentional off-canvas animation with data-layout-allow-overflow.",
        "containerRect": {
          "left": 0,
          "top": 0,
          "right": 1280,
          "bottom": 720,
          "width": 1280,
          "height": 720
        },
        "overflow": {
          "bottom": 14.43
        },
        "dataAttributes": {},
        "sourceFile": "compositions/snapcn-word-wheel.html",
        "bbox": {
          "x": 769.73,
          "y": 680.37,
          "width": 132.95,
          "height": 54.05
        },
        "firstSeen": 2.078,
        "lastSeen": 2.078,
        "occurrences": 1
      },
      {
        "code": "canvas_overflow",
        "severity": "info",
        "time": 2.078,
        "selector": "#snapcn-word-wheel-source-root > div:nth-of-type(1) > div:nth-of-type(1) > div:nth-of-type(1) > span:nth-of-type(1) > div:nth-of-type(13)",
        "message": "Text extends outside the composition canvas.",
        "rect": {
          "left": 769.73,
          "top": 749.53,
          "right": 921.94,
          "bottom": 803.58,
          "width": 152.21,
          "height": 54.05
        },
        "containerSelector": "#root",
        "text": "Dev tools",
        "fixHint": "Move the text inward, reduce its size, or mark intentional off-canvas animation with data-layout-allow-overflow.",
        "containerRect": {
          "left": 0,
          "top": 0,
          "right": 1280,
          "bottom": 720,
          "width": 1280,
          "height": 720
        },
        "overflow": {
          "bottom": 83.58
        },
        "dataAttributes": {},
        "sourceFile": "compositions/snapcn-word-wheel.html",
        "bbox": {
          "x": 769.73,
          "y": 749.53,
          "width": 152.21,
          "height": 54.05
        },
        "firstSeen": 2.078,
        "lastSeen": 2.078,
        "occurrences": 1
      }
    ],
    "duration": 2.2,
    "samples": [
      0.122,
      0.367,
      0.611,
      0.856,
      1.1,
      1.344,
      1.589,
      1.833,
      2.078
    ],
    "transitionSamples": [],
    "transitionSamplesDropped": 0,
    "tolerance": 2,
    "totalIssueCount": 32,
    "truncated": false
  },
  "motion": {
    "ok": true,
    "errorCount": 0,
    "warningCount": 0,
    "infoCount": 0,
    "findings": [],
    "enabled": false,
    "samples": 0
  },
  "contrast": {
    "ok": true,
    "errorCount": 0,
    "warningCount": 0,
    "infoCount": 0,
    "findings": [],
    "enabled": true,
    "samples": [
      0.122,
      0.611,
      1.1,
      1.589,
      2.078
    ],
    "checked": 60,
    "passed": 60
  },
  "snapshots": {
    "enabled": false,
    "files": [],
    "times": [],
    "findingFiles": []
  },
  "_meta": {
    "version": "0.8.30",
    "latestVersion": "0.8.35",
    "updateAvailable": true
  }
}
