[hyperframes] browserGpuMode probe → hardware (WebGL renderer vendor="Google Inc. (NVIDIA Corporation)" renderer="ANGLE (NVIDIA Corporation, NVIDIA GeForce RTX 5060/PCIe/SSE2, OpenGL ES 3.2)")
{
  "ok": true,
  "strict": false,
  "lint": {
    "ok": true,
    "errorCount": 0,
    "warningCount": 0,
    "infoCount": 0,
    "findings": [],
    "filesScanned": 2
  },
  "runtime": {
    "ok": true,
    "errorCount": 0,
    "warningCount": 0,
    "infoCount": 0,
    "findings": []
  },
  "layout": {
    "ok": true,
    "errorCount": 0,
    "warningCount": 1,
    "infoCount": 6,
    "findings": [
      {
        "code": "escaped_container",
        "severity": "warning",
        "time": 0.519,
        "selector": "#snapcn-text-highlight-source-root > div:nth-of-type(1) > div:nth-of-type(1) > span:nth-of-type(1) > div:nth-of-type(1)",
        "message": "Positioned element renders far outside its offset parent — its coordinates were likely computed in a different frame (canvas/viewport pixels).",
        "rect": {
          "left": 487.49,
          "top": 330.6,
          "right": 546.29,
          "bottom": 389.4,
          "width": 58.8,
          "height": 58.8
        },
        "containerSelector": "#snapcn-text-highlight-source-root > div:nth-of-type(1) > div:nth-of-type(1) > span:nth-of-type(1)",
        "text": "mark",
        "fixHint": "Compute left/top in the offset parent's frame (subtract its rect), or mark intentional placement with data-layout-allow-overflow.",
        "containerRect": {
          "left": 540.39,
          "top": 325,
          "right": 815.2,
          "bottom": 395,
          "width": 274.81,
          "height": 70
        },
        "dataAttributes": {},
        "sourceFile": "compositions/snapcn-text-highlight.html",
        "bbox": {
          "x": 487.49,
          "y": 330.6,
          "width": 58.8,
          "height": 58.8
        },
        "firstSeen": 0.519,
        "lastSeen": 1.556,
        "occurrences": 3,
        "heldMs": 1037
      },
      {
        "code": "container_overflow",
        "severity": "info",
        "time": 0.519,
        "selector": "#snapcn-text-highlight-source-root > div:nth-of-type(1) > div:nth-of-type(1) > span:nth-of-type(1) > div:nth-of-type(1) > div:nth-of-type(2)",
        "message": "Nowrap text is wider than its container.",
        "rect": {
          "left": 480.29,
          "top": 323.39,
          "right": 553.5,
          "bottom": 396.61,
          "width": 73.21,
          "height": 73.21
        },
        "containerSelector": "#snapcn-text-highlight-source-root > div:nth-of-type(1) > div:nth-of-type(1) > span:nth-of-type(1) > div:nth-of-type(1)",
        "fixHint": "Resize/reposition the child or container, or mark intentional overflow with data-layout-allow-overflow.",
        "containerRect": {
          "left": 487.49,
          "top": 330.6,
          "right": 546.29,
          "bottom": 389.4,
          "width": 58.8,
          "height": 58.8
        },
        "overflow": {
          "left": 7.2,
          "right": 7.21
        },
        "dataAttributes": {},
        "sourceFile": "compositions/snapcn-text-highlight.html",
        "bbox": {
          "x": 480.29,
          "y": 323.39,
          "width": 73.21,
          "height": 73.21
        },
        "firstSeen": 0.519,
        "lastSeen": 0.519,
        "occurrences": 1,
        "heldMs": 0
      },
      {
        "code": "container_overflow",
        "severity": "info",
        "time": 1.141,
        "selector": "#snapcn-text-highlight-source-root > div:nth-of-type(1) > div:nth-of-type(1) > span:nth-of-type(1) > div:nth-of-type(1) > div:nth-of-type(2)",
        "message": "Nowrap text is wider than its container.",
        "rect": {
          "left": 452.96,
          "top": 328.44,
          "right": 516.08,
          "bottom": 391.56,
          "width": 63.11,
          "height": 63.11
        },
        "containerSelector": "#snapcn-text-highlight-source-root > div:nth-of-type(1) > div:nth-of-type(1) > span:nth-of-type(1) > div:nth-of-type(1)",
        "fixHint": "Resize/reposition the child or container, or mark intentional overflow with data-layout-allow-overflow.",
        "containerRect": {
          "left": 455.12,
          "top": 330.6,
          "right": 513.92,
          "bottom": 389.4,
          "width": 58.8,
          "height": 58.8
        },
        "overflow": {
          "left": 2.16,
          "right": 2.16
        },
        "dataAttributes": {},
        "sourceFile": "compositions/snapcn-text-highlight.html",
        "bbox": {
          "x": 452.96,
          "y": 328.44,
          "width": 63.11,
          "height": 63.11
        },
        "firstSeen": 1.141,
        "lastSeen": 1.141,
        "occurrences": 1,
        "heldMs": 0
      },
      {
        "code": "container_overflow",
        "severity": "info",
        "time": 1.348,
        "selector": "#snapcn-text-highlight-source-root > div:nth-of-type(1) > div:nth-of-type(1) > span:nth-of-type(1) > div:nth-of-type(1) > div:nth-of-type(2)",
        "message": "Nowrap text is wider than its container.",
        "rect": {
          "left": 302.16,
          "top": 308.73,
          "right": 404.71,
          "bottom": 411.27,
          "width": 102.55,
          "height": 102.55
        },
        "containerSelector": "#snapcn-text-highlight-source-root > div:nth-of-type(1) > div:nth-of-type(1) > span:nth-of-type(1) > div:nth-of-type(1)",
        "fixHint": "Resize/reposition the child or container, or mark intentional overflow with data-layout-allow-overflow.",
        "containerRect": {
          "left": 324.04,
          "top": 330.6,
          "right": 382.83,
          "bottom": 389.4,
          "width": 58.8,
          "height": 58.8
        },
        "overflow": {
          "left": 21.88,
          "right": 21.88
        },
        "dataAttributes": {},
        "sourceFile": "compositions/snapcn-text-highlight.html",
        "bbox": {
          "x": 302.16,
          "y": 308.73,
          "width": 102.55,
          "height": 102.55
        },
        "firstSeen": 1.348,
        "lastSeen": 1.348,
        "occurrences": 1,
        "heldMs": 0
      },
      {
        "code": "container_overflow",
        "severity": "info",
        "time": 1.556,
        "selector": "#snapcn-text-highlight-source-root > div:nth-of-type(1) > div:nth-of-type(1) > span:nth-of-type(1) > div:nth-of-type(1) > div:nth-of-type(2)",
        "message": "Nowrap text is wider than its container.",
        "rect": {
          "left": 82.3,
          "top": 205.84,
          "right": 390.62,
          "bottom": 514.16,
          "width": 308.32,
          "height": 308.32
        },
        "containerSelector": "#snapcn-text-highlight-source-root > div:nth-of-type(1) > div:nth-of-type(1) > span:nth-of-type(1) > div:nth-of-type(1)",
        "fixHint": "Resize/reposition the child or container, or mark intentional overflow with data-layout-allow-overflow.",
        "containerRect": {
          "left": 207.06,
          "top": 330.6,
          "right": 265.86,
          "bottom": 389.4,
          "width": 58.8,
          "height": 58.8
        },
        "overflow": {
          "left": 124.76,
          "right": 124.76
        },
        "dataAttributes": {},
        "sourceFile": "compositions/snapcn-text-highlight.html",
        "bbox": {
          "x": 82.3,
          "y": 205.84,
          "width": 308.32,
          "height": 308.32
        },
        "firstSeen": 1.556,
        "lastSeen": 1.556,
        "occurrences": 1,
        "heldMs": 0
      },
      {
        "code": "container_overflow",
        "severity": "info",
        "time": 1.763,
        "selector": "#snapcn-text-highlight-source-root > div:nth-of-type(1) > div:nth-of-type(1) > span:nth-of-type(1) > div:nth-of-type(1) > div:nth-of-type(2)",
        "message": "Nowrap text is wider than its container.",
        "rect": {
          "left": -163.17,
          "top": -413.62,
          "right": 1384.08,
          "bottom": 1133.62,
          "width": 1547.25,
          "height": 1547.25
        },
        "containerSelector": "#snapcn-text-highlight-source-root > div:nth-of-type(1) > div:nth-of-type(1) > span:nth-of-type(1) > div:nth-of-type(1)",
        "fixHint": "Resize/reposition the child or container, or mark intentional overflow with data-layout-allow-overflow.",
        "containerRect": {
          "left": 581.06,
          "top": 330.6,
          "right": 639.85,
          "bottom": 389.4,
          "width": 58.8,
          "height": 58.8
        },
        "overflow": {
          "left": 744.23,
          "right": 744.23
        },
        "dataAttributes": {},
        "sourceFile": "compositions/snapcn-text-highlight.html",
        "bbox": {
          "x": -163.17,
          "y": -413.62,
          "width": 1547.25,
          "height": 1547.25
        },
        "firstSeen": 1.763,
        "lastSeen": 1.763,
        "occurrences": 1,
        "heldMs": 0
      },
      {
        "code": "escaped_container",
        "severity": "info",
        "time": 1.763,
        "selector": "#snapcn-text-highlight-source-root > div:nth-of-type(1) > div:nth-of-type(1) > span:nth-of-type(1) > div:nth-of-type(1) > div:nth-of-type(1)",
        "message": "Positioned element renders far outside its offset parent — its coordinates were likely computed in a different frame (canvas/viewport pixels).",
        "rect": {
          "left": 213.57,
          "top": 39.02,
          "right": 855.53,
          "bottom": 680.97,
          "width": 641.95,
          "height": 641.95
        },
        "containerSelector": "#snapcn-text-highlight-source-root > div:nth-of-type(1) > div:nth-of-type(1) > span:nth-of-type(1) > div:nth-of-type(1)",
        "text": "",
        "fixHint": "Compute left/top in the offset parent's frame (subtract its rect), or mark intentional placement with data-layout-allow-overflow.",
        "containerRect": {
          "left": 581.06,
          "top": 330.6,
          "right": 639.85,
          "bottom": 389.4,
          "width": 58.8,
          "height": 58.8
        },
        "dataAttributes": {},
        "sourceFile": "compositions/snapcn-text-highlight.html",
        "bbox": {
          "x": 213.57,
          "y": 39.02,
          "width": 641.95,
          "height": 641.95
        },
        "firstSeen": 1.763,
        "lastSeen": 1.763,
        "occurrences": 1,
        "heldMs": 0
      }
    ],
    "duration": 1.8666666666666667,
    "samples": [
      0.104,
      0.311,
      0.519,
      0.726,
      0.933,
      1.141,
      1.348,
      1.556,
      1.763
    ],
    "transitionSamples": [],
    "transitionSamplesDropped": 0,
    "tolerance": 2,
    "totalIssueCount": 7,
    "truncated": false
  },
  "motion": {
    "ok": true,
    "errorCount": 0,
    "warningCount": 0,
    "infoCount": 0,
    "findings": [],
    "enabled": false,
    "samples": 0
  },
  "contrast": {
    "ok": true,
    "errorCount": 0,
    "warningCount": 0,
    "infoCount": 0,
    "findings": [],
    "enabled": true,
    "samples": [
      0.104,
      0.519,
      0.933,
      1.348,
      1.763
    ],
    "checked": 0,
    "passed": 0
  },
  "hdr": {
    "autoPromotion": null,
    "inspection": "available"
  },
  "snapshots": {
    "enabled": false,
    "files": [],
    "times": [],
    "findingFiles": []
  },
  "_meta": {
    "version": "0.8.99",
    "latestVersion": "0.8.99",
    "updateAvailable": false
  }
}
