[hyperframes] browserGpuMode probe → hardware (WebGL renderer vendor="Google Inc. (NVIDIA Corporation)" renderer="ANGLE (NVIDIA Corporation, NVIDIA GeForce RTX 5060/PCIe/SSE2, OpenGL ES 3.2)")
{
  "ok": true,
  "strict": false,
  "lint": {
    "ok": true,
    "errorCount": 0,
    "warningCount": 0,
    "infoCount": 0,
    "findings": [],
    "filesScanned": 2
  },
  "runtime": {
    "ok": true,
    "errorCount": 0,
    "warningCount": 0,
    "infoCount": 0,
    "findings": []
  },
  "layout": {
    "ok": true,
    "errorCount": 0,
    "warningCount": 17,
    "infoCount": 63,
    "findings": [
      {
        "code": "escaped_container",
        "severity": "warning",
        "time": 0.556,
        "selector": "#snapcn-orbit-gallery-source-root > div:nth-of-type(1) > div:nth-of-type(5)",
        "message": "Positioned element renders far outside its offset parent — its coordinates were likely computed in a different frame (canvas/viewport pixels).",
        "rect": {
          "left": 1082.26,
          "top": -163.33,
          "right": 1335.48,
          "bottom": 83.17,
          "width": 253.22,
          "height": 246.51
        },
        "containerSelector": "#snapcn-orbit-gallery-source-root > div:nth-of-type(1)",
        "text": "",
        "fixHint": "Compute left/top in the offset parent's frame (subtract its rect), or mark intentional placement with data-layout-allow-overflow.",
        "containerRect": {
          "left": 0,
          "top": 0,
          "right": 1280,
          "bottom": 720,
          "width": 1280,
          "height": 720
        },
        "dataAttributes": {},
        "sourceFile": "compositions/snapcn-orbit-gallery.html",
        "bbox": {
          "x": 1082.26,
          "y": -163.33,
          "width": 253.22,
          "height": 246.51
        },
        "firstSeen": 0.556,
        "lastSeen": 9.444,
        "occurrences": 4
      },
      {
        "code": "escaped_container",
        "severity": "warning",
        "time": 0.556,
        "selector": "#snapcn-orbit-gallery-source-root > div:nth-of-type(1) > div:nth-of-type(7)",
        "message": "Positioned element renders far outside its offset parent — its coordinates were likely computed in a different frame (canvas/viewport pixels).",
        "rect": {
          "left": 832.58,
          "top": -365.14,
          "right": 1046.92,
          "bottom": -127.7,
          "width": 214.34,
          "height": 237.44
        },
        "containerSelector": "#snapcn-orbit-gallery-source-root > div:nth-of-type(1)",
        "text": "",
        "fixHint": "Compute left/top in the offset parent's frame (subtract its rect), or mark intentional placement with data-layout-allow-overflow.",
        "containerRect": {
          "left": 0,
          "top": 0,
          "right": 1280,
          "bottom": 720,
          "width": 1280,
          "height": 720
        },
        "dataAttributes": {},
        "sourceFile": "compositions/snapcn-orbit-gallery.html",
        "bbox": {
          "x": 832.58,
          "y": -365.14,
          "width": 214.34,
          "height": 237.44
        },
        "firstSeen": 0.556,
        "lastSeen": 9.444,
        "occurrences": 9
      },
      {
        "code": "escaped_container",
        "severity": "warning",
        "time": 0.556,
        "selector": "#snapcn-orbit-gallery-source-root > div:nth-of-type(1) > div:nth-of-type(8)",
        "message": "Positioned element renders far outside its offset parent — its coordinates were likely computed in a different frame (canvas/viewport pixels).",
        "rect": {
          "left": 688.21,
          "top": -397.92,
          "right": 862.39,
          "bottom": -187.8,
          "width": 174.18,
          "height": 210.12
        },
        "containerSelector": "#snapcn-orbit-gallery-source-root > div:nth-of-type(1)",
        "text": "",
        "fixHint": "Compute left/top in the offset parent's frame (subtract its rect), or mark intentional placement with data-layout-allow-overflow.",
        "containerRect": {
          "left": 0,
          "top": 0,
          "right": 1280,
          "bottom": 720,
          "width": 1280,
          "height": 720
        },
        "dataAttributes": {},
        "sourceFile": "compositions/snapcn-orbit-gallery.html",
        "bbox": {
          "x": 688.21,
          "y": -397.92,
          "width": 174.18,
          "height": 210.12
        },
        "firstSeen": 0.556,
        "lastSeen": 9.444,
        "occurrences": 9
      },
      {
        "code": "escaped_container",
        "severity": "warning",
        "time": 0.556,
        "selector": "#snapcn-orbit-gallery-source-root > div:nth-of-type(1) > div:nth-of-type(9)",
        "message": "Positioned element renders far outside its offset parent — its coordinates were likely computed in a different frame (canvas/viewport pixels).",
        "rect": {
          "left": 520.01,
          "top": -398.45,
          "right": 688.92,
          "bottom": -193.39,
          "width": 168.91,
          "height": 205.05
        },
        "containerSelector": "#snapcn-orbit-gallery-source-root > div:nth-of-type(1)",
        "text": "",
        "fixHint": "Compute left/top in the offset parent's frame (subtract its rect), or mark intentional placement with data-layout-allow-overflow.",
        "containerRect": {
          "left": 0,
          "top": 0,
          "right": 1280,
          "bottom": 720,
          "width": 1280,
          "height": 720
        },
        "dataAttributes": {},
        "sourceFile": "compositions/snapcn-orbit-gallery.html",
        "bbox": {
          "x": 520.01,
          "y": -398.45,
          "width": 168.91,
          "height": 205.05
        },
        "firstSeen": 0.556,
        "lastSeen": 7.222,
        "occurrences": 7
      },
      {
        "code": "escaped_container",
        "severity": "warning",
        "time": 0.556,
        "selector": "#snapcn-orbit-gallery-source-root > div:nth-of-type(1) > div:nth-of-type(10)",
        "message": "Positioned element renders far outside its offset parent — its coordinates were likely computed in a different frame (canvas/viewport pixels).",
        "rect": {
          "left": 336.67,
          "top": -368,
          "right": 540.65,
          "bottom": -141.48,
          "width": 203.99,
          "height": 226.52
        },
        "containerSelector": "#snapcn-orbit-gallery-source-root > div:nth-of-type(1)",
        "text": "",
        "fixHint": "Compute left/top in the offset parent's frame (subtract its rect), or mark intentional placement with data-layout-allow-overflow.",
        "containerRect": {
          "left": 0,
          "top": 0,
          "right": 1280,
          "bottom": 720,
          "width": 1280,
          "height": 720
        },
        "dataAttributes": {},
        "sourceFile": "compositions/snapcn-orbit-gallery.html",
        "bbox": {
          "x": 336.67,
          "y": -368,
          "width": 203.99,
          "height": 226.52
        },
        "firstSeen": 0.556,
        "lastSeen": 9.444,
        "occurrences": 6
      },
      {
        "code": "escaped_container",
        "severity": "warning",
        "time": 0.556,
        "selector": "#snapcn-orbit-gallery-source-root > div:nth-of-type(1) > div:nth-of-type(12)",
        "message": "Positioned element renders far outside its offset parent — its coordinates were likely computed in a different frame (canvas/viewport pixels).",
        "rect": {
          "left": 53.8,
          "top": -161.75,
          "right": 281.86,
          "bottom": 58.57,
          "width": 228.06,
          "height": 220.32
        },
        "containerSelector": "#snapcn-orbit-gallery-source-root > div:nth-of-type(1)",
        "text": "",
        "fixHint": "Compute left/top in the offset parent's frame (subtract its rect), or mark intentional placement with data-layout-allow-overflow.",
        "containerRect": {
          "left": 0,
          "top": 0,
          "right": 1280,
          "bottom": 720,
          "width": 1280,
          "height": 720
        },
        "dataAttributes": {},
        "sourceFile": "compositions/snapcn-orbit-gallery.html",
        "bbox": {
          "x": 53.8,
          "y": -161.75,
          "width": 228.06,
          "height": 220.32
        },
        "firstSeen": 0.556,
        "lastSeen": 8.333,
        "occurrences": 4
      },
      {
        "code": "escaped_container",
        "severity": "warning",
        "time": 0.556,
        "selector": "#snapcn-orbit-gallery-source-root > div:nth-of-type(1) > div:nth-of-type(19)",
        "message": "Positioned element renders far outside its offset parent — its coordinates were likely computed in a different frame (canvas/viewport pixels).",
        "rect": {
          "left": 429.92,
          "top": 803.44,
          "right": 577.9,
          "bottom": 979.66,
          "width": 147.99,
          "height": 176.21
        },
        "containerSelector": "#snapcn-orbit-gallery-source-root > div:nth-of-type(1)",
        "text": "",
        "fixHint": "Compute left/top in the offset parent's frame (subtract its rect), or mark intentional placement with data-layout-allow-overflow.",
        "containerRect": {
          "left": 0,
          "top": 0,
          "right": 1280,
          "bottom": 720,
          "width": 1280,
          "height": 720
        },
        "dataAttributes": {},
        "sourceFile": "compositions/snapcn-orbit-gallery.html",
        "bbox": {
          "x": 429.92,
          "y": 803.44,
          "width": 147.99,
          "height": 176.21
        },
        "firstSeen": 0.556,
        "lastSeen": 9.444,
        "occurrences": 6
      },
      {
        "code": "escaped_container",
        "severity": "warning",
        "time": 0.556,
        "selector": "#snapcn-orbit-gallery-source-root > div:nth-of-type(1) > div:nth-of-type(20)",
        "message": "Positioned element renders far outside its offset parent — its coordinates were likely computed in a different frame (canvas/viewport pixels).",
        "rect": {
          "left": 603.93,
          "top": 810.66,
          "right": 745.07,
          "bottom": 980.48,
          "width": 141.15,
          "height": 169.81
        },
        "containerSelector": "#snapcn-orbit-gallery-source-root > div:nth-of-type(1)",
        "text": "",
        "fixHint": "Compute left/top in the offset parent's frame (subtract its rect), or mark intentional placement with data-layout-allow-overflow.",
        "containerRect": {
          "left": 0,
          "top": 0,
          "right": 1280,
          "bottom": 720,
          "width": 1280,
          "height": 720
        },
        "dataAttributes": {},
        "sourceFile": "compositions/snapcn-orbit-gallery.html",
        "bbox": {
          "x": 603.93,
          "y": 810.66,
          "width": 141.15,
          "height": 169.81
        },
        "firstSeen": 0.556,
        "lastSeen": 9.444,
        "occurrences": 7
      },
      {
        "code": "escaped_container",
        "severity": "warning",
        "time": 0.556,
        "selector": "#snapcn-orbit-gallery-source-root > div:nth-of-type(1) > div:nth-of-type(28)",
        "message": "Positioned element renders far outside its offset parent — its coordinates were likely computed in a different frame (canvas/viewport pixels).",
        "rect": {
          "left": 688.01,
          "top": -123.74,
          "right": 801.15,
          "bottom": 12.18,
          "width": 113.14,
          "height": 135.92
        },
        "containerSelector": "#snapcn-orbit-gallery-source-root > div:nth-of-type(1)",
        "text": "",
        "fixHint": "Compute left/top in the offset parent's frame (subtract its rect), or mark intentional placement with data-layout-allow-overflow.",
        "containerRect": {
          "left": 0,
          "top": 0,
          "right": 1280,
          "bottom": 720,
          "width": 1280,
          "height": 720
        },
        "dataAttributes": {},
        "sourceFile": "compositions/snapcn-orbit-gallery.html",
        "bbox": {
          "x": 688.01,
          "y": -123.74,
          "width": 113.14,
          "height": 135.92
        },
        "firstSeen": 0.556,
        "lastSeen": 9.444,
        "occurrences": 9
      },
      {
        "code": "escaped_container",
        "severity": "warning",
        "time": 0.556,
        "selector": "#snapcn-orbit-gallery-source-root > div:nth-of-type(1) > div:nth-of-type(29)",
        "message": "Positioned element renders far outside its offset parent — its coordinates were likely computed in a different frame (canvas/viewport pixels).",
        "rect": {
          "left": 514.62,
          "top": -117.3,
          "right": 634.6,
          "bottom": 21.18,
          "width": 119.98,
          "height": 138.48
        },
        "containerSelector": "#snapcn-orbit-gallery-source-root > div:nth-of-type(1)",
        "text": "",
        "fixHint": "Compute left/top in the offset parent's frame (subtract its rect), or mark intentional placement with data-layout-allow-overflow.",
        "containerRect": {
          "left": 0,
          "top": 0,
          "right": 1280,
          "bottom": 720,
          "width": 1280,
          "height": 720
        },
        "dataAttributes": {},
        "sourceFile": "compositions/snapcn-orbit-gallery.html",
        "bbox": {
          "x": 514.62,
          "y": -117.3,
          "width": 119.98,
          "height": 138.48
        },
        "firstSeen": 0.556,
        "lastSeen": 9.444,
        "occurrences": 8
      },
      {
        "code": "escaped_container",
        "severity": "warning",
        "time": 1.667,
        "selector": "#snapcn-orbit-gallery-source-root > div:nth-of-type(1) > div:nth-of-type(4)",
        "message": "Positioned element renders far outside its offset parent — its coordinates were likely computed in a different frame (canvas/viewport pixels).",
        "rect": {
          "left": 1068.18,
          "top": -181.7,
          "right": 1320.68,
          "bottom": 66.14,
          "width": 252.5,
          "height": 247.84
        },
        "containerSelector": "#snapcn-orbit-gallery-source-root > div:nth-of-type(1)",
        "text": "",
        "fixHint": "Compute left/top in the offset parent's frame (subtract its rect), or mark intentional placement with data-layout-allow-overflow.",
        "containerRect": {
          "left": 0,
          "top": 0,
          "right": 1280,
          "bottom": 720,
          "width": 1280,
          "height": 720
        },
        "dataAttributes": {},
        "sourceFile": "compositions/snapcn-orbit-gallery.html",
        "bbox": {
          "x": 1068.18,
          "y": -181.7,
          "width": 252.5,
          "height": 247.84
        },
        "firstSeen": 1.667,
        "lastSeen": 7.222,
        "occurrences": 4
      },
      {
        "code": "escaped_container",
        "severity": "warning",
        "time": 2.778,
        "selector": "#snapcn-orbit-gallery-source-root > div:nth-of-type(1) > div:nth-of-type(3)",
        "message": "Positioned element renders far outside its offset parent — its coordinates were likely computed in a different frame (canvas/viewport pixels).",
        "rect": {
          "left": 1057.35,
          "top": -195.07,
          "right": 1309.13,
          "bottom": 53.58,
          "width": 251.78,
          "height": 248.65
        },
        "containerSelector": "#snapcn-orbit-gallery-source-root > div:nth-of-type(1)",
        "text": "",
        "fixHint": "Compute left/top in the offset parent's frame (subtract its rect), or mark intentional placement with data-layout-allow-overflow.",
        "containerRect": {
          "left": 0,
          "top": 0,
          "right": 1280,
          "bottom": 720,
          "width": 1280,
          "height": 720
        },
        "dataAttributes": {},
        "sourceFile": "compositions/snapcn-orbit-gallery.html",
        "bbox": {
          "x": 1057.35,
          "y": -195.07,
          "width": 251.78,
          "height": 248.65
        },
        "firstSeen": 2.778,
        "lastSeen": 9.444,
        "occurrences": 4
      },
      {
        "code": "escaped_container",
        "severity": "warning",
        "time": 3.889,
        "selector": "#snapcn-orbit-gallery-source-root > div:nth-of-type(1) > div:nth-of-type(6)",
        "message": "Positioned element renders far outside its offset parent — its coordinates were likely computed in a different frame (canvas/viewport pixels).",
        "rect": {
          "left": 785.14,
          "top": -381.52,
          "right": 987.49,
          "bottom": -151.56,
          "width": 202.35,
          "height": 229.95
        },
        "containerSelector": "#snapcn-orbit-gallery-source-root > div:nth-of-type(1)",
        "text": "",
        "fixHint": "Compute left/top in the offset parent's frame (subtract its rect), or mark intentional placement with data-layout-allow-overflow.",
        "containerRect": {
          "left": 0,
          "top": 0,
          "right": 1280,
          "bottom": 720,
          "width": 1280,
          "height": 720
        },
        "dataAttributes": {},
        "sourceFile": "compositions/snapcn-orbit-gallery.html",
        "bbox": {
          "x": 785.14,
          "y": -381.52,
          "width": 202.35,
          "height": 229.95
        },
        "firstSeen": 3.889,
        "lastSeen": 9.444,
        "occurrences": 6
      },
      {
        "code": "escaped_container",
        "severity": "warning",
        "time": 3.889,
        "selector": "#snapcn-orbit-gallery-source-root > div:nth-of-type(1) > div:nth-of-type(17)",
        "message": "Positioned element renders far outside its offset parent — its coordinates were likely computed in a different frame (canvas/viewport pixels).",
        "rect": {
          "left": 147.39,
          "top": 668.08,
          "right": 349.1,
          "bottom": 874.9,
          "width": 201.71,
          "height": 206.83
        },
        "containerSelector": "#snapcn-orbit-gallery-source-root > div:nth-of-type(1)",
        "text": "",
        "fixHint": "Compute left/top in the offset parent's frame (subtract its rect), or mark intentional placement with data-layout-allow-overflow.",
        "containerRect": {
          "left": 0,
          "top": 0,
          "right": 1280,
          "bottom": 720,
          "width": 1280,
          "height": 720
        },
        "dataAttributes": {},
        "sourceFile": "compositions/snapcn-orbit-gallery.html",
        "bbox": {
          "x": 147.39,
          "y": 668.08,
          "width": 201.71,
          "height": 206.83
        },
        "firstSeen": 3.889,
        "lastSeen": 5,
        "occurrences": 2
      },
      {
        "code": "escaped_container",
        "severity": "warning",
        "time": 6.111,
        "selector": "#snapcn-orbit-gallery-source-root > div:nth-of-type(1) > div:nth-of-type(18)",
        "message": "Positioned element renders far outside its offset parent — its coordinates were likely computed in a different frame (canvas/viewport pixels).",
        "rect": {
          "left": 181.35,
          "top": 693.13,
          "right": 378.38,
          "bottom": 898.79,
          "width": 197.03,
          "height": 205.66
        },
        "containerSelector": "#snapcn-orbit-gallery-source-root > div:nth-of-type(1)",
        "text": "",
        "fixHint": "Compute left/top in the offset parent's frame (subtract its rect), or mark intentional placement with data-layout-allow-overflow.",
        "containerRect": {
          "left": 0,
          "top": 0,
          "right": 1280,
          "bottom": 720,
          "width": 1280,
          "height": 720
        },
        "dataAttributes": {},
        "sourceFile": "compositions/snapcn-orbit-gallery.html",
        "bbox": {
          "x": 181.35,
          "y": 693.13,
          "width": 197.03,
          "height": 205.66
        },
        "firstSeen": 6.111,
        "lastSeen": 8.333,
        "occurrences": 3
      },
      {
        "code": "escaped_container",
        "severity": "warning",
        "time": 6.111,
        "selector": "#snapcn-orbit-gallery-source-root > div:nth-of-type(1) > div:nth-of-type(22)",
        "message": "Positioned element renders far outside its offset parent — its coordinates were likely computed in a different frame (canvas/viewport pixels).",
        "rect": {
          "left": 829,
          "top": 700.68,
          "right": 1011.36,
          "bottom": 889.04,
          "width": 182.37,
          "height": 188.36
        },
        "containerSelector": "#snapcn-orbit-gallery-source-root > div:nth-of-type(1)",
        "text": "",
        "fixHint": "Compute left/top in the offset parent's frame (subtract its rect), or mark intentional placement with data-layout-allow-overflow.",
        "containerRect": {
          "left": 0,
          "top": 0,
          "right": 1280,
          "bottom": 720,
          "width": 1280,
          "height": 720
        },
        "dataAttributes": {},
        "sourceFile": "compositions/snapcn-orbit-gallery.html",
        "bbox": {
          "x": 829,
          "y": 700.68,
          "width": 182.37,
          "height": 188.36
        },
        "firstSeen": 6.111,
        "lastSeen": 9.444,
        "occurrences": 4
      },
      {
        "code": "escaped_container",
        "severity": "warning",
        "time": 8.333,
        "selector": "#snapcn-orbit-gallery-source-root > div:nth-of-type(1) > div:nth-of-type(11)",
        "message": "Positioned element renders far outside its offset parent — its coordinates were likely computed in a different frame (canvas/viewport pixels).",
        "rect": {
          "left": 78.87,
          "top": -194.71,
          "right": 307.55,
          "bottom": 29.77,
          "width": 228.69,
          "height": 224.49
        },
        "containerSelector": "#snapcn-orbit-gallery-source-root > div:nth-of-type(1)",
        "text": "",
        "fixHint": "Compute left/top in the offset parent's frame (subtract its rect), or mark intentional placement with data-layout-allow-overflow.",
        "containerRect": {
          "left": 0,
          "top": 0,
          "right": 1280,
          "bottom": 720,
          "width": 1280,
          "height": 720
        },
        "dataAttributes": {},
        "sourceFile": "compositions/snapcn-orbit-gallery.html",
        "bbox": {
          "x": 78.87,
          "y": -194.71,
          "width": 228.69,
          "height": 224.49
        },
        "firstSeen": 8.333,
        "lastSeen": 9.444,
        "occurrences": 2
      },
      {
        "code": "panel_out_of_canvas",
        "severity": "info",
        "time": 0.556,
        "selector": "#snapcn-orbit-gallery-source-root > div:nth-of-type(1) > div:nth-of-type(5) > div:nth-of-type(1)",
        "message": "Painted panel extends outside the composition canvas.",
        "rect": {
          "left": 1082.26,
          "top": -163.33,
          "right": 1335.48,
          "bottom": 83.17,
          "width": 253.22,
          "height": 246.51
        },
        "containerSelector": "#root",
        "text": "",
        "fixHint": "Move the panel inward, or mark intentional off-canvas animation with data-layout-allow-overflow.",
        "containerRect": {
          "left": 0,
          "top": 0,
          "right": 1280,
          "bottom": 720,
          "width": 1280,
          "height": 720
        },
        "overflow": {
          "right": 55.48,
          "top": 163.33
        },
        "dataAttributes": {},
        "sourceFile": "compositions/snapcn-orbit-gallery.html",
        "bbox": {
          "x": 1082.26,
          "y": -163.33,
          "width": 253.22,
          "height": 246.51
        },
        "firstSeen": 0.556,
        "lastSeen": 0.556,
        "occurrences": 1
      },
      {
        "code": "panel_out_of_canvas",
        "severity": "info",
        "time": 0.556,
        "selector": "#snapcn-orbit-gallery-source-root > div:nth-of-type(1) > div:nth-of-type(12) > div:nth-of-type(1)",
        "message": "Painted panel extends outside the composition canvas.",
        "rect": {
          "left": 53.8,
          "top": -161.75,
          "right": 281.86,
          "bottom": 58.57,
          "width": 228.06,
          "height": 220.32
        },
        "containerSelector": "#root",
        "text": "",
        "fixHint": "Move the panel inward, or mark intentional off-canvas animation with data-layout-allow-overflow.",
        "containerRect": {
          "left": 0,
          "top": 0,
          "right": 1280,
          "bottom": 720,
          "width": 1280,
          "height": 720
        },
        "overflow": {
          "top": 161.75
        },
        "dataAttributes": {},
        "sourceFile": "compositions/snapcn-orbit-gallery.html",
        "bbox": {
          "x": 53.8,
          "y": -161.75,
          "width": 228.06,
          "height": 220.32
        },
        "firstSeen": 0.556,
        "lastSeen": 0.556,
        "occurrences": 1
      },
      {
        "code": "panel_out_of_canvas",
        "severity": "info",
        "time": 0.556,
        "selector": "#snapcn-orbit-gallery-source-root > div:nth-of-type(1) > div:nth-of-type(13)",
        "message": "Painted panel extends outside the composition canvas.",
        "rect": {
          "left": -24.17,
          "top": 0.49,
          "right": 190.59,
          "bottom": 193.06,
          "width": 214.76,
          "height": 192.57
        },
        "containerSelector": "#root",
        "text": "",
        "fixHint": "Move the panel inward, or mark intentional off-canvas animation with data-layout-allow-overflow.",
        "containerRect": {
          "left": 0,
          "top": 0,
          "right": 1280,
          "bottom": 720,
          "width": 1280,
          "height": 720
        },
        "overflow": {
          "left": 24.17
        },
        "dataAttributes": {},
        "sourceFile": "compositions/snapcn-orbit-gallery.html",
        "bbox": {
          "x": -24.17,
          "y": 0.49,
          "width": 214.76,
          "height": 192.57
        },
        "firstSeen": 0.556,
        "lastSeen": 0.556,
        "occurrences": 1
      },
      {
        "code": "panel_out_of_canvas",
        "severity": "info",
        "time": 0.556,
        "selector": "#snapcn-orbit-gallery-source-root > div:nth-of-type(1) > div:nth-of-type(14)",
        "message": "Painted panel extends outside the composition canvas.",
        "rect": {
          "left": -49.89,
          "top": 187.44,
          "right": 135.25,
          "bottom": 337.91,
          "width": 185.15,
          "height": 150.47
        },
        "containerSelector": "#root",
        "text": "",
        "fixHint": "Move the panel inward, or mark intentional off-canvas animation with data-layout-allow-overflow.",
        "containerRect": {
          "left": 0,
          "top": 0,
          "right": 1280,
          "bottom": 720,
          "width": 1280,
          "height": 720
        },
        "overflow": {
          "left": 49.89
        },
        "dataAttributes": {},
        "sourceFile": "compositions/snapcn-orbit-gallery.html",
        "bbox": {
          "x": -49.89,
          "y": 187.44,
          "width": 185.15,
          "height": 150.47
        },
        "firstSeen": 0.556,
        "lastSeen": 0.556,
        "occurrences": 1
      },
      {
        "code": "panel_out_of_canvas",
        "severity": "info",
        "time": 0.556,
        "selector": "#snapcn-orbit-gallery-source-root > div:nth-of-type(1) > div:nth-of-type(15)",
        "message": "Painted panel extends outside the composition canvas.",
        "rect": {
          "left": -46.49,
          "top": 351.32,
          "right": 146.91,
          "bottom": 515.24,
          "width": 193.39,
          "height": 163.93
        },
        "containerSelector": "#root",
        "text": "",
        "fixHint": "Move the panel inward, or mark intentional off-canvas animation with data-layout-allow-overflow.",
        "containerRect": {
          "left": 0,
          "top": 0,
          "right": 1280,
          "bottom": 720,
          "width": 1280,
          "height": 720
        },
        "overflow": {
          "left": 46.49
        },
        "dataAttributes": {},
        "sourceFile": "compositions/snapcn-orbit-gallery.html",
        "bbox": {
          "x": -46.49,
          "y": 351.32,
          "width": 193.39,
          "height": 163.93
        },
        "firstSeen": 0.556,
        "lastSeen": 0.556,
        "occurrences": 1
      },
      {
        "code": "panel_out_of_canvas",
        "severity": "info",
        "time": 0.556,
        "selector": "#snapcn-orbit-gallery-source-root > div:nth-of-type(1) > div:nth-of-type(17)",
        "message": "Painted panel extends outside the composition canvas.",
        "rect": {
          "left": 102.9,
          "top": 629.46,
          "right": 309.58,
          "bottom": 836.18,
          "width": 206.68,
          "height": 206.71
        },
        "containerSelector": "#root",
        "text": "",
        "fixHint": "Move the panel inward, or mark intentional off-canvas animation with data-layout-allow-overflow.",
        "containerRect": {
          "left": 0,
          "top": 0,
          "right": 1280,
          "bottom": 720,
          "width": 1280,
          "height": 720
        },
        "overflow": {
          "bottom": 116.18
        },
        "dataAttributes": {},
        "sourceFile": "compositions/snapcn-orbit-gallery.html",
        "bbox": {
          "x": 102.9,
          "y": 629.46,
          "width": 206.68,
          "height": 206.71
        },
        "firstSeen": 0.556,
        "lastSeen": 0.556,
        "occurrences": 1
      },
      {
        "code": "panel_out_of_canvas",
        "severity": "info",
        "time": 0.556,
        "selector": "#snapcn-orbit-gallery-source-root > div:nth-of-type(1) > div:nth-of-type(22)",
        "message": "Painted panel extends outside the composition canvas.",
        "rect": {
          "left": 883.41,
          "top": 653.75,
          "right": 1068.69,
          "bottom": 838.36,
          "width": 185.28,
          "height": 184.61
        },
        "containerSelector": "#root",
        "text": "",
        "fixHint": "Move the panel inward, or mark intentional off-canvas animation with data-layout-allow-overflow.",
        "containerRect": {
          "left": 0,
          "top": 0,
          "right": 1280,
          "bottom": 720,
          "width": 1280,
          "height": 720
        },
        "overflow": {
          "bottom": 118.36
        },
        "dataAttributes": {},
        "sourceFile": "compositions/snapcn-orbit-gallery.html",
        "bbox": {
          "x": 883.41,
          "y": 653.75,
          "width": 185.28,
          "height": 184.61
        },
        "firstSeen": 0.556,
        "lastSeen": 0.556,
        "occurrences": 1
      },
      {
        "code": "panel_out_of_canvas",
        "severity": "info",
        "time": 0.556,
        "selector": "#snapcn-orbit-gallery-source-root > div:nth-of-type(1) > div:nth-of-type(27)",
        "message": "Painted panel extends outside the composition canvas.",
        "rect": {
          "left": 828.72,
          "top": -76.64,
          "right": 979.56,
          "bottom": 83.74,
          "width": 150.84,
          "height": 160.37
        },
        "containerSelector": "#root",
        "text": "",
        "fixHint": "Move the panel inward, or mark intentional off-canvas animation with data-layout-allow-overflow.",
        "containerRect": {
          "left": 0,
          "top": 0,
          "right": 1280,
          "bottom": 720,
          "width": 1280,
          "height": 720
        },
        "overflow": {
          "top": 76.64
        },
        "dataAttributes": {},
        "sourceFile": "compositions/snapcn-orbit-gallery.html",
        "bbox": {
          "x": 828.72,
          "y": -76.64,
          "width": 150.84,
          "height": 160.37
        },
        "firstSeen": 0.556,
        "lastSeen": 0.556,
        "occurrences": 1
      },
      {
        "code": "panel_out_of_canvas",
        "severity": "info",
        "time": 0.556,
        "selector": "#snapcn-orbit-gallery-source-root > div:nth-of-type(1) > div:nth-of-type(28) > div:nth-of-type(1)",
        "message": "Painted panel extends outside the composition canvas.",
        "rect": {
          "left": 688.01,
          "top": -123.74,
          "right": 801.15,
          "bottom": 12.18,
          "width": 113.14,
          "height": 135.92
        },
        "containerSelector": "#root",
        "text": "",
        "fixHint": "Move the panel inward, or mark intentional off-canvas animation with data-layout-allow-overflow.",
        "containerRect": {
          "left": 0,
          "top": 0,
          "right": 1280,
          "bottom": 720,
          "width": 1280,
          "height": 720
        },
        "overflow": {
          "top": 123.74
        },
        "dataAttributes": {},
        "sourceFile": "compositions/snapcn-orbit-gallery.html",
        "bbox": {
          "x": 688.01,
          "y": -123.74,
          "width": 113.14,
          "height": 135.92
        },
        "firstSeen": 0.556,
        "lastSeen": 0.556,
        "occurrences": 1
      },
      {
        "code": "panel_out_of_canvas",
        "severity": "info",
        "time": 0.556,
        "selector": "#snapcn-orbit-gallery-source-root > div:nth-of-type(1) > div:nth-of-type(29) > div:nth-of-type(1)",
        "message": "Painted panel extends outside the composition canvas.",
        "rect": {
          "left": 514.62,
          "top": -117.3,
          "right": 634.6,
          "bottom": 21.18,
          "width": 119.98,
          "height": 138.48
        },
        "containerSelector": "#root",
        "text": "",
        "fixHint": "Move the panel inward, or mark intentional off-canvas animation with data-layout-allow-overflow.",
        "containerRect": {
          "left": 0,
          "top": 0,
          "right": 1280,
          "bottom": 720,
          "width": 1280,
          "height": 720
        },
        "overflow": {
          "top": 117.3
        },
        "dataAttributes": {},
        "sourceFile": "compositions/snapcn-orbit-gallery.html",
        "bbox": {
          "x": 514.62,
          "y": -117.3,
          "width": 119.98,
          "height": 138.48
        },
        "firstSeen": 0.556,
        "lastSeen": 0.556,
        "occurrences": 1
      },
      {
        "code": "panel_out_of_canvas",
        "severity": "info",
        "time": 0.556,
        "selector": "#snapcn-orbit-gallery-source-root > div:nth-of-type(1) > div:nth-of-type(30)",
        "message": "Painted panel extends outside the composition canvas.",
        "rect": {
          "left": 351.84,
          "top": -44.57,
          "right": 492.88,
          "bottom": 100.03,
          "width": 141.04,
          "height": 144.6
        },
        "containerSelector": "#root",
        "text": "",
        "fixHint": "Move the panel inward, or mark intentional off-canvas animation with data-layout-allow-overflow.",
        "containerRect": {
          "left": 0,
          "top": 0,
          "right": 1280,
          "bottom": 720,
          "width": 1280,
          "height": 720
        },
        "overflow": {
          "top": 44.57
        },
        "dataAttributes": {},
        "sourceFile": "compositions/snapcn-orbit-gallery.html",
        "bbox": {
          "x": 351.84,
          "y": -44.57,
          "width": 141.04,
          "height": 144.6
        },
        "firstSeen": 0.556,
        "lastSeen": 0.556,
        "occurrences": 1
      },
      {
        "code": "panel_out_of_canvas",
        "severity": "info",
        "time": 1.667,
        "selector": "#snapcn-orbit-gallery-source-root > div:nth-of-type(1) > div:nth-of-type(2)",
        "message": "Painted panel extends outside the composition canvas.",
        "rect": {
          "left": 1162.17,
          "top": -30.29,
          "right": 1413.35,
          "bottom": 201.09,
          "width": 251.19,
          "height": 231.37
        },
        "containerSelector": "#root",
        "text": "",
        "fixHint": "Move the panel inward, or mark intentional off-canvas animation with data-layout-allow-overflow.",
        "containerRect": {
          "left": 0,
          "top": 0,
          "right": 1280,
          "bottom": 720,
          "width": 1280,
          "height": 720
        },
        "overflow": {
          "right": 133.35,
          "top": 30.29
        },
        "dataAttributes": {},
        "sourceFile": "compositions/snapcn-orbit-gallery.html",
        "bbox": {
          "x": 1162.17,
          "y": -30.29,
          "width": 251.19,
          "height": 231.37
        },
        "firstSeen": 1.667,
        "lastSeen": 1.667,
        "occurrences": 1
      },
      {
        "code": "panel_out_of_canvas",
        "severity": "info",
        "time": 1.667,
        "selector": "#snapcn-orbit-gallery-source-root > div:nth-of-type(1) > div:nth-of-type(3)",
        "message": "Painted panel extends outside the composition canvas.",
        "rect": {
          "left": 1162.17,
          "top": -30.29,
          "right": 1413.35,
          "bottom": 201.09,
          "width": 251.19,
          "height": 231.37
        },
        "containerSelector": "#root",
        "text": "",
        "fixHint": "Move the panel inward, or mark intentional off-canvas animation with data-layout-allow-overflow.",
        "containerRect": {
          "left": 0,
          "top": 0,
          "right": 1280,
          "bottom": 720,
          "width": 1280,
          "height": 720
        },
        "overflow": {
          "right": 133.35,
          "top": 30.29
        },
        "dataAttributes": {},
        "sourceFile": "compositions/snapcn-orbit-gallery.html",
        "bbox": {
          "x": 1162.17,
          "y": -30.29,
          "width": 251.19,
          "height": 231.37
        },
        "firstSeen": 1.667,
        "lastSeen": 1.667,
        "occurrences": 1
      },
      {
        "code": "panel_out_of_canvas",
        "severity": "info",
        "time": 1.667,
        "selector": "#snapcn-orbit-gallery-source-root > div:nth-of-type(1) > div:nth-of-type(4) > div:nth-of-type(1)",
        "message": "Painted panel extends outside the composition canvas.",
        "rect": {
          "left": 1068.18,
          "top": -181.7,
          "right": 1320.68,
          "bottom": 66.14,
          "width": 252.5,
          "height": 247.84
        },
        "containerSelector": "#root",
        "text": "",
        "fixHint": "Move the panel inward, or mark intentional off-canvas animation with data-layout-allow-overflow.",
        "containerRect": {
          "left": 0,
          "top": 0,
          "right": 1280,
          "bottom": 720,
          "width": 1280,
          "height": 720
        },
        "overflow": {
          "right": 40.68,
          "top": 181.7
        },
        "dataAttributes": {},
        "sourceFile": "compositions/snapcn-orbit-gallery.html",
        "bbox": {
          "x": 1068.18,
          "y": -181.7,
          "width": 252.5,
          "height": 247.84
        },
        "firstSeen": 1.667,
        "lastSeen": 1.667,
        "occurrences": 1
      },
      {
        "code": "panel_out_of_canvas",
        "severity": "info",
        "time": 1.667,
        "selector": "#snapcn-orbit-gallery-source-root > div:nth-of-type(1) > div:nth-of-type(5) > div:nth-of-type(1)",
        "message": "Painted panel extends outside the composition canvas.",
        "rect": {
          "left": 1068.18,
          "top": -181.7,
          "right": 1320.68,
          "bottom": 66.14,
          "width": 252.5,
          "height": 247.84
        },
        "containerSelector": "#root",
        "text": "",
        "fixHint": "Move the panel inward, or mark intentional off-canvas animation with data-layout-allow-overflow.",
        "containerRect": {
          "left": 0,
          "top": 0,
          "right": 1280,
          "bottom": 720,
          "width": 1280,
          "height": 720
        },
        "overflow": {
          "right": 40.68,
          "top": 181.7
        },
        "dataAttributes": {},
        "sourceFile": "compositions/snapcn-orbit-gallery.html",
        "bbox": {
          "x": 1068.18,
          "y": -181.7,
          "width": 252.5,
          "height": 247.84
        },
        "firstSeen": 1.667,
        "lastSeen": 1.667,
        "occurrences": 1
      },
      {
        "code": "panel_out_of_canvas",
        "severity": "info",
        "time": 1.667,
        "selector": "#snapcn-orbit-gallery-source-root > div:nth-of-type(1) > div:nth-of-type(12)",
        "message": "Painted panel extends outside the composition canvas.",
        "rect": {
          "left": 40.59,
          "top": -142.01,
          "right": 267.85,
          "bottom": 75.53,
          "width": 227.26,
          "height": 217.53
        },
        "containerSelector": "#root",
        "text": "",
        "fixHint": "Move the panel inward, or mark intentional off-canvas animation with data-layout-allow-overflow.",
        "containerRect": {
          "left": 0,
          "top": 0,
          "right": 1280,
          "bottom": 720,
          "width": 1280,
          "height": 720
        },
        "overflow": {
          "top": 142.01
        },
        "dataAttributes": {},
        "sourceFile": "compositions/snapcn-orbit-gallery.html",
        "bbox": {
          "x": 40.59,
          "y": -142.01,
          "width": 227.26,
          "height": 217.53
        },
        "firstSeen": 1.667,
        "lastSeen": 1.667,
        "occurrences": 1
      },
      {
        "code": "panel_out_of_canvas",
        "severity": "info",
        "time": 1.667,
        "selector": "#snapcn-orbit-gallery-source-root > div:nth-of-type(1) > div:nth-of-type(13)",
        "message": "Painted panel extends outside the composition canvas.",
        "rect": {
          "left": -30.72,
          "top": 24.28,
          "right": 181,
          "bottom": 212.02,
          "width": 211.73,
          "height": 187.74
        },
        "containerSelector": "#root",
        "text": "",
        "fixHint": "Move the panel inward, or mark intentional off-canvas animation with data-layout-allow-overflow.",
        "containerRect": {
          "left": 0,
          "top": 0,
          "right": 1280,
          "bottom": 720,
          "width": 1280,
          "height": 720
        },
        "overflow": {
          "left": 30.72
        },
        "dataAttributes": {},
        "sourceFile": "compositions/snapcn-orbit-gallery.html",
        "bbox": {
          "x": -30.72,
          "y": 24.28,
          "width": 211.73,
          "height": 187.74
        },
        "firstSeen": 1.667,
        "lastSeen": 1.667,
        "occurrences": 1
      },
      {
        "code": "panel_out_of_canvas",
        "severity": "info",
        "time": 1.667,
        "selector": "#snapcn-orbit-gallery-source-root > div:nth-of-type(1) > div:nth-of-type(14)",
        "message": "Painted panel extends outside the composition canvas.",
        "rect": {
          "left": -49.16,
          "top": 213.49,
          "right": 130.89,
          "bottom": 357.41,
          "width": 180.05,
          "height": 143.92
        },
        "containerSelector": "#root",
        "text": "",
        "fixHint": "Move the panel inward, or mark intentional off-canvas animation with data-layout-allow-overflow.",
        "containerRect": {
          "left": 0,
          "top": 0,
          "right": 1280,
          "bottom": 720,
          "width": 1280,
          "height": 720
        },
        "overflow": {
          "left": 49.16
        },
        "dataAttributes": {},
        "sourceFile": "compositions/snapcn-orbit-gallery.html",
        "bbox": {
          "x": -49.16,
          "y": 213.49,
          "width": 180.05,
          "height": 143.92
        },
        "firstSeen": 1.667,
        "lastSeen": 1.667,
        "occurrences": 1
      },
      {
        "code": "panel_out_of_canvas",
        "severity": "info",
        "time": 1.667,
        "selector": "#snapcn-orbit-gallery-source-root > div:nth-of-type(1) > div:nth-of-type(15)",
        "message": "Painted panel extends outside the composition canvas.",
        "rect": {
          "left": -43.35,
          "top": 371.2,
          "right": 153.16,
          "bottom": 540.04,
          "width": 196.51,
          "height": 168.83
        },
        "containerSelector": "#root",
        "text": "",
        "fixHint": "Move the panel inward, or mark intentional off-canvas animation with data-layout-allow-overflow.",
        "containerRect": {
          "left": 0,
          "top": 0,
          "right": 1280,
          "bottom": 720,
          "width": 1280,
          "height": 720
        },
        "overflow": {
          "left": 43.35
        },
        "dataAttributes": {},
        "sourceFile": "compositions/snapcn-orbit-gallery.html",
        "bbox": {
          "x": -43.35,
          "y": 371.2,
          "width": 196.51,
          "height": 168.83
        },
        "firstSeen": 1.667,
        "lastSeen": 1.667,
        "occurrences": 1
      },
      {
        "code": "panel_out_of_canvas",
        "severity": "info",
        "time": 1.667,
        "selector": "#snapcn-orbit-gallery-source-root > div:nth-of-type(1) > div:nth-of-type(17)",
        "message": "Painted panel extends outside the composition canvas.",
        "rect": {
          "left": 120.11,
          "top": 645.29,
          "right": 325.05,
          "bottom": 852.29,
          "width": 204.94,
          "height": 207.01
        },
        "containerSelector": "#root",
        "text": "",
        "fixHint": "Move the panel inward, or mark intentional off-canvas animation with data-layout-allow-overflow.",
        "containerRect": {
          "left": 0,
          "top": 0,
          "right": 1280,
          "bottom": 720,
          "width": 1280,
          "height": 720
        },
        "overflow": {
          "bottom": 132.29
        },
        "dataAttributes": {},
        "sourceFile": "compositions/snapcn-orbit-gallery.html",
        "bbox": {
          "x": 120.11,
          "y": 645.29,
          "width": 204.94,
          "height": 207.01
        },
        "firstSeen": 1.667,
        "lastSeen": 1.667,
        "occurrences": 1
      },
      {
        "code": "panel_out_of_canvas",
        "severity": "info",
        "time": 1.667,
        "selector": "#snapcn-orbit-gallery-source-root > div:nth-of-type(1) > div:nth-of-type(22)",
        "message": "Painted panel extends outside the composition canvas.",
        "rect": {
          "left": 899.07,
          "top": 638.12,
          "right": 1084.44,
          "bottom": 820.78,
          "width": 185.37,
          "height": 182.66
        },
        "containerSelector": "#root",
        "text": "",
        "fixHint": "Move the panel inward, or mark intentional off-canvas animation with data-layout-allow-overflow.",
        "containerRect": {
          "left": 0,
          "top": 0,
          "right": 1280,
          "bottom": 720,
          "width": 1280,
          "height": 720
        },
        "overflow": {
          "bottom": 100.78
        },
        "dataAttributes": {},
        "sourceFile": "compositions/snapcn-orbit-gallery.html",
        "bbox": {
          "x": 899.07,
          "y": 638.12,
          "width": 185.37,
          "height": 182.66
        },
        "firstSeen": 1.667,
        "lastSeen": 1.667,
        "occurrences": 1
      },
      {
        "code": "panel_out_of_canvas",
        "severity": "info",
        "time": 1.667,
        "selector": "#snapcn-orbit-gallery-source-root > div:nth-of-type(1) > div:nth-of-type(27)",
        "message": "Painted panel extends outside the composition canvas.",
        "rect": {
          "left": 810.89,
          "top": -87.15,
          "right": 957.87,
          "bottom": 71.31,
          "width": 146.99,
          "height": 158.46
        },
        "containerSelector": "#root",
        "text": "",
        "fixHint": "Move the panel inward, or mark intentional off-canvas animation with data-layout-allow-overflow.",
        "containerRect": {
          "left": 0,
          "top": 0,
          "right": 1280,
          "bottom": 720,
          "width": 1280,
          "height": 720
        },
        "overflow": {
          "top": 87.15
        },
        "dataAttributes": {},
        "sourceFile": "compositions/snapcn-orbit-gallery.html",
        "bbox": {
          "x": 810.89,
          "y": -87.15,
          "width": 146.99,
          "height": 158.46
        },
        "firstSeen": 1.667,
        "lastSeen": 1.667,
        "occurrences": 1
      },
      {
        "code": "panel_out_of_canvas",
        "severity": "info",
        "time": 1.667,
        "selector": "#snapcn-orbit-gallery-source-root > div:nth-of-type(1) > div:nth-of-type(28) > div:nth-of-type(1)",
        "message": "Painted panel extends outside the composition canvas.",
        "rect": {
          "left": 668.59,
          "top": -124.25,
          "right": 775.28,
          "bottom": 6.73,
          "width": 106.69,
          "height": 130.98
        },
        "containerSelector": "#root",
        "text": "",
        "fixHint": "Move the panel inward, or mark intentional off-canvas animation with data-layout-allow-overflow.",
        "containerRect": {
          "left": 0,
          "top": 0,
          "right": 1280,
          "bottom": 720,
          "width": 1280,
          "height": 720
        },
        "overflow": {
          "top": 124.25
        },
        "dataAttributes": {},
        "sourceFile": "compositions/snapcn-orbit-gallery.html",
        "bbox": {
          "x": 668.59,
          "y": -124.25,
          "width": 106.69,
          "height": 130.98
        },
        "firstSeen": 1.667,
        "lastSeen": 1.667,
        "occurrences": 1
      },
      {
        "code": "panel_out_of_canvas",
        "severity": "info",
        "time": 1.667,
        "selector": "#snapcn-orbit-gallery-source-root > div:nth-of-type(1) > div:nth-of-type(29) > div:nth-of-type(1)",
        "message": "Painted panel extends outside the composition canvas.",
        "rect": {
          "left": 490.53,
          "top": -112.17,
          "right": 614.74,
          "bottom": 28.65,
          "width": 124.21,
          "height": 140.82
        },
        "containerSelector": "#root",
        "text": "",
        "fixHint": "Move the panel inward, or mark intentional off-canvas animation with data-layout-allow-overflow.",
        "containerRect": {
          "left": 0,
          "top": 0,
          "right": 1280,
          "bottom": 720,
          "width": 1280,
          "height": 720
        },
        "overflow": {
          "top": 112.17
        },
        "dataAttributes": {},
        "sourceFile": "compositions/snapcn-orbit-gallery.html",
        "bbox": {
          "x": 490.53,
          "y": -112.17,
          "width": 124.21,
          "height": 140.82
        },
        "firstSeen": 1.667,
        "lastSeen": 1.667,
        "occurrences": 1
      },
      {
        "code": "panel_out_of_canvas",
        "severity": "info",
        "time": 1.667,
        "selector": "#snapcn-orbit-gallery-source-root > div:nth-of-type(1) > div:nth-of-type(30)",
        "message": "Painted panel extends outside the composition canvas.",
        "rect": {
          "left": 334.01,
          "top": -29.16,
          "right": 475.89,
          "bottom": 114.2,
          "width": 141.87,
          "height": 143.37
        },
        "containerSelector": "#root",
        "text": "",
        "fixHint": "Move the panel inward, or mark intentional off-canvas animation with data-layout-allow-overflow.",
        "containerRect": {
          "left": 0,
          "top": 0,
          "right": 1280,
          "bottom": 720,
          "width": 1280,
          "height": 720
        },
        "overflow": {
          "top": 29.16
        },
        "dataAttributes": {},
        "sourceFile": "compositions/snapcn-orbit-gallery.html",
        "bbox": {
          "x": 334.01,
          "y": -29.16,
          "width": 141.87,
          "height": 143.37
        },
        "firstSeen": 1.667,
        "lastSeen": 1.667,
        "occurrences": 1
      },
      {
        "code": "panel_out_of_canvas",
        "severity": "info",
        "time": 2.778,
        "selector": "#snapcn-orbit-gallery-source-root > div:nth-of-type(1) > div:nth-of-type(2)",
        "message": "Painted panel extends outside the composition canvas.",
        "rect": {
          "left": 1154.04,
          "top": -46.73,
          "right": 1406.05,
          "bottom": 186.95,
          "width": 252.01,
          "height": 233.68
        },
        "containerSelector": "#root",
        "text": "",
        "fixHint": "Move the panel inward, or mark intentional off-canvas animation with data-layout-allow-overflow.",
        "containerRect": {
          "left": 0,
          "top": 0,
          "right": 1280,
          "bottom": 720,
          "width": 1280,
          "height": 720
        },
        "overflow": {
          "right": 126.05,
          "top": 46.73
        },
        "dataAttributes": {},
        "sourceFile": "compositions/snapcn-orbit-gallery.html",
        "bbox": {
          "x": 1154.04,
          "y": -46.73,
          "width": 252.01,
          "height": 233.68
        },
        "firstSeen": 2.778,
        "lastSeen": 2.778,
        "occurrences": 1
      },
      {
        "code": "panel_out_of_canvas",
        "severity": "info",
        "time": 2.778,
        "selector": "#snapcn-orbit-gallery-source-root > div:nth-of-type(1) > div:nth-of-type(3) > div:nth-of-type(1)",
        "message": "Painted panel extends outside the composition canvas.",
        "rect": {
          "left": 1057.35,
          "top": -195.07,
          "right": 1309.13,
          "bottom": 53.58,
          "width": 251.78,
          "height": 248.65
        },
        "containerSelector": "#root",
        "text": "",
        "fixHint": "Move the panel inward, or mark intentional off-canvas animation with data-layout-allow-overflow.",
        "containerRect": {
          "left": 0,
          "top": 0,
          "right": 1280,
          "bottom": 720,
          "width": 1280,
          "height": 720
        },
        "overflow": {
          "right": 29.13,
          "top": 195.07
        },
        "dataAttributes": {},
        "sourceFile": "compositions/snapcn-orbit-gallery.html",
        "bbox": {
          "x": 1057.35,
          "y": -195.07,
          "width": 251.78,
          "height": 248.65
        },
        "firstSeen": 2.778,
        "lastSeen": 2.778,
        "occurrences": 1
      },
      {
        "code": "panel_out_of_canvas",
        "severity": "info",
        "time": 2.778,
        "selector": "#snapcn-orbit-gallery-source-root > div:nth-of-type(1) > div:nth-of-type(4) > div:nth-of-type(1)",
        "message": "Painted panel extends outside the composition canvas.",
        "rect": {
          "left": 1057.35,
          "top": -195.07,
          "right": 1309.13,
          "bottom": 53.58,
          "width": 251.78,
          "height": 248.65
        },
        "containerSelector": "#root",
        "text": "",
        "fixHint": "Move the panel inward, or mark intentional off-canvas animation with data-layout-allow-overflow.",
        "containerRect": {
          "left": 0,
          "top": 0,
          "right": 1280,
          "bottom": 720,
          "width": 1280,
          "height": 720
        },
        "overflow": {
          "right": 29.13,
          "top": 195.07
        },
        "dataAttributes": {},
        "sourceFile": "compositions/snapcn-orbit-gallery.html",
        "bbox": {
          "x": 1057.35,
          "y": -195.07,
          "width": 251.78,
          "height": 248.65
        },
        "firstSeen": 2.778,
        "lastSeen": 2.778,
        "occurrences": 1
      },
      {
        "code": "panel_out_of_canvas",
        "severity": "info",
        "time": 2.778,
        "selector": "#snapcn-orbit-gallery-source-root > div:nth-of-type(1) > div:nth-of-type(12)",
        "message": "Painted panel extends outside the composition canvas.",
        "rect": {
          "left": 31.24,
          "top": -126.76,
          "right": 257.71,
          "bottom": 88.48,
          "width": 226.47,
          "height": 215.25
        },
        "containerSelector": "#root",
        "text": "",
        "fixHint": "Move the panel inward, or mark intentional off-canvas animation with data-layout-allow-overflow.",
        "containerRect": {
          "left": 0,
          "top": 0,
          "right": 1280,
          "bottom": 720,
          "width": 1280,
          "height": 720
        },
        "overflow": {
          "top": 126.76
        },
        "dataAttributes": {},
        "sourceFile": "compositions/snapcn-orbit-gallery.html",
        "bbox": {
          "x": 31.24,
          "y": -126.76,
          "width": 226.47,
          "height": 215.25
        },
        "firstSeen": 2.778,
        "lastSeen": 2.778,
        "occurrences": 1
      },
      {
        "code": "panel_out_of_canvas",
        "severity": "info",
        "time": 2.778,
        "selector": "#snapcn-orbit-gallery-source-root > div:nth-of-type(1) > div:nth-of-type(13)",
        "message": "Painted panel extends outside the composition canvas.",
        "rect": {
          "left": -35.02,
          "top": 42.4,
          "right": 174.22,
          "bottom": 226.33,
          "width": 209.24,
          "height": 183.93
        },
        "containerSelector": "#root",
        "text": "",
        "fixHint": "Move the panel inward, or mark intentional off-canvas animation with data-layout-allow-overflow.",
        "containerRect": {
          "left": 0,
          "top": 0,
          "right": 1280,
          "bottom": 720,
          "width": 1280,
          "height": 720
        },
        "overflow": {
          "left": 35.02
        },
        "dataAttributes": {},
        "sourceFile": "compositions/snapcn-orbit-gallery.html",
        "bbox": {
          "x": -35.02,
          "y": 42.4,
          "width": 209.24,
          "height": 183.93
        },
        "firstSeen": 2.778,
        "lastSeen": 2.778,
        "occurrences": 1
      },
      {
        "code": "panel_out_of_canvas",
        "severity": "info",
        "time": 2.778,
        "selector": "#snapcn-orbit-gallery-source-root > div:nth-of-type(1) > div:nth-of-type(14)",
        "message": "Painted panel extends outside the composition canvas.",
        "rect": {
          "left": -47.98,
          "top": 233.12,
          "right": 128.1,
          "bottom": 372,
          "width": 176.07,
          "height": 138.89
        },
        "containerSelector": "#root",
        "text": "",
        "fixHint": "Move the panel inward, or mark intentional off-canvas animation with data-layout-allow-overflow.",
        "containerRect": {
          "left": 0,
          "top": 0,
          "right": 1280,
          "bottom": 720,
          "width": 1280,
          "height": 720
        },
        "overflow": {
          "left": 47.98
        },
        "dataAttributes": {},
        "sourceFile": "compositions/snapcn-orbit-gallery.html",
        "bbox": {
          "x": -47.98,
          "y": 233.12,
          "width": 176.07,
          "height": 138.89
        },
        "firstSeen": 2.778,
        "lastSeen": 2.778,
        "occurrences": 1
      },
      {
        "code": "panel_out_of_canvas",
        "severity": "info",
        "time": 2.778,
        "selector": "#snapcn-orbit-gallery-source-root > div:nth-of-type(1) > div:nth-of-type(15)",
        "message": "Painted panel extends outside the composition canvas.",
        "rect": {
          "left": -40.33,
          "top": 386.08,
          "right": 158.33,
          "bottom": 558.44,
          "width": 198.66,
          "height": 172.36
        },
        "containerSelector": "#root",
        "text": "",
        "fixHint": "Move the panel inward, or mark intentional off-canvas animation with data-layout-allow-overflow.",
        "containerRect": {
          "left": 0,
          "top": 0,
          "right": 1280,
          "bottom": 720,
          "width": 1280,
          "height": 720
        },
        "overflow": {
          "left": 40.33
        },
        "dataAttributes": {},
        "sourceFile": "compositions/snapcn-orbit-gallery.html",
        "bbox": {
          "x": -40.33,
          "y": 386.08,
          "width": 198.66,
          "height": 172.36
        },
        "firstSeen": 2.778,
        "lastSeen": 2.778,
        "occurrences": 1
      },
      {
        "code": "panel_out_of_canvas",
        "severity": "info",
        "time": 2.778,
        "selector": "#snapcn-orbit-gallery-source-root > div:nth-of-type(1) > div:nth-of-type(17)",
        "message": "Painted panel extends outside the composition canvas.",
        "rect": {
          "left": 133.54,
          "top": 656.83,
          "right": 336.95,
          "bottom": 863.84,
          "width": 203.41,
          "height": 207.01
        },
        "containerSelector": "#root",
        "text": "",
        "fixHint": "Move the panel inward, or mark intentional off-canvas animation with data-layout-allow-overflow.",
        "containerRect": {
          "left": 0,
          "top": 0,
          "right": 1280,
          "bottom": 720,
          "width": 1280,
          "height": 720
        },
        "overflow": {
          "bottom": 143.84
        },
        "dataAttributes": {},
        "sourceFile": "compositions/snapcn-orbit-gallery.html",
        "bbox": {
          "x": 133.54,
          "y": 656.83,
          "width": 203.41,
          "height": 207.01
        },
        "firstSeen": 2.778,
        "lastSeen": 2.778,
        "occurrences": 1
      },
      {
        "code": "panel_out_of_canvas",
        "severity": "info",
        "time": 2.778,
        "selector": "#snapcn-orbit-gallery-source-root > div:nth-of-type(1) > div:nth-of-type(22)",
        "message": "Painted panel extends outside the composition canvas.",
        "rect": {
          "left": 910.43,
          "top": 626.08,
          "right": 1095.63,
          "bottom": 807.04,
          "width": 185.2,
          "height": 180.97
        },
        "containerSelector": "#root",
        "text": "",
        "fixHint": "Move the panel inward, or mark intentional off-canvas animation with data-layout-allow-overflow.",
        "containerRect": {
          "left": 0,
          "top": 0,
          "right": 1280,
          "bottom": 720,
          "width": 1280,
          "height": 720
        },
        "overflow": {
          "bottom": 87.04
        },
        "dataAttributes": {},
        "sourceFile": "compositions/snapcn-orbit-gallery.html",
        "bbox": {
          "x": 910.43,
          "y": 626.08,
          "width": 185.2,
          "height": 180.97
        },
        "firstSeen": 2.778,
        "lastSeen": 2.778,
        "occurrences": 1
      },
      {
        "code": "panel_out_of_canvas",
        "severity": "info",
        "time": 2.778,
        "selector": "#snapcn-orbit-gallery-source-root > div:nth-of-type(1) > div:nth-of-type(27)",
        "message": "Painted panel extends outside the composition canvas.",
        "rect": {
          "left": 797.27,
          "top": -94.2,
          "right": 941.13,
          "bottom": 62.54,
          "width": 143.86,
          "height": 156.74
        },
        "containerSelector": "#root",
        "text": "",
        "fixHint": "Move the panel inward, or mark intentional off-canvas animation with data-layout-allow-overflow.",
        "containerRect": {
          "left": 0,
          "top": 0,
          "right": 1280,
          "bottom": 720,
          "width": 1280,
          "height": 720
        },
        "overflow": {
          "top": 94.2
        },
        "dataAttributes": {},
        "sourceFile": "compositions/snapcn-orbit-gallery.html",
        "bbox": {
          "x": 797.27,
          "y": -94.2,
          "width": 143.86,
          "height": 156.74
        },
        "firstSeen": 2.778,
        "lastSeen": 2.778,
        "occurrences": 1
      },
      {
        "code": "panel_out_of_canvas",
        "severity": "info",
        "time": 2.778,
        "selector": "#snapcn-orbit-gallery-source-root > div:nth-of-type(1) > div:nth-of-type(28) > div:nth-of-type(1)",
        "message": "Painted panel extends outside the composition canvas.",
        "rect": {
          "left": 654.01,
          "top": -123.71,
          "right": 755.69,
          "bottom": 3.33,
          "width": 101.68,
          "height": 127.03
        },
        "containerSelector": "#root",
        "text": "",
        "fixHint": "Move the panel inward, or mark intentional off-canvas animation with data-layout-allow-overflow.",
        "containerRect": {
          "left": 0,
          "top": 0,
          "right": 1280,
          "bottom": 720,
          "width": 1280,
          "height": 720
        },
        "overflow": {
          "top": 123.71
        },
        "dataAttributes": {},
        "sourceFile": "compositions/snapcn-orbit-gallery.html",
        "bbox": {
          "x": 654.01,
          "y": -123.71,
          "width": 101.68,
          "height": 127.03
        },
        "firstSeen": 2.778,
        "lastSeen": 2.778,
        "occurrences": 1
      },
      {
        "code": "panel_out_of_canvas",
        "severity": "info",
        "time": 2.778,
        "selector": "#snapcn-orbit-gallery-source-root > div:nth-of-type(1) > div:nth-of-type(29) > div:nth-of-type(1)",
        "message": "Painted panel extends outside the composition canvas.",
        "rect": {
          "left": 472.86,
          "top": -107.4,
          "right": 599.96,
          "bottom": 34.88,
          "width": 127.11,
          "height": 142.28
        },
        "containerSelector": "#root",
        "text": "",
        "fixHint": "Move the panel inward, or mark intentional off-canvas animation with data-layout-allow-overflow.",
        "containerRect": {
          "left": 0,
          "top": 0,
          "right": 1280,
          "bottom": 720,
          "width": 1280,
          "height": 720
        },
        "overflow": {
          "top": 107.4
        },
        "dataAttributes": {},
        "sourceFile": "compositions/snapcn-orbit-gallery.html",
        "bbox": {
          "x": 472.86,
          "y": -107.4,
          "width": 127.11,
          "height": 142.28
        },
        "firstSeen": 2.778,
        "lastSeen": 2.778,
        "occurrences": 1
      },
      {
        "code": "panel_out_of_canvas",
        "severity": "info",
        "time": 3.889,
        "selector": "#snapcn-orbit-gallery-source-root > div:nth-of-type(1) > div:nth-of-type(2)",
        "message": "Painted panel extends outside the composition canvas.",
        "rect": {
          "left": 1145.62,
          "top": -62.92,
          "right": 1398.3,
          "bottom": 172.92,
          "width": 252.68,
          "height": 235.84
        },
        "containerSelector": "#root",
        "text": "",
        "fixHint": "Move the panel inward, or mark intentional off-canvas animation with data-layout-allow-overflow.",
        "containerRect": {
          "left": 0,
          "top": 0,
          "right": 1280,
          "bottom": 720,
          "width": 1280,
          "height": 720
        },
        "overflow": {
          "right": 118.3,
          "top": 62.92
        },
        "dataAttributes": {},
        "sourceFile": "compositions/snapcn-orbit-gallery.html",
        "bbox": {
          "x": 1145.62,
          "y": -62.92,
          "width": 252.68,
          "height": 235.84
        },
        "firstSeen": 3.889,
        "lastSeen": 3.889,
        "occurrences": 1
      },
      {
        "code": "panel_out_of_canvas",
        "severity": "info",
        "time": 3.889,
        "selector": "#snapcn-orbit-gallery-source-root > div:nth-of-type(1) > div:nth-of-type(3) > div:nth-of-type(1)",
        "message": "Painted panel extends outside the composition canvas.",
        "rect": {
          "left": 1046.25,
          "top": -208.09,
          "right": 1297.16,
          "bottom": 41.23,
          "width": 250.91,
          "height": 249.31
        },
        "containerSelector": "#root",
        "text": "",
        "fixHint": "Move the panel inward, or mark intentional off-canvas animation with data-layout-allow-overflow.",
        "containerRect": {
          "left": 0,
          "top": 0,
          "right": 1280,
          "bottom": 720,
          "width": 1280,
          "height": 720
        },
        "overflow": {
          "top": 208.09
        },
        "dataAttributes": {},
        "sourceFile": "compositions/snapcn-orbit-gallery.html",
        "bbox": {
          "x": 1046.25,
          "y": -208.09,
          "width": 250.91,
          "height": 249.31
        },
        "firstSeen": 3.889,
        "lastSeen": 3.889,
        "occurrences": 1
      },
      {
        "code": "panel_out_of_canvas",
        "severity": "info",
        "time": 3.889,
        "selector": "#snapcn-orbit-gallery-source-root > div:nth-of-type(1) > div:nth-of-type(12)",
        "message": "Painted panel extends outside the composition canvas.",
        "rect": {
          "left": 22.35,
          "top": -111.2,
          "right": 247.85,
          "bottom": 101.6,
          "width": 225.51,
          "height": 212.8
        },
        "containerSelector": "#root",
        "text": "",
        "fixHint": "Move the panel inward, or mark intentional off-canvas animation with data-layout-allow-overflow.",
        "containerRect": {
          "left": 0,
          "top": 0,
          "right": 1280,
          "bottom": 720,
          "width": 1280,
          "height": 720
        },
        "overflow": {
          "top": 111.2
        },
        "dataAttributes": {},
        "sourceFile": "compositions/snapcn-orbit-gallery.html",
        "bbox": {
          "x": 22.35,
          "y": -111.2,
          "width": 225.51,
          "height": 212.8
        },
        "firstSeen": 3.889,
        "lastSeen": 3.889,
        "occurrences": 1
      },
      {
        "code": "panel_out_of_canvas",
        "severity": "info",
        "time": 3.889,
        "selector": "#snapcn-orbit-gallery-source-root > div:nth-of-type(1) > div:nth-of-type(13)",
        "message": "Painted panel extends outside the composition canvas.",
        "rect": {
          "left": -38.78,
          "top": 60.73,
          "right": 167.84,
          "bottom": 240.73,
          "width": 206.62,
          "height": 180
        },
        "containerSelector": "#root",
        "text": "",
        "fixHint": "Move the panel inward, or mark intentional off-canvas animation with data-layout-allow-overflow.",
        "containerRect": {
          "left": 0,
          "top": 0,
          "right": 1280,
          "bottom": 720,
          "width": 1280,
          "height": 720
        },
        "overflow": {
          "left": 38.78
        },
        "dataAttributes": {},
        "sourceFile": "compositions/snapcn-orbit-gallery.html",
        "bbox": {
          "x": -38.78,
          "y": 60.73,
          "width": 206.62,
          "height": 180
        },
        "firstSeen": 3.889,
        "lastSeen": 3.889,
        "occurrences": 1
      },
      {
        "code": "panel_out_of_canvas",
        "severity": "info",
        "time": 3.889,
        "selector": "#snapcn-orbit-gallery-source-root > div:nth-of-type(1) > div:nth-of-type(14)",
        "message": "Painted panel extends outside the composition canvas.",
        "rect": {
          "left": -47,
          "top": 251.83,
          "right": 126.5,
          "bottom": 387.55,
          "width": 173.49,
          "height": 135.71
        },
        "containerSelector": "#root",
        "text": "",
        "fixHint": "Move the panel inward, or mark intentional off-canvas animation with data-layout-allow-overflow.",
        "containerRect": {
          "left": 0,
          "top": 0,
          "right": 1280,
          "bottom": 720,
          "width": 1280,
          "height": 720
        },
        "overflow": {
          "left": 47
        },
        "dataAttributes": {},
        "sourceFile": "compositions/snapcn-orbit-gallery.html",
        "bbox": {
          "x": -47,
          "y": 251.83,
          "width": 173.49,
          "height": 135.71
        },
        "firstSeen": 3.889,
        "lastSeen": 3.889,
        "occurrences": 1
      },
      {
        "code": "panel_out_of_canvas",
        "severity": "info",
        "time": 3.889,
        "selector": "#snapcn-orbit-gallery-source-root > div:nth-of-type(1) > div:nth-of-type(15)",
        "message": "Painted panel extends outside the composition canvas.",
        "rect": {
          "left": -36.76,
          "top": 400.93,
          "right": 163.86,
          "bottom": 576.64,
          "width": 200.61,
          "height": 175.71
        },
        "containerSelector": "#root",
        "text": "",
        "fixHint": "Move the panel inward, or mark intentional off-canvas animation with data-layout-allow-overflow.",
        "containerRect": {
          "left": 0,
          "top": 0,
          "right": 1280,
          "bottom": 720,
          "width": 1280,
          "height": 720
        },
        "overflow": {
          "left": 36.76
        },
        "dataAttributes": {},
        "sourceFile": "compositions/snapcn-orbit-gallery.html",
        "bbox": {
          "x": -36.76,
          "y": 400.93,
          "width": 200.61,
          "height": 175.71
        },
        "firstSeen": 3.889,
        "lastSeen": 3.889,
        "occurrences": 1
      },
      {
        "code": "panel_out_of_canvas",
        "severity": "info",
        "time": 3.889,
        "selector": "#snapcn-orbit-gallery-source-root > div:nth-of-type(1) > div:nth-of-type(16)",
        "message": "Painted panel extends outside the composition canvas.",
        "rect": {
          "left": 29.6,
          "top": 543.83,
          "right": 240.02,
          "bottom": 744.05,
          "width": 210.42,
          "height": 200.22
        },
        "containerSelector": "#root",
        "text": "",
        "fixHint": "Move the panel inward, or mark intentional off-canvas animation with data-layout-allow-overflow.",
        "containerRect": {
          "left": 0,
          "top": 0,
          "right": 1280,
          "bottom": 720,
          "width": 1280,
          "height": 720
        },
        "overflow": {
          "bottom": 24.05
        },
        "dataAttributes": {},
        "sourceFile": "compositions/snapcn-orbit-gallery.html",
        "bbox": {
          "x": 29.6,
          "y": 543.83,
          "width": 210.42,
          "height": 200.22
        },
        "firstSeen": 3.889,
        "lastSeen": 3.889,
        "occurrences": 1
      },
      {
        "code": "panel_out_of_canvas",
        "severity": "info",
        "time": 3.889,
        "selector": "#snapcn-orbit-gallery-source-root > div:nth-of-type(1) > div:nth-of-type(17) > div:nth-of-type(1)",
        "message": "Painted panel extends outside the composition canvas.",
        "rect": {
          "left": 147.39,
          "top": 668.08,
          "right": 349.1,
          "bottom": 874.9,
          "width": 201.71,
          "height": 206.83
        },
        "containerSelector": "#root",
        "text": "",
        "fixHint": "Move the panel inward, or mark intentional off-canvas animation with data-layout-allow-overflow.",
        "containerRect": {
          "left": 0,
          "top": 0,
          "right": 1280,
          "bottom": 720,
          "width": 1280,
          "height": 720
        },
        "overflow": {
          "bottom": 154.9
        },
        "dataAttributes": {},
        "sourceFile": "compositions/snapcn-orbit-gallery.html",
        "bbox": {
          "x": 147.39,
          "y": 668.08,
          "width": 201.71,
          "height": 206.83
        },
        "firstSeen": 3.889,
        "lastSeen": 3.889,
        "occurrences": 1
      },
      {
        "code": "panel_out_of_canvas",
        "severity": "info",
        "time": 3.889,
        "selector": "#snapcn-orbit-gallery-source-root > div:nth-of-type(1) > div:nth-of-type(22)",
        "message": "Painted panel extends outside the composition canvas.",
        "rect": {
          "left": 921.46,
          "top": 613.75,
          "right": 1106.27,
          "bottom": 792.81,
          "width": 184.81,
          "height": 179.07
        },
        "containerSelector": "#root",
        "text": "",
        "fixHint": "Move the panel inward, or mark intentional off-canvas animation with data-layout-allow-overflow.",
        "containerRect": {
          "left": 0,
          "top": 0,
          "right": 1280,
          "bottom": 720,
          "width": 1280,
          "height": 720
        },
        "overflow": {
          "bottom": 72.81
        },
        "dataAttributes": {},
        "sourceFile": "compositions/snapcn-orbit-gallery.html",
        "bbox": {
          "x": 921.46,
          "y": 613.75,
          "width": 184.81,
          "height": 179.07
        },
        "firstSeen": 3.889,
        "lastSeen": 3.889,
        "occurrences": 1
      },
      {
        "code": "panel_out_of_canvas",
        "severity": "info",
        "time": 3.889,
        "selector": "#snapcn-orbit-gallery-source-root > div:nth-of-type(1) > div:nth-of-type(27)",
        "message": "Painted panel extends outside the composition canvas.",
        "rect": {
          "left": 783.44,
          "top": -100.56,
          "right": 923.96,
          "bottom": 54.24,
          "width": 140.52,
          "height": 154.79
        },
        "containerSelector": "#root",
        "text": "",
        "fixHint": "Move the panel inward, or mark intentional off-canvas animation with data-layout-allow-overflow.",
        "containerRect": {
          "left": 0,
          "top": 0,
          "right": 1280,
          "bottom": 720,
          "width": 1280,
          "height": 720
        },
        "overflow": {
          "top": 100.56
        },
        "dataAttributes": {},
        "sourceFile": "compositions/snapcn-orbit-gallery.html",
        "bbox": {
          "x": 783.44,
          "y": -100.56,
          "width": 140.52,
          "height": 154.79
        },
        "firstSeen": 3.889,
        "lastSeen": 3.889,
        "occurrences": 1
      },
      {
        "code": "panel_out_of_canvas",
        "severity": "info",
        "time": 3.889,
        "selector": "#snapcn-orbit-gallery-source-root > div:nth-of-type(1) > div:nth-of-type(28) > div:nth-of-type(1)",
        "message": "Painted panel extends outside the composition canvas.",
        "rect": {
          "left": 639.48,
          "top": -122.39,
          "right": 736,
          "bottom": 0.51,
          "width": 96.52,
          "height": 122.91
        },
        "containerSelector": "#root",
        "text": "",
        "fixHint": "Move the panel inward, or mark intentional off-canvas animation with data-layout-allow-overflow.",
        "containerRect": {
          "left": 0,
          "top": 0,
          "right": 1280,
          "bottom": 720,
          "width": 1280,
          "height": 720
        },
        "overflow": {
          "top": 122.39
        },
        "dataAttributes": {},
        "sourceFile": "compositions/snapcn-orbit-gallery.html",
        "bbox": {
          "x": 639.48,
          "y": -122.39,
          "width": 96.52,
          "height": 122.91
        },
        "firstSeen": 3.889,
        "lastSeen": 3.889,
        "occurrences": 1
      },
      {
        "code": "panel_out_of_canvas",
        "severity": "info",
        "time": 3.889,
        "selector": "#snapcn-orbit-gallery-source-root > div:nth-of-type(1) > div:nth-of-type(29) > div:nth-of-type(1)",
        "message": "Painted panel extends outside the composition canvas.",
        "rect": {
          "left": 455.56,
          "top": -101.8,
          "right": 585.34,
          "bottom": 41.68,
          "width": 129.78,
          "height": 143.48
        },
        "containerSelector": "#root",
        "text": "",
        "fixHint": "Move the panel inward, or mark intentional off-canvas animation with data-layout-allow-overflow.",
        "containerRect": {
          "left": 0,
          "top": 0,
          "right": 1280,
          "bottom": 720,
          "width": 1280,
          "height": 720
        },
        "overflow": {
          "top": 101.8
        },
        "dataAttributes": {},
        "sourceFile": "compositions/snapcn-orbit-gallery.html",
        "bbox": {
          "x": 455.56,
          "y": -101.8,
          "width": 129.78,
          "height": 143.48
        },
        "firstSeen": 3.889,
        "lastSeen": 3.889,
        "occurrences": 1
      },
      {
        "code": "escaped_container",
        "severity": "info",
        "time": 5,
        "selector": "#snapcn-orbit-gallery-source-root > div:nth-of-type(1) > div:nth-of-type(21)",
        "message": "Positioned element renders far outside its offset parent — its coordinates were likely computed in a different frame (canvas/viewport pixels).",
        "rect": {
          "left": 815.76,
          "top": 710.62,
          "right": 996.9,
          "bottom": 899.29,
          "width": 181.14,
          "height": 188.67
        },
        "containerSelector": "#snapcn-orbit-gallery-source-root > div:nth-of-type(1)",
        "text": "",
        "fixHint": "Compute left/top in the offset parent's frame (subtract its rect), or mark intentional placement with data-layout-allow-overflow.",
        "containerRect": {
          "left": 0,
          "top": 0,
          "right": 1280,
          "bottom": 720,
          "width": 1280,
          "height": 720
        },
        "dataAttributes": {},
        "sourceFile": "compositions/snapcn-orbit-gallery.html",
        "bbox": {
          "x": 815.76,
          "y": 710.62,
          "width": 181.14,
          "height": 188.67
        },
        "firstSeen": 5,
        "lastSeen": 5,
        "occurrences": 1
      },
      {
        "code": "escaped_container",
        "severity": "info",
        "time": 5,
        "selector": "#snapcn-orbit-gallery-source-root > div:nth-of-type(1) > div:nth-of-type(27)",
        "message": "Positioned element renders far outside its offset parent — its coordinates were likely computed in a different frame (canvas/viewport pixels).",
        "rect": {
          "left": 764.76,
          "top": -107.87,
          "right": 900.5,
          "bottom": 43.95,
          "width": 135.73,
          "height": 151.82
        },
        "containerSelector": "#snapcn-orbit-gallery-source-root > div:nth-of-type(1)",
        "text": "",
        "fixHint": "Compute left/top in the offset parent's frame (subtract its rect), or mark intentional placement with data-layout-allow-overflow.",
        "containerRect": {
          "left": 0,
          "top": 0,
          "right": 1280,
          "bottom": 720,
          "width": 1280,
          "height": 720
        },
        "dataAttributes": {},
        "sourceFile": "compositions/snapcn-orbit-gallery.html",
        "bbox": {
          "x": 764.76,
          "y": -107.87,
          "width": 135.73,
          "height": 151.82
        },
        "firstSeen": 5,
        "lastSeen": 5,
        "occurrences": 1
      },
      {
        "code": "panel_out_of_canvas",
        "severity": "info",
        "time": 5,
        "selector": "#snapcn-orbit-gallery-source-root > div:nth-of-type(1) > div:nth-of-type(2)",
        "message": "Painted panel extends outside the composition canvas.",
        "rect": {
          "left": 1133.93,
          "top": -84.06,
          "right": 1387.26,
          "bottom": 154.43,
          "width": 253.33,
          "height": 238.49
        },
        "containerSelector": "#root",
        "text": "",
        "fixHint": "Move the panel inward, or mark intentional off-canvas animation with data-layout-allow-overflow.",
        "containerRect": {
          "left": 0,
          "top": 0,
          "right": 1280,
          "bottom": 720,
          "width": 1280,
          "height": 720
        },
        "overflow": {
          "right": 107.26,
          "top": 84.06
        },
        "dataAttributes": {},
        "sourceFile": "compositions/snapcn-orbit-gallery.html",
        "bbox": {
          "x": 1133.93,
          "y": -84.06,
          "width": 253.33,
          "height": 238.49
        },
        "firstSeen": 5,
        "lastSeen": 5,
        "occurrences": 1
      },
      {
        "code": "panel_out_of_canvas",
        "severity": "info",
        "time": 5,
        "selector": "#snapcn-orbit-gallery-source-root > div:nth-of-type(1) > div:nth-of-type(3) > div:nth-of-type(1)",
        "message": "Painted panel extends outside the composition canvas.",
        "rect": {
          "left": 1031.1,
          "top": -224.85,
          "right": 1280.61,
          "bottom": 25.11,
          "width": 249.51,
          "height": 249.96
        },
        "containerSelector": "#root",
        "text": "",
        "fixHint": "Move the panel inward, or mark intentional off-canvas animation with data-layout-allow-overflow.",
        "containerRect": {
          "left": 0,
          "top": 0,
          "right": 1280,
          "bottom": 720,
          "width": 1280,
          "height": 720
        },
        "overflow": {
          "top": 224.85
        },
        "dataAttributes": {},
        "sourceFile": "compositions/snapcn-orbit-gallery.html",
        "bbox": {
          "x": 1031.1,
          "y": -224.85,
          "width": 249.51,
          "height": 249.96
        },
        "firstSeen": 5,
        "lastSeen": 5,
        "occurrences": 1
      },
      {
        "code": "panel_out_of_canvas",
        "severity": "info",
        "time": 5,
        "selector": "#snapcn-orbit-gallery-source-root > div:nth-of-type(1) > div:nth-of-type(12)",
        "message": "Painted panel extends outside the composition canvas.",
        "rect": {
          "left": 11.25,
          "top": -89.94,
          "right": 235.21,
          "bottom": 119.38,
          "width": 223.96,
          "height": 209.31
        },
        "containerSelector": "#root",
        "text": "",
        "fixHint": "Move the panel inward, or mark intentional off-canvas animation with data-layout-allow-overflow.",
        "containerRect": {
          "left": 0,
          "top": 0,
          "right": 1280,
          "bottom": 720,
          "width": 1280,
          "height": 720
        },
        "overflow": {
          "top": 89.94
        },
        "dataAttributes": {},
        "sourceFile": "compositions/snapcn-orbit-gallery.html",
        "bbox": {
          "x": 11.25,
          "y": -89.94,
          "width": 223.96,
          "height": 209.31
        },
        "firstSeen": 5,
        "lastSeen": 5,
        "occurrences": 1
      },
      {
        "code": "panel_out_of_canvas",
        "severity": "info",
        "time": 5,
        "selector": "#snapcn-orbit-gallery-source-root > div:nth-of-type(1) > div:nth-of-type(13)",
        "message": "Painted panel extends outside the composition canvas.",
        "rect": {
          "left": -42.95,
          "top": 85.49,
          "right": 159.91,
          "bottom": 260.03,
          "width": 202.87,
          "height": 174.54
        },
        "containerSelector": "#root",
        "text": "",
        "fixHint": "Move the panel inward, or mark intentional off-canvas animation with data-layout-allow-overflow.",
        "containerRect": {
          "left": 0,
          "top": 0,
          "right": 1280,
          "bottom": 720,
          "width": 1280,
          "height": 720
        },
        "overflow": {
          "left": 42.95
        },
        "dataAttributes": {},
        "sourceFile": "compositions/snapcn-orbit-gallery.html",
        "bbox": {
          "x": -42.95,
          "y": 85.49,
          "width": 202.87,
          "height": 174.54
        },
        "firstSeen": 5,
        "lastSeen": 5,
        "occurrences": 1
      },
      {
        "code": "panel_out_of_canvas",
        "severity": "info",
        "time": 5,
        "selector": "#snapcn-orbit-gallery-source-root > div:nth-of-type(1) > div:nth-of-type(14)",
        "message": "Painted panel extends outside the composition canvas.",
        "rect": {
          "left": -48.92,
          "top": 271.62,
          "right": 129.12,
          "bottom": 413.44,
          "width": 178.03,
          "height": 141.82
        },
        "containerSelector": "#root",
        "text": "",
        "fixHint": "Move the panel inward, or mark intentional off-canvas animation with data-layout-allow-overflow.",
        "containerRect": {
          "left": 0,
          "top": 0,
          "right": 1280,
          "bottom": 720,
          "width": 1280,
          "height": 720
        },
        "overflow": {
          "left": 48.92
        },
        "dataAttributes": {},
        "sourceFile": "compositions/snapcn-orbit-gallery.html",
        "bbox": {
          "x": -48.92,
          "y": 271.62,
          "width": 178.03,
          "height": 141.82
        },
        "firstSeen": 5,
        "lastSeen": 5,
        "occurrences": 1
      },
      {
        "code": "panel_out_of_canvas",
        "severity": "info",
        "time": 5,
        "selector": "#snapcn-orbit-gallery-source-root > div:nth-of-type(1) > div:nth-of-type(15)",
        "message": "Painted panel extends outside the composition canvas.",
        "rect": {
          "left": -31.1,
          "top": 420.62,
          "right": 171.86,
          "bottom": 600.54,
          "width": 202.96,
          "height": 179.92
        },
        "containerSelector": "#root",
        "text": "",
        "fixHint": "Move the panel inward, or mark intentional off-canvas animation with data-layout-allow-overflow.",
        "containerRect": {
          "left": 0,
          "top": 0,
          "right": 1280,
          "bottom": 720,
          "width": 1280,
          "height": 720
        },
        "overflow": {
          "left": 31.1
        },
        "dataAttributes": {},
        "sourceFile": "compositions/snapcn-orbit-gallery.html",
        "bbox": {
          "x": -31.1,
          "y": 420.62,
          "width": 202.96,
          "height": 179.92
        },
        "firstSeen": 5,
        "lastSeen": 5,
        "occurrences": 1
      },
      {
        "code": "panel_out_of_canvas",
        "severity": "info",
        "time": 5,
        "selector": "#snapcn-orbit-gallery-source-root > div:nth-of-type(1) > div:nth-of-type(16)",
        "message": "Painted panel extends outside the composition canvas.",
        "rect": {
          "left": 42.5,
          "top": 561.73,
          "right": 252.82,
          "bottom": 763.9,
          "width": 210.33,
          "height": 202.17
        },
        "containerSelector": "#root",
        "text": "",
        "fixHint": "Move the panel inward, or mark intentional off-canvas animation with data-layout-allow-overflow.",
        "containerRect": {
          "left": 0,
          "top": 0,
          "right": 1280,
          "bottom": 720,
          "width": 1280,
          "height": 720
        },
        "overflow": {
          "bottom": 43.9
        },
        "dataAttributes": {},
        "sourceFile": "compositions/snapcn-orbit-gallery.html",
        "bbox": {
          "x": 42.5,
          "y": 561.73,
          "width": 210.33,
          "height": 202.17
        },
        "firstSeen": 5,
        "lastSeen": 5,
        "occurrences": 1
      },
      {
        "code": "panel_out_of_canvas",
        "severity": "info",
        "time": 5,
        "selector": "#snapcn-orbit-gallery-source-root > div:nth-of-type(1) > div:nth-of-type(17) > div:nth-of-type(1)",
        "message": "Painted panel extends outside the composition canvas.",
        "rect": {
          "left": 166.53,
          "top": 682.6,
          "right": 365.68,
          "bottom": 888.88,
          "width": 199.15,
          "height": 206.29
        },
        "containerSelector": "#root",
        "text": "",
        "fixHint": "Move the panel inward, or mark intentional off-canvas animation with data-layout-allow-overflow.",
        "containerRect": {
          "left": 0,
          "top": 0,
          "right": 1280,
          "bottom": 720,
          "width": 1280,
          "height": 720
        },
        "overflow": {
          "bottom": 168.88
        },
        "dataAttributes": {},
        "sourceFile": "compositions/snapcn-orbit-gallery.html",
        "bbox": {
          "x": 166.53,
          "y": 682.6,
          "width": 199.15,
          "height": 206.29
        },
        "firstSeen": 5,
        "lastSeen": 5,
        "occurrences": 1
      },
      {
        "code": "panel_out_of_canvas",
        "severity": "info",
        "time": 5,
        "selector": "#snapcn-orbit-gallery-source-root > div:nth-of-type(1) > div:nth-of-type(21) > div:nth-of-type(1)",
        "message": "Painted panel extends outside the composition canvas.",
        "rect": {
          "left": 815.76,
          "top": 710.62,
          "right": 996.9,
          "bottom": 899.29,
          "width": 181.14,
          "height": 188.67
        },
        "containerSelector": "#root",
        "text": "",
        "fixHint": "Move the panel inward, or mark intentional off-canvas animation with data-layout-allow-overflow.",
        "containerRect": {
          "left": 0,
          "top": 0,
          "right": 1280,
          "bottom": 720,
          "width": 1280,
          "height": 720
        },
        "overflow": {
          "bottom": 179.29
        },
        "dataAttributes": {},
        "sourceFile": "compositions/snapcn-orbit-gallery.html",
        "bbox": {
          "x": 815.76,
          "y": 710.62,
          "width": 181.14,
          "height": 188.67
        },
        "firstSeen": 5,
        "lastSeen": 5,
        "occurrences": 1
      },
      {
        "code": "panel_out_of_canvas",
        "severity": "info",
        "time": 5,
        "selector": "#snapcn-orbit-gallery-source-root > div:nth-of-type(1) > div:nth-of-type(22)",
        "message": "Painted panel extends outside the composition canvas.",
        "rect": {
          "left": 935.62,
          "top": 596.93,
          "right": 1119.58,
          "bottom": 773.15,
          "width": 183.97,
          "height": 176.22
        },
        "containerSelector": "#root",
        "text": "",
        "fixHint": "Move the panel inward, or mark intentional off-canvas animation with data-layout-allow-overflow.",
        "containerRect": {
          "left": 0,
          "top": 0,
          "right": 1280,
          "bottom": 720,
          "width": 1280,
          "height": 720
        },
        "overflow": {
          "bottom": 53.15
        },
        "dataAttributes": {},
        "sourceFile": "compositions/snapcn-orbit-gallery.html",
        "bbox": {
          "x": 935.62,
          "y": 596.93,
          "width": 183.97,
          "height": 176.22
        },
        "firstSeen": 5,
        "lastSeen": 5,
        "occurrences": 1
      },
      {
        "code": "panel_out_of_canvas",
        "severity": "info",
        "time": 5,
        "selector": "#snapcn-orbit-gallery-source-root > div:nth-of-type(1) > div:nth-of-type(27) > div:nth-of-type(1)",
        "message": "Painted panel extends outside the composition canvas.",
        "rect": {
          "left": 764.76,
          "top": -107.87,
          "right": 900.5,
          "bottom": 43.95,
          "width": 135.73,
          "height": 151.82
        },
        "containerSelector": "#root",
        "text": "",
        "fixHint": "Move the panel inward, or mark intentional off-canvas animation with data-layout-allow-overflow.",
        "containerRect": {
          "left": 0,
          "top": 0,
          "right": 1280,
          "bottom": 720,
          "width": 1280,
          "height": 720
        },
        "overflow": {
          "top": 107.87
        },
        "dataAttributes": {},
        "sourceFile": "compositions/snapcn-orbit-gallery.html",
        "bbox": {
          "x": 764.76,
          "y": -107.87,
          "width": 135.73,
          "height": 151.82
        },
        "firstSeen": 5,
        "lastSeen": 5,
        "occurrences": 1
      },
      {
        "code": "panel_out_of_canvas",
        "severity": "info",
        "time": 5,
        "selector": "#snapcn-orbit-gallery-source-root > div:nth-of-type(1) > div:nth-of-type(28) > div:nth-of-type(1)",
        "message": "Painted panel extends outside the composition canvas.",
        "rect": {
          "left": 615.27,
          "top": -123.23,
          "right": 714.51,
          "bottom": 1.55,
          "width": 99.25,
          "height": 124.78
        },
        "containerSelector": "#root",
        "text": "",
        "fixHint": "Move the panel inward, or mark intentional off-canvas animation with data-layout-allow-overflow.",
        "containerRect": {
          "left": 0,
          "top": 0,
          "right": 1280,
          "bottom": 720,
          "width": 1280,
          "height": 720
        },
        "overflow": {
          "top": 123.23
        },
        "dataAttributes": {},
        "sourceFile": "compositions/snapcn-orbit-gallery.html",
        "bbox": {
          "x": 615.27,
          "y": -123.23,
          "width": 99.25,
          "height": 124.78
        },
        "firstSeen": 5,
        "lastSeen": 5,
        "occurrences": 1
      }
    ],
    "duration": 10,
    "samples": [
      0.556,
      1.667,
      2.778,
      3.889,
      5,
      6.111,
      7.222,
      8.333,
      9.444
    ],
    "transitionSamples": [],
    "transitionSamplesDropped": 0,
    "tolerance": 2,
    "totalIssueCount": 133,
    "truncated": true
  },
  "motion": {
    "ok": true,
    "errorCount": 0,
    "warningCount": 0,
    "infoCount": 0,
    "findings": [],
    "enabled": false,
    "samples": 0
  },
  "contrast": {
    "ok": true,
    "errorCount": 0,
    "warningCount": 0,
    "infoCount": 0,
    "findings": [],
    "enabled": true,
    "samples": [
      0.556,
      2.778,
      5,
      7.222,
      9.444
    ],
    "checked": 13,
    "passed": 13
  },
  "snapshots": {
    "enabled": false,
    "files": [],
    "times": [],
    "findingFiles": []
  },
  "_meta": {
    "version": "0.8.30",
    "latestVersion": "0.8.30",
    "updateAvailable": false
  }
}
