[hyperframes] browserGpuMode probe → hardware (WebGL renderer vendor="Google Inc. (NVIDIA Corporation)" renderer="ANGLE (NVIDIA Corporation, NVIDIA GeForce RTX 5060/PCIe/SSE2, OpenGL ES 3.2)")
{
  "ok": true,
  "strict": false,
  "lint": {
    "ok": true,
    "errorCount": 0,
    "warningCount": 0,
    "infoCount": 0,
    "findings": [],
    "filesScanned": 2
  },
  "runtime": {
    "ok": true,
    "errorCount": 0,
    "warningCount": 0,
    "infoCount": 0,
    "findings": []
  },
  "layout": {
    "ok": true,
    "errorCount": 0,
    "warningCount": 0,
    "infoCount": 18,
    "findings": [
      {
        "code": "text_box_overflow",
        "severity": "info",
        "time": 0.5,
        "selector": "#snapcn-text-swap-source-root > div:nth-of-type(1) > div:nth-of-type(1) > div:nth-of-type(1) > span:nth-of-type(1) > span:nth-of-type(1)",
        "message": "Text extends outside its nearest visual/container box.",
        "rect": {
          "left": -45.92,
          "top": 262.19,
          "right": 1325.91,
          "bottom": 457.81,
          "width": 1371.83,
          "height": 195.62
        },
        "containerSelector": "#root",
        "text": "Manual invoicing",
        "fixHint": "Text is 1372px x 196px inside 1280px x 720px and overflows by up to 46px; widen the container to at least ~1372px or shrink font-size from 72px to ~67px, or allow wrapping with max-width/fitTextFontSize.",
        "containerRect": {
          "left": 0,
          "top": 0,
          "right": 1280,
          "bottom": 720,
          "width": 1280,
          "height": 720
        },
        "overflow": {
          "left": 45.92,
          "right": 45.91
        },
        "dataAttributes": {},
        "sourceFile": "compositions/snapcn-text-swap.html",
        "bbox": {
          "x": -45.92,
          "y": 262.19,
          "width": 1371.83,
          "height": 195.62
        },
        "firstSeen": 0.5,
        "lastSeen": 0.5,
        "occurrences": 1,
        "heldMs": 0
      },
      {
        "code": "canvas_overflow",
        "severity": "info",
        "time": 0.5,
        "selector": "#snapcn-text-swap-source-root > div:nth-of-type(1) > div:nth-of-type(1) > div:nth-of-type(1) > span:nth-of-type(1) > span:nth-of-type(1)",
        "message": "Text extends outside the composition canvas.",
        "rect": {
          "left": -45.92,
          "top": 262.19,
          "right": 1325.91,
          "bottom": 457.81,
          "width": 1371.83,
          "height": 195.62
        },
        "containerSelector": "#root",
        "text": "Manual invoicing",
        "fixHint": "Move the text inward, reduce its size, or mark intentional off-canvas animation with data-layout-allow-overflow.",
        "containerRect": {
          "left": 0,
          "top": 0,
          "right": 1280,
          "bottom": 720,
          "width": 1280,
          "height": 720
        },
        "overflow": {
          "left": 45.92,
          "right": 45.91
        },
        "dataAttributes": {},
        "sourceFile": "compositions/snapcn-text-swap.html",
        "bbox": {
          "x": -45.92,
          "y": 262.19,
          "width": 1371.83,
          "height": 195.62
        },
        "firstSeen": 0.5,
        "lastSeen": 0.5,
        "occurrences": 1,
        "heldMs": 0
      },
      {
        "code": "text_box_overflow",
        "severity": "info",
        "time": 0.5,
        "selector": "#snapcn-text-swap-source-root > div:nth-of-type(1) > div:nth-of-type(1) > div:nth-of-type(2) > span:nth-of-type(1) > span:nth-of-type(1)",
        "message": "Text extends outside its nearest visual/container box.",
        "rect": {
          "left": -40.37,
          "top": 262.98,
          "right": 1320.35,
          "bottom": 457.02,
          "width": 1360.72,
          "height": 194.04
        },
        "containerSelector": "#root",
        "text": "Manual invoicing",
        "fixHint": "Text is 1361px x 194px inside 1280px x 720px and overflows by up to 40px; widen the container to at least ~1361px or shrink font-size from 72px to ~68px, or allow wrapping with max-width/fitTextFontSize.",
        "containerRect": {
          "left": 0,
          "top": 0,
          "right": 1280,
          "bottom": 720,
          "width": 1280,
          "height": 720
        },
        "overflow": {
          "left": 40.37,
          "right": 40.35
        },
        "dataAttributes": {},
        "sourceFile": "compositions/snapcn-text-swap.html",
        "bbox": {
          "x": -40.37,
          "y": 262.98,
          "width": 1360.72,
          "height": 194.04
        },
        "firstSeen": 0.5,
        "lastSeen": 0.5,
        "occurrences": 1,
        "heldMs": 0
      },
      {
        "code": "canvas_overflow",
        "severity": "info",
        "time": 0.5,
        "selector": "#snapcn-text-swap-source-root > div:nth-of-type(1) > div:nth-of-type(1) > div:nth-of-type(2) > span:nth-of-type(1) > span:nth-of-type(1)",
        "message": "Text extends outside the composition canvas.",
        "rect": {
          "left": -40.37,
          "top": 262.98,
          "right": 1320.35,
          "bottom": 457.02,
          "width": 1360.72,
          "height": 194.04
        },
        "containerSelector": "#root",
        "text": "Manual invoicing",
        "fixHint": "Move the text inward, reduce its size, or mark intentional off-canvas animation with data-layout-allow-overflow.",
        "containerRect": {
          "left": 0,
          "top": 0,
          "right": 1280,
          "bottom": 720,
          "width": 1280,
          "height": 720
        },
        "overflow": {
          "left": 40.37,
          "right": 40.35
        },
        "dataAttributes": {},
        "sourceFile": "compositions/snapcn-text-swap.html",
        "bbox": {
          "x": -40.37,
          "y": 262.98,
          "width": 1360.72,
          "height": 194.04
        },
        "firstSeen": 0.5,
        "lastSeen": 0.5,
        "occurrences": 1,
        "heldMs": 0
      },
      {
        "code": "text_box_overflow",
        "severity": "info",
        "time": 0.5,
        "selector": "#snapcn-text-swap-source-root > div:nth-of-type(1) > div:nth-of-type(1) > div:nth-of-type(3) > span:nth-of-type(1) > span:nth-of-type(1)",
        "message": "Text extends outside its nearest visual/container box.",
        "rect": {
          "left": -34.94,
          "top": 263.76,
          "right": 1314.92,
          "bottom": 456.24,
          "width": 1349.86,
          "height": 192.48
        },
        "containerSelector": "#root",
        "text": "Manual invoicing",
        "fixHint": "Text is 1350px x 192px inside 1280px x 720px and overflows by up to 35px; widen the container to at least ~1350px or shrink font-size from 72px to ~68px, or allow wrapping with max-width/fitTextFontSize.",
        "containerRect": {
          "left": 0,
          "top": 0,
          "right": 1280,
          "bottom": 720,
          "width": 1280,
          "height": 720
        },
        "overflow": {
          "left": 34.94,
          "right": 34.92
        },
        "dataAttributes": {},
        "sourceFile": "compositions/snapcn-text-swap.html",
        "bbox": {
          "x": -34.94,
          "y": 263.76,
          "width": 1349.86,
          "height": 192.48
        },
        "firstSeen": 0.5,
        "lastSeen": 0.5,
        "occurrences": 1,
        "heldMs": 0
      },
      {
        "code": "canvas_overflow",
        "severity": "info",
        "time": 0.5,
        "selector": "#snapcn-text-swap-source-root > div:nth-of-type(1) > div:nth-of-type(1) > div:nth-of-type(3) > span:nth-of-type(1) > span:nth-of-type(1)",
        "message": "Text extends outside the composition canvas.",
        "rect": {
          "left": -34.94,
          "top": 263.76,
          "right": 1314.92,
          "bottom": 456.24,
          "width": 1349.86,
          "height": 192.48
        },
        "containerSelector": "#root",
        "text": "Manual invoicing",
        "fixHint": "Move the text inward, reduce its size, or mark intentional off-canvas animation with data-layout-allow-overflow.",
        "containerRect": {
          "left": 0,
          "top": 0,
          "right": 1280,
          "bottom": 720,
          "width": 1280,
          "height": 720
        },
        "overflow": {
          "left": 34.94,
          "right": 34.92
        },
        "dataAttributes": {},
        "sourceFile": "compositions/snapcn-text-swap.html",
        "bbox": {
          "x": -34.94,
          "y": 263.76,
          "width": 1349.86,
          "height": 192.48
        },
        "firstSeen": 0.5,
        "lastSeen": 0.5,
        "occurrences": 1,
        "heldMs": 0
      },
      {
        "code": "text_box_overflow",
        "severity": "info",
        "time": 0.5,
        "selector": "#snapcn-text-swap-source-root > div:nth-of-type(1) > div:nth-of-type(1) > div:nth-of-type(4) > span:nth-of-type(1) > span:nth-of-type(1)",
        "message": "Text extends outside its nearest visual/container box.",
        "rect": {
          "left": -29.62,
          "top": 264.51,
          "right": 1309.61,
          "bottom": 455.49,
          "width": 1339.23,
          "height": 190.98
        },
        "containerSelector": "#root",
        "text": "Manual invoicing",
        "fixHint": "Text is 1339px x 191px inside 1280px x 720px and overflows by up to 30px; widen the container to at least ~1339px or shrink font-size from 72px to ~69px, or allow wrapping with max-width/fitTextFontSize.",
        "containerRect": {
          "left": 0,
          "top": 0,
          "right": 1280,
          "bottom": 720,
          "width": 1280,
          "height": 720
        },
        "overflow": {
          "left": 29.62,
          "right": 29.61
        },
        "dataAttributes": {},
        "sourceFile": "compositions/snapcn-text-swap.html",
        "bbox": {
          "x": -29.62,
          "y": 264.51,
          "width": 1339.23,
          "height": 190.98
        },
        "firstSeen": 0.5,
        "lastSeen": 0.5,
        "occurrences": 1,
        "heldMs": 0
      },
      {
        "code": "canvas_overflow",
        "severity": "info",
        "time": 0.5,
        "selector": "#snapcn-text-swap-source-root > div:nth-of-type(1) > div:nth-of-type(1) > div:nth-of-type(4) > span:nth-of-type(1) > span:nth-of-type(1)",
        "message": "Text extends outside the composition canvas.",
        "rect": {
          "left": -29.62,
          "top": 264.51,
          "right": 1309.61,
          "bottom": 455.49,
          "width": 1339.23,
          "height": 190.98
        },
        "containerSelector": "#root",
        "text": "Manual invoicing",
        "fixHint": "Move the text inward, reduce its size, or mark intentional off-canvas animation with data-layout-allow-overflow.",
        "containerRect": {
          "left": 0,
          "top": 0,
          "right": 1280,
          "bottom": 720,
          "width": 1280,
          "height": 720
        },
        "overflow": {
          "left": 29.62,
          "right": 29.61
        },
        "dataAttributes": {},
        "sourceFile": "compositions/snapcn-text-swap.html",
        "bbox": {
          "x": -29.62,
          "y": 264.51,
          "width": 1339.23,
          "height": 190.98
        },
        "firstSeen": 0.5,
        "lastSeen": 0.5,
        "occurrences": 1,
        "heldMs": 0
      },
      {
        "code": "text_box_overflow",
        "severity": "info",
        "time": 0.5,
        "selector": "#snapcn-text-swap-source-root > div:nth-of-type(1) > div:nth-of-type(1) > div:nth-of-type(5) > span:nth-of-type(1) > span:nth-of-type(1)",
        "message": "Text extends outside its nearest visual/container box.",
        "rect": {
          "left": -24.43,
          "top": 265.25,
          "right": 1304.41,
          "bottom": 454.75,
          "width": 1328.84,
          "height": 189.5
        },
        "containerSelector": "#root",
        "text": "Manual invoicing",
        "fixHint": "Text is 1329px x 190px inside 1280px x 720px and overflows by up to 24px; widen the container to at least ~1329px or shrink font-size from 72px to ~69px, or allow wrapping with max-width/fitTextFontSize.",
        "containerRect": {
          "left": 0,
          "top": 0,
          "right": 1280,
          "bottom": 720,
          "width": 1280,
          "height": 720
        },
        "overflow": {
          "left": 24.43,
          "right": 24.41
        },
        "dataAttributes": {},
        "sourceFile": "compositions/snapcn-text-swap.html",
        "bbox": {
          "x": -24.43,
          "y": 265.25,
          "width": 1328.84,
          "height": 189.5
        },
        "firstSeen": 0.5,
        "lastSeen": 0.5,
        "occurrences": 1,
        "heldMs": 0
      },
      {
        "code": "canvas_overflow",
        "severity": "info",
        "time": 0.5,
        "selector": "#snapcn-text-swap-source-root > div:nth-of-type(1) > div:nth-of-type(1) > div:nth-of-type(5) > span:nth-of-type(1) > span:nth-of-type(1)",
        "message": "Text extends outside the composition canvas.",
        "rect": {
          "left": -24.43,
          "top": 265.25,
          "right": 1304.41,
          "bottom": 454.75,
          "width": 1328.84,
          "height": 189.5
        },
        "containerSelector": "#root",
        "text": "Manual invoicing",
        "fixHint": "Move the text inward, reduce its size, or mark intentional off-canvas animation with data-layout-allow-overflow.",
        "containerRect": {
          "left": 0,
          "top": 0,
          "right": 1280,
          "bottom": 720,
          "width": 1280,
          "height": 720
        },
        "overflow": {
          "left": 24.43,
          "right": 24.41
        },
        "dataAttributes": {},
        "sourceFile": "compositions/snapcn-text-swap.html",
        "bbox": {
          "x": -24.43,
          "y": 265.25,
          "width": 1328.84,
          "height": 189.5
        },
        "firstSeen": 0.5,
        "lastSeen": 0.5,
        "occurrences": 1,
        "heldMs": 0
      },
      {
        "code": "text_box_overflow",
        "severity": "info",
        "time": 0.5,
        "selector": "#snapcn-text-swap-source-root > div:nth-of-type(1) > div:nth-of-type(1) > div:nth-of-type(6) > span:nth-of-type(1) > span:nth-of-type(1)",
        "message": "Text extends outside its nearest visual/container box.",
        "rect": {
          "left": -19.34,
          "top": 265.98,
          "right": 1299.32,
          "bottom": 454.02,
          "width": 1318.66,
          "height": 188.04
        },
        "containerSelector": "#root",
        "text": "Manual invoicing",
        "fixHint": "Text is 1319px x 188px inside 1280px x 720px and overflows by up to 19px; widen the container to at least ~1319px or shrink font-size from 72px to ~70px, or allow wrapping with max-width/fitTextFontSize.",
        "containerRect": {
          "left": 0,
          "top": 0,
          "right": 1280,
          "bottom": 720,
          "width": 1280,
          "height": 720
        },
        "overflow": {
          "left": 19.34,
          "right": 19.32
        },
        "dataAttributes": {},
        "sourceFile": "compositions/snapcn-text-swap.html",
        "bbox": {
          "x": -19.34,
          "y": 265.98,
          "width": 1318.66,
          "height": 188.04
        },
        "firstSeen": 0.5,
        "lastSeen": 0.5,
        "occurrences": 1,
        "heldMs": 0
      },
      {
        "code": "canvas_overflow",
        "severity": "info",
        "time": 0.5,
        "selector": "#snapcn-text-swap-source-root > div:nth-of-type(1) > div:nth-of-type(1) > div:nth-of-type(6) > span:nth-of-type(1) > span:nth-of-type(1)",
        "message": "Text extends outside the composition canvas.",
        "rect": {
          "left": -19.34,
          "top": 265.98,
          "right": 1299.32,
          "bottom": 454.02,
          "width": 1318.66,
          "height": 188.04
        },
        "containerSelector": "#root",
        "text": "Manual invoicing",
        "fixHint": "Move the text inward, reduce its size, or mark intentional off-canvas animation with data-layout-allow-overflow.",
        "containerRect": {
          "left": 0,
          "top": 0,
          "right": 1280,
          "bottom": 720,
          "width": 1280,
          "height": 720
        },
        "overflow": {
          "left": 19.34,
          "right": 19.32
        },
        "dataAttributes": {},
        "sourceFile": "compositions/snapcn-text-swap.html",
        "bbox": {
          "x": -19.34,
          "y": 265.98,
          "width": 1318.66,
          "height": 188.04
        },
        "firstSeen": 0.5,
        "lastSeen": 0.5,
        "occurrences": 1,
        "heldMs": 0
      },
      {
        "code": "text_box_overflow",
        "severity": "info",
        "time": 0.5,
        "selector": "#snapcn-text-swap-source-root > div:nth-of-type(1) > div:nth-of-type(1) > div:nth-of-type(7) > span:nth-of-type(1) > span:nth-of-type(1)",
        "message": "Text extends outside its nearest visual/container box.",
        "rect": {
          "left": -14.36,
          "top": 266.69,
          "right": 1294.34,
          "bottom": 453.31,
          "width": 1308.7,
          "height": 186.62
        },
        "containerSelector": "#root",
        "text": "Manual invoicing",
        "fixHint": "Text is 1309px x 187px inside 1280px x 720px and overflows by up to 14px; widen the container to at least ~1309px or shrink font-size from 72px to ~70px, or allow wrapping with max-width/fitTextFontSize.",
        "containerRect": {
          "left": 0,
          "top": 0,
          "right": 1280,
          "bottom": 720,
          "width": 1280,
          "height": 720
        },
        "overflow": {
          "left": 14.36,
          "right": 14.34
        },
        "dataAttributes": {},
        "sourceFile": "compositions/snapcn-text-swap.html",
        "bbox": {
          "x": -14.36,
          "y": 266.69,
          "width": 1308.7,
          "height": 186.62
        },
        "firstSeen": 0.5,
        "lastSeen": 0.5,
        "occurrences": 1,
        "heldMs": 0
      },
      {
        "code": "canvas_overflow",
        "severity": "info",
        "time": 0.5,
        "selector": "#snapcn-text-swap-source-root > div:nth-of-type(1) > div:nth-of-type(1) > div:nth-of-type(7) > span:nth-of-type(1) > span:nth-of-type(1)",
        "message": "Text extends outside the composition canvas.",
        "rect": {
          "left": -14.36,
          "top": 266.69,
          "right": 1294.34,
          "bottom": 453.31,
          "width": 1308.7,
          "height": 186.62
        },
        "containerSelector": "#root",
        "text": "Manual invoicing",
        "fixHint": "Move the text inward, reduce its size, or mark intentional off-canvas animation with data-layout-allow-overflow.",
        "containerRect": {
          "left": 0,
          "top": 0,
          "right": 1280,
          "bottom": 720,
          "width": 1280,
          "height": 720
        },
        "overflow": {
          "left": 14.36,
          "right": 14.34
        },
        "dataAttributes": {},
        "sourceFile": "compositions/snapcn-text-swap.html",
        "bbox": {
          "x": -14.36,
          "y": 266.69,
          "width": 1308.7,
          "height": 186.62
        },
        "firstSeen": 0.5,
        "lastSeen": 0.5,
        "occurrences": 1,
        "heldMs": 0
      },
      {
        "code": "text_box_overflow",
        "severity": "info",
        "time": 0.5,
        "selector": "#snapcn-text-swap-source-root > div:nth-of-type(1) > div:nth-of-type(1) > div:nth-of-type(8) > span:nth-of-type(1) > span:nth-of-type(1)",
        "message": "Text extends outside its nearest visual/container box.",
        "rect": {
          "left": -9.48,
          "top": 267.39,
          "right": 1289.47,
          "bottom": 452.61,
          "width": 1298.95,
          "height": 185.22
        },
        "containerSelector": "#root",
        "text": "Manual invoicing",
        "fixHint": "Text is 1299px x 185px inside 1280px x 720px and overflows by up to 9px; widen the container to at least ~1299px or shrink font-size from 72px to ~71px, or allow wrapping with max-width/fitTextFontSize.",
        "containerRect": {
          "left": 0,
          "top": 0,
          "right": 1280,
          "bottom": 720,
          "width": 1280,
          "height": 720
        },
        "overflow": {
          "left": 9.48,
          "right": 9.47
        },
        "dataAttributes": {},
        "sourceFile": "compositions/snapcn-text-swap.html",
        "bbox": {
          "x": -9.48,
          "y": 267.39,
          "width": 1298.95,
          "height": 185.22
        },
        "firstSeen": 0.5,
        "lastSeen": 0.5,
        "occurrences": 1,
        "heldMs": 0
      },
      {
        "code": "canvas_overflow",
        "severity": "info",
        "time": 0.5,
        "selector": "#snapcn-text-swap-source-root > div:nth-of-type(1) > div:nth-of-type(1) > div:nth-of-type(8) > span:nth-of-type(1) > span:nth-of-type(1)",
        "message": "Text extends outside the composition canvas.",
        "rect": {
          "left": -9.48,
          "top": 267.39,
          "right": 1289.47,
          "bottom": 452.61,
          "width": 1298.95,
          "height": 185.22
        },
        "containerSelector": "#root",
        "text": "Manual invoicing",
        "fixHint": "Move the text inward, reduce its size, or mark intentional off-canvas animation with data-layout-allow-overflow.",
        "containerRect": {
          "left": 0,
          "top": 0,
          "right": 1280,
          "bottom": 720,
          "width": 1280,
          "height": 720
        },
        "overflow": {
          "left": 9.48,
          "right": 9.47
        },
        "dataAttributes": {},
        "sourceFile": "compositions/snapcn-text-swap.html",
        "bbox": {
          "x": -9.48,
          "y": 267.39,
          "width": 1298.95,
          "height": 185.22
        },
        "firstSeen": 0.5,
        "lastSeen": 0.5,
        "occurrences": 1,
        "heldMs": 0
      },
      {
        "code": "text_box_overflow",
        "severity": "info",
        "time": 0.5,
        "selector": "#snapcn-text-swap-source-root > div:nth-of-type(1) > div:nth-of-type(1) > div:nth-of-type(9) > span:nth-of-type(1) > span:nth-of-type(1)",
        "message": "Text extends outside its nearest visual/container box.",
        "rect": {
          "left": -4.71,
          "top": 268.07,
          "right": 1284.69,
          "bottom": 451.93,
          "width": 1289.4,
          "height": 183.86
        },
        "containerSelector": "#root",
        "text": "Manual invoicing",
        "fixHint": "Text is 1289px x 184px inside 1280px x 720px and overflows by up to 5px; widen the container to at least ~1289px or shrink font-size from 72px to ~71px, or allow wrapping with max-width/fitTextFontSize.",
        "containerRect": {
          "left": 0,
          "top": 0,
          "right": 1280,
          "bottom": 720,
          "width": 1280,
          "height": 720
        },
        "overflow": {
          "left": 4.71,
          "right": 4.69
        },
        "dataAttributes": {},
        "sourceFile": "compositions/snapcn-text-swap.html",
        "bbox": {
          "x": -4.71,
          "y": 268.07,
          "width": 1289.4,
          "height": 183.86
        },
        "firstSeen": 0.5,
        "lastSeen": 0.5,
        "occurrences": 1,
        "heldMs": 0
      },
      {
        "code": "canvas_overflow",
        "severity": "info",
        "time": 0.5,
        "selector": "#snapcn-text-swap-source-root > div:nth-of-type(1) > div:nth-of-type(1) > div:nth-of-type(9) > span:nth-of-type(1) > span:nth-of-type(1)",
        "message": "Text extends outside the composition canvas.",
        "rect": {
          "left": -4.71,
          "top": 268.07,
          "right": 1284.69,
          "bottom": 451.93,
          "width": 1289.4,
          "height": 183.86
        },
        "containerSelector": "#root",
        "text": "Manual invoicing",
        "fixHint": "Move the text inward, reduce its size, or mark intentional off-canvas animation with data-layout-allow-overflow.",
        "containerRect": {
          "left": 0,
          "top": 0,
          "right": 1280,
          "bottom": 720,
          "width": 1280,
          "height": 720
        },
        "overflow": {
          "left": 4.71,
          "right": 4.69
        },
        "dataAttributes": {},
        "sourceFile": "compositions/snapcn-text-swap.html",
        "bbox": {
          "x": -4.71,
          "y": 268.07,
          "width": 1289.4,
          "height": 183.86
        },
        "firstSeen": 0.5,
        "lastSeen": 0.5,
        "occurrences": 1,
        "heldMs": 0
      }
    ],
    "duration": 3,
    "samples": [
      0.167,
      0.5,
      0.833,
      1.167,
      1.5,
      1.833,
      2.167,
      2.5,
      2.833
    ],
    "transitionSamples": [],
    "transitionSamplesDropped": 0,
    "tolerance": 2,
    "totalIssueCount": 18,
    "truncated": false
  },
  "motion": {
    "ok": true,
    "errorCount": 0,
    "warningCount": 0,
    "infoCount": 0,
    "findings": [],
    "enabled": false,
    "samples": 0
  },
  "contrast": {
    "ok": true,
    "errorCount": 0,
    "warningCount": 0,
    "infoCount": 0,
    "findings": [],
    "enabled": true,
    "samples": [
      0.167,
      0.833,
      1.5,
      2.167,
      2.833
    ],
    "checked": 22,
    "passed": 22
  },
  "hdr": {
    "autoPromotion": null,
    "inspection": "available"
  },
  "snapshots": {
    "enabled": false,
    "files": [],
    "times": [],
    "findingFiles": []
  },
  "_meta": {
    "version": "0.8.99",
    "latestVersion": "0.8.99",
    "updateAvailable": false
  }
}
