
◆  Rendering installed → /home/akshar/dev/projects/hyfrme-audit/.work/full-parity-audit/signup-main-reproof-prep-20261008/reproof-v1/harness/.work/verify-remocn-fresh/signup-flow/run-6JZL4k/sequential-frames
   30fps · high · 1 workers
   GPU: browser GPU (forced)

[?25l│
◇  Browser: env
[?25h[INFO] [Render] Debug artifacts enabled {"renderJobId":"281e5fa5-aff1-4eec-ab86-c815423ea8a3","workDir":"/home/akshar/dev/projects/hyfrme-audit/.work/full-parity-audit/signup-main-reproof-prep-20261008/reproof-v1/harness/.work/verify-remocn-fresh/signup-flow/run-6JZL4k/.debug/281e5fa5-aff1-4eec-ab86-c815423ea8a3","logPath":"/home/akshar/dev/projects/hyfrme-audit/.work/full-parity-audit/signup-main-reproof-prep-20261008/reproof-v1/harness/.work/verify-remocn-fresh/signup-flow/run-6JZL4k/.debug/281e5fa5-aff1-4eec-ab86-c815423ea8a3/render.log"}
[INFO] [Render] Pipeline started {"renderJobId":"281e5fa5-aff1-4eec-ab86-c815423ea8a3","platform":"linux","arch":"x64","nodeVersion":"v26.11.1","fps":{"num":30,"den":1},"format":"png-sequence","quality":"high","browserGpuMode":"hardware","forceScreenshot":false,"protocolTimeout":300000,"browserTimeout":120000,"pageNavigationTimeout":60000,"playerReadyTimeout":45000}
[INFO] [Render:trace] {"renderJobId":"281e5fa5-aff1-4eec-ab86-c815423ea8a3","phase":"pipeline","status":"checkpoint","elapsedMs":3,"message":"started","format":"png-sequence","quality":"high","browserGpuMode":"hardware","forceScreenshot":false,"protocolTimeoutMs":300000,"pageNavigationTimeoutMs":60000,"playerReadyTimeoutMs":45000,"requestedWorkers":1}
[INFO] [Render:trace] {"renderJobId":"281e5fa5-aff1-4eec-ab86-c815423ea8a3","phase":"compile","status":"start","elapsedMs":4,"needsAlpha":true}
  █░░░░░░░░░░░░░░░░░░░░░░░░  5%  Compiling composition
[INFO] [Compiler] Inlined CDN script: https://cdn.jsdelivr.net/npm/gsap@3.14.2/dist/gsap.min.js
[INFO] [Compiler] Embedded local font file: assets/fonts/Geist-Latin.woff2 (29 KB → data URI)
[INFO] Compiled composition metadata {"renderJobId":"281e5fa5-aff1-4eec-ab86-c815423ea8a3","entryFile":"index.html","staticDuration":12.666666666666666,"width":1280,"height":720,"videoCount":0,"audioCount":0,"renderModeHints":{"recommendScreenshot":false,"reasons":[]}}
[INFO] [Render:trace] {"renderJobId":"281e5fa5-aff1-4eec-ab86-c815423ea8a3","phase":"compile","status":"end","elapsedMs":150,"durationMs":146,"needsAlpha":true}
[INFO] [Render:trace] {"renderJobId":"281e5fa5-aff1-4eec-ab86-c815423ea8a3","phase":"compile","status":"checkpoint","elapsedMs":151,"message":"composition metadata resolved","width":1280,"height":720,"videoCount":0,"audioCount":0,"imageCount":0,"deviceScaleFactor":1,"forceScreenshot":true,"compositionHash":"856812e6d08589a6"}
[INFO] [Render:trace] {"renderJobId":"281e5fa5-aff1-4eec-ab86-c815423ea8a3","phase":"browser_probe","status":"start","elapsedMs":151,"forceScreenshot":true,"stagePhase":"calibrating"}
[INFO] [Render:trace] {"renderJobId":"281e5fa5-aff1-4eec-ab86-c815423ea8a3","phase":"browser_probe","status":"end","elapsedMs":279,"durationMs":128,"forceScreenshot":true,"stagePhase":"calibrating"}
[INFO] [Render:trace] {"renderJobId":"281e5fa5-aff1-4eec-ab86-c815423ea8a3","phase":"browser_probe","status":"checkpoint","elapsedMs":280,"message":"duration resolved","durationSeconds":12.666666666666666,"totalFrames":380,"compositionHash":"856812e6d08589a6","beginFrameStalled":false}
[INFO] [Render:trace] {"renderJobId":"281e5fa5-aff1-4eec-ab86-c815423ea8a3","phase":"video_extract","status":"start","elapsedMs":280,"videoCount":0}
  ██░░░░░░░░░░░░░░░░░░░░░░░  10%  Extracting video frames
[INFO] [Render:trace] {"renderJobId":"281e5fa5-aff1-4eec-ab86-c815423ea8a3","phase":"video_extract","status":"end","elapsedMs":280,"durationMs":0,"videoCount":0}
[INFO] [Render:trace] {"renderJobId":"281e5fa5-aff1-4eec-ab86-c815423ea8a3","phase":"video_extract","status":"checkpoint","elapsedMs":282,"message":"frames resolved","videoCount":0,"extractedVideoCount":0,"totalFramesExtracted":0,"maxFramesPerVideo":0,"avgFramesPerExtractedVideo":null,"vfrPreflightCount":null,"vfrPreflightMs":null,"cacheHits":null,"cacheMisses":null,"transientRetries":null,"minVideoFrameCoverageRatio":null,"authoredTimedClipCount":3}
[INFO] [Render] No HDR sources detected — rendering SDR {"renderJobId":"281e5fa5-aff1-4eec-ab86-c815423ea8a3"}
[INFO] [Render:trace] {"renderJobId":"281e5fa5-aff1-4eec-ab86-c815423ea8a3","phase":"hdr_detection","status":"checkpoint","elapsedMs":282,"message":"resolved","requestedHdrMode":"auto","effectiveHdr":"sdr","nativeHdrVideoCount":0,"nativeHdrImageCount":0}
[INFO] [Render:trace] {"renderJobId":"281e5fa5-aff1-4eec-ab86-c815423ea8a3","phase":"audio_process","status":"start","elapsedMs":282,"audioCount":0}
[INFO] [Render:trace] {"renderJobId":"281e5fa5-aff1-4eec-ab86-c815423ea8a3","phase":"audio_process","status":"end","elapsedMs":283,"durationMs":1,"audioCount":0}
  █████░░░░░░░░░░░░░░░░░░░░  20%  Processing audio tracks
[INFO] [Render:trace] {"renderJobId":"281e5fa5-aff1-4eec-ab86-c815423ea8a3","phase":"file_server","status":"start","elapsedMs":283,"reused":false}
  ██████░░░░░░░░░░░░░░░░░░░  25%  Starting frame capture
[INFO] [Render:trace] {"renderJobId":"281e5fa5-aff1-4eec-ab86-c815423ea8a3","phase":"file_server","status":"end","elapsedMs":289,"durationMs":6}
  ██████░░░░░░░░░░░░░░░░░░░  25%  Checking browser GPU
[hyperframes] browserGpuMode probe → hardware (WebGL renderer vendor="Google Inc. (NVIDIA Corporation)" renderer="ANGLE (NVIDIA Corporation, NVIDIA GeForce RTX 5060/PCIe/SSE2, OpenGL ES 3.2)")
[INFO] [Render:trace] {"renderJobId":"281e5fa5-aff1-4eec-ab86-c815423ea8a3","phase":"capture_calibration","status":"checkpoint","elapsedMs":804,"message":"skipped","requestedWorkers":1,"totalFrames":380,"htmlInCanvasDetected":false,"lowMemoryMode":false,"deInversionEligible":false,"deParallelRouterEligible":false}
[INFO] [Render:trace] {"renderJobId":"281e5fa5-aff1-4eec-ab86-c815423ea8a3","phase":"worker_resolution","status":"checkpoint","elapsedMs":805,"message":"resolved","workerCount":1}
[INFO] streaming-encode gate {"renderJobId":"281e5fa5-aff1-4eec-ab86-c815423ea8a3","enabled":false,"reason":"format_excluded","configFlag":true,"durationCapEnabled":false,"outputFormat":"png-sequence","workerCount":1,"durationSeconds":12.666666666666666,"maxDurationSeconds":240}
[INFO] [Render:trace] {"renderJobId":"281e5fa5-aff1-4eec-ab86-c815423ea8a3","phase":"capture_strategy","status":"checkpoint","elapsedMs":806,"message":"resolved","workerCount":1,"forceScreenshot":true,"captureBeyondViewport":null,"useStreamingEncode":false,"useLayeredComposite":false,"usePageSideCompositing":false,"hasHdrContent":false,"hasShaderTransitions":false,"isPngSequence":true}
[INFO] [Render:trace] {"renderJobId":"281e5fa5-aff1-4eec-ab86-c815423ea8a3","phase":"capture_disk","status":"start","elapsedMs":806,"stagePhase":"capturing","needsAlpha":true,"workerCount":1,"forceScreenshot":true,"totalFrames":380,"framesCompleted":0,"captureMode":"screenshot","captureOperation":"captureScreenshot"}
[BrowserManager] Browser launched (HeadlessChrome/152.0.7977.42, screenshot, gl=--use-gl=angle --use-angle=gl-egl, headlessShell=true, platform=linux)
[initSession:screenshot] page.goto start (0ms)
[HyperFrames] render runtime fps {"canonicalFps":30,"source":"render-options","rawFpsSource":"render-options","rawFps":30}
[initSession:screenshot] page.goto complete (172ms)
[initSession:screenshot] GSAP proxy flush complete (175ms)
[initSession:screenshot] pollHfReady complete (290ms)
[initSession:screenshot] pollSubCompositionTimelines complete (ready) (292ms)
[initSession:screenshot] applyVideoMetadataHints complete (292ms)
[initSession:screenshot] media + fonts + tailwind ready (293ms)
[initSession:screenshot] static-frame dedup: disabled (eligible) (298ms)
  ██████░░░░░░░░░░░░░░░░░░░  25%  Capturing frame 1/380
  ██████░░░░░░░░░░░░░░░░░░░  26%  Capturing frame 7/380
  ██████░░░░░░░░░░░░░░░░░░░  26%  Capturing frame 12/380
  ██████░░░░░░░░░░░░░░░░░░░  27%  Capturing frame 18/380
  ███████░░░░░░░░░░░░░░░░░░  28%  Capturing frame 23/380
  ███████░░░░░░░░░░░░░░░░░░  28%  Capturing frame 28/380
  ███████░░░░░░░░░░░░░░░░░░  29%  Capturing frame 33/380
  ███████░░░░░░░░░░░░░░░░░░  30%  Capturing frame 38/380
  ███████░░░░░░░░░░░░░░░░░░  30%  Capturing frame 44/380
  ███████░░░░░░░░░░░░░░░░░░  31%  Capturing frame 50/380
  ████████░░░░░░░░░░░░░░░░░  32%  Capturing frame 56/380
  ████████░░░░░░░░░░░░░░░░░  32%  Capturing frame 61/380
  ████████░░░░░░░░░░░░░░░░░  33%  Capturing frame 67/380
  ████████░░░░░░░░░░░░░░░░░  34%  Capturing frame 72/380
  ████████░░░░░░░░░░░░░░░░░  34%  Capturing frame 77/380
  ████████░░░░░░░░░░░░░░░░░  35%  Capturing frame 82/380
  ████████░░░░░░░░░░░░░░░░░  35%  Capturing frame 87/380
  █████████░░░░░░░░░░░░░░░░  36%  Capturing frame 92/380
  █████████░░░░░░░░░░░░░░░░  37%  Capturing frame 98/380
  █████████░░░░░░░░░░░░░░░░  37%  Capturing frame 103/380
  █████████░░░░░░░░░░░░░░░░  38%  Capturing frame 108/380
  █████████░░░░░░░░░░░░░░░░  38%  Capturing frame 113/380
  █████████░░░░░░░░░░░░░░░░  39%  Capturing frame 118/380
  ██████████░░░░░░░░░░░░░░░  40%  Capturing frame 124/380
  ██████████░░░░░░░░░░░░░░░  40%  Capturing frame 129/380
  ██████████░░░░░░░░░░░░░░░  41%  Capturing frame 135/380
  ██████████░░░░░░░░░░░░░░░  42%  Capturing frame 140/380
  ██████████░░░░░░░░░░░░░░░  42%  Capturing frame 145/380
  ██████████░░░░░░░░░░░░░░░  43%  Capturing frame 150/380
  ██████████░░░░░░░░░░░░░░░  43%  Capturing frame 153/380
  ███████████░░░░░░░░░░░░░░  44%  Capturing frame 159/380
  ███████████░░░░░░░░░░░░░░  44%  Capturing frame 164/380
  ███████████░░░░░░░░░░░░░░  45%  Capturing frame 170/380
  ███████████░░░░░░░░░░░░░░  46%  Capturing frame 175/380
  ███████████░░░░░░░░░░░░░░  46%  Capturing frame 180/380
  ███████████░░░░░░░░░░░░░░  47%  Capturing frame 185/380
  ████████████░░░░░░░░░░░░░  48%  Capturing frame 191/380
  ████████████░░░░░░░░░░░░░  48%  Capturing frame 197/380
  ████████████░░░░░░░░░░░░░  49%  Capturing frame 202/380
  ████████████░░░░░░░░░░░░░  50%  Capturing frame 207/380
  ████████████░░░░░░░░░░░░░  50%  Capturing frame 212/380
  ████████████░░░░░░░░░░░░░  51%  Capturing frame 218/380
  ████████████░░░░░░░░░░░░░  51%  Capturing frame 223/380
  █████████████░░░░░░░░░░░░  52%  Capturing frame 229/380
  █████████████░░░░░░░░░░░░  53%  Capturing frame 234/380
  █████████████░░░░░░░░░░░░  53%  Capturing frame 239/380
  █████████████░░░░░░░░░░░░  54%  Capturing frame 245/380
  █████████████░░░░░░░░░░░░  55%  Capturing frame 251/380
  █████████████░░░░░░░░░░░░  55%  Capturing frame 256/380
  ██████████████░░░░░░░░░░░  56%  Capturing frame 261/380
  ██████████████░░░░░░░░░░░  57%  Capturing frame 266/380
  ██████████████░░░░░░░░░░░  57%  Capturing frame 272/380
  ██████████████░░░░░░░░░░░  58%  Capturing frame 277/380
  ██████████████░░░░░░░░░░░  58%  Capturing frame 282/380
  ██████████████░░░░░░░░░░░  59%  Capturing frame 288/380
  ███████████████░░░░░░░░░░  60%  Capturing frame 293/380
  ███████████████░░░░░░░░░░  60%  Capturing frame 299/380
  ███████████████░░░░░░░░░░  61%  Capturing frame 304/380
  ███████████████░░░░░░░░░░  62%  Capturing frame 310/380
  ███████████████░░░░░░░░░░  62%  Capturing frame 315/380
  ███████████████░░░░░░░░░░  63%  Capturing frame 320/380
  ███████████████░░░░░░░░░░  63%  Capturing frame 325/380
  ████████████████░░░░░░░░░  64%  Capturing frame 331/380
  ████████████████░░░░░░░░░  65%  Capturing frame 337/380
  ████████████████░░░░░░░░░  66%  Capturing frame 343/380
  ████████████████░░░░░░░░░  66%  Capturing frame 348/380
  ████████████████░░░░░░░░░  67%  Capturing frame 354/380
  █████████████████░░░░░░░░  68%  Capturing frame 360/380
  █████████████████░░░░░░░░  68%  Capturing frame 366/380
  █████████████████░░░░░░░░  69%  Capturing frame 372/380
  █████████████████░░░░░░░░  70%  Capturing frame 378/380
  █████████████████░░░░░░░░  70%  Capturing frame 380/380
[INFO] [Render:trace] {"renderJobId":"281e5fa5-aff1-4eec-ab86-c815423ea8a3","phase":"capture_disk","status":"end","elapsedMs":20357,"durationMs":19551,"stagePhase":"capturing","needsAlpha":true,"workerCount":1,"forceScreenshot":true,"totalFrames":380,"framesCompleted":380,"captureMode":"screenshot","captureOperation":"encode"}
[INFO] [Render:trace] {"renderJobId":"281e5fa5-aff1-4eec-ab86-c815423ea8a3","phase":"encode","status":"start","elapsedMs":20357,"stagePhase":"capturing","hasAudio":false,"isPngSequence":true,"isGif":false,"chunkedEncode":false,"workerCount":1,"forceScreenshot":true,"totalFrames":380,"framesCompleted":380,"captureMode":"screenshot","captureOperation":"encode"}
  ██████████████████░░░░░░░  75%  Writing PNG sequence
[INFO] [Render:trace] {"renderJobId":"281e5fa5-aff1-4eec-ab86-c815423ea8a3","phase":"encode","status":"end","elapsedMs":20392,"durationMs":35,"stagePhase":"capturing","hasAudio":false,"isPngSequence":true,"isGif":false,"chunkedEncode":false,"workerCount":1,"forceScreenshot":true,"totalFrames":380,"framesCompleted":380,"captureMode":"screenshot","captureOperation":"encode"}
[INFO] [Render:trace] {"renderJobId":"281e5fa5-aff1-4eec-ab86-c815423ea8a3","phase":"assemble","status":"checkpoint","elapsedMs":20393,"message":"skipped for png-sequence"}
[INFO] [Render:trace] {"renderJobId":"281e5fa5-aff1-4eec-ab86-c815423ea8a3","phase":"pipeline","status":"checkpoint","elapsedMs":20445,"message":"artifact validated","totalElapsedMs":20443}
  █████████████████████████  100%  Render complete

◇  /home/akshar/dev/projects/hyfrme-audit/.work/full-parity-audit/signup-main-reproof-prep-20261008/reproof-v1/harness/.work/verify-remocn-fresh/signup-flow/run-6JZL4k/sequential-frames
   11.6 MB · 380 frames · rendered in 20.5s
   screenshot capture · hardware gpu · compile 0.3s · extract 0.0s · audio 0.0s · probe 0.1s · setup 0.5s · capture 19.6s · encode 0.0s
