
◆  Rendering installed → <project>/.work/verify-remocn-lossless/icon-moon/hyperframes-frames
   30fps · high · 1 workers
   GPU: browser GPU (forced)

[?25l│
◇  Browser: env
[?25h[INFO] [Render] Pipeline started {"renderJobId":"a63d3a21-99b3-469e-afee-5204214d74c6","platform":"linux","arch":"x64","nodeVersion":"v26.11.1","fps":{"num":30,"den":1},"format":"png-sequence","quality":"high","browserGpuMode":"hardware","forceScreenshot":false,"protocolTimeout":300000,"browserTimeout":120000,"pageNavigationTimeout":60000,"playerReadyTimeout":45000}
[INFO] [Render:trace] {"renderJobId":"a63d3a21-99b3-469e-afee-5204214d74c6","phase":"pipeline","status":"checkpoint","elapsedMs":2,"message":"started","format":"png-sequence","quality":"high","browserGpuMode":"hardware","forceScreenshot":false,"protocolTimeoutMs":300000,"pageNavigationTimeoutMs":60000,"playerReadyTimeoutMs":45000,"requestedWorkers":1}
[INFO] [Render:trace] {"renderJobId":"a63d3a21-99b3-469e-afee-5204214d74c6","phase":"compile","status":"start","elapsedMs":3,"needsAlpha":true}
  █░░░░░░░░░░░░░░░░░░░░░░░░  5%  Compiling composition
[INFO] [Compiler] Inlined CDN script: https://cdn.jsdelivr.net/npm/gsap@3.14.2/dist/gsap.min.js
[INFO] Compiled composition metadata {"renderJobId":"a63d3a21-99b3-469e-afee-5204214d74c6","entryFile":"index.html","staticDuration":2.3333333333333335,"width":48,"height":48,"videoCount":0,"audioCount":0,"renderModeHints":{"recommendScreenshot":false,"reasons":[]}}
[INFO] [Render:trace] {"renderJobId":"a63d3a21-99b3-469e-afee-5204214d74c6","phase":"compile","status":"end","elapsedMs":143,"durationMs":140,"needsAlpha":true}
[INFO] [Render:trace] {"renderJobId":"a63d3a21-99b3-469e-afee-5204214d74c6","phase":"compile","status":"checkpoint","elapsedMs":143,"message":"composition metadata resolved","width":48,"height":48,"videoCount":0,"audioCount":0,"imageCount":0,"deviceScaleFactor":1,"forceScreenshot":true,"compositionHash":"026a01340a919bc5"}
[INFO] [Render:trace] {"renderJobId":"a63d3a21-99b3-469e-afee-5204214d74c6","phase":"browser_probe","status":"start","elapsedMs":144,"forceScreenshot":true,"stagePhase":"calibrating"}
[INFO] [Render:trace] {"renderJobId":"a63d3a21-99b3-469e-afee-5204214d74c6","phase":"browser_probe","status":"end","elapsedMs":194,"durationMs":50,"forceScreenshot":true,"stagePhase":"calibrating"}
[INFO] [Render:trace] {"renderJobId":"a63d3a21-99b3-469e-afee-5204214d74c6","phase":"browser_probe","status":"checkpoint","elapsedMs":195,"message":"duration resolved","durationSeconds":2.3333333333333335,"totalFrames":70,"compositionHash":"026a01340a919bc5","beginFrameStalled":false}
[INFO] [Render:trace] {"renderJobId":"a63d3a21-99b3-469e-afee-5204214d74c6","phase":"video_extract","status":"start","elapsedMs":195,"videoCount":0}
  ██░░░░░░░░░░░░░░░░░░░░░░░  10%  Extracting video frames
[INFO] [Render:trace] {"renderJobId":"a63d3a21-99b3-469e-afee-5204214d74c6","phase":"video_extract","status":"end","elapsedMs":195,"durationMs":0,"videoCount":0}
[INFO] [Render:trace] {"renderJobId":"a63d3a21-99b3-469e-afee-5204214d74c6","phase":"video_extract","status":"checkpoint","elapsedMs":196,"message":"frames resolved","videoCount":0,"extractedVideoCount":0,"totalFramesExtracted":0,"maxFramesPerVideo":0,"avgFramesPerExtractedVideo":null,"vfrPreflightCount":null,"vfrPreflightMs":null,"cacheHits":null,"cacheMisses":null,"transientRetries":null,"minVideoFrameCoverageRatio":null,"authoredTimedClipCount":3}
[INFO] [Render] No HDR sources detected — rendering SDR {"renderJobId":"a63d3a21-99b3-469e-afee-5204214d74c6"}
[INFO] [Render:trace] {"renderJobId":"a63d3a21-99b3-469e-afee-5204214d74c6","phase":"hdr_detection","status":"checkpoint","elapsedMs":196,"message":"resolved","requestedHdrMode":"auto","effectiveHdr":"sdr","nativeHdrVideoCount":0,"nativeHdrImageCount":0}
[INFO] [Render:trace] {"renderJobId":"a63d3a21-99b3-469e-afee-5204214d74c6","phase":"audio_process","status":"start","elapsedMs":196,"audioCount":0}
[INFO] [Render:trace] {"renderJobId":"a63d3a21-99b3-469e-afee-5204214d74c6","phase":"audio_process","status":"end","elapsedMs":196,"durationMs":0,"audioCount":0}
  █████░░░░░░░░░░░░░░░░░░░░  20%  Processing audio tracks
[INFO] [Render:trace] {"renderJobId":"a63d3a21-99b3-469e-afee-5204214d74c6","phase":"file_server","status":"start","elapsedMs":197,"reused":false}
  ██████░░░░░░░░░░░░░░░░░░░  25%  Starting frame capture
[INFO] [Render:trace] {"renderJobId":"a63d3a21-99b3-469e-afee-5204214d74c6","phase":"file_server","status":"end","elapsedMs":199,"durationMs":2}
  ██████░░░░░░░░░░░░░░░░░░░  25%  Checking browser GPU
[hyperframes] browserGpuMode probe → hardware (WebGL renderer vendor="Google Inc. (NVIDIA Corporation)" renderer="ANGLE (NVIDIA Corporation, NVIDIA GeForce RTX 5060/PCIe/SSE2, OpenGL ES 3.2)")
[INFO] [Render:trace] {"renderJobId":"a63d3a21-99b3-469e-afee-5204214d74c6","phase":"capture_calibration","status":"checkpoint","elapsedMs":674,"message":"skipped","requestedWorkers":1,"totalFrames":70,"htmlInCanvasDetected":false,"lowMemoryMode":false,"deInversionEligible":false,"deParallelRouterEligible":false}
[INFO] [Render:trace] {"renderJobId":"a63d3a21-99b3-469e-afee-5204214d74c6","phase":"worker_resolution","status":"checkpoint","elapsedMs":675,"message":"resolved","workerCount":1}
[INFO] streaming-encode gate {"renderJobId":"a63d3a21-99b3-469e-afee-5204214d74c6","enabled":false,"reason":"format_excluded","configFlag":true,"durationCapEnabled":false,"outputFormat":"png-sequence","workerCount":1,"durationSeconds":2.3333333333333335,"maxDurationSeconds":240}
[INFO] [Render:trace] {"renderJobId":"a63d3a21-99b3-469e-afee-5204214d74c6","phase":"capture_strategy","status":"checkpoint","elapsedMs":675,"message":"resolved","workerCount":1,"forceScreenshot":true,"captureBeyondViewport":null,"useStreamingEncode":false,"useLayeredComposite":false,"usePageSideCompositing":false,"hasHdrContent":false,"hasShaderTransitions":false,"isPngSequence":true}
[INFO] [Render:trace] {"renderJobId":"a63d3a21-99b3-469e-afee-5204214d74c6","phase":"capture_disk","status":"start","elapsedMs":675,"stagePhase":"capturing","needsAlpha":true,"workerCount":1,"forceScreenshot":true,"totalFrames":70,"framesCompleted":0,"captureMode":"screenshot","captureOperation":"captureScreenshot"}
[BrowserManager] Browser launched (HeadlessChrome/152.0.7977.42, screenshot, gl=--use-gl=angle --use-angle=gl-egl, headlessShell=true, platform=linux)
[initSession:screenshot] page.goto start (0ms)
[HyperFrames] render runtime fps {"canonicalFps":30,"source":"render-options","rawFpsSource":"render-options","rawFps":30}
[initSession:screenshot] page.goto complete (79ms)
[initSession:screenshot] GSAP proxy flush complete (81ms)
[initSession:screenshot] pollHfReady complete (183ms)
[initSession:screenshot] pollSubCompositionTimelines complete (ready) (184ms)
[initSession:screenshot] applyVideoMetadataHints complete (185ms)
[initSession:screenshot] media + fonts + tailwind ready (186ms)
[initSession:screenshot] static-frame dedup: disabled (eligible) (191ms)
  ██████░░░░░░░░░░░░░░░░░░░  26%  Capturing frame 1/70
  ███████░░░░░░░░░░░░░░░░░░  30%  Capturing frame 7/70
  ████████░░░░░░░░░░░░░░░░░  33%  Capturing frame 13/70
  █████████░░░░░░░░░░░░░░░░  37%  Capturing frame 19/70
  ██████████░░░░░░░░░░░░░░░  42%  Capturing frame 26/70
  ███████████░░░░░░░░░░░░░░  46%  Capturing frame 33/70
  ████████████░░░░░░░░░░░░░  50%  Capturing frame 39/70
  █████████████░░░░░░░░░░░░  55%  Capturing frame 46/70
  ██████████████░░░░░░░░░░░  58%  Capturing frame 52/70
  ███████████████░░░░░░░░░░  62%  Capturing frame 58/70
  ████████████████░░░░░░░░░  66%  Capturing frame 64/70
  █████████████████░░░░░░░░  70%  Capturing frame 70/70
[INFO] [Render:trace] {"renderJobId":"a63d3a21-99b3-469e-afee-5204214d74c6","phase":"capture_disk","status":"end","elapsedMs":3880,"durationMs":3205,"stagePhase":"capturing","needsAlpha":true,"workerCount":1,"forceScreenshot":true,"totalFrames":70,"framesCompleted":70,"captureMode":"screenshot","captureOperation":"encode"}
[INFO] [Render:trace] {"renderJobId":"a63d3a21-99b3-469e-afee-5204214d74c6","phase":"encode","status":"start","elapsedMs":3880,"stagePhase":"capturing","hasAudio":false,"isPngSequence":true,"isGif":false,"chunkedEncode":false,"workerCount":1,"forceScreenshot":true,"totalFrames":70,"framesCompleted":70,"captureMode":"screenshot","captureOperation":"encode"}
  ██████████████████░░░░░░░  75%  Writing PNG sequence
[INFO] [Render:trace] {"renderJobId":"a63d3a21-99b3-469e-afee-5204214d74c6","phase":"encode","status":"end","elapsedMs":3883,"durationMs":3,"stagePhase":"capturing","hasAudio":false,"isPngSequence":true,"isGif":false,"chunkedEncode":false,"workerCount":1,"forceScreenshot":true,"totalFrames":70,"framesCompleted":70,"captureMode":"screenshot","captureOperation":"encode"}
[INFO] [Render:trace] {"renderJobId":"a63d3a21-99b3-469e-afee-5204214d74c6","phase":"assemble","status":"checkpoint","elapsedMs":3883,"message":"skipped for png-sequence"}
[INFO] [Render:trace] {"renderJobId":"a63d3a21-99b3-469e-afee-5204214d74c6","phase":"pipeline","status":"checkpoint","elapsedMs":3885,"message":"artifact validated","totalElapsedMs":3884}
  █████████████████████████  100%  Render complete

◇  <project>/.work/verify-remocn-lossless/icon-moon/hyperframes-frames
   48.2 KB · 70 frames · rendered in 3.9s
   screenshot capture · hardware gpu · compile 0.2s · extract 0.0s · audio 0.0s · probe 0.1s · setup 0.5s · capture 3.2s · encode 0.0s
