[hyperframes] browserGpuMode probe → hardware (WebGL renderer vendor="Google Inc. (NVIDIA Corporation)" renderer="ANGLE (NVIDIA Corporation, NVIDIA GeForce RTX 5060/PCIe/SSE2, OpenGL ES 3.2)")
{
  "ok": true,
  "strict": false,
  "lint": {
    "ok": true,
    "errorCount": 0,
    "warningCount": 0,
    "infoCount": 0,
    "findings": [],
    "filesScanned": 2
  },
  "runtime": {
    "ok": true,
    "errorCount": 0,
    "warningCount": 0,
    "infoCount": 0,
    "findings": []
  },
  "layout": {
    "ok": true,
    "errorCount": 0,
    "warningCount": 0,
    "infoCount": 0,
    "findings": [],
    "duration": 5,
    "samples": [
      0.278,
      0.833,
      1.389,
      1.944,
      2.5,
      3.056,
      3.611,
      4.167,
      4.722
    ],
    "transitionSamples": [],
    "transitionSamplesDropped": 0,
    "tolerance": 2,
    "totalIssueCount": 0,
    "truncated": false
  },
  "motion": {
    "ok": true,
    "errorCount": 0,
    "warningCount": 0,
    "infoCount": 0,
    "findings": [],
    "enabled": false,
    "samples": 0
  },
  "contrast": {
    "ok": true,
    "errorCount": 0,
    "warningCount": 1,
    "infoCount": 0,
    "findings": [
      {
        "code": "contrast_aa_failure",
        "severity": "warning",
        "message": "Contrast is 2.78:1; WCAG AA requires 4.5:1.",
        "text": "Ask anything",
        "fg": "rgb(155,155,155)",
        "bg": "rgb(255,255,255)",
        "ratio": 2.78,
        "requiredRatio": 4.5,
        "suggestedColor": "rgb(118,118,118)",
        "large": false,
        "selector": "div > div > div > div > div > div > div > div:nth-of-type(2) > div:nth-of-type(1) > span > span:nth-of-type(2)",
        "dataAttributes": {},
        "sourceFile": "compositions/chat-gpt.html",
        "bbox": {
          "x": 297,
          "y": 320.4999694824219,
          "width": 116.421875,
          "height": 23
        },
        "time": 1.389
      }
    ],
    "enabled": true,
    "samples": [
      0.278,
      1.389,
      2.5,
      3.611,
      4.722
    ],
    "checked": 12,
    "passed": 11
  },
  "snapshots": {
    "enabled": false,
    "files": [],
    "times": [],
    "findingFiles": []
  },
  "_meta": {
    "version": "0.8.30",
    "latestVersion": "0.8.32",
    "updateAvailable": true
  }
}
