[hyperframes] browserGpuMode probe → hardware (WebGL renderer vendor="Google Inc. (NVIDIA Corporation)" renderer="ANGLE (NVIDIA Corporation, NVIDIA GeForce RTX 5060/PCIe/SSE2, OpenGL ES 3.2)")
{
  "ok": false,
  "strict": false,
  "lint": {
    "ok": true,
    "errorCount": 0,
    "warningCount": 0,
    "infoCount": 0,
    "findings": [],
    "filesScanned": 2
  },
  "runtime": {
    "ok": true,
    "errorCount": 0,
    "warningCount": 0,
    "infoCount": 0,
    "findings": []
  },
  "layout": {
    "ok": false,
    "errorCount": 1,
    "warningCount": 0,
    "infoCount": 0,
    "findings": [
      {
        "code": "text_occluded",
        "severity": "error",
        "time": 0.389,
        "selector": "#sheen-slide-in-source-root > div:nth-of-type(1) > div:nth-of-type(1) > span:nth-of-type(1)",
        "message": "Text is hidden beneath an opaque element.",
        "rect": {
          "left": 470.18,
          "top": 313.41,
          "right": 829.11,
          "bottom": 406.41,
          "width": 358.92,
          "height": 93
        },
        "containerSelector": "#sheen-slide-in-source-root > div:nth-of-type(1) > div:nth-of-type(1) > span:nth-of-type(2)",
        "text": "Introducing",
        "fixHint": "Give the text its own zone, raise its stacking order above the covering element, or mark intentional layering with data-layout-allow-occlusion.",
        "coveredFraction": 1,
        "dataAttributes": {},
        "sourceFile": "compositions/sheen-slide-in.html",
        "bbox": {
          "x": 470.18,
          "y": 313.41,
          "width": 358.92,
          "height": 93
        },
        "firstSeen": 0.389,
        "lastSeen": 1.685,
        "occurrences": 6
      }
    ],
    "duration": 2.3333333333333335,
    "samples": [
      0.13,
      0.389,
      0.648,
      0.907,
      1.167,
      1.426,
      1.685,
      1.944,
      2.204
    ],
    "transitionSamples": [],
    "transitionSamplesDropped": 0,
    "tolerance": 2,
    "totalIssueCount": 1,
    "truncated": false
  },
  "motion": {
    "ok": true,
    "errorCount": 0,
    "warningCount": 0,
    "infoCount": 0,
    "findings": [],
    "enabled": false,
    "samples": 0
  },
  "contrast": {
    "ok": true,
    "errorCount": 0,
    "warningCount": 0,
    "infoCount": 0,
    "findings": [],
    "enabled": true,
    "samples": [
      0.13,
      0.648,
      1.167,
      1.685,
      2.204
    ],
    "checked": 4,
    "passed": 4
  },
  "snapshots": {
    "enabled": false,
    "files": [],
    "times": [],
    "findingFiles": []
  },
  "_meta": {
    "version": "0.8.30",
    "latestVersion": "0.8.32",
    "updateAvailable": true
  }
}
