[hyperframes] browserGpuMode probe → hardware (WebGL renderer vendor="Google Inc. (NVIDIA Corporation)" renderer="ANGLE (NVIDIA Corporation, NVIDIA GeForce RTX 5060/PCIe/SSE2, OpenGL ES 3.2)")
{
  "ok": true,
  "strict": false,
  "lint": {
    "ok": true,
    "errorCount": 0,
    "warningCount": 0,
    "infoCount": 0,
    "findings": [],
    "filesScanned": 2
  },
  "runtime": {
    "ok": true,
    "errorCount": 0,
    "warningCount": 0,
    "infoCount": 0,
    "findings": []
  },
  "layout": {
    "ok": true,
    "errorCount": 0,
    "warningCount": 0,
    "infoCount": 14,
    "findings": [
      {
        "code": "canvas_overflow",
        "severity": "info",
        "time": 0.167,
        "selector": "#fog-rise-source-root > div:nth-of-type(1) > span:nth-of-type(1) > span:nth-of-type(3)",
        "message": "Text extends outside the composition canvas.",
        "rect": {
          "left": 418.8,
          "top": 518.54,
          "right": 704.67,
          "bottom": 815.6,
          "width": 285.87,
          "height": 297.06
        },
        "containerSelector": "#root",
        "text": "m",
        "fixHint": "Move the text inward, reduce its size, or mark intentional off-canvas animation with data-layout-allow-overflow.",
        "containerRect": {
          "left": 0,
          "top": 0,
          "right": 1280,
          "bottom": 720,
          "width": 1280,
          "height": 720
        },
        "overflow": {
          "bottom": 95.6
        },
        "dataAttributes": {},
        "sourceFile": "compositions/fog-rise.html",
        "bbox": {
          "x": 418.8,
          "y": 518.54,
          "width": 285.87,
          "height": 297.06
        },
        "firstSeen": 0.167,
        "lastSeen": 0.167,
        "occurrences": 1
      },
      {
        "code": "canvas_overflow",
        "severity": "info",
        "time": 0.167,
        "selector": "#fog-rise-source-root > div:nth-of-type(1) > span:nth-of-type(1) > span:nth-of-type(4)",
        "message": "Text extends outside the composition canvas.",
        "rect": {
          "left": 708.54,
          "top": 518.54,
          "right": 898.74,
          "bottom": 815.6,
          "width": 190.2,
          "height": 297.06
        },
        "containerSelector": "#root",
        "text": "o",
        "fixHint": "Move the text inward, reduce its size, or mark intentional off-canvas animation with data-layout-allow-overflow.",
        "containerRect": {
          "left": 0,
          "top": 0,
          "right": 1280,
          "bottom": 720,
          "width": 1280,
          "height": 720
        },
        "overflow": {
          "bottom": 95.6
        },
        "dataAttributes": {},
        "sourceFile": "compositions/fog-rise.html",
        "bbox": {
          "x": 708.54,
          "y": 518.54,
          "width": 190.2,
          "height": 297.06
        },
        "firstSeen": 0.167,
        "lastSeen": 0.167,
        "occurrences": 1
      },
      {
        "code": "canvas_overflow",
        "severity": "info",
        "time": 2.5,
        "selector": "#fog-rise-source-root > div:nth-of-type(1) > span:nth-of-type(1) > span:nth-of-type(1)",
        "message": "Text extends outside the composition canvas.",
        "rect": {
          "left": 124.7,
          "top": -1212.39,
          "right": 307.72,
          "bottom": -816.39,
          "width": 183.02,
          "height": 396
        },
        "containerSelector": "#root",
        "text": "R",
        "fixHint": "Move the text inward, reduce its size, or mark intentional off-canvas animation with data-layout-allow-overflow.",
        "containerRect": {
          "left": 0,
          "top": 0,
          "right": 1280,
          "bottom": 720,
          "width": 1280,
          "height": 720
        },
        "overflow": {
          "top": 1212.39
        },
        "dataAttributes": {},
        "sourceFile": "compositions/fog-rise.html",
        "bbox": {
          "x": 124.7,
          "y": -1212.39,
          "width": 183.02,
          "height": 396
        },
        "firstSeen": 2.5,
        "lastSeen": 2.5,
        "occurrences": 1
      },
      {
        "code": "canvas_overflow",
        "severity": "info",
        "time": 2.5,
        "selector": "#fog-rise-source-root > div:nth-of-type(1) > span:nth-of-type(1) > span:nth-of-type(2)",
        "message": "Text extends outside the composition canvas.",
        "rect": {
          "left": 307.72,
          "top": -1212.39,
          "right": 456.98,
          "bottom": -816.39,
          "width": 149.27,
          "height": 396
        },
        "containerSelector": "#root",
        "text": "e",
        "fixHint": "Move the text inward, reduce its size, or mark intentional off-canvas animation with data-layout-allow-overflow.",
        "containerRect": {
          "left": 0,
          "top": 0,
          "right": 1280,
          "bottom": 720,
          "width": 1280,
          "height": 720
        },
        "overflow": {
          "top": 1212.39
        },
        "dataAttributes": {},
        "sourceFile": "compositions/fog-rise.html",
        "bbox": {
          "x": 307.72,
          "y": -1212.39,
          "width": 149.27,
          "height": 396
        },
        "firstSeen": 2.5,
        "lastSeen": 2.5,
        "occurrences": 1
      },
      {
        "code": "canvas_overflow",
        "severity": "info",
        "time": 2.5,
        "selector": "#fog-rise-source-root > div:nth-of-type(1) > span:nth-of-type(1) > span:nth-of-type(3)",
        "message": "Text extends outside the composition canvas.",
        "rect": {
          "left": 456.98,
          "top": -1212.39,
          "right": 702.31,
          "bottom": -816.39,
          "width": 245.33,
          "height": 396
        },
        "containerSelector": "#root",
        "text": "m",
        "fixHint": "Move the text inward, reduce its size, or mark intentional off-canvas animation with data-layout-allow-overflow.",
        "containerRect": {
          "left": 0,
          "top": 0,
          "right": 1280,
          "bottom": 720,
          "width": 1280,
          "height": 720
        },
        "overflow": {
          "top": 1212.39
        },
        "dataAttributes": {},
        "sourceFile": "compositions/fog-rise.html",
        "bbox": {
          "x": 456.98,
          "y": -1212.39,
          "width": 245.33,
          "height": 396
        },
        "firstSeen": 2.5,
        "lastSeen": 2.5,
        "occurrences": 1
      },
      {
        "code": "canvas_overflow",
        "severity": "info",
        "time": 2.5,
        "selector": "#fog-rise-source-root > div:nth-of-type(1) > span:nth-of-type(1) > span:nth-of-type(4)",
        "message": "Text extends outside the composition canvas.",
        "rect": {
          "left": 702.31,
          "top": -1212.39,
          "right": 855.23,
          "bottom": -816.39,
          "width": 152.92,
          "height": 396
        },
        "containerSelector": "#root",
        "text": "o",
        "fixHint": "Move the text inward, reduce its size, or mark intentional off-canvas animation with data-layout-allow-overflow.",
        "containerRect": {
          "left": 0,
          "top": 0,
          "right": 1280,
          "bottom": 720,
          "width": 1280,
          "height": 720
        },
        "overflow": {
          "top": 1212.39
        },
        "dataAttributes": {},
        "sourceFile": "compositions/fog-rise.html",
        "bbox": {
          "x": 702.31,
          "y": -1212.39,
          "width": 152.92,
          "height": 396
        },
        "firstSeen": 2.5,
        "lastSeen": 2.5,
        "occurrences": 1
      },
      {
        "code": "canvas_overflow",
        "severity": "info",
        "time": 2.5,
        "selector": "#fog-rise-source-root > div:nth-of-type(1) > span:nth-of-type(1) > span:nth-of-type(5)",
        "message": "Text extends outside the composition canvas.",
        "rect": {
          "left": 855.23,
          "top": -1212.39,
          "right": 999.95,
          "bottom": -816.39,
          "width": 144.72,
          "height": 396
        },
        "containerSelector": "#root",
        "text": "c",
        "fixHint": "Move the text inward, reduce its size, or mark intentional off-canvas animation with data-layout-allow-overflow.",
        "containerRect": {
          "left": 0,
          "top": 0,
          "right": 1280,
          "bottom": 720,
          "width": 1280,
          "height": 720
        },
        "overflow": {
          "top": 1212.39
        },
        "dataAttributes": {},
        "sourceFile": "compositions/fog-rise.html",
        "bbox": {
          "x": 855.23,
          "y": -1212.39,
          "width": 144.72,
          "height": 396
        },
        "firstSeen": 2.5,
        "lastSeen": 2.5,
        "occurrences": 1
      },
      {
        "code": "canvas_overflow",
        "severity": "info",
        "time": 2.5,
        "selector": "#fog-rise-source-root > div:nth-of-type(1) > span:nth-of-type(1) > span:nth-of-type(6)",
        "message": "Text extends outside the composition canvas.",
        "rect": {
          "left": 999.95,
          "top": -1212.39,
          "right": 1155.3,
          "bottom": -816.39,
          "width": 155.34,
          "height": 396
        },
        "containerSelector": "#root",
        "text": "n",
        "fixHint": "Move the text inward, reduce its size, or mark intentional off-canvas animation with data-layout-allow-overflow.",
        "containerRect": {
          "left": 0,
          "top": 0,
          "right": 1280,
          "bottom": 720,
          "width": 1280,
          "height": 720
        },
        "overflow": {
          "top": 1212.39
        },
        "dataAttributes": {},
        "sourceFile": "compositions/fog-rise.html",
        "bbox": {
          "x": 999.95,
          "y": -1212.39,
          "width": 155.34,
          "height": 396
        },
        "firstSeen": 2.5,
        "lastSeen": 2.5,
        "occurrences": 1
      },
      {
        "code": "canvas_overflow",
        "severity": "info",
        "time": 2.833,
        "selector": "#fog-rise-source-root > div:nth-of-type(1) > span:nth-of-type(1) > span:nth-of-type(1)",
        "message": "Text extends outside the composition canvas.",
        "rect": {
          "left": 124.7,
          "top": -3360.15,
          "right": 307.72,
          "bottom": -2964.15,
          "width": 183.02,
          "height": 396
        },
        "containerSelector": "#root",
        "text": "R",
        "fixHint": "Move the text inward, reduce its size, or mark intentional off-canvas animation with data-layout-allow-overflow.",
        "containerRect": {
          "left": 0,
          "top": 0,
          "right": 1280,
          "bottom": 720,
          "width": 1280,
          "height": 720
        },
        "overflow": {
          "top": 3360.15
        },
        "dataAttributes": {},
        "sourceFile": "compositions/fog-rise.html",
        "bbox": {
          "x": 124.7,
          "y": -3360.15,
          "width": 183.02,
          "height": 396
        },
        "firstSeen": 2.833,
        "lastSeen": 2.833,
        "occurrences": 1
      },
      {
        "code": "canvas_overflow",
        "severity": "info",
        "time": 2.833,
        "selector": "#fog-rise-source-root > div:nth-of-type(1) > span:nth-of-type(1) > span:nth-of-type(2)",
        "message": "Text extends outside the composition canvas.",
        "rect": {
          "left": 307.72,
          "top": -3360.15,
          "right": 456.98,
          "bottom": -2964.15,
          "width": 149.27,
          "height": 396
        },
        "containerSelector": "#root",
        "text": "e",
        "fixHint": "Move the text inward, reduce its size, or mark intentional off-canvas animation with data-layout-allow-overflow.",
        "containerRect": {
          "left": 0,
          "top": 0,
          "right": 1280,
          "bottom": 720,
          "width": 1280,
          "height": 720
        },
        "overflow": {
          "top": 3360.15
        },
        "dataAttributes": {},
        "sourceFile": "compositions/fog-rise.html",
        "bbox": {
          "x": 307.72,
          "y": -3360.15,
          "width": 149.27,
          "height": 396
        },
        "firstSeen": 2.833,
        "lastSeen": 2.833,
        "occurrences": 1
      },
      {
        "code": "canvas_overflow",
        "severity": "info",
        "time": 2.833,
        "selector": "#fog-rise-source-root > div:nth-of-type(1) > span:nth-of-type(1) > span:nth-of-type(3)",
        "message": "Text extends outside the composition canvas.",
        "rect": {
          "left": 456.98,
          "top": -3360.15,
          "right": 702.31,
          "bottom": -2964.15,
          "width": 245.33,
          "height": 396
        },
        "containerSelector": "#root",
        "text": "m",
        "fixHint": "Move the text inward, reduce its size, or mark intentional off-canvas animation with data-layout-allow-overflow.",
        "containerRect": {
          "left": 0,
          "top": 0,
          "right": 1280,
          "bottom": 720,
          "width": 1280,
          "height": 720
        },
        "overflow": {
          "top": 3360.15
        },
        "dataAttributes": {},
        "sourceFile": "compositions/fog-rise.html",
        "bbox": {
          "x": 456.98,
          "y": -3360.15,
          "width": 245.33,
          "height": 396
        },
        "firstSeen": 2.833,
        "lastSeen": 2.833,
        "occurrences": 1
      },
      {
        "code": "canvas_overflow",
        "severity": "info",
        "time": 2.833,
        "selector": "#fog-rise-source-root > div:nth-of-type(1) > span:nth-of-type(1) > span:nth-of-type(4)",
        "message": "Text extends outside the composition canvas.",
        "rect": {
          "left": 702.31,
          "top": -3360.15,
          "right": 855.23,
          "bottom": -2964.15,
          "width": 152.92,
          "height": 396
        },
        "containerSelector": "#root",
        "text": "o",
        "fixHint": "Move the text inward, reduce its size, or mark intentional off-canvas animation with data-layout-allow-overflow.",
        "containerRect": {
          "left": 0,
          "top": 0,
          "right": 1280,
          "bottom": 720,
          "width": 1280,
          "height": 720
        },
        "overflow": {
          "top": 3360.15
        },
        "dataAttributes": {},
        "sourceFile": "compositions/fog-rise.html",
        "bbox": {
          "x": 702.31,
          "y": -3360.15,
          "width": 152.92,
          "height": 396
        },
        "firstSeen": 2.833,
        "lastSeen": 2.833,
        "occurrences": 1
      },
      {
        "code": "canvas_overflow",
        "severity": "info",
        "time": 2.833,
        "selector": "#fog-rise-source-root > div:nth-of-type(1) > span:nth-of-type(1) > span:nth-of-type(5)",
        "message": "Text extends outside the composition canvas.",
        "rect": {
          "left": 855.23,
          "top": -3360.15,
          "right": 999.95,
          "bottom": -2964.15,
          "width": 144.72,
          "height": 396
        },
        "containerSelector": "#root",
        "text": "c",
        "fixHint": "Move the text inward, reduce its size, or mark intentional off-canvas animation with data-layout-allow-overflow.",
        "containerRect": {
          "left": 0,
          "top": 0,
          "right": 1280,
          "bottom": 720,
          "width": 1280,
          "height": 720
        },
        "overflow": {
          "top": 3360.15
        },
        "dataAttributes": {},
        "sourceFile": "compositions/fog-rise.html",
        "bbox": {
          "x": 855.23,
          "y": -3360.15,
          "width": 144.72,
          "height": 396
        },
        "firstSeen": 2.833,
        "lastSeen": 2.833,
        "occurrences": 1
      },
      {
        "code": "canvas_overflow",
        "severity": "info",
        "time": 2.833,
        "selector": "#fog-rise-source-root > div:nth-of-type(1) > span:nth-of-type(1) > span:nth-of-type(6)",
        "message": "Text extends outside the composition canvas.",
        "rect": {
          "left": 999.95,
          "top": -3360.15,
          "right": 1155.3,
          "bottom": -2964.15,
          "width": 155.34,
          "height": 396
        },
        "containerSelector": "#root",
        "text": "n",
        "fixHint": "Move the text inward, reduce its size, or mark intentional off-canvas animation with data-layout-allow-overflow.",
        "containerRect": {
          "left": 0,
          "top": 0,
          "right": 1280,
          "bottom": 720,
          "width": 1280,
          "height": 720
        },
        "overflow": {
          "top": 3360.15
        },
        "dataAttributes": {},
        "sourceFile": "compositions/fog-rise.html",
        "bbox": {
          "x": 999.95,
          "y": -3360.15,
          "width": 155.34,
          "height": 396
        },
        "firstSeen": 2.833,
        "lastSeen": 2.833,
        "occurrences": 1
      }
    ],
    "duration": 3,
    "samples": [
      0.167,
      0.5,
      0.833,
      1.167,
      1.5,
      1.833,
      2.167,
      2.5,
      2.833
    ],
    "transitionSamples": [],
    "transitionSamplesDropped": 0,
    "tolerance": 2,
    "totalIssueCount": 14,
    "truncated": false
  },
  "motion": {
    "ok": true,
    "errorCount": 0,
    "warningCount": 0,
    "infoCount": 0,
    "findings": [],
    "enabled": false,
    "samples": 0
  },
  "contrast": {
    "ok": true,
    "errorCount": 0,
    "warningCount": 0,
    "infoCount": 0,
    "findings": [],
    "enabled": true,
    "samples": [
      0.167,
      0.833,
      1.5,
      2.167,
      2.833
    ],
    "checked": 20,
    "passed": 20
  },
  "snapshots": {
    "enabled": false,
    "files": [],
    "times": [],
    "findingFiles": []
  },
  "_meta": {
    "version": "0.8.30",
    "latestVersion": "0.8.32",
    "updateAvailable": true
  }
}
