[hyperframes] browserGpuMode probe → hardware (WebGL renderer vendor="Google Inc. (NVIDIA Corporation)" renderer="ANGLE (NVIDIA Corporation, NVIDIA GeForce RTX 5060/PCIe/SSE2, OpenGL ES 3.2)")
{
  "ok": false,
  "strict": false,
  "lint": {
    "ok": true,
    "errorCount": 0,
    "warningCount": 0,
    "infoCount": 0,
    "findings": [],
    "filesScanned": 2
  },
  "runtime": {
    "ok": true,
    "errorCount": 0,
    "warningCount": 0,
    "infoCount": 0,
    "findings": []
  },
  "layout": {
    "ok": true,
    "errorCount": 0,
    "warningCount": 0,
    "infoCount": 0,
    "findings": [],
    "duration": 6,
    "samples": [
      0.333,
      1,
      1.667,
      2.333,
      3,
      3.667,
      4.333,
      5,
      5.667
    ],
    "transitionSamples": [],
    "transitionSamplesDropped": 0,
    "tolerance": 2,
    "totalIssueCount": 0,
    "truncated": false
  },
  "motion": {
    "ok": true,
    "errorCount": 0,
    "warningCount": 0,
    "infoCount": 0,
    "findings": [],
    "enabled": false,
    "samples": 0
  },
  "contrast": {
    "ok": false,
    "errorCount": 2,
    "warningCount": 11,
    "infoCount": 0,
    "findings": [
      {
        "code": "contrast_aa_failure",
        "severity": "error",
        "message": "Contrast is 1.27:1; WCAG AA requires 3:1.",
        "text": "T",
        "fg": "rgb(212,255,31)",
        "bg": "rgb(190,228,29)",
        "ratio": 1.27,
        "requiredRatio": 3,
        "suggestedColor": "rgb(106,128,16)",
        "large": true,
        "selector": "div > div > div > div > div > div > div > div:nth-of-type(1) > span",
        "dataAttributes": {
          "data-layout-allow-overlap": "true"
        },
        "sourceFile": "compositions/ring-text.html",
        "bbox": {
          "x": 457.77630615234375,
          "y": 440.3998718261719,
          "width": 23.046875,
          "height": 41.104461669921875
        },
        "time": 0.333
      },
      {
        "code": "contrast_aa_failure",
        "severity": "warning",
        "message": "Contrast is 1:1; WCAG AA requires 3:1.",
        "text": "•",
        "fg": "rgb(212,255,31)",
        "bg": "rgb(212,255,31)",
        "ratio": 1,
        "requiredRatio": 3,
        "suggestedColor": "rgb(122,147,18)",
        "large": true,
        "selector": "div > div > div > div > div > div > div > div:nth-of-type(50) > span",
        "dataAttributes": {
          "data-layout-allow-overlap": "true"
        },
        "sourceFile": "compositions/ring-text.html",
        "bbox": {
          "x": 446.9026794433594,
          "y": 418.9896545410156,
          "width": 15.523956298828125,
          "height": 37.23724365234375
        },
        "time": 0.333
      },
      {
        "code": "contrast_aa_failure",
        "severity": "warning",
        "message": "Contrast is 1.49:1; WCAG AA requires 3:1.",
        "text": "t",
        "fg": "rgb(212,255,31)",
        "bg": "rgb(176,211,27)",
        "ratio": 1.49,
        "requiredRatio": 3,
        "suggestedColor": "rgb(97,117,14)",
        "large": true,
        "selector": "div > div > div > div > div > div > div > div:nth-of-type(11) > span",
        "dataAttributes": {
          "data-layout-allow-overlap": "true"
        },
        "sourceFile": "compositions/ring-text.html",
        "bbox": {
          "x": 433.77783203125,
          "y": 412.8975524902344,
          "width": 14.485870361328125,
          "height": 37.247802734375
        },
        "time": 1.667
      },
      {
        "code": "contrast_aa_failure",
        "severity": "warning",
        "message": "Contrast is 1:1; WCAG AA requires 3:1.",
        "text": "i",
        "fg": "rgb(212,255,31)",
        "bg": "rgb(212,255,31)",
        "ratio": 1,
        "requiredRatio": 3,
        "suggestedColor": "rgb(122,147,18)",
        "large": true,
        "selector": "div > div > div > div > div > div > div > div:nth-of-type(12) > span",
        "dataAttributes": {
          "data-layout-allow-overlap": "true"
        },
        "sourceFile": "compositions/ring-text.html",
        "bbox": {
          "x": 438.4924011230469,
          "y": 427.67230224609375,
          "width": 14.8424072265625,
          "height": 34.354644775390625
        },
        "time": 1.667
      },
      {
        "code": "contrast_aa_failure",
        "severity": "warning",
        "message": "Contrast is 1:1; WCAG AA requires 3:1.",
        "text": "o",
        "fg": "rgb(212,255,31)",
        "bg": "rgb(212,255,31)",
        "ratio": 1,
        "requiredRatio": 3,
        "suggestedColor": "rgb(122,147,18)",
        "large": true,
        "selector": "div > div > div > div > div > div > div > div:nth-of-type(13) > span",
        "dataAttributes": {
          "data-layout-allow-overlap": "true"
        },
        "sourceFile": "compositions/ring-text.html",
        "bbox": {
          "x": 443.75811767578125,
          "y": 439.3836669921875,
          "width": 21.611541748046875,
          "height": 42.03814697265625
        },
        "time": 1.667
      },
      {
        "code": "contrast_aa_failure",
        "severity": "warning",
        "message": "Contrast is 1:1; WCAG AA requires 3:1.",
        "text": "y",
        "fg": "rgb(212,255,31)",
        "bg": "rgb(212,255,31)",
        "ratio": 1,
        "requiredRatio": 3,
        "suggestedColor": "rgb(122,147,18)",
        "large": true,
        "selector": "div > div > div > div > div > div > div > div:nth-of-type(36) > span",
        "dataAttributes": {
          "data-layout-allow-overlap": "true"
        },
        "sourceFile": "compositions/ring-text.html",
        "bbox": {
          "x": 837.7510986328125,
          "y": 282.8692321777344,
          "width": 10.96075439453125,
          "height": 44.891754150390625
        },
        "time": 1.667
      },
      {
        "code": "contrast_aa_failure",
        "severity": "warning",
        "message": "Contrast is 1.46:1; WCAG AA requires 3:1.",
        "text": "p",
        "fg": "rgb(212,255,31)",
        "bg": "rgb(177,213,27)",
        "ratio": 1.46,
        "requiredRatio": 3,
        "suggestedColor": "rgb(98,118,14)",
        "large": true,
        "selector": "div > div > div > div > div > div > div > div:nth-of-type(20) > span",
        "dataAttributes": {
          "data-layout-allow-overlap": "true"
        },
        "sourceFile": "compositions/ring-text.html",
        "bbox": {
          "x": 432.9122314453125,
          "y": 410.4763488769531,
          "width": 16.62847900390625,
          "height": 45.110076904296875
        },
        "time": 3
      },
      {
        "code": "contrast_aa_failure",
        "severity": "warning",
        "message": "Contrast is 1:1; WCAG AA requires 3:1.",
        "text": "e",
        "fg": "rgb(212,255,31)",
        "bg": "rgb(212,255,31)",
        "ratio": 1,
        "requiredRatio": 3,
        "suggestedColor": "rgb(122,147,18)",
        "large": true,
        "selector": "div > div > div > div > div > div > div > div:nth-of-type(21) > span",
        "dataAttributes": {
          "data-layout-allow-overlap": "true"
        },
        "sourceFile": "compositions/ring-text.html",
        "bbox": {
          "x": 439.18121337890625,
          "y": 427.913330078125,
          "width": 20.06573486328125,
          "height": 43.543212890625
        },
        "time": 3
      },
      {
        "code": "contrast_aa_failure",
        "severity": "error",
        "message": "Contrast is 1:1; WCAG AA requires 3:1.",
        "text": "T",
        "fg": "rgb(212,255,31)",
        "bg": "rgb(212,255,31)",
        "ratio": 1,
        "requiredRatio": 3,
        "suggestedColor": "rgb(122,147,18)",
        "large": true,
        "selector": "div > div > div > div > div > div > div > div:nth-of-type(1) > span",
        "dataAttributes": {
          "data-layout-allow-overlap": "true"
        },
        "sourceFile": "compositions/ring-text.html",
        "bbox": {
          "x": 843.150634765625,
          "y": 295.1497802734375,
          "width": 9.45245361328125,
          "height": 48.21533203125
        },
        "time": 4.333
      },
      {
        "code": "contrast_aa_failure",
        "severity": "warning",
        "message": "Contrast is 1:1; WCAG AA requires 3:1.",
        "text": "i",
        "fg": "rgb(212,255,31)",
        "bg": "rgb(212,255,31)",
        "ratio": 1,
        "requiredRatio": 3,
        "suggestedColor": "rgb(122,147,18)",
        "large": true,
        "selector": "div > div > div > div > div > div > div > div:nth-of-type(29) > span",
        "dataAttributes": {
          "data-layout-allow-overlap": "true"
        },
        "sourceFile": "compositions/ring-text.html",
        "bbox": {
          "x": 437.6635437011719,
          "y": 423.85003662109375,
          "width": 15.17578125,
          "height": 37.511322021484375
        },
        "time": 4.333
      },
      {
        "code": "contrast_aa_failure",
        "severity": "warning",
        "message": "Contrast is 1.63:1; WCAG AA requires 3:1.",
        "text": "o",
        "fg": "rgb(212,255,31)",
        "bg": "rgb(168,202,26)",
        "ratio": 1.63,
        "requiredRatio": 3,
        "suggestedColor": "rgb(91,110,13)",
        "large": true,
        "selector": "div > div > div > div > div > div > div > div:nth-of-type(30) > span",
        "dataAttributes": {
          "data-layout-allow-overlap": "true"
        },
        "sourceFile": "compositions/ring-text.html",
        "bbox": {
          "x": 442.48162841796875,
          "y": 433.0702209472656,
          "width": 21.73193359375,
          "height": 43.636962890625
        },
        "time": 4.333
      },
      {
        "code": "contrast_aa_failure",
        "severity": "warning",
        "message": "Contrast is 1:1; WCAG AA requires 3:1.",
        "text": "p",
        "fg": "rgb(212,255,31)",
        "bg": "rgb(212,255,31)",
        "ratio": 1,
        "requiredRatio": 3,
        "suggestedColor": "rgb(122,147,18)",
        "large": true,
        "selector": "div > div > div > div > div > div > div > div:nth-of-type(37) > span",
        "dataAttributes": {
          "data-layout-allow-overlap": "true"
        },
        "sourceFile": "compositions/ring-text.html",
        "bbox": {
          "x": 433.7195129394531,
          "y": 413.7098388671875,
          "width": 17.225555419921875,
          "height": 44.03955078125
        },
        "time": 5.667
      },
      {
        "code": "contrast_aa_failure",
        "severity": "warning",
        "message": "Contrast is 1:1; WCAG AA requires 3:1.",
        "text": "e",
        "fg": "rgb(212,255,31)",
        "bg": "rgb(212,255,31)",
        "ratio": 1,
        "requiredRatio": 3,
        "suggestedColor": "rgb(122,147,18)",
        "large": true,
        "selector": "div > div > div > div > div > div > div > div:nth-of-type(38) > span",
        "dataAttributes": {
          "data-layout-allow-overlap": "true"
        },
        "sourceFile": "compositions/ring-text.html",
        "bbox": {
          "x": 441.3504333496094,
          "y": 434.5323181152344,
          "width": 20.49786376953125,
          "height": 42.06573486328125
        },
        "time": 5.667
      }
    ],
    "enabled": true,
    "samples": [
      0.333,
      1.667,
      3,
      4.333,
      5.667
    ],
    "checked": 189,
    "passed": 176
  },
  "snapshots": {
    "enabled": false,
    "files": [],
    "times": [],
    "findingFiles": []
  },
  "_meta": {
    "version": "0.8.30",
    "latestVersion": "0.8.94",
    "updateAvailable": true
  }
}
