[hyperframes] browserGpuMode probe → hardware (WebGL renderer vendor="Google Inc. (NVIDIA Corporation)" renderer="ANGLE (NVIDIA Corporation, NVIDIA GeForce RTX 5060/PCIe/SSE2, OpenGL ES 3.2)")
{
  "ok": true,
  "strict": false,
  "lint": {
    "ok": true,
    "errorCount": 0,
    "warningCount": 0,
    "infoCount": 0,
    "findings": [],
    "filesScanned": 2
  },
  "runtime": {
    "ok": true,
    "errorCount": 0,
    "warningCount": 0,
    "infoCount": 0,
    "findings": []
  },
  "layout": {
    "ok": true,
    "errorCount": 0,
    "warningCount": 1,
    "infoCount": 4,
    "findings": [
      {
        "code": "container_overflow",
        "severity": "warning",
        "time": 2.317,
        "selector": "#snapcn-screen-recording-source-root > div:nth-of-type(1) > div:nth-of-type(1)",
        "message": "Element extends outside a clipping layout container.",
        "rect": {
          "left": -97.28,
          "top": -123.84,
          "right": 1950.72,
          "bottom": 1028.16,
          "width": 2048,
          "height": 1152
        },
        "containerSelector": "#snapcn-screen-recording-source-root > div:nth-of-type(1)",
        "fixHint": "Resize/reposition the child or container, or mark intentional overflow with data-layout-allow-overflow.",
        "containerRect": {
          "left": 0,
          "top": 0,
          "right": 1280,
          "bottom": 720,
          "width": 1280,
          "height": 720
        },
        "overflow": {
          "left": 97.28,
          "right": 670.72,
          "top": 123.84,
          "bottom": 308.16
        },
        "dataAttributes": {},
        "sourceFile": "compositions/snapcn-screen-recording.html",
        "bbox": {
          "x": -97.28,
          "y": -123.84,
          "width": 2048,
          "height": 1152
        },
        "firstSeen": 2.317,
        "lastSeen": 2.831,
        "occurrences": 2
      },
      {
        "code": "container_overflow",
        "severity": "info",
        "time": 1.287,
        "selector": "#snapcn-screen-recording-source-root > div:nth-of-type(1) > div:nth-of-type(1)",
        "message": "Element extends outside a clipping layout container.",
        "rect": {
          "left": -68.64,
          "top": -62.25,
          "right": 1544.73,
          "bottom": 845.27,
          "width": 1613.37,
          "height": 907.52
        },
        "containerSelector": "#snapcn-screen-recording-source-root > div:nth-of-type(1)",
        "fixHint": "Resize/reposition the child or container, or mark intentional overflow with data-layout-allow-overflow.",
        "containerRect": {
          "left": 0,
          "top": 0,
          "right": 1280,
          "bottom": 720,
          "width": 1280,
          "height": 720
        },
        "overflow": {
          "left": 68.64,
          "right": 264.73,
          "top": 62.25,
          "bottom": 125.27
        },
        "dataAttributes": {},
        "sourceFile": "compositions/snapcn-screen-recording.html",
        "bbox": {
          "x": -68.64,
          "y": -62.25,
          "width": 1613.37,
          "height": 907.52
        },
        "firstSeen": 1.287,
        "lastSeen": 1.287,
        "occurrences": 1
      },
      {
        "code": "container_overflow",
        "severity": "info",
        "time": 1.802,
        "selector": "#snapcn-screen-recording-source-root > div:nth-of-type(1) > div:nth-of-type(1)",
        "message": "Element extends outside a clipping layout container.",
        "rect": {
          "left": -97.41,
          "top": -122.52,
          "right": 1939.29,
          "bottom": 1023.12,
          "width": 2036.7,
          "height": 1145.64
        },
        "containerSelector": "#snapcn-screen-recording-source-root > div:nth-of-type(1)",
        "fixHint": "Resize/reposition the child or container, or mark intentional overflow with data-layout-allow-overflow.",
        "containerRect": {
          "left": 0,
          "top": 0,
          "right": 1280,
          "bottom": 720,
          "width": 1280,
          "height": 720
        },
        "overflow": {
          "left": 97.41,
          "right": 659.29,
          "top": 122.52,
          "bottom": 303.12
        },
        "dataAttributes": {},
        "sourceFile": "compositions/snapcn-screen-recording.html",
        "bbox": {
          "x": -97.41,
          "y": -122.52,
          "width": 2036.7,
          "height": 1145.64
        },
        "firstSeen": 1.802,
        "lastSeen": 1.802,
        "occurrences": 1
      },
      {
        "code": "container_overflow",
        "severity": "info",
        "time": 3.346,
        "selector": "#snapcn-screen-recording-source-root > div:nth-of-type(1) > div:nth-of-type(1)",
        "message": "Element extends outside a clipping layout container.",
        "rect": {
          "left": 0,
          "top": -45.08,
          "right": 1714.63,
          "bottom": 919.4,
          "width": 1714.63,
          "height": 964.48
        },
        "containerSelector": "#snapcn-screen-recording-source-root > div:nth-of-type(1)",
        "fixHint": "Resize/reposition the child or container, or mark intentional overflow with data-layout-allow-overflow.",
        "containerRect": {
          "left": 0,
          "top": 0,
          "right": 1280,
          "bottom": 720,
          "width": 1280,
          "height": 720
        },
        "overflow": {
          "right": 434.63,
          "top": 45.08,
          "bottom": 199.4
        },
        "dataAttributes": {},
        "sourceFile": "compositions/snapcn-screen-recording.html",
        "bbox": {
          "x": 0,
          "y": -45.08,
          "width": 1714.63,
          "height": 964.48
        },
        "firstSeen": 3.346,
        "lastSeen": 3.346,
        "occurrences": 1
      },
      {
        "code": "container_overflow",
        "severity": "info",
        "time": 3.861,
        "selector": "#snapcn-screen-recording-source-root > div:nth-of-type(1) > div:nth-of-type(1)",
        "message": "Element extends outside a clipping layout container.",
        "rect": {
          "left": 0,
          "top": 0,
          "right": 1296.84,
          "bottom": 729.47,
          "width": 1296.84,
          "height": 729.47
        },
        "containerSelector": "#snapcn-screen-recording-source-root > div:nth-of-type(1)",
        "fixHint": "Resize/reposition the child or container, or mark intentional overflow with data-layout-allow-overflow.",
        "containerRect": {
          "left": 0,
          "top": 0,
          "right": 1280,
          "bottom": 720,
          "width": 1280,
          "height": 720
        },
        "overflow": {
          "right": 16.84,
          "bottom": 9.47
        },
        "dataAttributes": {},
        "sourceFile": "compositions/snapcn-screen-recording.html",
        "bbox": {
          "x": 0,
          "y": 0,
          "width": 1296.84,
          "height": 729.47
        },
        "firstSeen": 3.861,
        "lastSeen": 3.861,
        "occurrences": 1
      }
    ],
    "duration": 4.633333333333334,
    "samples": [
      0.257,
      0.772,
      1.287,
      1.802,
      2.317,
      2.831,
      3.346,
      3.861,
      4.376
    ],
    "transitionSamples": [],
    "transitionSamplesDropped": 0,
    "tolerance": 2,
    "totalIssueCount": 5,
    "truncated": false
  },
  "motion": {
    "ok": true,
    "errorCount": 0,
    "warningCount": 0,
    "infoCount": 0,
    "findings": [],
    "enabled": false,
    "samples": 0
  },
  "contrast": {
    "ok": true,
    "errorCount": 0,
    "warningCount": 0,
    "infoCount": 0,
    "findings": [],
    "enabled": true,
    "samples": [
      0.257,
      1.287,
      2.317,
      3.346,
      4.376
    ],
    "checked": 0,
    "passed": 0
  },
  "snapshots": {
    "enabled": false,
    "files": [],
    "times": [],
    "findingFiles": []
  },
  "_meta": {
    "version": "0.8.30",
    "latestVersion": "0.8.32",
    "updateAvailable": true
  }
}
