[hyperframes] browserGpuMode probe → hardware (WebGL renderer vendor="Google Inc. (NVIDIA Corporation)" renderer="ANGLE (NVIDIA Corporation, NVIDIA GeForce RTX 5060/PCIe/SSE2, OpenGL ES 3.2)")
{
  "ok": true,
  "strict": false,
  "lint": {
    "ok": true,
    "errorCount": 0,
    "warningCount": 0,
    "infoCount": 0,
    "findings": [],
    "filesScanned": 2
  },
  "runtime": {
    "ok": true,
    "errorCount": 0,
    "warningCount": 0,
    "infoCount": 0,
    "findings": []
  },
  "layout": {
    "ok": true,
    "errorCount": 0,
    "warningCount": 1,
    "infoCount": 0,
    "findings": [
      {
        "code": "container_overflow",
        "severity": "warning",
        "time": 0.091,
        "selector": "#snapcn-word-gather-source-root > div:nth-of-type(1) > div:nth-of-type(1)",
        "message": "Element extends outside a clipping layout container.",
        "rect": {
          "left": -18.75,
          "top": 0,
          "right": 1298.78,
          "bottom": 720,
          "width": 1317.53,
          "height": 720
        },
        "containerSelector": "#snapcn-word-gather-source-root > div:nth-of-type(1)",
        "fixHint": "Resize/reposition the child or container, or mark intentional overflow with data-layout-allow-overflow.",
        "containerRect": {
          "left": 0,
          "top": 0,
          "right": 1280,
          "bottom": 720,
          "width": 1280,
          "height": 720
        },
        "overflow": {
          "left": 18.75,
          "right": 18.78
        },
        "dataAttributes": {},
        "sourceFile": "compositions/snapcn-word-gather.html",
        "bbox": {
          "x": -18.75,
          "y": 0,
          "width": 1317.53,
          "height": 720
        },
        "firstSeen": 0.091,
        "lastSeen": 1.543,
        "occurrences": 9
      }
    ],
    "duration": 1.6333333333333333,
    "samples": [
      0.091,
      0.272,
      0.454,
      0.635,
      0.817,
      0.998,
      1.18,
      1.361,
      1.543
    ],
    "transitionSamples": [],
    "transitionSamplesDropped": 0,
    "tolerance": 2,
    "totalIssueCount": 1,
    "truncated": false
  },
  "motion": {
    "ok": true,
    "errorCount": 0,
    "warningCount": 0,
    "infoCount": 0,
    "findings": [],
    "enabled": false,
    "samples": 0
  },
  "contrast": {
    "ok": true,
    "errorCount": 0,
    "warningCount": 0,
    "infoCount": 0,
    "findings": [],
    "enabled": true,
    "samples": [
      0.091,
      0.454,
      0.817,
      1.18,
      1.543
    ],
    "checked": 16,
    "passed": 16
  },
  "snapshots": {
    "enabled": false,
    "files": [],
    "times": [],
    "findingFiles": []
  },
  "_meta": {
    "version": "0.8.30",
    "latestVersion": "0.8.35",
    "updateAvailable": true
  }
}
