[hyperframes] browserGpuMode probe → hardware (WebGL renderer vendor="Google Inc. (NVIDIA Corporation)" renderer="ANGLE (NVIDIA Corporation, NVIDIA GeForce RTX 5060/PCIe/SSE2, OpenGL ES 3.2)")
{
  "ok": true,
  "strict": false,
  "lint": {
    "ok": true,
    "errorCount": 0,
    "warningCount": 0,
    "infoCount": 0,
    "findings": [],
    "filesScanned": 2
  },
  "runtime": {
    "ok": true,
    "errorCount": 0,
    "warningCount": 0,
    "infoCount": 0,
    "findings": []
  },
  "layout": {
    "ok": true,
    "errorCount": 0,
    "warningCount": 0,
    "infoCount": 9,
    "findings": [
      {
        "code": "canvas_overflow",
        "severity": "info",
        "time": 2.241,
        "selector": "#snapcn-channel-thread-source-root > div:nth-of-type(1) > div:nth-of-type(1) > div:nth-of-type(1) > div:nth-of-type(1)",
        "message": "Text extends outside the composition canvas.",
        "rect": {
          "left": 402.03,
          "top": -6.31,
          "right": 528.66,
          "bottom": 69.69,
          "width": 126.63,
          "height": 76
        },
        "containerSelector": "#root",
        "text": "rhea",
        "fixHint": "Move the text inward, reduce its size, or mark intentional off-canvas animation with data-layout-allow-overflow.",
        "containerRect": {
          "left": 0,
          "top": 0,
          "right": 1280,
          "bottom": 720,
          "width": 1280,
          "height": 720
        },
        "overflow": {
          "top": 6.31
        },
        "dataAttributes": {},
        "sourceFile": "compositions/snapcn-channel-thread.html",
        "bbox": {
          "x": 402.03,
          "y": -6.31,
          "width": 126.63,
          "height": 76
        },
        "firstSeen": 2.241,
        "lastSeen": 2.241,
        "occurrences": 1
      },
      {
        "code": "canvas_overflow",
        "severity": "info",
        "time": 2.648,
        "selector": "#snapcn-channel-thread-source-root > div:nth-of-type(1) > div:nth-of-type(1) > div:nth-of-type(1) > div:nth-of-type(1)",
        "message": "Text extends outside the composition canvas.",
        "rect": {
          "left": 402.03,
          "top": -47.66,
          "right": 528.66,
          "bottom": 28.34,
          "width": 126.63,
          "height": 76
        },
        "containerSelector": "#root",
        "text": "rhea",
        "fixHint": "Move the text inward, reduce its size, or mark intentional off-canvas animation with data-layout-allow-overflow.",
        "containerRect": {
          "left": 0,
          "top": 0,
          "right": 1280,
          "bottom": 720,
          "width": 1280,
          "height": 720
        },
        "overflow": {
          "top": 47.66
        },
        "dataAttributes": {},
        "sourceFile": "compositions/snapcn-channel-thread.html",
        "bbox": {
          "x": 402.03,
          "y": -47.66,
          "width": 126.63,
          "height": 76
        },
        "firstSeen": 2.648,
        "lastSeen": 2.648,
        "occurrences": 1
      },
      {
        "code": "canvas_overflow",
        "severity": "info",
        "time": 2.648,
        "selector": "#snapcn-channel-thread-source-root > div:nth-of-type(1) > div:nth-of-type(1) > div:nth-of-type(1) > div:nth-of-type(1) > span:nth-of-type(1)",
        "message": "Text extends outside the composition canvas.",
        "rect": {
          "left": 555.91,
          "top": -34.66,
          "right": 720.23,
          "bottom": 26.34,
          "width": 164.33,
          "height": 61
        },
        "containerSelector": "#root",
        "text": "9:41 AM",
        "fixHint": "Move the text inward, reduce its size, or mark intentional off-canvas animation with data-layout-allow-overflow.",
        "containerRect": {
          "left": 0,
          "top": 0,
          "right": 1280,
          "bottom": 720,
          "width": 1280,
          "height": 720
        },
        "overflow": {
          "top": 34.66
        },
        "dataAttributes": {},
        "sourceFile": "compositions/snapcn-channel-thread.html",
        "bbox": {
          "x": 555.91,
          "y": -34.66,
          "width": 164.33,
          "height": 61
        },
        "firstSeen": 2.648,
        "lastSeen": 2.648,
        "occurrences": 1
      },
      {
        "code": "canvas_overflow",
        "severity": "info",
        "time": 3.056,
        "selector": "#snapcn-channel-thread-source-root > div:nth-of-type(1) > div:nth-of-type(1) > div:nth-of-type(1) > div:nth-of-type(1)",
        "message": "Text extends outside the composition canvas.",
        "rect": {
          "left": 402.03,
          "top": -88.09,
          "right": 528.66,
          "bottom": -12.09,
          "width": 126.63,
          "height": 76
        },
        "containerSelector": "#root",
        "text": "rhea",
        "fixHint": "Move the text inward, reduce its size, or mark intentional off-canvas animation with data-layout-allow-overflow.",
        "containerRect": {
          "left": 0,
          "top": 0,
          "right": 1280,
          "bottom": 720,
          "width": 1280,
          "height": 720
        },
        "overflow": {
          "top": 88.09
        },
        "dataAttributes": {},
        "sourceFile": "compositions/snapcn-channel-thread.html",
        "bbox": {
          "x": 402.03,
          "y": -88.09,
          "width": 126.63,
          "height": 76
        },
        "firstSeen": 3.056,
        "lastSeen": 3.056,
        "occurrences": 1
      },
      {
        "code": "canvas_overflow",
        "severity": "info",
        "time": 3.056,
        "selector": "#snapcn-channel-thread-source-root > div:nth-of-type(1) > div:nth-of-type(1) > div:nth-of-type(1) > div:nth-of-type(1) > span:nth-of-type(1)",
        "message": "Text extends outside the composition canvas.",
        "rect": {
          "left": 555.91,
          "top": -75.09,
          "right": 720.23,
          "bottom": -14.09,
          "width": 164.33,
          "height": 61
        },
        "containerSelector": "#root",
        "text": "9:41 AM",
        "fixHint": "Move the text inward, reduce its size, or mark intentional off-canvas animation with data-layout-allow-overflow.",
        "containerRect": {
          "left": 0,
          "top": 0,
          "right": 1280,
          "bottom": 720,
          "width": 1280,
          "height": 720
        },
        "overflow": {
          "top": 75.09
        },
        "dataAttributes": {},
        "sourceFile": "compositions/snapcn-channel-thread.html",
        "bbox": {
          "x": 555.91,
          "y": -75.09,
          "width": 164.33,
          "height": 61
        },
        "firstSeen": 3.056,
        "lastSeen": 3.056,
        "occurrences": 1
      },
      {
        "code": "canvas_overflow",
        "severity": "info",
        "time": 3.056,
        "selector": "#snapcn-channel-thread-source-root > div:nth-of-type(1) > div:nth-of-type(1) > div:nth-of-type(1) > div:nth-of-type(2)",
        "message": "Text extends outside the composition canvas.",
        "rect": {
          "left": 402.03,
          "top": -11.64,
          "right": 1138.98,
          "bottom": 64.36,
          "width": 736.95,
          "height": 76
        },
        "containerSelector": "#root",
        "text": "Launch video by Thursday?",
        "fixHint": "Move the text inward, reduce its size, or mark intentional off-canvas animation with data-layout-allow-overflow.",
        "containerRect": {
          "left": 0,
          "top": 0,
          "right": 1280,
          "bottom": 720,
          "width": 1280,
          "height": 720
        },
        "overflow": {
          "top": 11.64
        },
        "dataAttributes": {},
        "sourceFile": "compositions/snapcn-channel-thread.html",
        "bbox": {
          "x": 402.03,
          "y": -11.64,
          "width": 736.95,
          "height": 76
        },
        "firstSeen": 3.056,
        "lastSeen": 3.056,
        "occurrences": 1
      },
      {
        "code": "canvas_overflow",
        "severity": "info",
        "time": 3.463,
        "selector": "#snapcn-channel-thread-source-root > div:nth-of-type(1) > div:nth-of-type(1) > div:nth-of-type(1) > div:nth-of-type(1)",
        "message": "Text extends outside the composition canvas.",
        "rect": {
          "left": 402.03,
          "top": -98.28,
          "right": 528.66,
          "bottom": -22.28,
          "width": 126.63,
          "height": 76
        },
        "containerSelector": "#root",
        "text": "rhea",
        "fixHint": "Move the text inward, reduce its size, or mark intentional off-canvas animation with data-layout-allow-overflow.",
        "containerRect": {
          "left": 0,
          "top": 0,
          "right": 1280,
          "bottom": 720,
          "width": 1280,
          "height": 720
        },
        "overflow": {
          "top": 98.28
        },
        "dataAttributes": {},
        "sourceFile": "compositions/snapcn-channel-thread.html",
        "bbox": {
          "x": 402.03,
          "y": -98.28,
          "width": 126.63,
          "height": 76
        },
        "firstSeen": 3.463,
        "lastSeen": 3.463,
        "occurrences": 1
      },
      {
        "code": "canvas_overflow",
        "severity": "info",
        "time": 3.463,
        "selector": "#snapcn-channel-thread-source-root > div:nth-of-type(1) > div:nth-of-type(1) > div:nth-of-type(1) > div:nth-of-type(1) > span:nth-of-type(1)",
        "message": "Text extends outside the composition canvas.",
        "rect": {
          "left": 555.91,
          "top": -85.28,
          "right": 720.23,
          "bottom": -24.28,
          "width": 164.33,
          "height": 61
        },
        "containerSelector": "#root",
        "text": "9:41 AM",
        "fixHint": "Move the text inward, reduce its size, or mark intentional off-canvas animation with data-layout-allow-overflow.",
        "containerRect": {
          "left": 0,
          "top": 0,
          "right": 1280,
          "bottom": 720,
          "width": 1280,
          "height": 720
        },
        "overflow": {
          "top": 85.28
        },
        "dataAttributes": {},
        "sourceFile": "compositions/snapcn-channel-thread.html",
        "bbox": {
          "x": 555.91,
          "y": -85.28,
          "width": 164.33,
          "height": 61
        },
        "firstSeen": 3.463,
        "lastSeen": 3.463,
        "occurrences": 1
      },
      {
        "code": "canvas_overflow",
        "severity": "info",
        "time": 3.463,
        "selector": "#snapcn-channel-thread-source-root > div:nth-of-type(1) > div:nth-of-type(1) > div:nth-of-type(1) > div:nth-of-type(2)",
        "message": "Text extends outside the composition canvas.",
        "rect": {
          "left": 402.03,
          "top": -21.83,
          "right": 1138.98,
          "bottom": 54.17,
          "width": 736.95,
          "height": 76
        },
        "containerSelector": "#root",
        "text": "Launch video by Thursday?",
        "fixHint": "Move the text inward, reduce its size, or mark intentional off-canvas animation with data-layout-allow-overflow.",
        "containerRect": {
          "left": 0,
          "top": 0,
          "right": 1280,
          "bottom": 720,
          "width": 1280,
          "height": 720
        },
        "overflow": {
          "top": 21.83
        },
        "dataAttributes": {},
        "sourceFile": "compositions/snapcn-channel-thread.html",
        "bbox": {
          "x": 402.03,
          "y": -21.83,
          "width": 736.95,
          "height": 76
        },
        "firstSeen": 3.463,
        "lastSeen": 3.463,
        "occurrences": 1
      }
    ],
    "duration": 3.6666666666666665,
    "samples": [
      0.204,
      0.611,
      1.019,
      1.426,
      1.833,
      2.241,
      2.648,
      3.056,
      3.463
    ],
    "transitionSamples": [],
    "transitionSamplesDropped": 0,
    "tolerance": 2,
    "totalIssueCount": 9,
    "truncated": false
  },
  "motion": {
    "ok": true,
    "errorCount": 0,
    "warningCount": 0,
    "infoCount": 0,
    "findings": [],
    "enabled": false,
    "samples": 0
  },
  "contrast": {
    "ok": true,
    "errorCount": 0,
    "warningCount": 0,
    "infoCount": 0,
    "findings": [],
    "enabled": true,
    "samples": [
      0.204,
      1.019,
      1.833,
      2.648,
      3.463
    ],
    "checked": 26,
    "passed": 26
  },
  "snapshots": {
    "enabled": false,
    "files": [],
    "times": [],
    "findingFiles": []
  },
  "_meta": {
    "version": "0.8.30",
    "latestVersion": "0.8.35",
    "updateAvailable": true
  }
}
