[hyperframes] browserGpuMode probe → hardware (WebGL renderer vendor="Google Inc. (NVIDIA Corporation)" renderer="ANGLE (NVIDIA Corporation, NVIDIA GeForce RTX 5060/PCIe/SSE2, OpenGL ES 3.2)")
{
  "ok": true,
  "strict": false,
  "lint": {
    "ok": true,
    "errorCount": 0,
    "warningCount": 0,
    "infoCount": 0,
    "findings": [],
    "filesScanned": 2
  },
  "runtime": {
    "ok": true,
    "errorCount": 0,
    "warningCount": 0,
    "infoCount": 0,
    "findings": []
  },
  "layout": {
    "ok": true,
    "errorCount": 0,
    "warningCount": 1,
    "infoCount": 4,
    "findings": [
      {
        "code": "container_overflow",
        "severity": "warning",
        "time": 1.733,
        "selector": "#snapcn-text-select-source-root > div:nth-of-type(1) > div:nth-of-type(1) > div:nth-of-type(2)",
        "message": "Element extends outside a clipping layout container.",
        "rect": {
          "left": -881.67,
          "top": 307.97,
          "right": 2161.67,
          "bottom": 398.14,
          "width": 3043.34,
          "height": 90.17
        },
        "containerSelector": "#snapcn-text-select-source-root > div:nth-of-type(1) > div:nth-of-type(1)",
        "fixHint": "Resize/reposition the child or container, or mark intentional overflow with data-layout-allow-overflow.",
        "containerRect": {
          "left": 3.32,
          "top": 0,
          "right": 1276.68,
          "bottom": 720,
          "width": 1273.36,
          "height": 720
        },
        "overflow": {
          "left": 884.99,
          "right": 884.99
        },
        "dataAttributes": {},
        "sourceFile": "compositions/snapcn-text-select.html",
        "bbox": {
          "x": -881.67,
          "y": 307.97,
          "width": 3043.34,
          "height": 90.17
        },
        "firstSeen": 1.733,
        "lastSeen": 2.267,
        "occurrences": 3
      },
      {
        "code": "container_overflow",
        "severity": "info",
        "time": 0.133,
        "selector": "#snapcn-text-select-source-root > div:nth-of-type(1) > div:nth-of-type(1) > div:nth-of-type(2)",
        "message": "Element extends outside a clipping layout container.",
        "rect": {
          "left": 7.76,
          "top": 350.28,
          "right": 1281.12,
          "bottom": 388.01,
          "width": 1273.36,
          "height": 37.73
        },
        "containerSelector": "#snapcn-text-select-source-root > div:nth-of-type(1) > div:nth-of-type(1)",
        "fixHint": "Resize/reposition the child or container, or mark intentional overflow with data-layout-allow-overflow.",
        "containerRect": {
          "left": 3.32,
          "top": 0,
          "right": 1276.68,
          "bottom": 720,
          "width": 1273.36,
          "height": 720
        },
        "overflow": {
          "right": 4.44
        },
        "dataAttributes": {},
        "sourceFile": "compositions/snapcn-text-select.html",
        "bbox": {
          "x": 7.76,
          "y": 350.28,
          "width": 1273.36,
          "height": 37.73
        },
        "firstSeen": 0.133,
        "lastSeen": 0.133,
        "occurrences": 1
      },
      {
        "code": "container_overflow",
        "severity": "info",
        "time": 0.933,
        "selector": "#snapcn-text-select-source-root > div:nth-of-type(1) > div:nth-of-type(1) > div:nth-of-type(2)",
        "message": "Element extends outside a clipping layout container.",
        "rect": {
          "left": 17.36,
          "top": 352,
          "right": 1290.72,
          "bottom": 389.73,
          "width": 1273.36,
          "height": 37.73
        },
        "containerSelector": "#snapcn-text-select-source-root > div:nth-of-type(1) > div:nth-of-type(1)",
        "fixHint": "Resize/reposition the child or container, or mark intentional overflow with data-layout-allow-overflow.",
        "containerRect": {
          "left": 3.32,
          "top": 0,
          "right": 1276.68,
          "bottom": 720,
          "width": 1273.36,
          "height": 720
        },
        "overflow": {
          "right": 14.04
        },
        "dataAttributes": {},
        "sourceFile": "compositions/snapcn-text-select.html",
        "bbox": {
          "x": 17.36,
          "y": 352,
          "width": 1273.36,
          "height": 37.73
        },
        "firstSeen": 0.933,
        "lastSeen": 0.933,
        "occurrences": 1
      },
      {
        "code": "container_overflow",
        "severity": "info",
        "time": 1.2,
        "selector": "#snapcn-text-select-source-root > div:nth-of-type(1) > div:nth-of-type(1) > div:nth-of-type(2)",
        "message": "Element extends outside a clipping layout container.",
        "rect": {
          "left": -393.99,
          "top": 330.85,
          "right": 1673.99,
          "bottom": 392.12,
          "width": 2067.98,
          "height": 61.27
        },
        "containerSelector": "#snapcn-text-select-source-root > div:nth-of-type(1) > div:nth-of-type(1)",
        "fixHint": "Resize/reposition the child or container, or mark intentional overflow with data-layout-allow-overflow.",
        "containerRect": {
          "left": 3.32,
          "top": 0,
          "right": 1276.68,
          "bottom": 720,
          "width": 1273.36,
          "height": 720
        },
        "overflow": {
          "left": 397.31,
          "right": 397.31
        },
        "dataAttributes": {},
        "sourceFile": "compositions/snapcn-text-select.html",
        "bbox": {
          "x": -393.99,
          "y": 330.85,
          "width": 2067.98,
          "height": 61.27
        },
        "firstSeen": 1.2,
        "lastSeen": 1.2,
        "occurrences": 1
      },
      {
        "code": "container_overflow",
        "severity": "info",
        "time": 1.467,
        "selector": "#snapcn-text-select-source-root > div:nth-of-type(1) > div:nth-of-type(1) > div:nth-of-type(2)",
        "message": "Element extends outside a clipping layout container.",
        "rect": {
          "left": -868.87,
          "top": 308.57,
          "right": 2148.87,
          "bottom": 397.98,
          "width": 3017.74,
          "height": 89.41
        },
        "containerSelector": "#snapcn-text-select-source-root > div:nth-of-type(1) > div:nth-of-type(1)",
        "fixHint": "Resize/reposition the child or container, or mark intentional overflow with data-layout-allow-overflow.",
        "containerRect": {
          "left": 3.32,
          "top": 0,
          "right": 1276.68,
          "bottom": 720,
          "width": 1273.36,
          "height": 720
        },
        "overflow": {
          "left": 872.19,
          "right": 872.19
        },
        "dataAttributes": {},
        "sourceFile": "compositions/snapcn-text-select.html",
        "bbox": {
          "x": -868.87,
          "y": 308.57,
          "width": 3017.74,
          "height": 89.41
        },
        "firstSeen": 1.467,
        "lastSeen": 1.467,
        "occurrences": 1
      }
    ],
    "duration": 2.4,
    "samples": [
      0.133,
      0.4,
      0.667,
      0.933,
      1.2,
      1.467,
      1.733,
      2,
      2.267
    ],
    "transitionSamples": [],
    "transitionSamplesDropped": 0,
    "tolerance": 2,
    "totalIssueCount": 5,
    "truncated": false
  },
  "motion": {
    "ok": true,
    "errorCount": 0,
    "warningCount": 0,
    "infoCount": 0,
    "findings": [],
    "enabled": false,
    "samples": 0
  },
  "contrast": {
    "ok": true,
    "errorCount": 0,
    "warningCount": 3,
    "infoCount": 0,
    "findings": [
      {
        "code": "contrast_aa_failure",
        "severity": "warning",
        "message": "Contrast is 3.99:1; WCAG AA requires 4.5:1.",
        "text": "One",
        "fg": "rgb(48,114,219)",
        "bg": "rgb(235,239,245)",
        "ratio": 3.99,
        "requiredRatio": 4.5,
        "suggestedColor": "rgb(44,106,203)",
        "large": false,
        "selector": "div > div > div > div > div > div > div > div:nth-of-type(2) > div > span",
        "dataAttributes": {},
        "sourceFile": "compositions/snapcn-text-select.html",
        "bbox": {
          "x": 614.2528686523438,
          "y": 350.2816467285156,
          "width": 60.37664794921875,
          "height": 37.729248046875
        },
        "time": 0.133
      },
      {
        "code": "contrast_aa_failure",
        "severity": "warning",
        "message": "Contrast is 4.07:1; WCAG AA requires 4.5:1.",
        "text": "into",
        "fg": "rgb(48,114,219)",
        "bg": "rgb(238,241,244)",
        "ratio": 4.07,
        "requiredRatio": 4.5,
        "suggestedColor": "rgb(45,107,206)",
        "large": false,
        "selector": "div > div > div > div > div > div > div > div:nth-of-type(2) > div > span:nth-of-type(3)",
        "dataAttributes": {},
        "sourceFile": "compositions/snapcn-text-select.html",
        "bbox": {
          "x": 721.9186401367188,
          "y": 349.48687744140625,
          "width": 54.72711181640625,
          "height": 37.729278564453125
        },
        "time": 0.667
      },
      {
        "code": "contrast_aa_failure",
        "severity": "warning",
        "message": "Contrast is 4.23:1; WCAG AA requires 4.5:1.",
        "text": "project.",
        "fg": "rgb(48,114,219)",
        "bg": "rgb(245,245,245)",
        "ratio": 4.23,
        "requiredRatio": 4.5,
        "suggestedColor": "rgb(46,110,210)",
        "large": false,
        "selector": "div > div > div > div > div > div > div > div:nth-of-type(2) > div > span:nth-of-type(5)",
        "dataAttributes": {},
        "sourceFile": "compositions/snapcn-text-select.html",
        "bbox": {
          "x": 834.2721557617188,
          "y": 330.8476867675781,
          "width": 181.46697998046875,
          "height": 61.273529052734375
        },
        "time": 1.2
      }
    ],
    "enabled": true,
    "samples": [
      0.133,
      0.667,
      1.2,
      1.733,
      2.267
    ],
    "checked": 19,
    "passed": 16
  },
  "snapshots": {
    "enabled": false,
    "files": [],
    "times": [],
    "findingFiles": []
  },
  "_meta": {
    "version": "0.8.30",
    "latestVersion": "0.8.30",
    "updateAvailable": false
  }
}
