
◆  Rendering installed → /home/akshar/dev/projects/hyfrme-audit/.work/full-parity-audit/command-menu-main-prep-20261008/reproof-v1/harness/.work/verify-remocn-fresh/command-menu/run-qzXRIq/sequential-frames
   30fps · high · 1 workers
   GPU: browser GPU (forced)

[?25l│
◇  Browser: env
[?25h[INFO] [Render] Debug artifacts enabled {"renderJobId":"469ce0d3-f380-4e59-bba6-60e4ff334336","workDir":"/home/akshar/dev/projects/hyfrme-audit/.work/full-parity-audit/command-menu-main-prep-20261008/reproof-v1/harness/.work/verify-remocn-fresh/command-menu/run-qzXRIq/.debug/469ce0d3-f380-4e59-bba6-60e4ff334336","logPath":"/home/akshar/dev/projects/hyfrme-audit/.work/full-parity-audit/command-menu-main-prep-20261008/reproof-v1/harness/.work/verify-remocn-fresh/command-menu/run-qzXRIq/.debug/469ce0d3-f380-4e59-bba6-60e4ff334336/render.log"}
[INFO] [Render] Pipeline started {"renderJobId":"469ce0d3-f380-4e59-bba6-60e4ff334336","platform":"linux","arch":"x64","nodeVersion":"v26.11.1","fps":{"num":30,"den":1},"format":"png-sequence","quality":"high","browserGpuMode":"hardware","forceScreenshot":false,"protocolTimeout":300000,"browserTimeout":120000,"pageNavigationTimeout":60000,"playerReadyTimeout":45000}
[INFO] [Render:trace] {"renderJobId":"469ce0d3-f380-4e59-bba6-60e4ff334336","phase":"pipeline","status":"checkpoint","elapsedMs":2,"message":"started","format":"png-sequence","quality":"high","browserGpuMode":"hardware","forceScreenshot":false,"protocolTimeoutMs":300000,"pageNavigationTimeoutMs":60000,"playerReadyTimeoutMs":45000,"requestedWorkers":1}
[INFO] [Render:trace] {"renderJobId":"469ce0d3-f380-4e59-bba6-60e4ff334336","phase":"compile","status":"start","elapsedMs":3,"needsAlpha":true}
  █░░░░░░░░░░░░░░░░░░░░░░░░  5%  Compiling composition
[INFO] [Compiler] Inlined CDN script: https://cdn.jsdelivr.net/npm/gsap@3.14.2/dist/gsap.min.js
[INFO] [Compiler] Embedded local font file: assets/fonts/Geist-Latin.woff2 (29 KB → data URI)
[INFO] Compiled composition metadata {"renderJobId":"469ce0d3-f380-4e59-bba6-60e4ff334336","entryFile":"index.html","staticDuration":4.333333333333333,"width":1280,"height":720,"videoCount":0,"audioCount":0,"renderModeHints":{"recommendScreenshot":false,"reasons":[]}}
[INFO] [Render:trace] {"renderJobId":"469ce0d3-f380-4e59-bba6-60e4ff334336","phase":"compile","status":"end","elapsedMs":148,"durationMs":145,"needsAlpha":true}
[INFO] [Render:trace] {"renderJobId":"469ce0d3-f380-4e59-bba6-60e4ff334336","phase":"compile","status":"checkpoint","elapsedMs":149,"message":"composition metadata resolved","width":1280,"height":720,"videoCount":0,"audioCount":0,"imageCount":0,"deviceScaleFactor":1,"forceScreenshot":true,"compositionHash":"f750c0c6a103eb1b"}
[INFO] [Render:trace] {"renderJobId":"469ce0d3-f380-4e59-bba6-60e4ff334336","phase":"browser_probe","status":"start","elapsedMs":149,"forceScreenshot":true,"stagePhase":"calibrating"}
[INFO] [Render:trace] {"renderJobId":"469ce0d3-f380-4e59-bba6-60e4ff334336","phase":"browser_probe","status":"end","elapsedMs":263,"durationMs":114,"forceScreenshot":true,"stagePhase":"calibrating"}
[INFO] [Render:trace] {"renderJobId":"469ce0d3-f380-4e59-bba6-60e4ff334336","phase":"browser_probe","status":"checkpoint","elapsedMs":264,"message":"duration resolved","durationSeconds":4.333333333333333,"totalFrames":130,"compositionHash":"f750c0c6a103eb1b","beginFrameStalled":false}
[INFO] [Render:trace] {"renderJobId":"469ce0d3-f380-4e59-bba6-60e4ff334336","phase":"video_extract","status":"start","elapsedMs":264,"videoCount":0}
  ██░░░░░░░░░░░░░░░░░░░░░░░  10%  Extracting video frames
[INFO] [Render:trace] {"renderJobId":"469ce0d3-f380-4e59-bba6-60e4ff334336","phase":"video_extract","status":"end","elapsedMs":264,"durationMs":0,"videoCount":0}
[INFO] [Render:trace] {"renderJobId":"469ce0d3-f380-4e59-bba6-60e4ff334336","phase":"video_extract","status":"checkpoint","elapsedMs":265,"message":"frames resolved","videoCount":0,"extractedVideoCount":0,"totalFramesExtracted":0,"maxFramesPerVideo":0,"avgFramesPerExtractedVideo":null,"vfrPreflightCount":null,"vfrPreflightMs":null,"cacheHits":null,"cacheMisses":null,"transientRetries":null,"minVideoFrameCoverageRatio":null,"authoredTimedClipCount":3}
[INFO] [Render] No HDR sources detected — rendering SDR {"renderJobId":"469ce0d3-f380-4e59-bba6-60e4ff334336"}
[INFO] [Render:trace] {"renderJobId":"469ce0d3-f380-4e59-bba6-60e4ff334336","phase":"hdr_detection","status":"checkpoint","elapsedMs":266,"message":"resolved","requestedHdrMode":"auto","effectiveHdr":"sdr","nativeHdrVideoCount":0,"nativeHdrImageCount":0}
[INFO] [Render:trace] {"renderJobId":"469ce0d3-f380-4e59-bba6-60e4ff334336","phase":"audio_process","status":"start","elapsedMs":266,"audioCount":0}
[INFO] [Render:trace] {"renderJobId":"469ce0d3-f380-4e59-bba6-60e4ff334336","phase":"audio_process","status":"end","elapsedMs":266,"durationMs":0,"audioCount":0}
  █████░░░░░░░░░░░░░░░░░░░░  20%  Processing audio tracks
[INFO] [Render:trace] {"renderJobId":"469ce0d3-f380-4e59-bba6-60e4ff334336","phase":"file_server","status":"start","elapsedMs":266,"reused":false}
  ██████░░░░░░░░░░░░░░░░░░░  25%  Starting frame capture
[INFO] [Render:trace] {"renderJobId":"469ce0d3-f380-4e59-bba6-60e4ff334336","phase":"file_server","status":"end","elapsedMs":272,"durationMs":6}
  ██████░░░░░░░░░░░░░░░░░░░  25%  Checking browser GPU
[hyperframes] browserGpuMode probe → hardware (WebGL renderer vendor="Google Inc. (NVIDIA Corporation)" renderer="ANGLE (NVIDIA Corporation, NVIDIA GeForce RTX 5060/PCIe/SSE2, OpenGL ES 3.2)")
[INFO] [Render:trace] {"renderJobId":"469ce0d3-f380-4e59-bba6-60e4ff334336","phase":"capture_calibration","status":"checkpoint","elapsedMs":751,"message":"skipped","requestedWorkers":1,"totalFrames":130,"htmlInCanvasDetected":false,"lowMemoryMode":false,"deInversionEligible":false,"deParallelRouterEligible":false}
[INFO] [Render:trace] {"renderJobId":"469ce0d3-f380-4e59-bba6-60e4ff334336","phase":"worker_resolution","status":"checkpoint","elapsedMs":752,"message":"resolved","workerCount":1}
[INFO] streaming-encode gate {"renderJobId":"469ce0d3-f380-4e59-bba6-60e4ff334336","enabled":false,"reason":"format_excluded","configFlag":true,"durationCapEnabled":false,"outputFormat":"png-sequence","workerCount":1,"durationSeconds":4.333333333333333,"maxDurationSeconds":240}
[INFO] [Render:trace] {"renderJobId":"469ce0d3-f380-4e59-bba6-60e4ff334336","phase":"capture_strategy","status":"checkpoint","elapsedMs":753,"message":"resolved","workerCount":1,"forceScreenshot":true,"captureBeyondViewport":null,"useStreamingEncode":false,"useLayeredComposite":false,"usePageSideCompositing":false,"hasHdrContent":false,"hasShaderTransitions":false,"isPngSequence":true}
[INFO] [Render:trace] {"renderJobId":"469ce0d3-f380-4e59-bba6-60e4ff334336","phase":"capture_disk","status":"start","elapsedMs":753,"stagePhase":"capturing","needsAlpha":true,"workerCount":1,"forceScreenshot":true,"totalFrames":130,"framesCompleted":0,"captureMode":"screenshot","captureOperation":"captureScreenshot"}
[BrowserManager] Browser launched (HeadlessChrome/152.0.7977.42, screenshot, gl=--use-gl=angle --use-angle=gl-egl, headlessShell=true, platform=linux)
[initSession:screenshot] page.goto start (0ms)
[HyperFrames] render runtime fps {"canonicalFps":30,"source":"render-options","rawFpsSource":"render-options","rawFps":30}
[initSession:screenshot] page.goto complete (144ms)
[initSession:screenshot] GSAP proxy flush complete (147ms)
[initSession:screenshot] pollHfReady complete (258ms)
[initSession:screenshot] pollSubCompositionTimelines complete (ready) (259ms)
[initSession:screenshot] applyVideoMetadataHints complete (260ms)
[initSession:screenshot] media + fonts + tailwind ready (261ms)
[initSession:screenshot] static-frame dedup: disabled (eligible) (266ms)
  ██████░░░░░░░░░░░░░░░░░░░  25%  Capturing frame 1/130
  ███████░░░░░░░░░░░░░░░░░░  28%  Capturing frame 8/130
  ███████░░░░░░░░░░░░░░░░░░  30%  Capturing frame 15/130
  ████████░░░░░░░░░░░░░░░░░  33%  Capturing frame 22/130
  ████████░░░░░░░░░░░░░░░░░  35%  Capturing frame 28/130
  █████████░░░░░░░░░░░░░░░░  37%  Capturing frame 34/130
  █████████░░░░░░░░░░░░░░░░  39%  Capturing frame 40/130
  ██████████░░░░░░░░░░░░░░░  41%  Capturing frame 46/130
  ██████████░░░░░░░░░░░░░░░  43%  Capturing frame 51/130
  ███████████░░░░░░░░░░░░░░  44%  Capturing frame 56/130
  ███████████░░░░░░░░░░░░░░  46%  Capturing frame 62/130
  ████████████░░░░░░░░░░░░░  48%  Capturing frame 67/130
  ████████████░░░░░░░░░░░░░  50%  Capturing frame 73/130
  █████████████░░░░░░░░░░░░  52%  Capturing frame 79/130
  █████████████░░░░░░░░░░░░  54%  Capturing frame 84/130
  ██████████████░░░░░░░░░░░  56%  Capturing frame 90/130
  ██████████████░░░░░░░░░░░  58%  Capturing frame 96/130
  ███████████████░░░░░░░░░░  60%  Capturing frame 102/130
  ███████████████░░░░░░░░░░  62%  Capturing frame 108/130
  ████████████████░░░░░░░░░  64%  Capturing frame 114/130
  ████████████████░░░░░░░░░  67%  Capturing frame 120/130
  █████████████████░░░░░░░░  69%  Capturing frame 126/130
  █████████████████░░░░░░░░  70%  Capturing frame 130/130
[INFO] [Render:trace] {"renderJobId":"469ce0d3-f380-4e59-bba6-60e4ff334336","phase":"capture_disk","status":"end","elapsedMs":6902,"durationMs":6149,"stagePhase":"capturing","needsAlpha":true,"workerCount":1,"forceScreenshot":true,"totalFrames":130,"framesCompleted":130,"captureMode":"screenshot","captureOperation":"encode"}
[INFO] [Render:trace] {"renderJobId":"469ce0d3-f380-4e59-bba6-60e4ff334336","phase":"encode","status":"start","elapsedMs":6902,"stagePhase":"capturing","hasAudio":false,"isPngSequence":true,"isGif":false,"chunkedEncode":false,"workerCount":1,"forceScreenshot":true,"totalFrames":130,"framesCompleted":130,"captureMode":"screenshot","captureOperation":"encode"}
  ██████████████████░░░░░░░  75%  Writing PNG sequence
[INFO] [Render:trace] {"renderJobId":"469ce0d3-f380-4e59-bba6-60e4ff334336","phase":"encode","status":"end","elapsedMs":6917,"durationMs":15,"stagePhase":"capturing","hasAudio":false,"isPngSequence":true,"isGif":false,"chunkedEncode":false,"workerCount":1,"forceScreenshot":true,"totalFrames":130,"framesCompleted":130,"captureMode":"screenshot","captureOperation":"encode"}
[INFO] [Render:trace] {"renderJobId":"469ce0d3-f380-4e59-bba6-60e4ff334336","phase":"assemble","status":"checkpoint","elapsedMs":6918,"message":"skipped for png-sequence"}
[INFO] [Render:trace] {"renderJobId":"469ce0d3-f380-4e59-bba6-60e4ff334336","phase":"pipeline","status":"checkpoint","elapsedMs":6935,"message":"artifact validated","totalElapsedMs":6934}
  █████████████████████████  100%  Render complete

◇  /home/akshar/dev/projects/hyfrme-audit/.work/full-parity-audit/command-menu-main-prep-20261008/reproof-v1/harness/.work/verify-remocn-fresh/command-menu/run-qzXRIq/sequential-frames
   1.3 MB · 130 frames · rendered in 6.9s
   screenshot capture · hardware gpu · compile 0.3s · extract 0.0s · audio 0.0s · probe 0.1s · setup 0.5s · capture 6.1s · encode 0.0s
