[hyperframes] browserGpuMode probe → hardware (WebGL renderer vendor="Google Inc. (NVIDIA Corporation)" renderer="ANGLE (NVIDIA Corporation, NVIDIA GeForce RTX 5060/PCIe/SSE2, OpenGL ES 3.2)")
{
  "ok": false,
  "strict": false,
  "lint": {
    "ok": true,
    "errorCount": 0,
    "warningCount": 0,
    "infoCount": 0,
    "findings": [],
    "filesScanned": 2
  },
  "runtime": {
    "ok": true,
    "errorCount": 0,
    "warningCount": 0,
    "infoCount": 0,
    "findings": []
  },
  "layout": {
    "ok": false,
    "errorCount": 17,
    "warningCount": 1,
    "infoCount": 16,
    "findings": [
      {
        "code": "content_overlap",
        "severity": "error",
        "time": 0.369,
        "selector": "#path-ride-source-root > div:nth-of-type(1) > span:nth-of-type(3)",
        "message": "Two text blocks overlap and may render unreadable.",
        "rect": {
          "left": 106.22,
          "top": 476.22,
          "right": 158.83,
          "bottom": 513.86,
          "width": 52.61,
          "height": 37.64
        },
        "containerSelector": "#path-ride-source-root > div:nth-of-type(1) > span:nth-of-type(4)",
        "text": "l",
        "fixHint": "Give each block its own zone, or mark intentional layering with data-layout-allow-overlap.",
        "dataAttributes": {},
        "sourceFile": "compositions/path-ride.html",
        "bbox": {
          "x": 106.22,
          "y": 476.22,
          "width": 52.61,
          "height": 37.64
        },
        "firstSeen": 0.369,
        "lastSeen": 2.092,
        "occurrences": 18
      },
      {
        "code": "content_overlap",
        "severity": "error",
        "time": 0.369,
        "selector": "#path-ride-source-root > div:nth-of-type(1) > span:nth-of-type(3)",
        "message": "Two text blocks overlap and may render unreadable.",
        "rect": {
          "left": 106.22,
          "top": 476.22,
          "right": 158.83,
          "bottom": 513.86,
          "width": 52.61,
          "height": 37.64
        },
        "containerSelector": "#path-ride-source-root > div:nth-of-type(1) > span:nth-of-type(5)",
        "text": "l",
        "fixHint": "Give each block its own zone, or mark intentional layering with data-layout-allow-overlap.",
        "dataAttributes": {},
        "sourceFile": "compositions/path-ride.html",
        "bbox": {
          "x": 106.22,
          "y": 476.22,
          "width": 52.61,
          "height": 37.64
        },
        "firstSeen": 0.369,
        "lastSeen": 1.969,
        "occurrences": 16
      },
      {
        "code": "content_overlap",
        "severity": "error",
        "time": 0.533,
        "selector": "#path-ride-source-root > div:nth-of-type(1) > span:nth-of-type(1)",
        "message": "Two text blocks overlap and may render unreadable.",
        "rect": {
          "left": 79.7,
          "top": 510.83,
          "right": 139.45,
          "bottom": 559.63,
          "width": 59.75,
          "height": 48.81
        },
        "containerSelector": "#path-ride-source-root > div:nth-of-type(1) > span:nth-of-type(2)",
        "text": "F",
        "fixHint": "Give each block its own zone, or mark intentional layering with data-layout-allow-overlap.",
        "dataAttributes": {},
        "sourceFile": "compositions/path-ride.html",
        "bbox": {
          "x": 79.7,
          "y": 510.83,
          "width": 59.75,
          "height": 48.81
        },
        "firstSeen": 0.533,
        "lastSeen": 2.092,
        "occurrences": 17
      },
      {
        "code": "content_overlap",
        "severity": "error",
        "time": 0.533,
        "selector": "#path-ride-source-root > div:nth-of-type(1) > span:nth-of-type(2)",
        "message": "Two text blocks overlap and may render unreadable.",
        "rect": {
          "left": 92.35,
          "top": 487.22,
          "right": 152.62,
          "bottom": 537.48,
          "width": 60.27,
          "height": 50.26
        },
        "containerSelector": "#path-ride-source-root > div:nth-of-type(1) > span:nth-of-type(3)",
        "text": "o",
        "fixHint": "Give each block its own zone, or mark intentional layering with data-layout-allow-overlap.",
        "dataAttributes": {},
        "sourceFile": "compositions/path-ride.html",
        "bbox": {
          "x": 92.35,
          "y": 487.22,
          "width": 60.27,
          "height": 50.26
        },
        "firstSeen": 0.533,
        "lastSeen": 2.092,
        "occurrences": 17
      },
      {
        "code": "content_overlap",
        "severity": "error",
        "time": 0.533,
        "selector": "#path-ride-source-root > div:nth-of-type(1) > span:nth-of-type(2)",
        "message": "Two text blocks overlap and may render unreadable.",
        "rect": {
          "left": 92.35,
          "top": 487.22,
          "right": 152.62,
          "bottom": 537.48,
          "width": 60.27,
          "height": 50.26
        },
        "containerSelector": "#path-ride-source-root > div:nth-of-type(1) > span:nth-of-type(4)",
        "text": "o",
        "fixHint": "Give each block its own zone, or mark intentional layering with data-layout-allow-overlap.",
        "dataAttributes": {},
        "sourceFile": "compositions/path-ride.html",
        "bbox": {
          "x": 92.35,
          "y": 487.22,
          "width": 60.27,
          "height": 50.26
        },
        "firstSeen": 0.533,
        "lastSeen": 1.969,
        "occurrences": 15
      },
      {
        "code": "content_overlap",
        "severity": "error",
        "time": 0.533,
        "selector": "#path-ride-source-root > div:nth-of-type(1) > span:nth-of-type(4)",
        "message": "Two text blocks overlap and may render unreadable.",
        "rect": {
          "left": 112.26,
          "top": 465.98,
          "right": 164.76,
          "bottom": 503.88,
          "width": 52.5,
          "height": 37.9
        },
        "containerSelector": "#path-ride-source-root > div:nth-of-type(1) > span:nth-of-type(5)",
        "text": "l",
        "fixHint": "Give each block its own zone, or mark intentional layering with data-layout-allow-overlap.",
        "dataAttributes": {},
        "sourceFile": "compositions/path-ride.html",
        "bbox": {
          "x": 112.26,
          "y": 465.98,
          "width": 52.5,
          "height": 37.9
        },
        "firstSeen": 0.533,
        "lastSeen": 2.092,
        "occurrences": 17
      },
      {
        "code": "content_overlap",
        "severity": "error",
        "time": 0.533,
        "selector": "#path-ride-source-root > div:nth-of-type(1) > span:nth-of-type(5)",
        "message": "Two text blocks overlap and may render unreadable.",
        "rect": {
          "left": 118.38,
          "top": 442.86,
          "right": 178.52,
          "bottom": 494.06,
          "width": 60.15,
          "height": 51.19
        },
        "containerSelector": "#path-ride-source-root > div:nth-of-type(1) > span:nth-of-type(6)",
        "text": "o",
        "fixHint": "Give each block its own zone, or mark intentional layering with data-layout-allow-overlap.",
        "dataAttributes": {},
        "sourceFile": "compositions/path-ride.html",
        "bbox": {
          "x": 118.38,
          "y": 442.86,
          "width": 60.15,
          "height": 51.19
        },
        "firstSeen": 0.533,
        "lastSeen": 2.092,
        "occurrences": 17
      },
      {
        "code": "content_overlap",
        "severity": "error",
        "time": 0.533,
        "selector": "#path-ride-source-root > div:nth-of-type(1) > span:nth-of-type(6)",
        "message": "Two text blocks overlap and may render unreadable.",
        "rect": {
          "left": 133.15,
          "top": 410.14,
          "right": 198.79,
          "bottom": 470.77,
          "width": 65.65,
          "height": 60.62
        },
        "containerSelector": "#path-ride-source-root > div:nth-of-type(1) > span:nth-of-type(8)",
        "text": "w",
        "fixHint": "Give each block its own zone, or mark intentional layering with data-layout-allow-overlap.",
        "dataAttributes": {},
        "sourceFile": "compositions/path-ride.html",
        "bbox": {
          "x": 133.15,
          "y": 410.14,
          "width": 65.65,
          "height": 60.62
        },
        "firstSeen": 0.533,
        "lastSeen": 1.969,
        "occurrences": 15
      },
      {
        "code": "content_overlap",
        "severity": "error",
        "time": 0.533,
        "selector": "#path-ride-source-root > div:nth-of-type(1) > span:nth-of-type(8)",
        "message": "Two text blocks overlap and may render unreadable.",
        "rect": {
          "left": 159.58,
          "top": 387.55,
          "right": 213.32,
          "bottom": 431.21,
          "width": 53.74,
          "height": 43.66
        },
        "containerSelector": "#path-ride-source-root > div:nth-of-type(1) > span:nth-of-type(9)",
        "text": "t",
        "fixHint": "Give each block its own zone, or mark intentional layering with data-layout-allow-overlap.",
        "dataAttributes": {},
        "sourceFile": "compositions/path-ride.html",
        "bbox": {
          "x": 159.58,
          "y": 387.55,
          "width": 53.74,
          "height": 43.66
        },
        "firstSeen": 0.533,
        "lastSeen": 2.092,
        "occurrences": 17
      },
      {
        "code": "content_overlap",
        "severity": "error",
        "time": 0.533,
        "selector": "#path-ride-source-root > div:nth-of-type(1) > span:nth-of-type(9)",
        "message": "Two text blocks overlap and may render unreadable.",
        "rect": {
          "left": 169.28,
          "top": 364.11,
          "right": 229.21,
          "bottom": 417.62,
          "width": 59.93,
          "height": 53.51
        },
        "containerSelector": "#path-ride-source-root > div:nth-of-type(1) > span:nth-of-type(10)",
        "text": "h",
        "fixHint": "Give each block its own zone, or mark intentional layering with data-layout-allow-overlap.",
        "dataAttributes": {},
        "sourceFile": "compositions/path-ride.html",
        "bbox": {
          "x": 169.28,
          "y": 364.11,
          "width": 59.93,
          "height": 53.51
        },
        "firstSeen": 0.533,
        "lastSeen": 2.092,
        "occurrences": 17
      },
      {
        "code": "content_overlap",
        "severity": "error",
        "time": 0.533,
        "selector": "#path-ride-source-root > div:nth-of-type(1) > span:nth-of-type(10)",
        "message": "Two text blocks overlap and may render unreadable.",
        "rect": {
          "left": 186.08,
          "top": 341.65,
          "right": 245.08,
          "bottom": 394.87,
          "width": 58.99,
          "height": 53.23
        },
        "containerSelector": "#path-ride-source-root > div:nth-of-type(1) > span:nth-of-type(12)",
        "text": "e",
        "fixHint": "Give each block its own zone, or mark intentional layering with data-layout-allow-overlap.",
        "dataAttributes": {},
        "sourceFile": "compositions/path-ride.html",
        "bbox": {
          "x": 186.08,
          "y": 341.65,
          "width": 58.99,
          "height": 53.23
        },
        "firstSeen": 0.533,
        "lastSeen": 1.969,
        "occurrences": 16
      },
      {
        "code": "content_overlap",
        "severity": "error",
        "time": 0.533,
        "selector": "#path-ride-source-root > div:nth-of-type(1) > span:nth-of-type(10)",
        "message": "Two text blocks overlap and may render unreadable.",
        "rect": {
          "left": 186.08,
          "top": 341.65,
          "right": 245.08,
          "bottom": 394.87,
          "width": 58.99,
          "height": 53.23
        },
        "containerSelector": "#path-ride-source-root > div:nth-of-type(1) > span:nth-of-type(13)",
        "text": "e",
        "fixHint": "Give each block its own zone, or mark intentional layering with data-layout-allow-overlap.",
        "dataAttributes": {},
        "sourceFile": "compositions/path-ride.html",
        "bbox": {
          "x": 186.08,
          "y": 341.65,
          "width": 58.99,
          "height": 53.23
        },
        "firstSeen": 0.533,
        "lastSeen": 1.969,
        "occurrences": 8
      },
      {
        "code": "content_overlap",
        "severity": "error",
        "time": 0.533,
        "selector": "#path-ride-source-root > div:nth-of-type(1) > span:nth-of-type(12)",
        "message": "Two text blocks overlap and may render unreadable.",
        "rect": {
          "left": 208.29,
          "top": 323.79,
          "right": 258.11,
          "bottom": 366.56,
          "width": 49.83,
          "height": 42.77
        },
        "containerSelector": "#path-ride-source-root > div:nth-of-type(1) > span:nth-of-type(13)",
        "text": "l",
        "fixHint": "Give each block its own zone, or mark intentional layering with data-layout-allow-overlap.",
        "dataAttributes": {},
        "sourceFile": "compositions/path-ride.html",
        "bbox": {
          "x": 208.29,
          "y": 323.79,
          "width": 49.83,
          "height": 42.77
        },
        "firstSeen": 0.533,
        "lastSeen": 2.092,
        "occurrences": 17
      },
      {
        "code": "content_overlap",
        "severity": "error",
        "time": 0.533,
        "selector": "#path-ride-source-root > div:nth-of-type(1) > span:nth-of-type(12)",
        "message": "Two text blocks overlap and may render unreadable.",
        "rect": {
          "left": 208.29,
          "top": 323.79,
          "right": 258.11,
          "bottom": 366.56,
          "width": 49.83,
          "height": 42.77
        },
        "containerSelector": "#path-ride-source-root > div:nth-of-type(1) > span:nth-of-type(14)",
        "text": "l",
        "fixHint": "Give each block its own zone, or mark intentional layering with data-layout-allow-overlap.",
        "dataAttributes": {},
        "sourceFile": "compositions/path-ride.html",
        "bbox": {
          "x": 208.29,
          "y": 323.79,
          "width": 49.83,
          "height": 42.77
        },
        "firstSeen": 0.533,
        "lastSeen": 1.969,
        "occurrences": 15
      },
      {
        "code": "content_overlap",
        "severity": "error",
        "time": 0.533,
        "selector": "#path-ride-source-root > div:nth-of-type(1) > span:nth-of-type(13)",
        "message": "Two text blocks overlap and may render unreadable.",
        "rect": {
          "left": 216.51,
          "top": 313.45,
          "right": 266,
          "bottom": 356.7,
          "width": 49.49,
          "height": 43.25
        },
        "containerSelector": "#path-ride-source-root > div:nth-of-type(1) > span:nth-of-type(14)",
        "text": "i",
        "fixHint": "Give each block its own zone, or mark intentional layering with data-layout-allow-overlap.",
        "dataAttributes": {},
        "sourceFile": "compositions/path-ride.html",
        "bbox": {
          "x": 216.51,
          "y": 313.45,
          "width": 49.49,
          "height": 43.25
        },
        "firstSeen": 0.533,
        "lastSeen": 2.092,
        "occurrences": 17
      },
      {
        "code": "content_overlap",
        "severity": "error",
        "time": 0.533,
        "selector": "#path-ride-source-root > div:nth-of-type(1) > span:nth-of-type(14)",
        "message": "Two text blocks overlap and may render unreadable.",
        "rect": {
          "left": 224.62,
          "top": 291.68,
          "right": 283.53,
          "bottom": 347.5,
          "width": 58.91,
          "height": 55.83
        },
        "containerSelector": "#path-ride-source-root > div:nth-of-type(1) > span:nth-of-type(15)",
        "text": "n",
        "fixHint": "Give each block its own zone, or mark intentional layering with data-layout-allow-overlap.",
        "dataAttributes": {},
        "sourceFile": "compositions/path-ride.html",
        "bbox": {
          "x": 224.62,
          "y": 291.68,
          "width": 58.91,
          "height": 55.83
        },
        "firstSeen": 0.533,
        "lastSeen": 2.092,
        "occurrences": 16
      },
      {
        "code": "content_overlap",
        "severity": "error",
        "time": 0.738,
        "selector": "#path-ride-source-root > div:nth-of-type(1) > span:nth-of-type(13)",
        "message": "Two text blocks overlap and may render unreadable.",
        "rect": {
          "left": 952.33,
          "top": 237.7,
          "right": 995.72,
          "bottom": 287.08,
          "width": 43.39,
          "height": 49.38
        },
        "containerSelector": "#path-ride-source-root > div:nth-of-type(1) > span:nth-of-type(15)",
        "text": "i",
        "fixHint": "Give each block its own zone, or mark intentional layering with data-layout-allow-overlap.",
        "dataAttributes": {},
        "sourceFile": "compositions/path-ride.html",
        "bbox": {
          "x": 952.33,
          "y": 237.7,
          "width": 43.39,
          "height": 49.38
        },
        "firstSeen": 0.738,
        "lastSeen": 1.956,
        "occurrences": 2
      },
      {
        "code": "rotation_pivot_drift",
        "severity": "warning",
        "time": 3.022,
        "selector": "#path-ride-source-root > div:nth-of-type(1) > span:nth-of-type(6)",
        "dataAttributes": {},
        "sourceFile": "index.html",
        "bbox": {
          "x": 589.115,
          "y": 338,
          "width": 37.41,
          "height": 44
        },
        "rect": {
          "left": 589.115,
          "top": 338,
          "right": 626.5250000000001,
          "bottom": 382,
          "width": 37.41,
          "height": 44
        },
        "message": "Rotating element's bounding-box center drifts 880px across rotation — it is not spinning about its own center (check transformOrigin/svgOrigin).",
        "fixHint": "The bounding-box center should stay fixed while the element spins; check its transformOrigin/svgOrigin so rotation pivots about the element's own center rather than a point in a coordinate space it was resized out of.",
        "firstSeen": 3.022,
        "lastSeen": 3.022,
        "occurrences": 1
      },
      {
        "code": "content_overlap",
        "severity": "info",
        "time": 0.369,
        "selector": "#path-ride-source-root > div:nth-of-type(1) > span:nth-of-type(1)",
        "message": "Two text blocks overlap and may render unreadable.",
        "rect": {
          "left": 78.7,
          "top": 512.3,
          "right": 138.64,
          "bottom": 561.42,
          "width": 59.94,
          "height": 49.12
        },
        "containerSelector": "#path-ride-source-root > div:nth-of-type(1) > span:nth-of-type(3)",
        "text": "e",
        "fixHint": "Give each block its own zone, or mark intentional layering with data-layout-allow-overlap.",
        "dataAttributes": {},
        "sourceFile": "compositions/path-ride.html",
        "bbox": {
          "x": 78.7,
          "y": 512.3,
          "width": 59.94,
          "height": 49.12
        },
        "firstSeen": 0.369,
        "lastSeen": 0.369,
        "occurrences": 1
      },
      {
        "code": "content_overlap",
        "severity": "info",
        "time": 0.369,
        "selector": "#path-ride-source-root > div:nth-of-type(1) > span:nth-of-type(4)",
        "message": "Two text blocks overlap and may render unreadable.",
        "rect": {
          "left": 102.68,
          "top": 482.3,
          "right": 155.36,
          "bottom": 519.78,
          "width": 52.67,
          "height": 37.49
        },
        "containerSelector": "#path-ride-source-root > div:nth-of-type(1) > span:nth-of-type(5)",
        "text": "i",
        "fixHint": "Give each block its own zone, or mark intentional layering with data-layout-allow-overlap.",
        "dataAttributes": {},
        "sourceFile": "compositions/path-ride.html",
        "bbox": {
          "x": 102.68,
          "y": 482.3,
          "width": 52.67,
          "height": 37.49
        },
        "firstSeen": 0.369,
        "lastSeen": 0.369,
        "occurrences": 1
      },
      {
        "code": "content_overlap",
        "severity": "info",
        "time": 0.369,
        "selector": "#path-ride-source-root > div:nth-of-type(1) > span:nth-of-type(5)",
        "message": "Two text blocks overlap and may render unreadable.",
        "rect": {
          "left": 109.12,
          "top": 457.94,
          "right": 169.54,
          "bottom": 509.16,
          "width": 60.41,
          "height": 51.22
        },
        "containerSelector": "#path-ride-source-root > div:nth-of-type(1) > span:nth-of-type(6)",
        "text": "n",
        "fixHint": "Give each block its own zone, or mark intentional layering with data-layout-allow-overlap.",
        "dataAttributes": {},
        "sourceFile": "compositions/path-ride.html",
        "bbox": {
          "x": 109.12,
          "y": 457.94,
          "width": 60.41,
          "height": 51.22
        },
        "firstSeen": 0.369,
        "lastSeen": 0.369,
        "occurrences": 1
      },
      {
        "code": "content_overlap",
        "severity": "info",
        "time": 0.492,
        "selector": "#path-ride-source-root > div:nth-of-type(1) > span:nth-of-type(2)",
        "message": "Two text blocks overlap and may render unreadable.",
        "rect": {
          "left": 81.55,
          "top": 519.66,
          "right": 134.57,
          "bottom": 556.26,
          "width": 53.02,
          "height": 36.6
        },
        "containerSelector": "#path-ride-source-root > div:nth-of-type(1) > span:nth-of-type(3)",
        "text": "l",
        "fixHint": "Give each block its own zone, or mark intentional layering with data-layout-allow-overlap.",
        "dataAttributes": {},
        "sourceFile": "compositions/path-ride.html",
        "bbox": {
          "x": 81.55,
          "y": 519.66,
          "width": 53.02,
          "height": 36.6
        },
        "firstSeen": 0.492,
        "lastSeen": 0.492,
        "occurrences": 1
      },
      {
        "code": "content_overlap",
        "severity": "info",
        "time": 0.492,
        "selector": "#path-ride-source-root > div:nth-of-type(1) > span:nth-of-type(3)",
        "message": "Two text blocks overlap and may render unreadable.",
        "rect": {
          "left": 87.5,
          "top": 495.8,
          "right": 147.79,
          "bottom": 545.89,
          "width": 60.29,
          "height": 50.09
        },
        "containerSelector": "#path-ride-source-root > div:nth-of-type(1) > span:nth-of-type(4)",
        "text": "o",
        "fixHint": "Give each block its own zone, or mark intentional layering with data-layout-allow-overlap.",
        "dataAttributes": {},
        "sourceFile": "compositions/path-ride.html",
        "bbox": {
          "x": 87.5,
          "y": 495.8,
          "width": 60.29,
          "height": 50.09
        },
        "firstSeen": 0.492,
        "lastSeen": 0.492,
        "occurrences": 1
      },
      {
        "code": "content_overlap",
        "severity": "info",
        "time": 0.492,
        "selector": "#path-ride-source-root > div:nth-of-type(1) > span:nth-of-type(4)",
        "message": "Two text blocks overlap and may render unreadable.",
        "rect": {
          "left": 100.77,
          "top": 463.52,
          "right": 166.28,
          "bottom": 523.15,
          "width": 65.51,
          "height": 59.63
        },
        "containerSelector": "#path-ride-source-root > div:nth-of-type(1) > span:nth-of-type(6)",
        "text": "w",
        "fixHint": "Give each block its own zone, or mark intentional layering with data-layout-allow-overlap.",
        "dataAttributes": {},
        "sourceFile": "compositions/path-ride.html",
        "bbox": {
          "x": 100.77,
          "y": 463.52,
          "width": 65.51,
          "height": 59.63
        },
        "firstSeen": 0.492,
        "lastSeen": 0.492,
        "occurrences": 1
      },
      {
        "code": "content_overlap",
        "severity": "info",
        "time": 0.492,
        "selector": "#path-ride-source-root > div:nth-of-type(1) > span:nth-of-type(6)",
        "message": "Two text blocks overlap and may render unreadable.",
        "rect": {
          "left": 125.96,
          "top": 439.74,
          "right": 180.36,
          "bottom": 481.87,
          "width": 54.4,
          "height": 42.13
        },
        "containerSelector": "#path-ride-source-root > div:nth-of-type(1) > span:nth-of-type(7)",
        "text": "t",
        "fixHint": "Give each block its own zone, or mark intentional layering with data-layout-allow-overlap.",
        "dataAttributes": {},
        "sourceFile": "compositions/path-ride.html",
        "bbox": {
          "x": 125.96,
          "y": 439.74,
          "width": 54.4,
          "height": 42.13
        },
        "firstSeen": 0.492,
        "lastSeen": 0.492,
        "occurrences": 1
      },
      {
        "code": "content_overlap",
        "severity": "info",
        "time": 0.492,
        "selector": "#path-ride-source-root > div:nth-of-type(1) > span:nth-of-type(7)",
        "message": "Two text blocks overlap and may render unreadable.",
        "rect": {
          "left": 134.9,
          "top": 415.84,
          "right": 195.16,
          "bottom": 468,
          "width": 60.26,
          "height": 52.17
        },
        "containerSelector": "#path-ride-source-root > div:nth-of-type(1) > span:nth-of-type(8)",
        "text": "h",
        "fixHint": "Give each block its own zone, or mark intentional layering with data-layout-allow-overlap.",
        "dataAttributes": {},
        "sourceFile": "compositions/path-ride.html",
        "bbox": {
          "x": 134.9,
          "y": 415.84,
          "width": 60.26,
          "height": 52.17
        },
        "firstSeen": 0.492,
        "lastSeen": 0.492,
        "occurrences": 1
      },
      {
        "code": "content_overlap",
        "severity": "info",
        "time": 0.492,
        "selector": "#path-ride-source-root > div:nth-of-type(1) > span:nth-of-type(8)",
        "message": "Two text blocks overlap and may render unreadable.",
        "rect": {
          "left": 149.76,
          "top": 393.85,
          "right": 209.24,
          "bottom": 445.59,
          "width": 59.48,
          "height": 51.73
        },
        "containerSelector": "#path-ride-source-root > div:nth-of-type(1) > span:nth-of-type(10)",
        "text": "e",
        "fixHint": "Give each block its own zone, or mark intentional layering with data-layout-allow-overlap.",
        "dataAttributes": {},
        "sourceFile": "compositions/path-ride.html",
        "bbox": {
          "x": 149.76,
          "y": 393.85,
          "width": 59.48,
          "height": 51.73
        },
        "firstSeen": 0.492,
        "lastSeen": 0.492,
        "occurrences": 1
      },
      {
        "code": "content_overlap",
        "severity": "info",
        "time": 0.492,
        "selector": "#path-ride-source-root > div:nth-of-type(1) > span:nth-of-type(10)",
        "message": "Two text blocks overlap and may render unreadable.",
        "rect": {
          "left": 171.29,
          "top": 373.93,
          "right": 222.38,
          "bottom": 414.67,
          "width": 51.09,
          "height": 40.74
        },
        "containerSelector": "#path-ride-source-root > div:nth-of-type(1) > span:nth-of-type(11)",
        "text": "l",
        "fixHint": "Give each block its own zone, or mark intentional layering with data-layout-allow-overlap.",
        "dataAttributes": {},
        "sourceFile": "compositions/path-ride.html",
        "bbox": {
          "x": 171.29,
          "y": 373.93,
          "width": 51.09,
          "height": 40.74
        },
        "firstSeen": 0.492,
        "lastSeen": 0.492,
        "occurrences": 1
      },
      {
        "code": "content_overlap",
        "severity": "info",
        "time": 0.492,
        "selector": "#path-ride-source-root > div:nth-of-type(1) > span:nth-of-type(10)",
        "message": "Two text blocks overlap and may render unreadable.",
        "rect": {
          "left": 171.29,
          "top": 373.93,
          "right": 222.38,
          "bottom": 414.67,
          "width": 51.09,
          "height": 40.74
        },
        "containerSelector": "#path-ride-source-root > div:nth-of-type(1) > span:nth-of-type(12)",
        "text": "l",
        "fixHint": "Give each block its own zone, or mark intentional layering with data-layout-allow-overlap.",
        "dataAttributes": {},
        "sourceFile": "compositions/path-ride.html",
        "bbox": {
          "x": 171.29,
          "y": 373.93,
          "width": 51.09,
          "height": 40.74
        },
        "firstSeen": 0.492,
        "lastSeen": 0.492,
        "occurrences": 1
      },
      {
        "code": "content_overlap",
        "severity": "info",
        "time": 0.492,
        "selector": "#path-ride-source-root > div:nth-of-type(1) > span:nth-of-type(11)",
        "message": "Two text blocks overlap and may render unreadable.",
        "rect": {
          "left": 177.77,
          "top": 364.72,
          "right": 228.66,
          "bottom": 405.8,
          "width": 50.89,
          "height": 41.08
        },
        "containerSelector": "#path-ride-source-root > div:nth-of-type(1) > span:nth-of-type(12)",
        "text": "i",
        "fixHint": "Give each block its own zone, or mark intentional layering with data-layout-allow-overlap.",
        "dataAttributes": {},
        "sourceFile": "compositions/path-ride.html",
        "bbox": {
          "x": 177.77,
          "y": 364.72,
          "width": 50.89,
          "height": 41.08
        },
        "firstSeen": 0.492,
        "lastSeen": 0.492,
        "occurrences": 1
      },
      {
        "code": "content_overlap",
        "severity": "info",
        "time": 0.492,
        "selector": "#path-ride-source-root > div:nth-of-type(1) > span:nth-of-type(12)",
        "message": "Two text blocks overlap and may render unreadable.",
        "rect": {
          "left": 185.87,
          "top": 340.98,
          "right": 245.57,
          "bottom": 395.16,
          "width": 59.7,
          "height": 54.19
        },
        "containerSelector": "#path-ride-source-root > div:nth-of-type(1) > span:nth-of-type(13)",
        "text": "n",
        "fixHint": "Give each block its own zone, or mark intentional layering with data-layout-allow-overlap.",
        "dataAttributes": {},
        "sourceFile": "compositions/path-ride.html",
        "bbox": {
          "x": 185.87,
          "y": 340.98,
          "width": 59.7,
          "height": 54.19
        },
        "firstSeen": 0.492,
        "lastSeen": 0.492,
        "occurrences": 1
      },
      {
        "code": "content_overlap",
        "severity": "info",
        "time": 0.862,
        "selector": "#path-ride-source-root > div:nth-of-type(1) > span:nth-of-type(1)",
        "message": "Two text blocks overlap and may render unreadable.",
        "rect": {
          "left": 692.75,
          "top": 435.2,
          "right": 749.39,
          "bottom": 491.45,
          "width": 56.64,
          "height": 56.25
        },
        "containerSelector": "#path-ride-source-root > div:nth-of-type(1) > span:nth-of-type(3)",
        "text": "F",
        "fixHint": "Give each block its own zone, or mark intentional layering with data-layout-allow-overlap.",
        "dataAttributes": {},
        "sourceFile": "compositions/path-ride.html",
        "bbox": {
          "x": 692.75,
          "y": 435.2,
          "width": 56.64,
          "height": 56.25
        },
        "firstSeen": 0.862,
        "lastSeen": 0.862,
        "occurrences": 1
      },
      {
        "code": "container_overflow",
        "severity": "info",
        "time": 1.956,
        "selector": "#path-ride-source-root > div:nth-of-type(1) > svg:nth-of-type(1) > g:nth-of-type(1)",
        "message": "Element extends outside a clipping layout container.",
        "rect": {
          "left": -20.46,
          "top": 237.64,
          "right": 1036.29,
          "bottom": 471.6,
          "width": 1056.75,
          "height": 233.96
        },
        "containerSelector": "#path-ride-source-root > div:nth-of-type(1) > svg:nth-of-type(1)",
        "fixHint": "Resize/reposition the child or container, or mark intentional overflow with data-layout-allow-overflow.",
        "containerRect": {
          "left": 0,
          "top": 0,
          "right": 1280,
          "bottom": 720,
          "width": 1280,
          "height": 720
        },
        "overflow": {
          "left": 20.46
        },
        "dataAttributes": {},
        "sourceFile": "compositions/path-ride.html",
        "bbox": {
          "x": -20.46,
          "y": 237.64,
          "width": 1056.75,
          "height": 233.96
        },
        "firstSeen": 1.956,
        "lastSeen": 1.956,
        "occurrences": 1
      },
      {
        "code": "content_overlap",
        "severity": "info",
        "time": 1.956,
        "selector": "#path-ride-source-root > div:nth-of-type(1) > span:nth-of-type(4)",
        "message": "Two text blocks overlap and may render unreadable.",
        "rect": {
          "left": 827.45,
          "top": 331.14,
          "right": 867.3,
          "bottom": 382.71,
          "width": 39.85,
          "height": 51.57
        },
        "containerSelector": "#path-ride-source-root > div:nth-of-type(1) > span:nth-of-type(6)",
        "text": "l",
        "fixHint": "Give each block its own zone, or mark intentional layering with data-layout-allow-overlap.",
        "dataAttributes": {},
        "sourceFile": "compositions/path-ride.html",
        "bbox": {
          "x": 827.45,
          "y": 331.14,
          "width": 39.85,
          "height": 51.57
        },
        "firstSeen": 1.956,
        "lastSeen": 1.956,
        "occurrences": 1
      }
    ],
    "duration": 3.2,
    "samples": [
      0.178,
      0.533,
      0.889,
      1.244,
      1.6,
      1.956,
      2.311,
      2.667,
      3.022
    ],
    "transitionSamples": [],
    "transitionSamplesDropped": 0,
    "tolerance": 2,
    "totalIssueCount": 34,
    "truncated": false
  },
  "motion": {
    "ok": true,
    "errorCount": 0,
    "warningCount": 0,
    "infoCount": 0,
    "findings": [],
    "enabled": false,
    "samples": 0
  },
  "contrast": {
    "ok": true,
    "errorCount": 0,
    "warningCount": 0,
    "infoCount": 0,
    "findings": [],
    "enabled": true,
    "samples": [
      0.178,
      0.889,
      1.6,
      2.311,
      3.022
    ],
    "checked": 52,
    "passed": 52
  },
  "snapshots": {
    "enabled": false,
    "files": [],
    "times": [],
    "findingFiles": []
  },
  "_meta": {
    "version": "0.8.30",
    "latestVersion": "0.8.87",
    "updateAvailable": true
  }
}
