[hyperframes] browserGpuMode probe → hardware (WebGL renderer vendor="Google Inc. (NVIDIA Corporation)" renderer="ANGLE (NVIDIA Corporation, NVIDIA GeForce RTX 5060/PCIe/SSE2, OpenGL ES 3.2)")
{
  "ok": true,
  "strict": false,
  "lint": {
    "ok": true,
    "errorCount": 0,
    "warningCount": 0,
    "infoCount": 0,
    "findings": [],
    "filesScanned": 2
  },
  "runtime": {
    "ok": true,
    "errorCount": 0,
    "warningCount": 0,
    "infoCount": 0,
    "findings": []
  },
  "layout": {
    "ok": true,
    "errorCount": 0,
    "warningCount": 0,
    "infoCount": 2,
    "findings": [
      {
        "code": "container_overflow",
        "severity": "info",
        "time": 1.75,
        "selector": "#inline-word-roll-source-root > div:nth-of-type(1) > div:nth-of-type(2) > div:nth-of-type(1) > div:nth-of-type(1) > span:nth-of-type(2)",
        "message": "Element extends outside a clipping layout container.",
        "rect": {
          "left": 684.28,
          "top": 329.94,
          "right": 883.11,
          "bottom": 401.94,
          "width": 198.83,
          "height": 72
        },
        "containerSelector": "#inline-word-roll-source-root > div:nth-of-type(1) > div:nth-of-type(2) > div:nth-of-type(1) > div:nth-of-type(1)",
        "fixHint": "Resize/reposition the child or container, or mark intentional overflow with data-layout-allow-overflow.",
        "containerRect": {
          "left": 684.28,
          "top": 324,
          "right": 892.34,
          "bottom": 396,
          "width": 208.06,
          "height": 72
        },
        "overflow": {
          "bottom": 5.94
        },
        "dataAttributes": {},
        "sourceFile": "compositions/inline-word-roll.html",
        "bbox": {
          "x": 684.28,
          "y": 329.94,
          "width": 198.83,
          "height": 72
        },
        "firstSeen": 1.75,
        "lastSeen": 1.75,
        "occurrences": 1
      },
      {
        "code": "container_overflow",
        "severity": "info",
        "time": 2.139,
        "selector": "#inline-word-roll-source-root > div:nth-of-type(1) > div:nth-of-type(2) > div:nth-of-type(1) > div:nth-of-type(1) > span:nth-of-type(2)",
        "message": "Element extends outside a clipping layout container.",
        "rect": {
          "left": 688.16,
          "top": 347.12,
          "right": 833.53,
          "bottom": 419.12,
          "width": 145.38,
          "height": 72
        },
        "containerSelector": "#inline-word-roll-source-root > div:nth-of-type(1) > div:nth-of-type(2) > div:nth-of-type(1) > div:nth-of-type(1)",
        "fixHint": "Resize/reposition the child or container, or mark intentional overflow with data-layout-allow-overflow.",
        "containerRect": {
          "left": 688.16,
          "top": 324,
          "right": 983.64,
          "bottom": 396,
          "width": 295.48,
          "height": 72
        },
        "overflow": {
          "bottom": 23.12
        },
        "dataAttributes": {},
        "sourceFile": "compositions/inline-word-roll.html",
        "bbox": {
          "x": 688.16,
          "y": 347.12,
          "width": 145.38,
          "height": 72
        },
        "firstSeen": 2.139,
        "lastSeen": 2.139,
        "occurrences": 1
      }
    ],
    "duration": 3.5,
    "samples": [
      0.194,
      0.583,
      0.972,
      1.361,
      1.75,
      2.139,
      2.528,
      2.917,
      3.306
    ],
    "transitionSamples": [],
    "transitionSamplesDropped": 0,
    "tolerance": 2,
    "totalIssueCount": 2,
    "truncated": false
  },
  "motion": {
    "ok": true,
    "errorCount": 0,
    "warningCount": 0,
    "infoCount": 0,
    "findings": [],
    "enabled": false,
    "samples": 0
  },
  "contrast": {
    "ok": true,
    "errorCount": 0,
    "warningCount": 0,
    "infoCount": 0,
    "findings": [],
    "enabled": true,
    "samples": [
      0.194,
      0.972,
      1.75,
      2.528,
      3.306
    ],
    "checked": 10,
    "passed": 10
  },
  "snapshots": {
    "enabled": false,
    "files": [],
    "times": [],
    "findingFiles": []
  },
  "_meta": {
    "version": "0.8.30",
    "latestVersion": "0.8.32",
    "updateAvailable": true
  }
}
