[hyperframes] browserGpuMode probe → hardware (WebGL renderer vendor="Google Inc. (NVIDIA Corporation)" renderer="ANGLE (NVIDIA Corporation, NVIDIA GeForce RTX 5060/PCIe/SSE2, OpenGL ES 3.2)")
{
  "ok": false,
  "strict": false,
  "lint": {
    "ok": true,
    "errorCount": 0,
    "warningCount": 0,
    "infoCount": 0,
    "findings": [],
    "filesScanned": 2
  },
  "runtime": {
    "ok": true,
    "errorCount": 0,
    "warningCount": 0,
    "infoCount": 0,
    "findings": []
  },
  "layout": {
    "ok": false,
    "errorCount": 1,
    "warningCount": 0,
    "infoCount": 16,
    "findings": [
      {
        "code": "text_not_painted",
        "severity": "error",
        "time": 1.333,
        "selector": "#outline-fill-track-text-source-root > div:nth-of-type(1) > div:nth-of-type(2) > div:nth-of-type(2) > span:nth-of-type(1)",
        "message": "Text paints with an effectively transparent fill (-webkit-text-fill-color / color), so its glyphs are invisible.",
        "rect": {
          "left": 382.5,
          "top": 153.77,
          "right": 2756.36,
          "bottom": 564.77,
          "width": 2373.86,
          "height": 411
        },
        "text": "1000000000%",
        "fixHint": "Set an explicit, opaque `color` on the text — and an explicit `-webkit-text-fill-color` if an ancestor makes the fill transparent. If the transparency is intentional gradient text, add `background-clip: text`.",
        "dataAttributes": {},
        "sourceFile": "compositions/outline-fill-track-text.html",
        "bbox": {
          "x": 382.5,
          "y": 153.77,
          "width": 2373.86,
          "height": 411
        },
        "firstSeen": 1.333,
        "lastSeen": 2.519,
        "occurrences": 5
      },
      {
        "code": "canvas_overflow",
        "severity": "info",
        "time": 1.037,
        "selector": "#outline-fill-track-text-source-root > div:nth-of-type(1) > div:nth-of-type(2) > div:nth-of-type(1)",
        "message": "Text extends outside the composition canvas.",
        "rect": {
          "left": -253.31,
          "top": 153.77,
          "right": 646.56,
          "bottom": 564.77,
          "width": 899.88,
          "height": 411
        },
        "containerSelector": "#root",
        "text": "Keep",
        "fixHint": "Move the text inward, reduce its size, or mark intentional off-canvas animation with data-layout-allow-overflow.",
        "containerRect": {
          "left": 0,
          "top": 0,
          "right": 1280,
          "bottom": 720,
          "width": 1280,
          "height": 720
        },
        "overflow": {
          "left": 253.31
        },
        "dataAttributes": {},
        "sourceFile": "compositions/outline-fill-track-text.html",
        "bbox": {
          "x": -253.31,
          "y": 153.77,
          "width": 899.88,
          "height": 411
        },
        "firstSeen": 1.037,
        "lastSeen": 1.037,
        "occurrences": 1
      },
      {
        "code": "canvas_overflow",
        "severity": "info",
        "time": 1.333,
        "selector": "#outline-fill-track-text-source-root > div:nth-of-type(1) > div:nth-of-type(2) > div:nth-of-type(1)",
        "message": "Text extends outside the composition canvas.",
        "rect": {
          "left": -737.37,
          "top": 153.77,
          "right": 162.51,
          "bottom": 564.77,
          "width": 899.88,
          "height": 411
        },
        "containerSelector": "#root",
        "text": "Keep",
        "fixHint": "Move the text inward, reduce its size, or mark intentional off-canvas animation with data-layout-allow-overflow.",
        "containerRect": {
          "left": 0,
          "top": 0,
          "right": 1280,
          "bottom": 720,
          "width": 1280,
          "height": 720
        },
        "overflow": {
          "left": 737.37
        },
        "dataAttributes": {},
        "sourceFile": "compositions/outline-fill-track-text.html",
        "bbox": {
          "x": -737.37,
          "y": 153.77,
          "width": 899.88,
          "height": 411
        },
        "firstSeen": 1.333,
        "lastSeen": 1.333,
        "occurrences": 1
      },
      {
        "code": "canvas_overflow",
        "severity": "info",
        "time": 1.333,
        "selector": "#outline-fill-track-text-source-root > div:nth-of-type(1) > div:nth-of-type(2) > div:nth-of-type(2) > span:nth-of-type(1)",
        "message": "Text extends outside the composition canvas.",
        "rect": {
          "left": 382.5,
          "top": 153.77,
          "right": 2756.36,
          "bottom": 564.77,
          "width": 2373.86,
          "height": 411
        },
        "containerSelector": "#root",
        "text": "1000000000%",
        "fixHint": "Move the text inward, reduce its size, or mark intentional off-canvas animation with data-layout-allow-overflow.",
        "containerRect": {
          "left": 0,
          "top": 0,
          "right": 1280,
          "bottom": 720,
          "width": 1280,
          "height": 720
        },
        "overflow": {
          "right": 1476.36
        },
        "dataAttributes": {},
        "sourceFile": "compositions/outline-fill-track-text.html",
        "bbox": {
          "x": 382.5,
          "y": 153.77,
          "width": 2373.86,
          "height": 411
        },
        "firstSeen": 1.333,
        "lastSeen": 1.333,
        "occurrences": 1
      },
      {
        "code": "canvas_overflow",
        "severity": "info",
        "time": 1.333,
        "selector": "#outline-fill-track-text-source-root > div:nth-of-type(1) > div:nth-of-type(2) > div:nth-of-type(2) > span:nth-of-type(2)",
        "message": "Text extends outside the composition canvas.",
        "rect": {
          "left": 382.5,
          "top": 153.77,
          "right": 2756.36,
          "bottom": 564.77,
          "width": 2373.86,
          "height": 411
        },
        "containerSelector": "#root",
        "text": "1000000000%",
        "fixHint": "Move the text inward, reduce its size, or mark intentional off-canvas animation with data-layout-allow-overflow.",
        "containerRect": {
          "left": 0,
          "top": 0,
          "right": 1280,
          "bottom": 720,
          "width": 1280,
          "height": 720
        },
        "overflow": {
          "right": 1476.36
        },
        "dataAttributes": {},
        "sourceFile": "compositions/outline-fill-track-text.html",
        "bbox": {
          "x": 382.5,
          "y": 153.77,
          "width": 2373.86,
          "height": 411
        },
        "firstSeen": 1.333,
        "lastSeen": 1.333,
        "occurrences": 1
      },
      {
        "code": "canvas_overflow",
        "severity": "info",
        "time": 1.63,
        "selector": "#outline-fill-track-text-source-root > div:nth-of-type(1) > div:nth-of-type(2) > div:nth-of-type(1)",
        "message": "Text extends outside the composition canvas.",
        "rect": {
          "left": -1395.52,
          "top": 153.77,
          "right": -495.64,
          "bottom": 564.77,
          "width": 899.88,
          "height": 411
        },
        "containerSelector": "#root",
        "text": "Keep",
        "fixHint": "Move the text inward, reduce its size, or mark intentional off-canvas animation with data-layout-allow-overflow.",
        "containerRect": {
          "left": 0,
          "top": 0,
          "right": 1280,
          "bottom": 720,
          "width": 1280,
          "height": 720
        },
        "overflow": {
          "left": 1395.52
        },
        "dataAttributes": {},
        "sourceFile": "compositions/outline-fill-track-text.html",
        "bbox": {
          "x": -1395.52,
          "y": 153.77,
          "width": 899.88,
          "height": 411
        },
        "firstSeen": 1.63,
        "lastSeen": 1.63,
        "occurrences": 1
      },
      {
        "code": "canvas_overflow",
        "severity": "info",
        "time": 1.63,
        "selector": "#outline-fill-track-text-source-root > div:nth-of-type(1) > div:nth-of-type(2) > div:nth-of-type(2) > span:nth-of-type(1)",
        "message": "Text extends outside the composition canvas.",
        "rect": {
          "left": -275.65,
          "top": 153.77,
          "right": 2098.21,
          "bottom": 564.77,
          "width": 2373.86,
          "height": 411
        },
        "containerSelector": "#root",
        "text": "1000000000%",
        "fixHint": "Move the text inward, reduce its size, or mark intentional off-canvas animation with data-layout-allow-overflow.",
        "containerRect": {
          "left": 0,
          "top": 0,
          "right": 1280,
          "bottom": 720,
          "width": 1280,
          "height": 720
        },
        "overflow": {
          "left": 275.65,
          "right": 818.21
        },
        "dataAttributes": {},
        "sourceFile": "compositions/outline-fill-track-text.html",
        "bbox": {
          "x": -275.65,
          "y": 153.77,
          "width": 2373.86,
          "height": 411
        },
        "firstSeen": 1.63,
        "lastSeen": 1.63,
        "occurrences": 1
      },
      {
        "code": "canvas_overflow",
        "severity": "info",
        "time": 1.63,
        "selector": "#outline-fill-track-text-source-root > div:nth-of-type(1) > div:nth-of-type(2) > div:nth-of-type(2) > span:nth-of-type(2)",
        "message": "Text extends outside the composition canvas.",
        "rect": {
          "left": -275.65,
          "top": 153.77,
          "right": 2098.21,
          "bottom": 564.77,
          "width": 2373.86,
          "height": 411
        },
        "containerSelector": "#root",
        "text": "1000000000%",
        "fixHint": "Move the text inward, reduce its size, or mark intentional off-canvas animation with data-layout-allow-overflow.",
        "containerRect": {
          "left": 0,
          "top": 0,
          "right": 1280,
          "bottom": 720,
          "width": 1280,
          "height": 720
        },
        "overflow": {
          "left": 275.65,
          "right": 818.21
        },
        "dataAttributes": {},
        "sourceFile": "compositions/outline-fill-track-text.html",
        "bbox": {
          "x": -275.65,
          "y": 153.77,
          "width": 2373.86,
          "height": 411
        },
        "firstSeen": 1.63,
        "lastSeen": 1.63,
        "occurrences": 1
      },
      {
        "code": "canvas_overflow",
        "severity": "info",
        "time": 1.926,
        "selector": "#outline-fill-track-text-source-root > div:nth-of-type(1) > div:nth-of-type(2) > div:nth-of-type(1)",
        "message": "Text extends outside the composition canvas.",
        "rect": {
          "left": -1950.35,
          "top": 153.77,
          "right": -1050.48,
          "bottom": 564.77,
          "width": 899.88,
          "height": 411
        },
        "containerSelector": "#root",
        "text": "Keep",
        "fixHint": "Move the text inward, reduce its size, or mark intentional off-canvas animation with data-layout-allow-overflow.",
        "containerRect": {
          "left": 0,
          "top": 0,
          "right": 1280,
          "bottom": 720,
          "width": 1280,
          "height": 720
        },
        "overflow": {
          "left": 1950.35
        },
        "dataAttributes": {},
        "sourceFile": "compositions/outline-fill-track-text.html",
        "bbox": {
          "x": -1950.35,
          "y": 153.77,
          "width": 899.88,
          "height": 411
        },
        "firstSeen": 1.926,
        "lastSeen": 1.926,
        "occurrences": 1
      },
      {
        "code": "canvas_overflow",
        "severity": "info",
        "time": 1.926,
        "selector": "#outline-fill-track-text-source-root > div:nth-of-type(1) > div:nth-of-type(2) > div:nth-of-type(2) > span:nth-of-type(1)",
        "message": "Text extends outside the composition canvas.",
        "rect": {
          "left": -830.49,
          "top": 153.77,
          "right": 1543.37,
          "bottom": 564.77,
          "width": 2373.86,
          "height": 411
        },
        "containerSelector": "#root",
        "text": "1000000000%",
        "fixHint": "Move the text inward, reduce its size, or mark intentional off-canvas animation with data-layout-allow-overflow.",
        "containerRect": {
          "left": 0,
          "top": 0,
          "right": 1280,
          "bottom": 720,
          "width": 1280,
          "height": 720
        },
        "overflow": {
          "left": 830.49,
          "right": 263.37
        },
        "dataAttributes": {},
        "sourceFile": "compositions/outline-fill-track-text.html",
        "bbox": {
          "x": -830.49,
          "y": 153.77,
          "width": 2373.86,
          "height": 411
        },
        "firstSeen": 1.926,
        "lastSeen": 1.926,
        "occurrences": 1
      },
      {
        "code": "canvas_overflow",
        "severity": "info",
        "time": 1.926,
        "selector": "#outline-fill-track-text-source-root > div:nth-of-type(1) > div:nth-of-type(2) > div:nth-of-type(2) > span:nth-of-type(2)",
        "message": "Text extends outside the composition canvas.",
        "rect": {
          "left": -830.49,
          "top": 153.77,
          "right": 1543.37,
          "bottom": 564.77,
          "width": 2373.86,
          "height": 411
        },
        "containerSelector": "#root",
        "text": "1000000000%",
        "fixHint": "Move the text inward, reduce its size, or mark intentional off-canvas animation with data-layout-allow-overflow.",
        "containerRect": {
          "left": 0,
          "top": 0,
          "right": 1280,
          "bottom": 720,
          "width": 1280,
          "height": 720
        },
        "overflow": {
          "left": 830.49,
          "right": 263.37
        },
        "dataAttributes": {},
        "sourceFile": "compositions/outline-fill-track-text.html",
        "bbox": {
          "x": -830.49,
          "y": 153.77,
          "width": 2373.86,
          "height": 411
        },
        "firstSeen": 1.926,
        "lastSeen": 1.926,
        "occurrences": 1
      },
      {
        "code": "canvas_overflow",
        "severity": "info",
        "time": 2.222,
        "selector": "#outline-fill-track-text-source-root > div:nth-of-type(1) > div:nth-of-type(2) > div:nth-of-type(1)",
        "message": "Text extends outside the composition canvas.",
        "rect": {
          "left": -2254.88,
          "top": 153.77,
          "right": -1355,
          "bottom": 564.77,
          "width": 899.88,
          "height": 411
        },
        "containerSelector": "#root",
        "text": "Keep",
        "fixHint": "Move the text inward, reduce its size, or mark intentional off-canvas animation with data-layout-allow-overflow.",
        "containerRect": {
          "left": 0,
          "top": 0,
          "right": 1280,
          "bottom": 720,
          "width": 1280,
          "height": 720
        },
        "overflow": {
          "left": 2254.88
        },
        "dataAttributes": {},
        "sourceFile": "compositions/outline-fill-track-text.html",
        "bbox": {
          "x": -2254.88,
          "y": 153.77,
          "width": 899.88,
          "height": 411
        },
        "firstSeen": 2.222,
        "lastSeen": 2.222,
        "occurrences": 1
      },
      {
        "code": "canvas_overflow",
        "severity": "info",
        "time": 2.222,
        "selector": "#outline-fill-track-text-source-root > div:nth-of-type(1) > div:nth-of-type(2) > div:nth-of-type(2) > span:nth-of-type(1)",
        "message": "Text extends outside the composition canvas.",
        "rect": {
          "left": -1135.01,
          "top": 153.77,
          "right": 1238.85,
          "bottom": 564.77,
          "width": 2373.86,
          "height": 411
        },
        "containerSelector": "#root",
        "text": "1000000000%",
        "fixHint": "Move the text inward, reduce its size, or mark intentional off-canvas animation with data-layout-allow-overflow.",
        "containerRect": {
          "left": 0,
          "top": 0,
          "right": 1280,
          "bottom": 720,
          "width": 1280,
          "height": 720
        },
        "overflow": {
          "left": 1135.01
        },
        "dataAttributes": {},
        "sourceFile": "compositions/outline-fill-track-text.html",
        "bbox": {
          "x": -1135.01,
          "y": 153.77,
          "width": 2373.86,
          "height": 411
        },
        "firstSeen": 2.222,
        "lastSeen": 2.222,
        "occurrences": 1
      },
      {
        "code": "canvas_overflow",
        "severity": "info",
        "time": 2.222,
        "selector": "#outline-fill-track-text-source-root > div:nth-of-type(1) > div:nth-of-type(2) > div:nth-of-type(2) > span:nth-of-type(2)",
        "message": "Text extends outside the composition canvas.",
        "rect": {
          "left": -1135.01,
          "top": 153.77,
          "right": 1238.85,
          "bottom": 564.77,
          "width": 2373.86,
          "height": 411
        },
        "containerSelector": "#root",
        "text": "1000000000%",
        "fixHint": "Move the text inward, reduce its size, or mark intentional off-canvas animation with data-layout-allow-overflow.",
        "containerRect": {
          "left": 0,
          "top": 0,
          "right": 1280,
          "bottom": 720,
          "width": 1280,
          "height": 720
        },
        "overflow": {
          "left": 1135.01
        },
        "dataAttributes": {},
        "sourceFile": "compositions/outline-fill-track-text.html",
        "bbox": {
          "x": -1135.01,
          "y": 153.77,
          "width": 2373.86,
          "height": 411
        },
        "firstSeen": 2.222,
        "lastSeen": 2.222,
        "occurrences": 1
      },
      {
        "code": "canvas_overflow",
        "severity": "info",
        "time": 2.519,
        "selector": "#outline-fill-track-text-source-root > div:nth-of-type(1) > div:nth-of-type(2) > div:nth-of-type(1)",
        "message": "Text extends outside the composition canvas.",
        "rect": {
          "left": -2309.73,
          "top": 153.77,
          "right": -1409.85,
          "bottom": 564.77,
          "width": 899.88,
          "height": 411
        },
        "containerSelector": "#root",
        "text": "Keep",
        "fixHint": "Move the text inward, reduce its size, or mark intentional off-canvas animation with data-layout-allow-overflow.",
        "containerRect": {
          "left": 0,
          "top": 0,
          "right": 1280,
          "bottom": 720,
          "width": 1280,
          "height": 720
        },
        "overflow": {
          "left": 2309.73
        },
        "dataAttributes": {},
        "sourceFile": "compositions/outline-fill-track-text.html",
        "bbox": {
          "x": -2309.73,
          "y": 153.77,
          "width": 899.88,
          "height": 411
        },
        "firstSeen": 2.519,
        "lastSeen": 2.519,
        "occurrences": 1
      },
      {
        "code": "canvas_overflow",
        "severity": "info",
        "time": 2.519,
        "selector": "#outline-fill-track-text-source-root > div:nth-of-type(1) > div:nth-of-type(2) > div:nth-of-type(2) > span:nth-of-type(1)",
        "message": "Text extends outside the composition canvas.",
        "rect": {
          "left": -1189.86,
          "top": 153.77,
          "right": 1184,
          "bottom": 564.77,
          "width": 2373.86,
          "height": 411
        },
        "containerSelector": "#root",
        "text": "1000000000%",
        "fixHint": "Move the text inward, reduce its size, or mark intentional off-canvas animation with data-layout-allow-overflow.",
        "containerRect": {
          "left": 0,
          "top": 0,
          "right": 1280,
          "bottom": 720,
          "width": 1280,
          "height": 720
        },
        "overflow": {
          "left": 1189.86
        },
        "dataAttributes": {},
        "sourceFile": "compositions/outline-fill-track-text.html",
        "bbox": {
          "x": -1189.86,
          "y": 153.77,
          "width": 2373.86,
          "height": 411
        },
        "firstSeen": 2.519,
        "lastSeen": 2.519,
        "occurrences": 1
      },
      {
        "code": "canvas_overflow",
        "severity": "info",
        "time": 2.519,
        "selector": "#outline-fill-track-text-source-root > div:nth-of-type(1) > div:nth-of-type(2) > div:nth-of-type(2) > span:nth-of-type(2)",
        "message": "Text extends outside the composition canvas.",
        "rect": {
          "left": -1189.86,
          "top": 153.77,
          "right": 1184,
          "bottom": 564.77,
          "width": 2373.86,
          "height": 411
        },
        "containerSelector": "#root",
        "text": "1000000000%",
        "fixHint": "Move the text inward, reduce its size, or mark intentional off-canvas animation with data-layout-allow-overflow.",
        "containerRect": {
          "left": 0,
          "top": 0,
          "right": 1280,
          "bottom": 720,
          "width": 1280,
          "height": 720
        },
        "overflow": {
          "left": 1189.86
        },
        "dataAttributes": {},
        "sourceFile": "compositions/outline-fill-track-text.html",
        "bbox": {
          "x": -1189.86,
          "y": 153.77,
          "width": 2373.86,
          "height": 411
        },
        "firstSeen": 2.519,
        "lastSeen": 2.519,
        "occurrences": 1
      }
    ],
    "duration": 2.6666666666666665,
    "samples": [
      0.148,
      0.444,
      0.741,
      1.037,
      1.333,
      1.63,
      1.926,
      2.222,
      2.519
    ],
    "transitionSamples": [],
    "transitionSamplesDropped": 0,
    "tolerance": 2,
    "totalIssueCount": 17,
    "truncated": false
  },
  "motion": {
    "ok": true,
    "errorCount": 0,
    "warningCount": 0,
    "infoCount": 0,
    "findings": [],
    "enabled": false,
    "samples": 0
  },
  "contrast": {
    "ok": true,
    "errorCount": 0,
    "warningCount": 0,
    "infoCount": 0,
    "findings": [],
    "enabled": true,
    "samples": [
      0.148,
      0.741,
      1.333,
      1.926,
      2.519
    ],
    "checked": 6,
    "passed": 6
  },
  "snapshots": {
    "enabled": false,
    "files": [],
    "times": [],
    "findingFiles": []
  },
  "_meta": {
    "version": "0.8.30",
    "latestVersion": "0.8.32",
    "updateAvailable": true
  }
}
