[hyperframes] browserGpuMode probe → hardware (WebGL renderer vendor="Google Inc. (NVIDIA Corporation)" renderer="ANGLE (NVIDIA Corporation, NVIDIA GeForce RTX 5060/PCIe/SSE2, OpenGL ES 3.2)")
{
  "ok": true,
  "strict": false,
  "lint": {
    "ok": true,
    "errorCount": 0,
    "warningCount": 0,
    "infoCount": 0,
    "findings": [],
    "filesScanned": 2
  },
  "runtime": {
    "ok": true,
    "errorCount": 0,
    "warningCount": 0,
    "infoCount": 0,
    "findings": []
  },
  "layout": {
    "ok": true,
    "errorCount": 0,
    "warningCount": 0,
    "infoCount": 10,
    "findings": [
      {
        "code": "container_overflow",
        "severity": "info",
        "time": 4.028,
        "selector": "#mondrian-split-source-root > div:nth-of-type(1) > svg:nth-of-type(1) > rect:nth-of-type(1)",
        "message": "Element extends outside a clipping layout container.",
        "rect": {
          "left": 754.42,
          "top": 416.92,
          "right": 1071.03,
          "bottom": 723.48,
          "width": 316.62,
          "height": 306.57
        },
        "containerSelector": "#mondrian-split-source-root > div:nth-of-type(1) > svg:nth-of-type(1)",
        "fixHint": "Resize/reposition the child or container, or mark intentional overflow with data-layout-allow-overflow.",
        "containerRect": {
          "left": 0,
          "top": 0,
          "right": 1280,
          "bottom": 720,
          "width": 1280,
          "height": 720
        },
        "overflow": {
          "bottom": 3.48
        },
        "dataAttributes": {},
        "sourceFile": "compositions/mondrian-split.html",
        "bbox": {
          "x": 754.42,
          "y": 416.92,
          "width": 316.62,
          "height": 306.57
        },
        "firstSeen": 4.028,
        "lastSeen": 4.028,
        "occurrences": 1
      },
      {
        "code": "container_overflow",
        "severity": "info",
        "time": 4.028,
        "selector": "#mondrian-split-source-root > div:nth-of-type(1) > svg:nth-of-type(1) > rect:nth-of-type(2)",
        "message": "Element extends outside a clipping layout container.",
        "rect": {
          "left": 1071.03,
          "top": 416.92,
          "right": 1279.78,
          "bottom": 723.48,
          "width": 208.75,
          "height": 306.57
        },
        "containerSelector": "#mondrian-split-source-root > div:nth-of-type(1) > svg:nth-of-type(1)",
        "fixHint": "Resize/reposition the child or container, or mark intentional overflow with data-layout-allow-overflow.",
        "containerRect": {
          "left": 0,
          "top": 0,
          "right": 1280,
          "bottom": 720,
          "width": 1280,
          "height": 720
        },
        "overflow": {
          "bottom": 3.48
        },
        "dataAttributes": {},
        "sourceFile": "compositions/mondrian-split.html",
        "bbox": {
          "x": 1071.03,
          "y": 416.92,
          "width": 208.75,
          "height": 306.57
        },
        "firstSeen": 4.028,
        "lastSeen": 4.028,
        "occurrences": 1
      },
      {
        "code": "container_overflow",
        "severity": "info",
        "time": 4.028,
        "selector": "#mondrian-split-source-root > div:nth-of-type(1) > svg:nth-of-type(1) > rect:nth-of-type(3)",
        "message": "Element extends outside a clipping layout container.",
        "rect": {
          "left": -22.04,
          "top": -11.54,
          "right": 754.42,
          "bottom": 416.92,
          "width": 776.46,
          "height": 428.46
        },
        "containerSelector": "#mondrian-split-source-root > div:nth-of-type(1) > svg:nth-of-type(1)",
        "fixHint": "Resize/reposition the child or container, or mark intentional overflow with data-layout-allow-overflow.",
        "containerRect": {
          "left": 0,
          "top": 0,
          "right": 1280,
          "bottom": 720,
          "width": 1280,
          "height": 720
        },
        "overflow": {
          "left": 22.04,
          "top": 11.54
        },
        "dataAttributes": {},
        "sourceFile": "compositions/mondrian-split.html",
        "bbox": {
          "x": -22.04,
          "y": -11.54,
          "width": 776.46,
          "height": 428.46
        },
        "firstSeen": 4.028,
        "lastSeen": 4.028,
        "occurrences": 1
      },
      {
        "code": "container_overflow",
        "severity": "info",
        "time": 4.028,
        "selector": "#mondrian-split-source-root > div:nth-of-type(1) > svg:nth-of-type(2) > rect:nth-of-type(1)",
        "message": "Element extends outside a clipping layout container.",
        "rect": {
          "left": -22.04,
          "top": 409.92,
          "right": 1279.78,
          "bottom": 423.92,
          "width": 1301.83,
          "height": 14
        },
        "containerSelector": "#mondrian-split-source-root > div:nth-of-type(1) > svg:nth-of-type(2)",
        "fixHint": "Resize/reposition the child or container, or mark intentional overflow with data-layout-allow-overflow.",
        "containerRect": {
          "left": 0,
          "top": 0,
          "right": 1280,
          "bottom": 720,
          "width": 1280,
          "height": 720
        },
        "overflow": {
          "left": 22.04
        },
        "dataAttributes": {},
        "sourceFile": "compositions/mondrian-split.html",
        "bbox": {
          "x": -22.04,
          "y": 409.92,
          "width": 1301.83,
          "height": 14
        },
        "firstSeen": 4.028,
        "lastSeen": 4.028,
        "occurrences": 1
      },
      {
        "code": "container_overflow",
        "severity": "info",
        "time": 4.028,
        "selector": "#mondrian-split-source-root > div:nth-of-type(1) > svg:nth-of-type(2) > rect:nth-of-type(2)",
        "message": "Element extends outside a clipping layout container.",
        "rect": {
          "left": 747.42,
          "top": -11.54,
          "right": 761.42,
          "bottom": 416.92,
          "width": 14,
          "height": 428.46
        },
        "containerSelector": "#mondrian-split-source-root > div:nth-of-type(1) > svg:nth-of-type(2)",
        "fixHint": "Resize/reposition the child or container, or mark intentional overflow with data-layout-allow-overflow.",
        "containerRect": {
          "left": 0,
          "top": 0,
          "right": 1280,
          "bottom": 720,
          "width": 1280,
          "height": 720
        },
        "overflow": {
          "top": 11.54
        },
        "dataAttributes": {},
        "sourceFile": "compositions/mondrian-split.html",
        "bbox": {
          "x": 747.42,
          "y": -11.54,
          "width": 14,
          "height": 428.46
        },
        "firstSeen": 4.028,
        "lastSeen": 4.028,
        "occurrences": 1
      },
      {
        "code": "container_overflow",
        "severity": "info",
        "time": 4.028,
        "selector": "#mondrian-split-source-root > div:nth-of-type(1) > svg:nth-of-type(2) > rect:nth-of-type(3)",
        "message": "Element extends outside a clipping layout container.",
        "rect": {
          "left": 747.42,
          "top": 416.92,
          "right": 761.42,
          "bottom": 723.48,
          "width": 14,
          "height": 306.57
        },
        "containerSelector": "#mondrian-split-source-root > div:nth-of-type(1) > svg:nth-of-type(2)",
        "fixHint": "Resize/reposition the child or container, or mark intentional overflow with data-layout-allow-overflow.",
        "containerRect": {
          "left": 0,
          "top": 0,
          "right": 1280,
          "bottom": 720,
          "width": 1280,
          "height": 720
        },
        "overflow": {
          "bottom": 3.48
        },
        "dataAttributes": {},
        "sourceFile": "compositions/mondrian-split.html",
        "bbox": {
          "x": 747.42,
          "y": 416.92,
          "width": 14,
          "height": 306.57
        },
        "firstSeen": 4.028,
        "lastSeen": 4.028,
        "occurrences": 1
      },
      {
        "code": "container_overflow",
        "severity": "info",
        "time": 4.028,
        "selector": "#mondrian-split-source-root > div:nth-of-type(1) > svg:nth-of-type(2) > rect:nth-of-type(4)",
        "message": "Element extends outside a clipping layout container.",
        "rect": {
          "left": 1064.03,
          "top": 416.92,
          "right": 1078.03,
          "bottom": 723.48,
          "width": 14,
          "height": 306.57
        },
        "containerSelector": "#mondrian-split-source-root > div:nth-of-type(1) > svg:nth-of-type(2)",
        "fixHint": "Resize/reposition the child or container, or mark intentional overflow with data-layout-allow-overflow.",
        "containerRect": {
          "left": 0,
          "top": 0,
          "right": 1280,
          "bottom": 720,
          "width": 1280,
          "height": 720
        },
        "overflow": {
          "bottom": 3.48
        },
        "dataAttributes": {},
        "sourceFile": "compositions/mondrian-split.html",
        "bbox": {
          "x": 1064.03,
          "y": 416.92,
          "width": 14,
          "height": 306.57
        },
        "firstSeen": 4.028,
        "lastSeen": 4.028,
        "occurrences": 1
      },
      {
        "code": "container_overflow",
        "severity": "info",
        "time": 4.028,
        "selector": "#mondrian-split-source-root > div:nth-of-type(1) > svg:nth-of-type(2) > rect:nth-of-type(5)",
        "message": "Element extends outside a clipping layout container.",
        "rect": {
          "left": 216.46,
          "top": 416.92,
          "right": 230.46,
          "bottom": 723.48,
          "width": 14,
          "height": 306.57
        },
        "containerSelector": "#mondrian-split-source-root > div:nth-of-type(1) > svg:nth-of-type(2)",
        "fixHint": "Resize/reposition the child or container, or mark intentional overflow with data-layout-allow-overflow.",
        "containerRect": {
          "left": 0,
          "top": 0,
          "right": 1280,
          "bottom": 720,
          "width": 1280,
          "height": 720
        },
        "overflow": {
          "bottom": 3.48
        },
        "dataAttributes": {},
        "sourceFile": "compositions/mondrian-split.html",
        "bbox": {
          "x": 216.46,
          "y": 416.92,
          "width": 14,
          "height": 306.57
        },
        "firstSeen": 4.028,
        "lastSeen": 4.028,
        "occurrences": 1
      },
      {
        "code": "container_overflow",
        "severity": "info",
        "time": 4.028,
        "selector": "#mondrian-split-source-root > div:nth-of-type(1) > svg:nth-of-type(2) > rect:nth-of-type(7)",
        "message": "Element extends outside a clipping layout container.",
        "rect": {
          "left": 1064.03,
          "top": -11.54,
          "right": 1078.03,
          "bottom": 346.15,
          "width": 14,
          "height": 357.69
        },
        "containerSelector": "#mondrian-split-source-root > div:nth-of-type(1) > svg:nth-of-type(2)",
        "fixHint": "Resize/reposition the child or container, or mark intentional overflow with data-layout-allow-overflow.",
        "containerRect": {
          "left": 0,
          "top": 0,
          "right": 1280,
          "bottom": 720,
          "width": 1280,
          "height": 720
        },
        "overflow": {
          "top": 11.54
        },
        "dataAttributes": {},
        "sourceFile": "compositions/mondrian-split.html",
        "bbox": {
          "x": 1064.03,
          "y": -11.54,
          "width": 14,
          "height": 357.69
        },
        "firstSeen": 4.028,
        "lastSeen": 4.028,
        "occurrences": 1
      },
      {
        "code": "container_overflow",
        "severity": "info",
        "time": 4.565,
        "selector": "#mondrian-split-source-root > div:nth-of-type(1) > svg:nth-of-type(1) > rect:nth-of-type(1)",
        "message": "Element extends outside a clipping layout container.",
        "rect": {
          "left": -42.8,
          "top": -42.8,
          "right": 1322.8,
          "bottom": 762.8,
          "width": 1365.6,
          "height": 805.6
        },
        "containerSelector": "#mondrian-split-source-root > div:nth-of-type(1) > svg:nth-of-type(1)",
        "fixHint": "Resize/reposition the child or container, or mark intentional overflow with data-layout-allow-overflow.",
        "containerRect": {
          "left": 0,
          "top": 0,
          "right": 1280,
          "bottom": 720,
          "width": 1280,
          "height": 720
        },
        "overflow": {
          "left": 42.8,
          "right": 42.8,
          "top": 42.8,
          "bottom": 42.8
        },
        "dataAttributes": {},
        "sourceFile": "compositions/mondrian-split.html",
        "bbox": {
          "x": -42.8,
          "y": -42.8,
          "width": 1365.6,
          "height": 805.6
        },
        "firstSeen": 4.565,
        "lastSeen": 4.565,
        "occurrences": 1
      }
    ],
    "duration": 4.833333333333333,
    "samples": [
      0.269,
      0.806,
      1.343,
      1.88,
      2.417,
      2.954,
      3.491,
      4.028,
      4.565
    ],
    "transitionSamples": [],
    "transitionSamplesDropped": 0,
    "tolerance": 2,
    "totalIssueCount": 10,
    "truncated": false
  },
  "motion": {
    "ok": true,
    "errorCount": 0,
    "warningCount": 0,
    "infoCount": 0,
    "findings": [],
    "enabled": false,
    "samples": 0
  },
  "contrast": {
    "ok": true,
    "errorCount": 0,
    "warningCount": 0,
    "infoCount": 0,
    "findings": [],
    "enabled": true,
    "samples": [
      0.269,
      1.343,
      2.417,
      3.491,
      4.565
    ],
    "checked": 0,
    "passed": 0
  },
  "snapshots": {
    "enabled": false,
    "files": [],
    "times": [],
    "findingFiles": []
  },
  "_meta": {
    "version": "0.8.30",
    "latestVersion": "0.8.87",
    "updateAvailable": true
  }
}
