[hyperframes] browserGpuMode probe → hardware (WebGL renderer vendor="Google Inc. (NVIDIA Corporation)" renderer="ANGLE (NVIDIA Corporation, NVIDIA GeForce RTX 5060/PCIe/SSE2, OpenGL ES 3.2)")
{
  "ok": true,
  "strict": false,
  "lint": {
    "ok": true,
    "errorCount": 0,
    "warningCount": 0,
    "infoCount": 0,
    "findings": [],
    "filesScanned": 2
  },
  "runtime": {
    "ok": true,
    "errorCount": 0,
    "warningCount": 0,
    "infoCount": 0,
    "findings": []
  },
  "layout": {
    "ok": true,
    "errorCount": 0,
    "warningCount": 3,
    "infoCount": 14,
    "findings": [
      {
        "code": "canvas_overflow",
        "severity": "warning",
        "time": 3.5,
        "selector": "#snapcn-search-typing-source-root > div:nth-of-type(1) > div:nth-of-type(1) > div:nth-of-type(1) > div:nth-of-type(1) > span:nth-of-type(1)",
        "message": "Text extends outside the composition canvas.",
        "rect": {
          "left": -706.27,
          "top": 315.71,
          "right": 1157.05,
          "bottom": 408.86,
          "width": 1863.32,
          "height": 93.15
        },
        "containerSelector": "#root",
        "text": "How do I make my product demo actually look expensive?",
        "fixHint": "Move the text inward, reduce its size, or mark intentional off-canvas animation with data-layout-allow-overflow.",
        "containerRect": {
          "left": 0,
          "top": 0,
          "right": 1280,
          "bottom": 720,
          "width": 1280,
          "height": 720
        },
        "overflow": {
          "left": 706.27
        },
        "dataAttributes": {},
        "sourceFile": "compositions/snapcn-search-typing.html",
        "bbox": {
          "x": -706.27,
          "y": 315.71,
          "width": 1863.32,
          "height": 93.15
        },
        "firstSeen": 3.5,
        "lastSeen": 5.056,
        "occurrences": 3
      },
      {
        "code": "container_overflow",
        "severity": "warning",
        "time": 3.5,
        "selector": "#snapcn-search-typing-source-root > div:nth-of-type(1) > div:nth-of-type(1)",
        "message": "Element extends outside a clipping layout container.",
        "rect": {
          "left": -902.86,
          "top": 268.39,
          "right": 1240,
          "bottom": 462.79,
          "width": 2142.85,
          "height": 194.4
        },
        "containerSelector": "#snapcn-search-typing-source-root > div:nth-of-type(1)",
        "fixHint": "Resize/reposition the child or container, or mark intentional overflow with data-layout-allow-overflow.",
        "containerRect": {
          "left": 0,
          "top": 0,
          "right": 1280,
          "bottom": 720,
          "width": 1280,
          "height": 720
        },
        "overflow": {
          "left": 902.86
        },
        "dataAttributes": {},
        "sourceFile": "compositions/snapcn-search-typing.html",
        "bbox": {
          "x": -902.86,
          "y": 268.39,
          "width": 2142.85,
          "height": 194.4
        },
        "firstSeen": 3.5,
        "lastSeen": 5.056,
        "occurrences": 3
      },
      {
        "code": "panel_out_of_canvas",
        "severity": "warning",
        "time": 3.5,
        "selector": "#snapcn-search-typing-source-root > div:nth-of-type(1) > div:nth-of-type(1) > div:nth-of-type(1)",
        "message": "Painted panel extends outside the composition canvas.",
        "rect": {
          "left": -902.86,
          "top": 268.39,
          "right": 1240,
          "bottom": 462.79,
          "width": 2142.85,
          "height": 194.4
        },
        "containerSelector": "#root",
        "text": "How do I make my product demo actually look expe",
        "fixHint": "Move the panel inward, or mark intentional off-canvas animation with data-layout-allow-overflow.",
        "containerRect": {
          "left": 0,
          "top": 0,
          "right": 1280,
          "bottom": 720,
          "width": 1280,
          "height": 720
        },
        "overflow": {
          "left": 902.86
        },
        "dataAttributes": {},
        "sourceFile": "compositions/snapcn-search-typing.html",
        "bbox": {
          "x": -902.86,
          "y": 268.39,
          "width": 2142.85,
          "height": 194.4
        },
        "firstSeen": 3.5,
        "lastSeen": 5.056,
        "occurrences": 3
      },
      {
        "code": "container_overflow",
        "severity": "info",
        "time": 0.389,
        "selector": "#snapcn-search-typing-source-root > div:nth-of-type(1) > div:nth-of-type(1)",
        "message": "Element extends outside a clipping layout container.",
        "rect": {
          "left": 40,
          "top": 292.6,
          "right": 1754.28,
          "bottom": 448.12,
          "width": 1714.28,
          "height": 155.52
        },
        "containerSelector": "#snapcn-search-typing-source-root > div:nth-of-type(1)",
        "fixHint": "Resize/reposition the child or container, or mark intentional overflow with data-layout-allow-overflow.",
        "containerRect": {
          "left": 0,
          "top": 0,
          "right": 1280,
          "bottom": 720,
          "width": 1280,
          "height": 720
        },
        "overflow": {
          "right": 474.28
        },
        "dataAttributes": {},
        "sourceFile": "compositions/snapcn-search-typing.html",
        "bbox": {
          "x": 40,
          "y": 292.6,
          "width": 1714.28,
          "height": 155.52
        },
        "firstSeen": 0.389,
        "lastSeen": 0.389,
        "occurrences": 1
      },
      {
        "code": "panel_out_of_canvas",
        "severity": "info",
        "time": 0.389,
        "selector": "#snapcn-search-typing-source-root > div:nth-of-type(1) > div:nth-of-type(1) > div:nth-of-type(1)",
        "message": "Painted panel extends outside the composition canvas.",
        "rect": {
          "left": 40,
          "top": 292.6,
          "right": 1754.28,
          "bottom": 448.12,
          "width": 1714.28,
          "height": 155.52
        },
        "containerSelector": "#root",
        "text": "How do I make my product demo actually look expe",
        "fixHint": "Move the panel inward, or mark intentional off-canvas animation with data-layout-allow-overflow.",
        "containerRect": {
          "left": 0,
          "top": 0,
          "right": 1280,
          "bottom": 720,
          "width": 1280,
          "height": 720
        },
        "overflow": {
          "right": 474.28
        },
        "dataAttributes": {},
        "sourceFile": "compositions/snapcn-search-typing.html",
        "bbox": {
          "x": 40,
          "y": 292.6,
          "width": 1714.28,
          "height": 155.52
        },
        "firstSeen": 0.389,
        "lastSeen": 0.389,
        "occurrences": 1
      },
      {
        "code": "canvas_overflow",
        "severity": "info",
        "time": 1.167,
        "selector": "#snapcn-search-typing-source-root > div:nth-of-type(1) > div:nth-of-type(1) > div:nth-of-type(1) > div:nth-of-type(1) > span:nth-of-type(1)",
        "message": "Text extends outside the composition canvas.",
        "rect": {
          "left": 233.96,
          "top": 316.7,
          "right": 2072.31,
          "bottom": 408.6,
          "width": 1838.35,
          "height": 91.9
        },
        "containerSelector": "#root",
        "text": "How do I make my product demo actually look expensive?",
        "fixHint": "Move the text inward, reduce its size, or mark intentional off-canvas animation with data-layout-allow-overflow.",
        "containerRect": {
          "left": 0,
          "top": 0,
          "right": 1280,
          "bottom": 720,
          "width": 1280,
          "height": 720
        },
        "overflow": {
          "right": 792.31
        },
        "dataAttributes": {},
        "sourceFile": "compositions/snapcn-search-typing.html",
        "bbox": {
          "x": 233.96,
          "y": 316.7,
          "width": 1838.35,
          "height": 91.9
        },
        "firstSeen": 1.167,
        "lastSeen": 1.167,
        "occurrences": 1
      },
      {
        "code": "container_overflow",
        "severity": "info",
        "time": 1.167,
        "selector": "#snapcn-search-typing-source-root > div:nth-of-type(1) > div:nth-of-type(1)",
        "message": "Element extends outside a clipping layout container.",
        "rect": {
          "left": 40,
          "top": 270.01,
          "right": 2154.15,
          "bottom": 461.81,
          "width": 2114.15,
          "height": 191.8
        },
        "containerSelector": "#snapcn-search-typing-source-root > div:nth-of-type(1)",
        "fixHint": "Resize/reposition the child or container, or mark intentional overflow with data-layout-allow-overflow.",
        "containerRect": {
          "left": 0,
          "top": 0,
          "right": 1280,
          "bottom": 720,
          "width": 1280,
          "height": 720
        },
        "overflow": {
          "right": 874.15
        },
        "dataAttributes": {},
        "sourceFile": "compositions/snapcn-search-typing.html",
        "bbox": {
          "x": 40,
          "y": 270.01,
          "width": 2114.15,
          "height": 191.8
        },
        "firstSeen": 1.167,
        "lastSeen": 1.167,
        "occurrences": 1
      },
      {
        "code": "panel_out_of_canvas",
        "severity": "info",
        "time": 1.167,
        "selector": "#snapcn-search-typing-source-root > div:nth-of-type(1) > div:nth-of-type(1) > div:nth-of-type(1)",
        "message": "Painted panel extends outside the composition canvas.",
        "rect": {
          "left": 40,
          "top": 270.01,
          "right": 2154.15,
          "bottom": 461.81,
          "width": 2114.15,
          "height": 191.8
        },
        "containerSelector": "#root",
        "text": "How do I make my product demo actually look expe",
        "fixHint": "Move the panel inward, or mark intentional off-canvas animation with data-layout-allow-overflow.",
        "containerRect": {
          "left": 0,
          "top": 0,
          "right": 1280,
          "bottom": 720,
          "width": 1280,
          "height": 720
        },
        "overflow": {
          "right": 874.15
        },
        "dataAttributes": {},
        "sourceFile": "compositions/snapcn-search-typing.html",
        "bbox": {
          "x": 40,
          "y": 270.01,
          "width": 2114.15,
          "height": 191.8
        },
        "firstSeen": 1.167,
        "lastSeen": 1.167,
        "occurrences": 1
      },
      {
        "code": "canvas_overflow",
        "severity": "info",
        "time": 1.944,
        "selector": "#snapcn-search-typing-source-root > div:nth-of-type(1) > div:nth-of-type(1) > div:nth-of-type(1) > div:nth-of-type(1) > span:nth-of-type(1)",
        "message": "Text extends outside the composition canvas.",
        "rect": {
          "left": 236.59,
          "top": 315.71,
          "right": 2099.91,
          "bottom": 408.86,
          "width": 1863.32,
          "height": 93.15
        },
        "containerSelector": "#root",
        "text": "How do I make my product demo actually look expensive?",
        "fixHint": "Move the text inward, reduce its size, or mark intentional off-canvas animation with data-layout-allow-overflow.",
        "containerRect": {
          "left": 0,
          "top": 0,
          "right": 1280,
          "bottom": 720,
          "width": 1280,
          "height": 720
        },
        "overflow": {
          "right": 819.91
        },
        "dataAttributes": {},
        "sourceFile": "compositions/snapcn-search-typing.html",
        "bbox": {
          "x": 236.59,
          "y": 315.71,
          "width": 1863.32,
          "height": 93.15
        },
        "firstSeen": 1.944,
        "lastSeen": 1.944,
        "occurrences": 1
      },
      {
        "code": "container_overflow",
        "severity": "info",
        "time": 1.944,
        "selector": "#snapcn-search-typing-source-root > div:nth-of-type(1) > div:nth-of-type(1)",
        "message": "Element extends outside a clipping layout container.",
        "rect": {
          "left": 40,
          "top": 268.39,
          "right": 2182.85,
          "bottom": 462.79,
          "width": 2142.85,
          "height": 194.4
        },
        "containerSelector": "#snapcn-search-typing-source-root > div:nth-of-type(1)",
        "fixHint": "Resize/reposition the child or container, or mark intentional overflow with data-layout-allow-overflow.",
        "containerRect": {
          "left": 0,
          "top": 0,
          "right": 1280,
          "bottom": 720,
          "width": 1280,
          "height": 720
        },
        "overflow": {
          "right": 902.85
        },
        "dataAttributes": {},
        "sourceFile": "compositions/snapcn-search-typing.html",
        "bbox": {
          "x": 40,
          "y": 268.39,
          "width": 2142.85,
          "height": 194.4
        },
        "firstSeen": 1.944,
        "lastSeen": 1.944,
        "occurrences": 1
      },
      {
        "code": "panel_out_of_canvas",
        "severity": "info",
        "time": 1.944,
        "selector": "#snapcn-search-typing-source-root > div:nth-of-type(1) > div:nth-of-type(1) > div:nth-of-type(1)",
        "message": "Painted panel extends outside the composition canvas.",
        "rect": {
          "left": 40,
          "top": 268.39,
          "right": 2182.85,
          "bottom": 462.79,
          "width": 2142.85,
          "height": 194.4
        },
        "containerSelector": "#root",
        "text": "How do I make my product demo actually look expe",
        "fixHint": "Move the panel inward, or mark intentional off-canvas animation with data-layout-allow-overflow.",
        "containerRect": {
          "left": 0,
          "top": 0,
          "right": 1280,
          "bottom": 720,
          "width": 1280,
          "height": 720
        },
        "overflow": {
          "right": 902.85
        },
        "dataAttributes": {},
        "sourceFile": "compositions/snapcn-search-typing.html",
        "bbox": {
          "x": 40,
          "y": 268.39,
          "width": 2142.85,
          "height": 194.4
        },
        "firstSeen": 1.944,
        "lastSeen": 1.944,
        "occurrences": 1
      },
      {
        "code": "canvas_overflow",
        "severity": "info",
        "time": 2.722,
        "selector": "#snapcn-search-typing-source-root > div:nth-of-type(1) > div:nth-of-type(1) > div:nth-of-type(1) > div:nth-of-type(1) > span:nth-of-type(1)",
        "message": "Text extends outside the composition canvas.",
        "rect": {
          "left": -550.71,
          "top": 315.71,
          "right": 1312.61,
          "bottom": 408.86,
          "width": 1863.32,
          "height": 93.15
        },
        "containerSelector": "#root",
        "text": "How do I make my product demo actually look expensive?",
        "fixHint": "Move the text inward, reduce its size, or mark intentional off-canvas animation with data-layout-allow-overflow.",
        "containerRect": {
          "left": 0,
          "top": 0,
          "right": 1280,
          "bottom": 720,
          "width": 1280,
          "height": 720
        },
        "overflow": {
          "left": 550.71,
          "right": 32.61
        },
        "dataAttributes": {},
        "sourceFile": "compositions/snapcn-search-typing.html",
        "bbox": {
          "x": -550.71,
          "y": 315.71,
          "width": 1863.32,
          "height": 93.15
        },
        "firstSeen": 2.722,
        "lastSeen": 2.722,
        "occurrences": 1
      },
      {
        "code": "container_overflow",
        "severity": "info",
        "time": 2.722,
        "selector": "#snapcn-search-typing-source-root > div:nth-of-type(1) > div:nth-of-type(1)",
        "message": "Element extends outside a clipping layout container.",
        "rect": {
          "left": -747.3,
          "top": 268.39,
          "right": 1395.56,
          "bottom": 462.79,
          "width": 2142.85,
          "height": 194.4
        },
        "containerSelector": "#snapcn-search-typing-source-root > div:nth-of-type(1)",
        "fixHint": "Resize/reposition the child or container, or mark intentional overflow with data-layout-allow-overflow.",
        "containerRect": {
          "left": 0,
          "top": 0,
          "right": 1280,
          "bottom": 720,
          "width": 1280,
          "height": 720
        },
        "overflow": {
          "left": 747.3,
          "right": 115.56
        },
        "dataAttributes": {},
        "sourceFile": "compositions/snapcn-search-typing.html",
        "bbox": {
          "x": -747.3,
          "y": 268.39,
          "width": 2142.85,
          "height": 194.4
        },
        "firstSeen": 2.722,
        "lastSeen": 2.722,
        "occurrences": 1
      },
      {
        "code": "panel_out_of_canvas",
        "severity": "info",
        "time": 2.722,
        "selector": "#snapcn-search-typing-source-root > div:nth-of-type(1) > div:nth-of-type(1) > div:nth-of-type(1)",
        "message": "Painted panel extends outside the composition canvas.",
        "rect": {
          "left": -747.3,
          "top": 268.39,
          "right": 1395.56,
          "bottom": 462.79,
          "width": 2142.85,
          "height": 194.4
        },
        "containerSelector": "#root",
        "text": "How do I make my product demo actually look expe",
        "fixHint": "Move the panel inward, or mark intentional off-canvas animation with data-layout-allow-overflow.",
        "containerRect": {
          "left": 0,
          "top": 0,
          "right": 1280,
          "bottom": 720,
          "width": 1280,
          "height": 720
        },
        "overflow": {
          "left": 747.3,
          "right": 115.56
        },
        "dataAttributes": {},
        "sourceFile": "compositions/snapcn-search-typing.html",
        "bbox": {
          "x": -747.3,
          "y": 268.39,
          "width": 2142.85,
          "height": 194.4
        },
        "firstSeen": 2.722,
        "lastSeen": 2.722,
        "occurrences": 1
      },
      {
        "code": "canvas_overflow",
        "severity": "info",
        "time": 5.833,
        "selector": "#snapcn-search-typing-source-root > div:nth-of-type(1) > div:nth-of-type(1) > div:nth-of-type(1) > div:nth-of-type(1) > span:nth-of-type(1)",
        "message": "Text extends outside the composition canvas.",
        "rect": {
          "left": -669.56,
          "top": 317.1,
          "right": 1158.61,
          "bottom": 408.5,
          "width": 1828.17,
          "height": 91.39
        },
        "containerSelector": "#root",
        "text": "How do I make my product demo actually look expensive?",
        "fixHint": "Move the text inward, reduce its size, or mark intentional off-canvas animation with data-layout-allow-overflow.",
        "containerRect": {
          "left": 0,
          "top": 0,
          "right": 1280,
          "bottom": 720,
          "width": 1280,
          "height": 720
        },
        "overflow": {
          "left": 669.56
        },
        "dataAttributes": {},
        "sourceFile": "compositions/snapcn-search-typing.html",
        "bbox": {
          "x": -669.56,
          "y": 317.1,
          "width": 1828.17,
          "height": 91.39
        },
        "firstSeen": 5.833,
        "lastSeen": 5.833,
        "occurrences": 1
      },
      {
        "code": "container_overflow",
        "severity": "info",
        "time": 5.833,
        "selector": "#snapcn-search-typing-source-root > div:nth-of-type(1) > div:nth-of-type(1)",
        "message": "Element extends outside a clipping layout container.",
        "rect": {
          "left": -862.44,
          "top": 270.67,
          "right": 1240,
          "bottom": 461.41,
          "width": 2102.44,
          "height": 190.73
        },
        "containerSelector": "#snapcn-search-typing-source-root > div:nth-of-type(1)",
        "fixHint": "Resize/reposition the child or container, or mark intentional overflow with data-layout-allow-overflow.",
        "containerRect": {
          "left": 0,
          "top": 0,
          "right": 1280,
          "bottom": 720,
          "width": 1280,
          "height": 720
        },
        "overflow": {
          "left": 862.44
        },
        "dataAttributes": {},
        "sourceFile": "compositions/snapcn-search-typing.html",
        "bbox": {
          "x": -862.44,
          "y": 270.67,
          "width": 2102.44,
          "height": 190.73
        },
        "firstSeen": 5.833,
        "lastSeen": 5.833,
        "occurrences": 1
      },
      {
        "code": "panel_out_of_canvas",
        "severity": "info",
        "time": 5.833,
        "selector": "#snapcn-search-typing-source-root > div:nth-of-type(1) > div:nth-of-type(1) > div:nth-of-type(1)",
        "message": "Painted panel extends outside the composition canvas.",
        "rect": {
          "left": -862.44,
          "top": 270.67,
          "right": 1240,
          "bottom": 461.41,
          "width": 2102.44,
          "height": 190.73
        },
        "containerSelector": "#root",
        "text": "How do I make my product demo actually look expe",
        "fixHint": "Move the panel inward, or mark intentional off-canvas animation with data-layout-allow-overflow.",
        "containerRect": {
          "left": 0,
          "top": 0,
          "right": 1280,
          "bottom": 720,
          "width": 1280,
          "height": 720
        },
        "overflow": {
          "left": 862.44
        },
        "dataAttributes": {},
        "sourceFile": "compositions/snapcn-search-typing.html",
        "bbox": {
          "x": -862.44,
          "y": 270.67,
          "width": 2102.44,
          "height": 190.73
        },
        "firstSeen": 5.833,
        "lastSeen": 5.833,
        "occurrences": 1
      }
    ],
    "duration": 7,
    "samples": [
      0.389,
      1.167,
      1.944,
      2.722,
      3.5,
      4.278,
      5.056,
      5.833,
      6.611
    ],
    "transitionSamples": [],
    "transitionSamplesDropped": 0,
    "tolerance": 2,
    "totalIssueCount": 17,
    "truncated": false
  },
  "motion": {
    "ok": true,
    "errorCount": 0,
    "warningCount": 0,
    "infoCount": 0,
    "findings": [],
    "enabled": false,
    "samples": 0
  },
  "contrast": {
    "ok": true,
    "errorCount": 0,
    "warningCount": 0,
    "infoCount": 0,
    "findings": [],
    "enabled": true,
    "samples": [
      0.389,
      1.944,
      3.5,
      5.056,
      6.611
    ],
    "checked": 4,
    "passed": 4
  },
  "snapshots": {
    "enabled": false,
    "files": [],
    "times": [],
    "findingFiles": []
  },
  "_meta": {
    "version": "0.8.30",
    "latestVersion": "0.8.30",
    "updateAvailable": false
  }
}
