[hyperframes] browserGpuMode probe → hardware (WebGL renderer vendor="Google Inc. (NVIDIA Corporation)" renderer="ANGLE (NVIDIA Corporation, NVIDIA GeForce RTX 5060/PCIe/SSE2, OpenGL ES 3.2)")
{
  "ok": false,
  "strict": false,
  "lint": {
    "ok": true,
    "errorCount": 0,
    "warningCount": 0,
    "infoCount": 0,
    "findings": [],
    "filesScanned": 2
  },
  "runtime": {
    "ok": true,
    "errorCount": 0,
    "warningCount": 0,
    "infoCount": 0,
    "findings": []
  },
  "layout": {
    "ok": true,
    "errorCount": 0,
    "warningCount": 0,
    "infoCount": 0,
    "findings": [],
    "duration": 6.333333333333333,
    "samples": [
      0.352,
      1.056,
      1.759,
      2.463,
      3.167,
      3.87,
      4.574,
      5.278,
      5.981
    ],
    "transitionSamples": [],
    "transitionSamplesDropped": 0,
    "tolerance": 2,
    "totalIssueCount": 0,
    "truncated": false
  },
  "motion": {
    "ok": true,
    "errorCount": 0,
    "warningCount": 0,
    "infoCount": 0,
    "findings": [],
    "enabled": false,
    "samples": 0
  },
  "contrast": {
    "ok": false,
    "errorCount": 2,
    "warningCount": 0,
    "infoCount": 0,
    "findings": [
      {
        "code": "contrast_aa_failure",
        "severity": "error",
        "message": "Contrast is 2.95:1; WCAG AA requires 3:1.",
        "text": "declarative,",
        "fg": "rgb(48,114,219)",
        "bg": "rgb(189,208,238)",
        "ratio": 2.95,
        "requiredRatio": 3,
        "suggestedColor": "rgb(47,112,216)",
        "large": true,
        "selector": "div > div > div > div > div > div > div > div:nth-of-type(2) > span:nth-of-type(10)",
        "dataAttributes": {},
        "sourceFile": "compositions/snapcn-answer-highlight.html",
        "bbox": {
          "x": 256,
          "y": 351.484375,
          "width": 159.96875,
          "height": 55.421875
        },
        "time": 4.574
      },
      {
        "code": "contrast_aa_failure",
        "severity": "error",
        "message": "Contrast is 2.95:1; WCAG AA requires 3:1.",
        "text": "declarative,",
        "fg": "rgb(48,114,219)",
        "bg": "rgb(189,208,238)",
        "ratio": 2.95,
        "requiredRatio": 3,
        "suggestedColor": "rgb(47,112,216)",
        "large": true,
        "selector": "div > div > div > div > div > div > div > div:nth-of-type(2) > span:nth-of-type(10)",
        "dataAttributes": {},
        "sourceFile": "compositions/snapcn-answer-highlight.html",
        "bbox": {
          "x": 256,
          "y": 351.484375,
          "width": 159.96875,
          "height": 55.421875
        },
        "time": 5.981
      }
    ],
    "enabled": true,
    "samples": [
      0.352,
      1.759,
      3.167,
      4.574,
      5.981
    ],
    "checked": 134,
    "passed": 132
  },
  "snapshots": {
    "enabled": false,
    "files": [],
    "times": [],
    "findingFiles": []
  },
  "_meta": {
    "version": "0.8.30",
    "latestVersion": "0.8.30",
    "updateAvailable": false
  }
}
