[hyperframes] browserGpuMode probe → hardware (WebGL renderer vendor="Google Inc. (NVIDIA Corporation)" renderer="ANGLE (NVIDIA Corporation, NVIDIA GeForce RTX 5060/PCIe/SSE2, OpenGL ES 3.2)")
{
  "ok": true,
  "strict": false,
  "lint": {
    "ok": true,
    "errorCount": 0,
    "warningCount": 0,
    "infoCount": 0,
    "findings": [],
    "filesScanned": 2
  },
  "runtime": {
    "ok": true,
    "errorCount": 0,
    "warningCount": 0,
    "infoCount": 0,
    "findings": []
  },
  "layout": {
    "ok": true,
    "errorCount": 0,
    "warningCount": 0,
    "infoCount": 15,
    "findings": [
      {
        "code": "container_overflow",
        "severity": "info",
        "time": 7.407,
        "selector": "#launch-anything-source-root > div:nth-of-type(1) > div:nth-of-type(1) > div:nth-of-type(1) > div:nth-of-type(1)",
        "message": "Element extends outside a clipping layout container.",
        "rect": {
          "left": -3.35,
          "top": -2.55,
          "right": 1922.43,
          "bottom": 1080.71,
          "width": 1925.79,
          "height": 1083.25
        },
        "containerSelector": "#launch-anything-source-root > div:nth-of-type(1) > div:nth-of-type(1) > div:nth-of-type(1)",
        "fixHint": "Resize/reposition the child or container, or mark intentional overflow with data-layout-allow-overflow.",
        "containerRect": {
          "left": 0,
          "top": 0,
          "right": 1920,
          "bottom": 1080,
          "width": 1920,
          "height": 1080
        },
        "overflow": {
          "left": 3.35,
          "right": 2.43,
          "top": 2.55
        },
        "dataAttributes": {},
        "sourceFile": "compositions/launch-anything.html",
        "bbox": {
          "x": -3.35,
          "y": -2.55,
          "width": 1925.79,
          "height": 1083.25
        },
        "firstSeen": 7.407,
        "lastSeen": 7.407,
        "occurrences": 1
      },
      {
        "code": "container_overflow",
        "severity": "info",
        "time": 7.407,
        "selector": "#launch-anything-source-root > div:nth-of-type(1) > div:nth-of-type(1) > div:nth-of-type(1) > div:nth-of-type(1) > div:nth-of-type(1) > div:nth-of-type(1) > div:nth-of-type(1) > div:nth-of-type(2)",
        "message": "Element extends outside a clipping layout container.",
        "rect": {
          "left": 849.62,
          "top": 438.58,
          "right": 1240.58,
          "bottom": 761.61,
          "width": 390.96,
          "height": 323.03
        },
        "containerSelector": "#launch-anything-source-root > div:nth-of-type(1) > div:nth-of-type(1) > div:nth-of-type(1) > div:nth-of-type(1) > div:nth-of-type(1) > div:nth-of-type(1) > div:nth-of-type(1)",
        "fixHint": "Resize/reposition the child or container, or mark intentional overflow with data-layout-allow-overflow.",
        "containerRect": {
          "left": 741.82,
          "top": 421.04,
          "right": 1256.67,
          "bottom": 756.03,
          "width": 514.85,
          "height": 334.99
        },
        "overflow": {
          "bottom": 5.58
        },
        "dataAttributes": {},
        "sourceFile": "compositions/launch-anything.html",
        "bbox": {
          "x": 849.62,
          "y": 438.58,
          "width": 390.96,
          "height": 323.03
        },
        "firstSeen": 7.407,
        "lastSeen": 7.407,
        "occurrences": 1
      },
      {
        "code": "container_overflow",
        "severity": "info",
        "time": 10.37,
        "selector": "#launch-anything-source-root > div:nth-of-type(1) > div:nth-of-type(1) > div:nth-of-type(1) > div:nth-of-type(1)",
        "message": "Element extends outside a clipping layout container.",
        "rect": {
          "left": -599.65,
          "top": -381.79,
          "right": 2443.55,
          "bottom": 1330.01,
          "width": 3043.2,
          "height": 1711.8
        },
        "containerSelector": "#launch-anything-source-root > div:nth-of-type(1) > div:nth-of-type(1) > div:nth-of-type(1)",
        "fixHint": "Resize/reposition the child or container, or mark intentional overflow with data-layout-allow-overflow.",
        "containerRect": {
          "left": 0,
          "top": 0,
          "right": 1920,
          "bottom": 1080,
          "width": 1920,
          "height": 1080
        },
        "overflow": {
          "left": 599.65,
          "right": 523.55,
          "top": 381.79,
          "bottom": 250.01
        },
        "dataAttributes": {},
        "sourceFile": "compositions/launch-anything.html",
        "bbox": {
          "x": -599.65,
          "y": -381.79,
          "width": 3043.2,
          "height": 1711.8
        },
        "firstSeen": 10.37,
        "lastSeen": 10.37,
        "occurrences": 1
      },
      {
        "code": "container_overflow",
        "severity": "info",
        "time": 13.333,
        "selector": "#launch-anything-source-root > div:nth-of-type(1) > div:nth-of-type(1) > div:nth-of-type(1) > div:nth-of-type(1)",
        "message": "Element extends outside a clipping layout container.",
        "rect": {
          "left": -1288.65,
          "top": -815.9,
          "right": 3050.55,
          "bottom": 1624.9,
          "width": 4339.2,
          "height": 2440.8
        },
        "containerSelector": "#launch-anything-source-root > div:nth-of-type(1) > div:nth-of-type(1) > div:nth-of-type(1)",
        "fixHint": "Resize/reposition the child or container, or mark intentional overflow with data-layout-allow-overflow.",
        "containerRect": {
          "left": 0,
          "top": 0,
          "right": 1920,
          "bottom": 1080,
          "width": 1920,
          "height": 1080
        },
        "overflow": {
          "left": 1288.65,
          "right": 1130.55,
          "top": 815.9,
          "bottom": 544.9
        },
        "dataAttributes": {},
        "sourceFile": "compositions/launch-anything.html",
        "bbox": {
          "x": -1288.65,
          "y": -815.9,
          "width": 4339.2,
          "height": 2440.8
        },
        "firstSeen": 13.333,
        "lastSeen": 13.333,
        "occurrences": 1
      },
      {
        "code": "container_overflow",
        "severity": "info",
        "time": 13.333,
        "selector": "#launch-anything-source-root > div:nth-of-type(1) > div:nth-of-type(1) > div:nth-of-type(1) > div:nth-of-type(1) > div:nth-of-type(1) > div:nth-of-type(1) > div:nth-of-type(1) > div:nth-of-type(1)",
        "message": "Element extends outside a clipping layout container.",
        "rect": {
          "left": 353.11,
          "top": 387.66,
          "right": 717.62,
          "bottom": 685.05,
          "width": 364.51,
          "height": 297.4
        },
        "containerSelector": "#launch-anything-source-root > div:nth-of-type(1) > div:nth-of-type(1) > div:nth-of-type(1) > div:nth-of-type(1) > div:nth-of-type(1) > div:nth-of-type(1) > div:nth-of-type(1)",
        "fixHint": "Resize/reposition the child or container, or mark intentional overflow with data-layout-allow-overflow.",
        "containerRect": {
          "left": 390.39,
          "top": 138.53,
          "right": 1550.45,
          "bottom": 893.33,
          "width": 1160.06,
          "height": 754.81
        },
        "overflow": {
          "left": 37.28
        },
        "dataAttributes": {},
        "sourceFile": "compositions/launch-anything.html",
        "bbox": {
          "x": 353.11,
          "y": 387.66,
          "width": 364.51,
          "height": 297.4
        },
        "firstSeen": 13.333,
        "lastSeen": 13.333,
        "occurrences": 1
      },
      {
        "code": "escaped_container",
        "severity": "info",
        "time": 13.333,
        "selector": "#launch-anything-source-root > div:nth-of-type(1) > div:nth-of-type(1) > div:nth-of-type(1) > div:nth-of-type(1)",
        "message": "Positioned element renders far outside its offset parent — its coordinates were likely computed in a different frame (canvas/viewport pixels).",
        "rect": {
          "left": -1288.65,
          "top": -815.9,
          "right": 3050.55,
          "bottom": 1624.9,
          "width": 4339.2,
          "height": 2440.8
        },
        "containerSelector": "#launch-anything-source-root > div:nth-of-type(1) > div:nth-of-type(1) > div:nth-of-type(1)",
        "text": "◫ Project notes Collect ideas. Connect the details. ◫ Project notes Collect ideas. Connect the details. A place for every idea",
        "fixHint": "Compute left/top in the offset parent's frame (subtract its rect), or mark intentional placement with data-layout-allow-overflow.",
        "containerRect": {
          "left": 0,
          "top": 0,
          "right": 1920,
          "bottom": 1080,
          "width": 1920,
          "height": 1080
        },
        "dataAttributes": {},
        "sourceFile": "compositions/launch-anything.html",
        "bbox": {
          "x": -1288.65,
          "y": -815.9,
          "width": 4339.2,
          "height": 2440.8
        },
        "firstSeen": 13.333,
        "lastSeen": 13.333,
        "occurrences": 1
      },
      {
        "code": "escaped_container",
        "severity": "info",
        "time": 16.296,
        "selector": "#launch-anything-source-root > div:nth-of-type(1) > div:nth-of-type(1) > div:nth-of-type(1) > div:nth-of-type(1) > div:nth-of-type(5)",
        "message": "Positioned element renders far outside its offset parent — its coordinates were likely computed in a different frame (canvas/viewport pixels).",
        "rect": {
          "left": 1428.36,
          "top": -95.57,
          "right": 1551.64,
          "bottom": 27.7,
          "width": 123.27,
          "height": 123.27
        },
        "containerSelector": "#launch-anything-source-root > div:nth-of-type(1) > div:nth-of-type(1) > div:nth-of-type(1) > div:nth-of-type(1)",
        "text": "",
        "fixHint": "Compute left/top in the offset parent's frame (subtract its rect), or mark intentional placement with data-layout-allow-overflow.",
        "containerRect": {
          "left": 0,
          "top": 0,
          "right": 1920,
          "bottom": 1080,
          "width": 1920,
          "height": 1080
        },
        "dataAttributes": {},
        "sourceFile": "compositions/launch-anything.html",
        "bbox": {
          "x": 1428.36,
          "y": -95.57,
          "width": 123.27,
          "height": 123.27
        },
        "firstSeen": 16.296,
        "lastSeen": 16.296,
        "occurrences": 1
      },
      {
        "code": "escaped_container",
        "severity": "info",
        "time": 16.296,
        "selector": "#launch-anything-source-root > div:nth-of-type(1) > div:nth-of-type(1) > div:nth-of-type(1) > div:nth-of-type(1) > div:nth-of-type(23)",
        "message": "Positioned element renders far outside its offset parent — its coordinates were likely computed in a different frame (canvas/viewport pixels).",
        "rect": {
          "left": 56.62,
          "top": 1046.75,
          "right": 179.38,
          "bottom": 1169.5,
          "width": 122.76,
          "height": 122.76
        },
        "containerSelector": "#launch-anything-source-root > div:nth-of-type(1) > div:nth-of-type(1) > div:nth-of-type(1) > div:nth-of-type(1)",
        "text": "",
        "fixHint": "Compute left/top in the offset parent's frame (subtract its rect), or mark intentional placement with data-layout-allow-overflow.",
        "containerRect": {
          "left": 0,
          "top": 0,
          "right": 1920,
          "bottom": 1080,
          "width": 1920,
          "height": 1080
        },
        "dataAttributes": {},
        "sourceFile": "compositions/launch-anything.html",
        "bbox": {
          "x": 56.62,
          "y": 1046.75,
          "width": 122.76,
          "height": 122.76
        },
        "firstSeen": 16.296,
        "lastSeen": 16.296,
        "occurrences": 1
      },
      {
        "code": "escaped_container",
        "severity": "info",
        "time": 16.296,
        "selector": "#launch-anything-source-root > div:nth-of-type(1) > div:nth-of-type(1) > div:nth-of-type(1) > div:nth-of-type(1) > div:nth-of-type(25)",
        "message": "Positioned element renders far outside its offset parent — its coordinates were likely computed in a different frame (canvas/viewport pixels).",
        "rect": {
          "left": 736.63,
          "top": 1078.01,
          "right": 859.37,
          "bottom": 1200.74,
          "width": 122.73,
          "height": 122.73
        },
        "containerSelector": "#launch-anything-source-root > div:nth-of-type(1) > div:nth-of-type(1) > div:nth-of-type(1) > div:nth-of-type(1)",
        "text": "",
        "fixHint": "Compute left/top in the offset parent's frame (subtract its rect), or mark intentional placement with data-layout-allow-overflow.",
        "containerRect": {
          "left": 0,
          "top": 0,
          "right": 1920,
          "bottom": 1080,
          "width": 1920,
          "height": 1080
        },
        "dataAttributes": {},
        "sourceFile": "compositions/launch-anything.html",
        "bbox": {
          "x": 736.63,
          "y": 1078.01,
          "width": 122.73,
          "height": 122.73
        },
        "firstSeen": 16.296,
        "lastSeen": 16.296,
        "occurrences": 1
      },
      {
        "code": "panel_out_of_canvas",
        "severity": "info",
        "time": 16.296,
        "selector": "#launch-anything-source-root > div:nth-of-type(1) > div:nth-of-type(1) > div:nth-of-type(1) > div:nth-of-type(1) > div:nth-of-type(1)",
        "message": "Painted panel extends outside the composition canvas.",
        "rect": {
          "left": 56,
          "top": -66.19,
          "right": 164,
          "bottom": 41.81,
          "width": 108,
          "height": 108
        },
        "containerSelector": "#root",
        "text": "",
        "fixHint": "Move the panel inward, or mark intentional off-canvas animation with data-layout-allow-overflow.",
        "containerRect": {
          "left": 0,
          "top": 0,
          "right": 1920,
          "bottom": 1080,
          "width": 1920,
          "height": 1080
        },
        "overflow": {
          "top": 66.19
        },
        "dataAttributes": {},
        "sourceFile": "compositions/launch-anything.html",
        "bbox": {
          "x": 56,
          "y": -66.19,
          "width": 108,
          "height": 108
        },
        "firstSeen": 16.296,
        "lastSeen": 16.296,
        "occurrences": 1
      },
      {
        "code": "container_overflow",
        "severity": "info",
        "time": 19.259,
        "selector": "#launch-anything-source-root > div:nth-of-type(1) > div:nth-of-type(1) > div:nth-of-type(1) > svg:nth-of-type(1)",
        "message": "Element extends outside a clipping layout container.",
        "rect": {
          "left": -129.99,
          "top": -91.51,
          "right": 2049.99,
          "bottom": 1171.51,
          "width": 2179.98,
          "height": 1263.01
        },
        "containerSelector": "#launch-anything-source-root > div:nth-of-type(1) > div:nth-of-type(1) > div:nth-of-type(1)",
        "fixHint": "Resize/reposition the child or container, or mark intentional overflow with data-layout-allow-overflow.",
        "containerRect": {
          "left": 0,
          "top": 0,
          "right": 1920,
          "bottom": 1080,
          "width": 1920,
          "height": 1080
        },
        "overflow": {
          "left": 129.99,
          "right": 129.99,
          "top": 91.51,
          "bottom": 91.51
        },
        "dataAttributes": {},
        "sourceFile": "compositions/launch-anything.html",
        "bbox": {
          "x": -129.99,
          "y": -91.51,
          "width": 2179.98,
          "height": 1263.01
        },
        "firstSeen": 19.259,
        "lastSeen": 19.259,
        "occurrences": 1
      },
      {
        "code": "container_overflow",
        "severity": "info",
        "time": 19.259,
        "selector": "#launch-anything-source-root > div:nth-of-type(1) > div:nth-of-type(1) > div:nth-of-type(1) > svg:nth-of-type(1) > path:nth-of-type(3)",
        "message": "Element extends outside a clipping layout container.",
        "rect": {
          "left": -259.88,
          "top": -412.62,
          "right": 2183.35,
          "bottom": 1353.79,
          "width": 2443.22,
          "height": 1766.41
        },
        "containerSelector": "#launch-anything-source-root > div:nth-of-type(1) > div:nth-of-type(1) > div:nth-of-type(1) > svg:nth-of-type(1)",
        "fixHint": "Resize/reposition the child or container, or mark intentional overflow with data-layout-allow-overflow.",
        "containerRect": {
          "left": -129.99,
          "top": -91.51,
          "right": 2049.99,
          "bottom": 1171.51,
          "width": 2179.98,
          "height": 1263.01
        },
        "overflow": {
          "left": 129.89,
          "right": 133.36,
          "top": 321.11,
          "bottom": 182.28
        },
        "dataAttributes": {},
        "sourceFile": "compositions/launch-anything.html",
        "bbox": {
          "x": -259.88,
          "y": -412.62,
          "width": 2443.22,
          "height": 1766.41
        },
        "firstSeen": 19.259,
        "lastSeen": 19.259,
        "occurrences": 1
      },
      {
        "code": "container_overflow",
        "severity": "info",
        "time": 19.259,
        "selector": "#launch-anything-source-root > div:nth-of-type(1) > div:nth-of-type(1) > div:nth-of-type(1) > svg:nth-of-type(1) > path:nth-of-type(4)",
        "message": "Element extends outside a clipping layout container.",
        "rect": {
          "left": -165.82,
          "top": -513.28,
          "right": 2091.88,
          "bottom": 1351.43,
          "width": 2257.7,
          "height": 1864.71
        },
        "containerSelector": "#launch-anything-source-root > div:nth-of-type(1) > div:nth-of-type(1) > div:nth-of-type(1) > svg:nth-of-type(1)",
        "fixHint": "Resize/reposition the child or container, or mark intentional overflow with data-layout-allow-overflow.",
        "containerRect": {
          "left": -129.99,
          "top": -91.51,
          "right": 2049.99,
          "bottom": 1171.51,
          "width": 2179.98,
          "height": 1263.01
        },
        "overflow": {
          "left": 35.83,
          "right": 41.89,
          "top": 421.77,
          "bottom": 179.92
        },
        "dataAttributes": {},
        "sourceFile": "compositions/launch-anything.html",
        "bbox": {
          "x": -165.82,
          "y": -513.28,
          "width": 2257.7,
          "height": 1864.71
        },
        "firstSeen": 19.259,
        "lastSeen": 19.259,
        "occurrences": 1
      },
      {
        "code": "container_overflow",
        "severity": "info",
        "time": 19.259,
        "selector": "#launch-anything-source-root > div:nth-of-type(1) > div:nth-of-type(1) > div:nth-of-type(1) > svg:nth-of-type(1) > path:nth-of-type(5)",
        "message": "Element extends outside a clipping layout container.",
        "rect": {
          "left": -71.77,
          "top": -613.93,
          "right": 2000.4,
          "bottom": 1349.08,
          "width": 2072.18,
          "height": 1963.01
        },
        "containerSelector": "#launch-anything-source-root > div:nth-of-type(1) > div:nth-of-type(1) > div:nth-of-type(1) > svg:nth-of-type(1)",
        "fixHint": "Resize/reposition the child or container, or mark intentional overflow with data-layout-allow-overflow.",
        "containerRect": {
          "left": -129.99,
          "top": -91.51,
          "right": 2049.99,
          "bottom": 1171.51,
          "width": 2179.98,
          "height": 1263.01
        },
        "overflow": {
          "top": 522.42,
          "bottom": 177.57
        },
        "dataAttributes": {},
        "sourceFile": "compositions/launch-anything.html",
        "bbox": {
          "x": -71.77,
          "y": -613.93,
          "width": 2072.18,
          "height": 1963.01
        },
        "firstSeen": 19.259,
        "lastSeen": 19.259,
        "occurrences": 1
      },
      {
        "code": "container_overflow",
        "severity": "info",
        "time": 19.259,
        "selector": "#launch-anything-source-root > div:nth-of-type(1) > div:nth-of-type(1) > div:nth-of-type(1) > svg:nth-of-type(1) > path:nth-of-type(6)",
        "message": "Element extends outside a clipping layout container.",
        "rect": {
          "left": 22.28,
          "top": -714.59,
          "right": 1908.93,
          "bottom": 1346.73,
          "width": 1886.65,
          "height": 2061.31
        },
        "containerSelector": "#launch-anything-source-root > div:nth-of-type(1) > div:nth-of-type(1) > div:nth-of-type(1) > svg:nth-of-type(1)",
        "fixHint": "Resize/reposition the child or container, or mark intentional overflow with data-layout-allow-overflow.",
        "containerRect": {
          "left": -129.99,
          "top": -91.51,
          "right": 2049.99,
          "bottom": 1171.51,
          "width": 2179.98,
          "height": 1263.01
        },
        "overflow": {
          "top": 623.08,
          "bottom": 175.22
        },
        "dataAttributes": {},
        "sourceFile": "compositions/launch-anything.html",
        "bbox": {
          "x": 22.28,
          "y": -714.59,
          "width": 1886.65,
          "height": 2061.31
        },
        "firstSeen": 19.259,
        "lastSeen": 19.259,
        "occurrences": 1
      }
    ],
    "duration": 26.666666666666668,
    "samples": [
      1.481,
      4.444,
      7.407,
      10.37,
      13.333,
      16.296,
      19.259,
      22.222,
      25.185
    ],
    "transitionSamples": [],
    "transitionSamplesDropped": 0,
    "tolerance": 2,
    "totalIssueCount": 15,
    "truncated": false
  },
  "motion": {
    "ok": true,
    "errorCount": 0,
    "warningCount": 0,
    "infoCount": 0,
    "findings": [],
    "enabled": false,
    "samples": 0
  },
  "contrast": {
    "ok": true,
    "errorCount": 0,
    "warningCount": 11,
    "infoCount": 0,
    "findings": [
      {
        "code": "contrast_aa_failure",
        "severity": "warning",
        "message": "Contrast is 3.12:1; WCAG AA requires 4.5:1.",
        "text": "Workspace",
        "fg": "rgb(149,139,134)",
        "bg": "rgb(250,247,245)",
        "ratio": 3.12,
        "requiredRatio": 4.5,
        "suggestedColor": "rgb(120,112,108)",
        "large": false,
        "selector": "div > div > div > div > div:nth-of-type(2) > div > div > div > div:nth-of-type(1) > div > div:nth-of-type(1) > div > div:nth-of-type(1) > div:nth-of-type(2)",
        "dataAttributes": {},
        "sourceFile": "compositions/launch-anything.html",
        "bbox": {
          "x": 755.4990234375,
          "y": 485.6431579589844,
          "width": 61.942626953125,
          "height": 26.320770263671875
        },
        "time": 7.407
      },
      {
        "code": "contrast_aa_failure",
        "severity": "warning",
        "message": "Contrast is 3.12:1; WCAG AA requires 4.5:1.",
        "text": "Milestones",
        "fg": "rgb(149,139,134)",
        "bg": "rgb(250,247,244)",
        "ratio": 3.12,
        "requiredRatio": 4.5,
        "suggestedColor": "rgb(120,112,108)",
        "large": false,
        "selector": "div > div > div > div > div:nth-of-type(2) > div > div > div > div:nth-of-type(1) > div > div:nth-of-type(1) > div > div:nth-of-type(1) > div:nth-of-type(4)",
        "dataAttributes": {},
        "sourceFile": "compositions/launch-anything.html",
        "bbox": {
          "x": 755.4990234375,
          "y": 538.28466796875,
          "width": 61.942626953125,
          "height": 26.32080078125
        },
        "time": 7.407
      },
      {
        "code": "contrast_aa_failure",
        "severity": "warning",
        "message": "Contrast is 3.12:1; WCAG AA requires 4.5:1.",
        "text": "Projects",
        "fg": "rgb(149,139,134)",
        "bg": "rgb(250,247,245)",
        "ratio": 3.12,
        "requiredRatio": 4.5,
        "suggestedColor": "rgb(120,112,108)",
        "large": false,
        "selector": "div > div > div > div > div:nth-of-type(2) > div > div > div > div:nth-of-type(1) > div > div:nth-of-type(1) > div > div:nth-of-type(1) > div:nth-of-type(5)",
        "dataAttributes": {},
        "sourceFile": "compositions/launch-anything.html",
        "bbox": {
          "x": 755.4990234375,
          "y": 564.60546875,
          "width": 61.942626953125,
          "height": 26.32080078125
        },
        "time": 7.407
      },
      {
        "code": "contrast_aa_failure",
        "severity": "warning",
        "message": "Contrast is 3.12:1; WCAG AA requires 4.5:1.",
        "text": "Teammates",
        "fg": "rgb(149,139,134)",
        "bg": "rgb(250,247,244)",
        "ratio": 3.12,
        "requiredRatio": 4.5,
        "suggestedColor": "rgb(120,112,108)",
        "large": false,
        "selector": "div > div > div > div > div:nth-of-type(2) > div > div > div > div:nth-of-type(1) > div > div:nth-of-type(1) > div > div:nth-of-type(1) > div:nth-of-type(6)",
        "dataAttributes": {},
        "sourceFile": "compositions/launch-anything.html",
        "bbox": {
          "x": 755.4990234375,
          "y": 590.92626953125,
          "width": 61.942626953125,
          "height": 26.32073974609375
        },
        "time": 7.407
      },
      {
        "code": "contrast_aa_failure",
        "severity": "warning",
        "message": "Contrast is 3.12:1; WCAG AA requires 4.5:1.",
        "text": "Reports",
        "fg": "rgb(149,139,134)",
        "bg": "rgb(250,247,245)",
        "ratio": 3.12,
        "requiredRatio": 4.5,
        "suggestedColor": "rgb(120,112,108)",
        "large": false,
        "selector": "div > div > div > div > div:nth-of-type(2) > div > div > div > div:nth-of-type(1) > div > div:nth-of-type(1) > div > div:nth-of-type(1) > div:nth-of-type(7)",
        "dataAttributes": {},
        "sourceFile": "compositions/launch-anything.html",
        "bbox": {
          "x": 755.4990234375,
          "y": 617.2470092773438,
          "width": 61.942626953125,
          "height": 26.32080078125
        },
        "time": 7.407
      },
      {
        "code": "contrast_aa_failure",
        "severity": "warning",
        "message": "Contrast is 3.14:1; WCAG AA requires 4.5:1.",
        "text": "Settings",
        "fg": "rgb(149,139,134)",
        "bg": "rgb(250,248,245)",
        "ratio": 3.14,
        "requiredRatio": 4.5,
        "suggestedColor": "rgb(121,113,109)",
        "large": false,
        "selector": "div > div > div > div > div:nth-of-type(2) > div > div > div > div:nth-of-type(1) > div > div:nth-of-type(1) > div > div:nth-of-type(1) > div:nth-of-type(8)",
        "dataAttributes": {},
        "sourceFile": "compositions/launch-anything.html",
        "bbox": {
          "x": 755.4990234375,
          "y": 643.5678100585938,
          "width": 61.942626953125,
          "height": 26.32073974609375
        },
        "time": 7.407
      },
      {
        "code": "contrast_aa_failure",
        "severity": "warning",
        "message": "Contrast is 3.46:1; WCAG AA requires 4.5:1.",
        "text": "This month ▾",
        "fg": "rgb(148,131,122)",
        "bg": "rgb(252,249,246)",
        "ratio": 3.46,
        "requiredRatio": 4.5,
        "suggestedColor": "rgb(127,112,104)",
        "large": false,
        "selector": "div > div > div > div > div:nth-of-type(2) > div > div > div > div:nth-of-type(1) > div > div:nth-of-type(1) > div > div:nth-of-type(2) > div:nth-of-type(1) > span:nth-of-type(2)",
        "dataAttributes": {},
        "sourceFile": "compositions/launch-anything.html",
        "bbox": {
          "x": 1195.99853515625,
          "y": 438.5848083496094,
          "width": 44.583984375,
          "height": 19.14239501953125
        },
        "time": 7.407
      },
      {
        "code": "contrast_aa_failure",
        "severity": "warning",
        "message": "Contrast is 2.68:1; WCAG AA requires 4.5:1.",
        "text": "Tasks closed",
        "fg": "rgb(167,151,142)",
        "bg": "rgb(252,249,246)",
        "ratio": 2.68,
        "requiredRatio": 4.5,
        "suggestedColor": "rgb(125,113,106)",
        "large": false,
        "selector": "div > div > div > div > div:nth-of-type(2) > div > div > div > div:nth-of-type(1) > div > div:nth-of-type(1) > div > div:nth-of-type(2) > div:nth-of-type(2) > div:nth-of-type(1) > div:nth-of-type(1)",
        "dataAttributes": {},
        "sourceFile": "compositions/launch-anything.html",
        "bbox": {
          "x": 860.8820190429688,
          "y": 488.0359802246094,
          "width": 101.36077880859375,
          "height": 10.368743896484375
        },
        "time": 7.407
      },
      {
        "code": "contrast_aa_failure",
        "severity": "warning",
        "message": "Contrast is 2.7:1; WCAG AA requires 4.5:1.",
        "text": "Active projects",
        "fg": "rgb(167,151,142)",
        "bg": "rgb(252,250,247)",
        "ratio": 2.7,
        "requiredRatio": 4.5,
        "suggestedColor": "rgb(125,113,106)",
        "large": false,
        "selector": "div > div > div > div > div:nth-of-type(2) > div > div > div > div:nth-of-type(1) > div > div:nth-of-type(1) > div > div:nth-of-type(2) > div:nth-of-type(2) > div:nth-of-type(2) > div:nth-of-type(1)",
        "dataAttributes": {},
        "sourceFile": "compositions/launch-anything.html",
        "bbox": {
          "x": 994.4207763671875,
          "y": 488.0359802246094,
          "width": 101.3607177734375,
          "height": 10.368743896484375
        },
        "time": 7.407
      },
      {
        "code": "contrast_aa_failure",
        "severity": "warning",
        "message": "Contrast is 2.7:1; WCAG AA requires 4.5:1.",
        "text": "On track",
        "fg": "rgb(167,151,142)",
        "bg": "rgb(252,250,247)",
        "ratio": 2.7,
        "requiredRatio": 4.5,
        "suggestedColor": "rgb(125,113,106)",
        "large": false,
        "selector": "div > div > div > div > div:nth-of-type(2) > div > div > div > div:nth-of-type(1) > div > div:nth-of-type(1) > div > div:nth-of-type(2) > div:nth-of-type(2) > div:nth-of-type(3) > div:nth-of-type(1)",
        "dataAttributes": {},
        "sourceFile": "compositions/launch-anything.html",
        "bbox": {
          "x": 1127.95947265625,
          "y": 488.0359802246094,
          "width": 101.36083984375,
          "height": 10.368743896484375
        },
        "time": 7.407
      },
      {
        "code": "contrast_aa_failure",
        "severity": "warning",
        "message": "Contrast is 4.39:1; WCAG AA requires 4.5:1.",
        "text": "A place for every idea",
        "fg": "rgb(255,255,255)",
        "bg": "rgb(128,119,111)",
        "ratio": 4.39,
        "requiredRatio": 4.5,
        "suggestedColor": "rgb(10,10,10)",
        "large": false,
        "selector": "div > div > div > div > div:nth-of-type(2) > div > div > div > div:nth-of-type(1) > div > div:nth-of-type(1) > div > div:nth-of-type(6) > span",
        "dataAttributes": {},
        "sourceFile": "compositions/launch-anything.html",
        "bbox": {
          "x": 834.6759033203125,
          "y": 814.2592163085938,
          "width": 271.4927978515625,
          "height": 44.928955078125
        },
        "time": 13.333
      }
    ],
    "enabled": true,
    "samples": [
      1.481,
      7.407,
      13.333,
      19.259,
      25.185
    ],
    "checked": 28,
    "passed": 17
  },
  "snapshots": {
    "enabled": false,
    "files": [],
    "times": [],
    "findingFiles": []
  },
  "_meta": {
    "version": "0.8.30",
    "latestVersion": "0.8.35",
    "updateAvailable": true
  }
}
