[hyperframes] browserGpuMode probe → hardware (WebGL renderer vendor="Google Inc. (NVIDIA Corporation)" renderer="ANGLE (NVIDIA Corporation, NVIDIA GeForce RTX 5060/PCIe/SSE2, OpenGL ES 3.2)")
{
  "ok": true,
  "strict": false,
  "lint": {
    "ok": true,
    "errorCount": 0,
    "warningCount": 0,
    "infoCount": 0,
    "findings": [],
    "filesScanned": 2
  },
  "runtime": {
    "ok": true,
    "errorCount": 0,
    "warningCount": 0,
    "infoCount": 0,
    "findings": []
  },
  "layout": {
    "ok": true,
    "errorCount": 0,
    "warningCount": 0,
    "infoCount": 1,
    "findings": [
      {
        "code": "container_overflow",
        "severity": "info",
        "time": 0.889,
        "selector": "#snapcn-reel-collage-source-root > div:nth-of-type(1) > div:nth-of-type(2) > img:nth-of-type(1)",
        "message": "Element extends outside a clipping layout container.",
        "rect": {
          "left": 358.16,
          "top": 164.97,
          "right": 928.3,
          "bottom": 559.11,
          "width": 570.14,
          "height": 394.14
        },
        "containerSelector": "#snapcn-reel-collage-source-root > div:nth-of-type(1) > div:nth-of-type(2)",
        "fixHint": "Resize/reposition the child or container, or mark intentional overflow with data-layout-allow-overflow.",
        "containerRect": {
          "left": 358.16,
          "top": 194.28,
          "right": 928.3,
          "bottom": 529.8,
          "width": 570.14,
          "height": 335.52
        },
        "overflow": {
          "top": 29.31,
          "bottom": 29.31
        },
        "dataAttributes": {
          "data-hf-authored-opacity": ""
        },
        "sourceFile": "compositions/snapcn-reel-collage.html",
        "bbox": {
          "x": 358.16,
          "y": 164.97,
          "width": 570.14,
          "height": 394.14
        },
        "firstSeen": 0.889,
        "lastSeen": 0.889,
        "occurrences": 1,
        "heldMs": 0
      }
    ],
    "duration": 3.2,
    "samples": [
      0.178,
      0.533,
      0.889,
      1.244,
      1.6,
      1.956,
      2.311,
      2.667,
      3.022
    ],
    "transitionSamples": [],
    "transitionSamplesDropped": 0,
    "tolerance": 2,
    "totalIssueCount": 1,
    "truncated": false
  },
  "motion": {
    "ok": true,
    "errorCount": 0,
    "warningCount": 0,
    "infoCount": 0,
    "findings": [],
    "enabled": false,
    "samples": 0
  },
  "contrast": {
    "ok": true,
    "errorCount": 0,
    "warningCount": 0,
    "infoCount": 0,
    "findings": [],
    "enabled": true,
    "samples": [
      0.178,
      0.889,
      1.6,
      2.311,
      3.022
    ],
    "checked": 10,
    "passed": 10
  },
  "hdr": {
    "autoPromotion": null,
    "inspection": "available"
  },
  "snapshots": {
    "enabled": false,
    "files": [],
    "times": [],
    "findingFiles": []
  },
  "_meta": {
    "version": "0.8.99",
    "latestVersion": "0.8.99",
    "updateAvailable": false
  }
}
