◆  Capturing 130 frames at [0s, 0.033s, 0.067s, 0.1s, 0.133s, 0.167s, 0.2s, 0.233s, 0.267s, 0.3s, 0.333s, 0.367s, 0.4s, 0.433s, 0.467s, 0.5s, 0.533s, 0.567s, 0.6s, 0.633s, 0.667s, 0.7s, 0.733s, 0.767s, 0.8s, 0.833s, 0.867s, 0.9s, 0.933s, 0.967s, 1s, 1.033s, 1.067s, 1.1s, 1.133s, 1.167s, 1.2s, 1.233s, 1.267s, 1.3s, 1.333s, 1.367s, 1.4s, 1.433s, 1.467s, 1.5s, 1.533s, 1.567s, 1.6s, 1.633s, 1.667s, 1.7s, 1.733s, 1.767s, 1.8s, 1.833s, 1.867s, 1.9s, 1.933s, 1.967s, 2s, 2.033s, 2.067s, 2.1s, 2.133s, 2.167s, 2.2s, 2.233s, 2.267s, 2.3s, 2.333s, 2.367s, 2.4s, 2.433s, 2.467s, 2.5s, 2.533s, 2.567s, 2.6s, 2.633s, 2.667s, 2.7s, 2.733s, 2.767s, 2.8s, 2.833s, 2.867s, 2.9s, 2.933s, 2.967s, 3s, 3.033s, 3.067s, 3.1s, 3.133s, 3.167s, 3.2s, 3.233s, 3.267s, 3.3s, 3.333s, 3.367s, 3.4s, 3.433s, 3.467s, 3.5s, 3.533s, 3.567s, 3.6s, 3.633s, 3.667s, 3.7s, 3.733s, 3.767s, 3.8s, 3.833s, 3.867s, 3.9s, 3.933s, 3.967s, 4s, 4.033s, 4.067s, 4.1s, 4.133s, 4.167s, 4.2s, 4.233s, 4.267s, 4.3s] from installed
[hyperframes] browserGpuMode probe → hardware (WebGL renderer vendor="Google Inc. (NVIDIA Corporation)" renderer="ANGLE (NVIDIA Corporation, NVIDIA GeForce RTX 5060/PCIe/SSE2, OpenGL ES 3.2)")

   Fonts: 73 loaded

◇  130 snapshots saved to <project>/.work/verify-snapcn/snapcn-capture-reveal/snapshots
   <project>/.work/verify-snapcn/snapcn-capture-reveal/snapshots/frame-00-at-0s.png
   <project>/.work/verify-snapcn/snapcn-capture-reveal/snapshots/frame-01-at-0.033s.png
   <project>/.work/verify-snapcn/snapcn-capture-reveal/snapshots/frame-02-at-0.067s.png
   <project>/.work/verify-snapcn/snapcn-capture-reveal/snapshots/frame-03-at-0.1s.png
   <project>/.work/verify-snapcn/snapcn-capture-reveal/snapshots/frame-04-at-0.133s.png
   <project>/.work/verify-snapcn/snapcn-capture-reveal/snapshots/frame-05-at-0.167s.png
   <project>/.work/verify-snapcn/snapcn-capture-reveal/snapshots/frame-06-at-0.2s.png
   <project>/.work/verify-snapcn/snapcn-capture-reveal/snapshots/frame-07-at-0.233s.png
   <project>/.work/verify-snapcn/snapcn-capture-reveal/snapshots/frame-08-at-0.267s.png
   <project>/.work/verify-snapcn/snapcn-capture-reveal/snapshots/frame-09-at-0.3s.png
   <project>/.work/verify-snapcn/snapcn-capture-reveal/snapshots/frame-10-at-0.333s.png
   <project>/.work/verify-snapcn/snapcn-capture-reveal/snapshots/frame-11-at-0.367s.png
   <project>/.work/verify-snapcn/snapcn-capture-reveal/snapshots/frame-12-at-0.4s.png
   <project>/.work/verify-snapcn/snapcn-capture-reveal/snapshots/frame-13-at-0.433s.png
   <project>/.work/verify-snapcn/snapcn-capture-reveal/snapshots/frame-14-at-0.467s.png
   <project>/.work/verify-snapcn/snapcn-capture-reveal/snapshots/frame-15-at-0.5s.png
   <project>/.work/verify-snapcn/snapcn-capture-reveal/snapshots/frame-16-at-0.533s.png
   <project>/.work/verify-snapcn/snapcn-capture-reveal/snapshots/frame-17-at-0.567s.png
   <project>/.work/verify-snapcn/snapcn-capture-reveal/snapshots/frame-18-at-0.6s.png
   <project>/.work/verify-snapcn/snapcn-capture-reveal/snapshots/frame-19-at-0.633s.png
   <project>/.work/verify-snapcn/snapcn-capture-reveal/snapshots/frame-20-at-0.667s.png
   <project>/.work/verify-snapcn/snapcn-capture-reveal/snapshots/frame-21-at-0.7s.png
   <project>/.work/verify-snapcn/snapcn-capture-reveal/snapshots/frame-22-at-0.733s.png
   <project>/.work/verify-snapcn/snapcn-capture-reveal/snapshots/frame-23-at-0.767s.png
   <project>/.work/verify-snapcn/snapcn-capture-reveal/snapshots/frame-24-at-0.8s.png
   <project>/.work/verify-snapcn/snapcn-capture-reveal/snapshots/frame-25-at-0.833s.png
   <project>/.work/verify-snapcn/snapcn-capture-reveal/snapshots/frame-26-at-0.867s.png
   <project>/.work/verify-snapcn/snapcn-capture-reveal/snapshots/frame-27-at-0.9s.png
   <project>/.work/verify-snapcn/snapcn-capture-reveal/snapshots/frame-28-at-0.933s.png
   <project>/.work/verify-snapcn/snapcn-capture-reveal/snapshots/frame-29-at-0.967s.png
   <project>/.work/verify-snapcn/snapcn-capture-reveal/snapshots/frame-30-at-1s.png
   <project>/.work/verify-snapcn/snapcn-capture-reveal/snapshots/frame-31-at-1.033s.png
   <project>/.work/verify-snapcn/snapcn-capture-reveal/snapshots/frame-32-at-1.067s.png
   <project>/.work/verify-snapcn/snapcn-capture-reveal/snapshots/frame-33-at-1.1s.png
   <project>/.work/verify-snapcn/snapcn-capture-reveal/snapshots/frame-34-at-1.133s.png
   <project>/.work/verify-snapcn/snapcn-capture-reveal/snapshots/frame-35-at-1.167s.png
   <project>/.work/verify-snapcn/snapcn-capture-reveal/snapshots/frame-36-at-1.2s.png
   <project>/.work/verify-snapcn/snapcn-capture-reveal/snapshots/frame-37-at-1.233s.png
   <project>/.work/verify-snapcn/snapcn-capture-reveal/snapshots/frame-38-at-1.267s.png
   <project>/.work/verify-snapcn/snapcn-capture-reveal/snapshots/frame-39-at-1.3s.png
   <project>/.work/verify-snapcn/snapcn-capture-reveal/snapshots/frame-40-at-1.333s.png
   <project>/.work/verify-snapcn/snapcn-capture-reveal/snapshots/frame-41-at-1.367s.png
   <project>/.work/verify-snapcn/snapcn-capture-reveal/snapshots/frame-42-at-1.4s.png
   <project>/.work/verify-snapcn/snapcn-capture-reveal/snapshots/frame-43-at-1.433s.png
   <project>/.work/verify-snapcn/snapcn-capture-reveal/snapshots/frame-44-at-1.467s.png
   <project>/.work/verify-snapcn/snapcn-capture-reveal/snapshots/frame-45-at-1.5s.png
   <project>/.work/verify-snapcn/snapcn-capture-reveal/snapshots/frame-46-at-1.533s.png
   <project>/.work/verify-snapcn/snapcn-capture-reveal/snapshots/frame-47-at-1.567s.png
   <project>/.work/verify-snapcn/snapcn-capture-reveal/snapshots/frame-48-at-1.6s.png
   <project>/.work/verify-snapcn/snapcn-capture-reveal/snapshots/frame-49-at-1.633s.png
   <project>/.work/verify-snapcn/snapcn-capture-reveal/snapshots/frame-50-at-1.667s.png
   <project>/.work/verify-snapcn/snapcn-capture-reveal/snapshots/frame-51-at-1.7s.png
   <project>/.work/verify-snapcn/snapcn-capture-reveal/snapshots/frame-52-at-1.733s.png
   <project>/.work/verify-snapcn/snapcn-capture-reveal/snapshots/frame-53-at-1.767s.png
   <project>/.work/verify-snapcn/snapcn-capture-reveal/snapshots/frame-54-at-1.8s.png
   <project>/.work/verify-snapcn/snapcn-capture-reveal/snapshots/frame-55-at-1.833s.png
   <project>/.work/verify-snapcn/snapcn-capture-reveal/snapshots/frame-56-at-1.867s.png
   <project>/.work/verify-snapcn/snapcn-capture-reveal/snapshots/frame-57-at-1.9s.png
   <project>/.work/verify-snapcn/snapcn-capture-reveal/snapshots/frame-58-at-1.933s.png
   <project>/.work/verify-snapcn/snapcn-capture-reveal/snapshots/frame-59-at-1.967s.png
   <project>/.work/verify-snapcn/snapcn-capture-reveal/snapshots/frame-60-at-2s.png
   <project>/.work/verify-snapcn/snapcn-capture-reveal/snapshots/frame-61-at-2.033s.png
   <project>/.work/verify-snapcn/snapcn-capture-reveal/snapshots/frame-62-at-2.067s.png
   <project>/.work/verify-snapcn/snapcn-capture-reveal/snapshots/frame-63-at-2.1s.png
   <project>/.work/verify-snapcn/snapcn-capture-reveal/snapshots/frame-64-at-2.133s.png
   <project>/.work/verify-snapcn/snapcn-capture-reveal/snapshots/frame-65-at-2.167s.png
   <project>/.work/verify-snapcn/snapcn-capture-reveal/snapshots/frame-66-at-2.2s.png
   <project>/.work/verify-snapcn/snapcn-capture-reveal/snapshots/frame-67-at-2.233s.png
   <project>/.work/verify-snapcn/snapcn-capture-reveal/snapshots/frame-68-at-2.267s.png
   <project>/.work/verify-snapcn/snapcn-capture-reveal/snapshots/frame-69-at-2.3s.png
   <project>/.work/verify-snapcn/snapcn-capture-reveal/snapshots/frame-70-at-2.333s.png
   <project>/.work/verify-snapcn/snapcn-capture-reveal/snapshots/frame-71-at-2.367s.png
   <project>/.work/verify-snapcn/snapcn-capture-reveal/snapshots/frame-72-at-2.4s.png
   <project>/.work/verify-snapcn/snapcn-capture-reveal/snapshots/frame-73-at-2.433s.png
   <project>/.work/verify-snapcn/snapcn-capture-reveal/snapshots/frame-74-at-2.467s.png
   <project>/.work/verify-snapcn/snapcn-capture-reveal/snapshots/frame-75-at-2.5s.png
   <project>/.work/verify-snapcn/snapcn-capture-reveal/snapshots/frame-76-at-2.533s.png
   <project>/.work/verify-snapcn/snapcn-capture-reveal/snapshots/frame-77-at-2.567s.png
   <project>/.work/verify-snapcn/snapcn-capture-reveal/snapshots/frame-78-at-2.6s.png
   <project>/.work/verify-snapcn/snapcn-capture-reveal/snapshots/frame-79-at-2.633s.png
   <project>/.work/verify-snapcn/snapcn-capture-reveal/snapshots/frame-80-at-2.667s.png
   <project>/.work/verify-snapcn/snapcn-capture-reveal/snapshots/frame-81-at-2.7s.png
   <project>/.work/verify-snapcn/snapcn-capture-reveal/snapshots/frame-82-at-2.733s.png
   <project>/.work/verify-snapcn/snapcn-capture-reveal/snapshots/frame-83-at-2.767s.png
   <project>/.work/verify-snapcn/snapcn-capture-reveal/snapshots/frame-84-at-2.8s.png
   <project>/.work/verify-snapcn/snapcn-capture-reveal/snapshots/frame-85-at-2.833s.png
   <project>/.work/verify-snapcn/snapcn-capture-reveal/snapshots/frame-86-at-2.867s.png
   <project>/.work/verify-snapcn/snapcn-capture-reveal/snapshots/frame-87-at-2.9s.png
   <project>/.work/verify-snapcn/snapcn-capture-reveal/snapshots/frame-88-at-2.933s.png
   <project>/.work/verify-snapcn/snapcn-capture-reveal/snapshots/frame-89-at-2.967s.png
   <project>/.work/verify-snapcn/snapcn-capture-reveal/snapshots/frame-90-at-3s.png
   <project>/.work/verify-snapcn/snapcn-capture-reveal/snapshots/frame-91-at-3.033s.png
   <project>/.work/verify-snapcn/snapcn-capture-reveal/snapshots/frame-92-at-3.067s.png
   <project>/.work/verify-snapcn/snapcn-capture-reveal/snapshots/frame-93-at-3.1s.png
   <project>/.work/verify-snapcn/snapcn-capture-reveal/snapshots/frame-94-at-3.133s.png
   <project>/.work/verify-snapcn/snapcn-capture-reveal/snapshots/frame-95-at-3.167s.png
   <project>/.work/verify-snapcn/snapcn-capture-reveal/snapshots/frame-96-at-3.2s.png
   <project>/.work/verify-snapcn/snapcn-capture-reveal/snapshots/frame-97-at-3.233s.png
   <project>/.work/verify-snapcn/snapcn-capture-reveal/snapshots/frame-98-at-3.267s.png
   <project>/.work/verify-snapcn/snapcn-capture-reveal/snapshots/frame-99-at-3.3s.png
   <project>/.work/verify-snapcn/snapcn-capture-reveal/snapshots/frame-100-at-3.333s.png
   <project>/.work/verify-snapcn/snapcn-capture-reveal/snapshots/frame-101-at-3.367s.png
   <project>/.work/verify-snapcn/snapcn-capture-reveal/snapshots/frame-102-at-3.4s.png
   <project>/.work/verify-snapcn/snapcn-capture-reveal/snapshots/frame-103-at-3.433s.png
   <project>/.work/verify-snapcn/snapcn-capture-reveal/snapshots/frame-104-at-3.467s.png
   <project>/.work/verify-snapcn/snapcn-capture-reveal/snapshots/frame-105-at-3.5s.png
   <project>/.work/verify-snapcn/snapcn-capture-reveal/snapshots/frame-106-at-3.533s.png
   <project>/.work/verify-snapcn/snapcn-capture-reveal/snapshots/frame-107-at-3.567s.png
   <project>/.work/verify-snapcn/snapcn-capture-reveal/snapshots/frame-108-at-3.6s.png
   <project>/.work/verify-snapcn/snapcn-capture-reveal/snapshots/frame-109-at-3.633s.png
   <project>/.work/verify-snapcn/snapcn-capture-reveal/snapshots/frame-110-at-3.667s.png
   <project>/.work/verify-snapcn/snapcn-capture-reveal/snapshots/frame-111-at-3.7s.png
   <project>/.work/verify-snapcn/snapcn-capture-reveal/snapshots/frame-112-at-3.733s.png
   <project>/.work/verify-snapcn/snapcn-capture-reveal/snapshots/frame-113-at-3.767s.png
   <project>/.work/verify-snapcn/snapcn-capture-reveal/snapshots/frame-114-at-3.8s.png
   <project>/.work/verify-snapcn/snapcn-capture-reveal/snapshots/frame-115-at-3.833s.png
   <project>/.work/verify-snapcn/snapcn-capture-reveal/snapshots/frame-116-at-3.867s.png
   <project>/.work/verify-snapcn/snapcn-capture-reveal/snapshots/frame-117-at-3.9s.png
   <project>/.work/verify-snapcn/snapcn-capture-reveal/snapshots/frame-118-at-3.933s.png
   <project>/.work/verify-snapcn/snapcn-capture-reveal/snapshots/frame-119-at-3.967s.png
   <project>/.work/verify-snapcn/snapcn-capture-reveal/snapshots/frame-120-at-4s.png
   <project>/.work/verify-snapcn/snapcn-capture-reveal/snapshots/frame-121-at-4.033s.png
   <project>/.work/verify-snapcn/snapcn-capture-reveal/snapshots/frame-122-at-4.067s.png
   <project>/.work/verify-snapcn/snapcn-capture-reveal/snapshots/frame-123-at-4.1s.png
   <project>/.work/verify-snapcn/snapcn-capture-reveal/snapshots/frame-124-at-4.133s.png
   <project>/.work/verify-snapcn/snapcn-capture-reveal/snapshots/frame-125-at-4.167s.png
   <project>/.work/verify-snapcn/snapcn-capture-reveal/snapshots/frame-126-at-4.2s.png
   <project>/.work/verify-snapcn/snapcn-capture-reveal/snapshots/frame-127-at-4.233s.png
   <project>/.work/verify-snapcn/snapcn-capture-reveal/snapshots/frame-128-at-4.267s.png
   <project>/.work/verify-snapcn/snapcn-capture-reveal/snapshots/frame-129-at-4.3s.png
   contact-sheet-1..15.jpg (grid view for AI review)
