[hyperframes] browserGpuMode probe → hardware (WebGL renderer vendor="Google Inc. (NVIDIA Corporation)" renderer="ANGLE (NVIDIA Corporation, NVIDIA GeForce RTX 5060/PCIe/SSE2, OpenGL ES 3.2)")
{
  "ok": true,
  "strict": false,
  "lint": {
    "ok": true,
    "errorCount": 0,
    "warningCount": 0,
    "infoCount": 0,
    "findings": [],
    "filesScanned": 2
  },
  "runtime": {
    "ok": true,
    "errorCount": 0,
    "warningCount": 0,
    "infoCount": 0,
    "findings": []
  },
  "layout": {
    "ok": true,
    "errorCount": 0,
    "warningCount": 2,
    "infoCount": 6,
    "findings": [
      {
        "code": "container_overflow",
        "severity": "warning",
        "time": 0.241,
        "selector": "#snapcn-capture-reveal-source-root > div:nth-of-type(1) > svg:nth-of-type(1) > g:nth-of-type(1)",
        "message": "Element extends outside a clipping layout container.",
        "rect": {
          "left": -59.21,
          "top": -45.7,
          "right": 1280,
          "bottom": 720,
          "width": 1339.21,
          "height": 765.7
        },
        "containerSelector": "#snapcn-capture-reveal-source-root > div:nth-of-type(1) > svg:nth-of-type(1)",
        "fixHint": "Resize/reposition the child or container, or mark intentional overflow with data-layout-allow-overflow.",
        "containerRect": {
          "left": 0,
          "top": 0,
          "right": 1280,
          "bottom": 720,
          "width": 1280,
          "height": 720
        },
        "overflow": {
          "left": 59.21,
          "top": 45.7
        },
        "dataAttributes": {},
        "sourceFile": "compositions/snapcn-capture-reveal.html",
        "bbox": {
          "x": -59.21,
          "y": -45.7,
          "width": 1339.21,
          "height": 765.7
        },
        "firstSeen": 0.241,
        "lastSeen": 4.093,
        "occurrences": 9,
        "heldMs": 3852
      },
      {
        "code": "container_overflow",
        "severity": "warning",
        "time": 0.241,
        "selector": "#snapcn-capture-reveal-source-root > div:nth-of-type(1) > svg:nth-of-type(1) > g:nth-of-type(2)",
        "message": "Element extends outside a clipping layout container.",
        "rect": {
          "left": 273.1,
          "top": 197.88,
          "right": 991.55,
          "bottom": 745.13,
          "width": 718.45,
          "height": 547.24
        },
        "containerSelector": "#snapcn-capture-reveal-source-root > div:nth-of-type(1) > svg:nth-of-type(1)",
        "fixHint": "Resize/reposition the child or container, or mark intentional overflow with data-layout-allow-overflow.",
        "containerRect": {
          "left": 0,
          "top": 0,
          "right": 1280,
          "bottom": 720,
          "width": 1280,
          "height": 720
        },
        "overflow": {
          "bottom": 25.13
        },
        "dataAttributes": {},
        "sourceFile": "compositions/snapcn-capture-reveal.html",
        "bbox": {
          "x": 273.1,
          "y": 197.88,
          "width": 718.45,
          "height": 547.24
        },
        "firstSeen": 0.241,
        "lastSeen": 1.204,
        "occurrences": 3,
        "heldMs": 963
      },
      {
        "code": "container_overflow",
        "severity": "info",
        "time": 1.685,
        "selector": "#snapcn-capture-reveal-source-root > div:nth-of-type(1) > svg:nth-of-type(1) > g:nth-of-type(2)",
        "message": "Element extends outside a clipping layout container.",
        "rect": {
          "left": 309.22,
          "top": 366.7,
          "right": 955.48,
          "bottom": 858.96,
          "width": 646.27,
          "height": 492.26
        },
        "containerSelector": "#snapcn-capture-reveal-source-root > div:nth-of-type(1) > svg:nth-of-type(1)",
        "fixHint": "Resize/reposition the child or container, or mark intentional overflow with data-layout-allow-overflow.",
        "containerRect": {
          "left": 0,
          "top": 0,
          "right": 1280,
          "bottom": 720,
          "width": 1280,
          "height": 720
        },
        "overflow": {
          "bottom": 138.96
        },
        "dataAttributes": {},
        "sourceFile": "compositions/snapcn-capture-reveal.html",
        "bbox": {
          "x": 309.22,
          "y": 366.7,
          "width": 646.27,
          "height": 492.26
        },
        "firstSeen": 1.685,
        "lastSeen": 1.685,
        "occurrences": 1,
        "heldMs": 0
      },
      {
        "code": "container_overflow",
        "severity": "info",
        "time": 2.167,
        "selector": "#snapcn-capture-reveal-source-root > div:nth-of-type(1) > svg:nth-of-type(1) > g:nth-of-type(3)",
        "message": "Element extends outside a clipping layout container.",
        "rect": {
          "left": 330.38,
          "top": 464.1,
          "right": 934.35,
          "bottom": 924.15,
          "width": 603.97,
          "height": 460.05
        },
        "containerSelector": "#snapcn-capture-reveal-source-root > div:nth-of-type(1) > svg:nth-of-type(1)",
        "fixHint": "Resize/reposition the child or container, or mark intentional overflow with data-layout-allow-overflow.",
        "containerRect": {
          "left": 0,
          "top": 0,
          "right": 1280,
          "bottom": 720,
          "width": 1280,
          "height": 720
        },
        "overflow": {
          "bottom": 204.15
        },
        "dataAttributes": {},
        "sourceFile": "compositions/snapcn-capture-reveal.html",
        "bbox": {
          "x": 330.38,
          "y": 464.1,
          "width": 603.97,
          "height": 460.05
        },
        "firstSeen": 2.167,
        "lastSeen": 2.167,
        "occurrences": 1,
        "heldMs": 0
      },
      {
        "code": "container_overflow",
        "severity": "info",
        "time": 2.648,
        "selector": "#snapcn-capture-reveal-source-root > div:nth-of-type(1) > svg:nth-of-type(1) > g:nth-of-type(3)",
        "message": "Element extends outside a clipping layout container.",
        "rect": {
          "left": 333.32,
          "top": 467.83,
          "right": 931.42,
          "bottom": 923.41,
          "width": 598.1,
          "height": 455.57
        },
        "containerSelector": "#snapcn-capture-reveal-source-root > div:nth-of-type(1) > svg:nth-of-type(1)",
        "fixHint": "Resize/reposition the child or container, or mark intentional overflow with data-layout-allow-overflow.",
        "containerRect": {
          "left": 0,
          "top": 0,
          "right": 1280,
          "bottom": 720,
          "width": 1280,
          "height": 720
        },
        "overflow": {
          "bottom": 203.41
        },
        "dataAttributes": {},
        "sourceFile": "compositions/snapcn-capture-reveal.html",
        "bbox": {
          "x": 333.32,
          "y": 467.83,
          "width": 598.1,
          "height": 455.57
        },
        "firstSeen": 2.648,
        "lastSeen": 2.648,
        "occurrences": 1,
        "heldMs": 0
      },
      {
        "code": "container_overflow",
        "severity": "info",
        "time": 3.13,
        "selector": "#snapcn-capture-reveal-source-root > div:nth-of-type(1) > svg:nth-of-type(1) > g:nth-of-type(3)",
        "message": "Element extends outside a clipping layout container.",
        "rect": {
          "left": 335.31,
          "top": 501.11,
          "right": 929.42,
          "bottom": 953.64,
          "width": 594.11,
          "height": 452.54
        },
        "containerSelector": "#snapcn-capture-reveal-source-root > div:nth-of-type(1) > svg:nth-of-type(1)",
        "fixHint": "Resize/reposition the child or container, or mark intentional overflow with data-layout-allow-overflow.",
        "containerRect": {
          "left": 0,
          "top": 0,
          "right": 1280,
          "bottom": 720,
          "width": 1280,
          "height": 720
        },
        "overflow": {
          "bottom": 233.64
        },
        "dataAttributes": {},
        "sourceFile": "compositions/snapcn-capture-reveal.html",
        "bbox": {
          "x": 335.31,
          "y": 501.11,
          "width": 594.11,
          "height": 452.54
        },
        "firstSeen": 3.13,
        "lastSeen": 3.13,
        "occurrences": 1,
        "heldMs": 0
      },
      {
        "code": "container_overflow",
        "severity": "info",
        "time": 3.611,
        "selector": "#snapcn-capture-reveal-source-root > div:nth-of-type(1) > svg:nth-of-type(1) > g:nth-of-type(3)",
        "message": "Element extends outside a clipping layout container.",
        "rect": {
          "left": 336.74,
          "top": 883.25,
          "right": 927.99,
          "bottom": 1333.61,
          "width": 591.25,
          "height": 450.36
        },
        "containerSelector": "#snapcn-capture-reveal-source-root > div:nth-of-type(1) > svg:nth-of-type(1)",
        "fixHint": "Resize/reposition the child or container, or mark intentional overflow with data-layout-allow-overflow.",
        "containerRect": {
          "left": 0,
          "top": 0,
          "right": 1280,
          "bottom": 720,
          "width": 1280,
          "height": 720
        },
        "overflow": {
          "bottom": 613.61
        },
        "dataAttributes": {},
        "sourceFile": "compositions/snapcn-capture-reveal.html",
        "bbox": {
          "x": 336.74,
          "y": 883.25,
          "width": 591.25,
          "height": 450.36
        },
        "firstSeen": 3.611,
        "lastSeen": 3.611,
        "occurrences": 1,
        "heldMs": 0
      },
      {
        "code": "container_overflow",
        "severity": "info",
        "time": 4.093,
        "selector": "#snapcn-capture-reveal-source-root > div:nth-of-type(1) > svg:nth-of-type(1) > g:nth-of-type(3)",
        "message": "Element extends outside a clipping layout container.",
        "rect": {
          "left": 337.64,
          "top": 903.58,
          "right": 927.1,
          "bottom": 1352.57,
          "width": 589.46,
          "height": 449
        },
        "containerSelector": "#snapcn-capture-reveal-source-root > div:nth-of-type(1) > svg:nth-of-type(1)",
        "fixHint": "Resize/reposition the child or container, or mark intentional overflow with data-layout-allow-overflow.",
        "containerRect": {
          "left": 0,
          "top": 0,
          "right": 1280,
          "bottom": 720,
          "width": 1280,
          "height": 720
        },
        "overflow": {
          "bottom": 632.57
        },
        "dataAttributes": {},
        "sourceFile": "compositions/snapcn-capture-reveal.html",
        "bbox": {
          "x": 337.64,
          "y": 903.58,
          "width": 589.46,
          "height": 449
        },
        "firstSeen": 4.093,
        "lastSeen": 4.093,
        "occurrences": 1,
        "heldMs": 0
      }
    ],
    "duration": 4.333333333333333,
    "samples": [
      0.241,
      0.722,
      1.204,
      1.685,
      2.167,
      2.648,
      3.13,
      3.611,
      4.093
    ],
    "transitionSamples": [],
    "transitionSamplesDropped": 0,
    "tolerance": 2,
    "totalIssueCount": 8,
    "truncated": false
  },
  "motion": {
    "ok": true,
    "errorCount": 0,
    "warningCount": 0,
    "infoCount": 0,
    "findings": [],
    "enabled": false,
    "samples": 0
  },
  "contrast": {
    "ok": true,
    "errorCount": 0,
    "warningCount": 2,
    "infoCount": 0,
    "findings": [
      {
        "code": "contrast_aa_failure",
        "severity": "warning",
        "message": "Contrast is 1.54:1; WCAG AA requires 4.5:1.",
        "text": "69%",
        "fg": "rgb(209,208,205)",
        "bg": "rgb(255,255,255)",
        "ratio": 1.54,
        "requiredRatio": 4.5,
        "suggestedColor": "rgb(119,118,117)",
        "large": false,
        "selector": "div > div > div > div > div > div > svg > g:nth-of-type(3) > g:nth-of-type(3) > text:nth-of-type(1)",
        "dataAttributes": {},
        "sourceFile": "compositions/snapcn-capture-reveal.html",
        "bbox": {
          "x": 733.19970703125,
          "y": 107.95234680175781,
          "width": 39.677490234375,
          "height": 25.398208618164062
        },
        "time": 1.204
      },
      {
        "code": "contrast_aa_failure",
        "severity": "warning",
        "message": "Contrast is 1.54:1; WCAG AA requires 4.5:1.",
        "text": "69%",
        "fg": "rgb(209,208,205)",
        "bg": "rgb(255,255,255)",
        "ratio": 1.54,
        "requiredRatio": 4.5,
        "suggestedColor": "rgb(119,118,117)",
        "large": false,
        "selector": "div > div > div > div > div > div > svg > g:nth-of-type(3) > g:nth-of-type(3) > text:nth-of-type(2)",
        "dataAttributes": {},
        "sourceFile": "compositions/snapcn-capture-reveal.html",
        "bbox": {
          "x": 733.19970703125,
          "y": 108.95234680175781,
          "width": 39.677490234375,
          "height": 25.398193359375
        },
        "time": 1.204
      }
    ],
    "enabled": true,
    "samples": [
      0.241,
      1.204,
      2.167,
      3.13,
      4.093
    ],
    "checked": 20,
    "passed": 18
  },
  "hdr": {
    "autoPromotion": null,
    "inspection": "available"
  },
  "snapshots": {
    "enabled": false,
    "files": [],
    "times": [],
    "findingFiles": []
  },
  "_meta": {
    "version": "0.8.99",
    "latestVersion": "0.8.140",
    "updateAvailable": true
  }
}
