[hyperframes] browserGpuMode probe → hardware (WebGL renderer vendor="Google Inc. (NVIDIA Corporation)" renderer="ANGLE (NVIDIA Corporation, NVIDIA GeForce RTX 5060/PCIe/SSE2, OpenGL ES 3.2)")
{
  "ok": true,
  "strict": false,
  "lint": {
    "ok": true,
    "errorCount": 0,
    "warningCount": 0,
    "infoCount": 0,
    "findings": [],
    "filesScanned": 2
  },
  "runtime": {
    "ok": true,
    "errorCount": 0,
    "warningCount": 0,
    "infoCount": 0,
    "findings": []
  },
  "layout": {
    "ok": true,
    "errorCount": 0,
    "warningCount": 0,
    "infoCount": 5,
    "findings": [
      {
        "code": "text_occluded",
        "severity": "info",
        "time": 2.022,
        "selector": "#shader-seam-source-root > div:nth-of-type(1) > div:nth-of-type(1) > div:nth-of-type(1) > div:nth-of-type(1) > div:nth-of-type(1) > span:nth-of-type(1)",
        "message": "Text is hidden beneath an opaque element.",
        "rect": {
          "left": 72,
          "top": 72,
          "right": 138.7,
          "bottom": 94,
          "width": 66.7,
          "height": 22
        },
        "containerSelector": "#shader-seam-source-root > div:nth-of-type(2) > div:nth-of-type(1) > canvas:nth-of-type(1)",
        "text": "remocn",
        "fixHint": "Give the text its own zone, raise its stacking order above the covering element, or mark intentional layering with data-layout-allow-occlusion.",
        "coveredFraction": 1,
        "dataAttributes": {},
        "sourceFile": "compositions/shader-seam.html",
        "bbox": {
          "x": 72,
          "y": 72,
          "width": 66.7,
          "height": 22
        },
        "firstSeen": 2.022,
        "lastSeen": 2.022,
        "occurrences": 1
      },
      {
        "code": "text_occluded",
        "severity": "info",
        "time": 2.022,
        "selector": "#shader-seam-source-root > div:nth-of-type(1) > div:nth-of-type(1) > div:nth-of-type(1) > div:nth-of-type(1) > div:nth-of-type(1) > span:nth-of-type(2)",
        "message": "Text is hidden beneath an opaque element.",
        "rect": {
          "left": 1043.47,
          "top": 72,
          "right": 1208,
          "bottom": 94,
          "width": 164.53,
          "height": 22
        },
        "containerSelector": "#shader-seam-source-root > div:nth-of-type(2) > div:nth-of-type(1) > canvas:nth-of-type(1)",
        "text": "01 / Current scene",
        "fixHint": "Give the text its own zone, raise its stacking order above the covering element, or mark intentional layering with data-layout-allow-occlusion.",
        "coveredFraction": 1,
        "dataAttributes": {},
        "sourceFile": "compositions/shader-seam.html",
        "bbox": {
          "x": 1043.47,
          "y": 72,
          "width": 164.53,
          "height": 22
        },
        "firstSeen": 2.022,
        "lastSeen": 2.022,
        "occurrences": 1
      },
      {
        "code": "text_occluded",
        "severity": "info",
        "time": 2.022,
        "selector": "#shader-seam-source-root > div:nth-of-type(1) > div:nth-of-type(1) > div:nth-of-type(1) > div:nth-of-type(1) > div:nth-of-type(2) > div:nth-of-type(1)",
        "message": "Text is hidden beneath an opaque element.",
        "rect": {
          "left": 72,
          "top": 248,
          "right": 726.2,
          "bottom": 369,
          "width": 654.2,
          "height": 121
        },
        "containerSelector": "#shader-seam-source-root > div:nth-of-type(2) > div:nth-of-type(1) > canvas:nth-of-type(1)",
        "text": "Let it dissolve.",
        "fixHint": "Give the text its own zone, raise its stacking order above the covering element, or mark intentional layering with data-layout-allow-occlusion.",
        "coveredFraction": 1,
        "dataAttributes": {},
        "sourceFile": "compositions/shader-seam.html",
        "bbox": {
          "x": 72,
          "y": 248,
          "width": 654.2,
          "height": 121
        },
        "firstSeen": 2.022,
        "lastSeen": 2.022,
        "occurrences": 1
      },
      {
        "code": "text_occluded",
        "severity": "info",
        "time": 2.022,
        "selector": "#shader-seam-source-root > div:nth-of-type(1) > div:nth-of-type(1) > div:nth-of-type(1) > div:nth-of-type(1) > div:nth-of-type(2) > div:nth-of-type(2)",
        "message": "Text is hidden beneath an opaque element.",
        "rect": {
          "left": 72,
          "top": 391.39,
          "right": 424.97,
          "bottom": 419.39,
          "width": 352.97,
          "height": 28
        },
        "containerSelector": "#shader-seam-source-root > div:nth-of-type(2) > div:nth-of-type(1) > canvas:nth-of-type(1)",
        "text": "A moment between two scenes.",
        "fixHint": "Give the text its own zone, raise its stacking order above the covering element, or mark intentional layering with data-layout-allow-occlusion.",
        "coveredFraction": 1,
        "dataAttributes": {},
        "sourceFile": "compositions/shader-seam.html",
        "bbox": {
          "x": 72,
          "y": 391.39,
          "width": 352.97,
          "height": 28
        },
        "firstSeen": 2.022,
        "lastSeen": 2.022,
        "occurrences": 1
      },
      {
        "code": "text_occluded",
        "severity": "info",
        "time": 2.022,
        "selector": "#shader-seam-source-root > div:nth-of-type(1) > div:nth-of-type(1) > div:nth-of-type(1) > div:nth-of-type(1) > div:nth-of-type(4)",
        "message": "Text is hidden beneath an opaque element.",
        "rect": {
          "left": 72,
          "top": 638,
          "right": 242.33,
          "bottom": 655,
          "width": 170.33,
          "height": 17
        },
        "containerSelector": "#shader-seam-source-root > div:nth-of-type(2) > div:nth-of-type(1) > canvas:nth-of-type(1)",
        "text": "OpenShaders × remocn",
        "fixHint": "Give the text its own zone, raise its stacking order above the covering element, or mark intentional layering with data-layout-allow-occlusion.",
        "coveredFraction": 1,
        "dataAttributes": {},
        "sourceFile": "compositions/shader-seam.html",
        "bbox": {
          "x": 72,
          "y": 638,
          "width": 170.33,
          "height": 17
        },
        "firstSeen": 2.022,
        "lastSeen": 2.022,
        "occurrences": 1
      }
    ],
    "duration": 5.2,
    "samples": [
      0.289,
      0.867,
      1.444,
      2.022,
      2.6,
      3.178,
      3.756,
      4.333,
      4.911
    ],
    "transitionSamples": [],
    "transitionSamplesDropped": 0,
    "tolerance": 2,
    "totalIssueCount": 5,
    "truncated": false
  },
  "motion": {
    "ok": true,
    "errorCount": 0,
    "warningCount": 0,
    "infoCount": 0,
    "findings": [],
    "enabled": false,
    "samples": 0
  },
  "contrast": {
    "ok": true,
    "errorCount": 0,
    "warningCount": 5,
    "infoCount": 0,
    "findings": [
      {
        "code": "contrast_aa_failure",
        "severity": "warning",
        "message": "Contrast is 1.21:1; WCAG AA requires 4.5:1.",
        "text": "remocn",
        "fg": "rgb(37,33,45)",
        "bg": "rgb(27,11,22)",
        "ratio": 1.21,
        "requiredRatio": 4.5,
        "suggestedColor": "rgb(125,123,130)",
        "large": false,
        "selector": "div > div > div > div > div > div:nth-of-type(2) > div > div > div > div:nth-of-type(1) > span:nth-of-type(1)",
        "dataAttributes": {},
        "sourceFile": "compositions/shader-seam.html",
        "bbox": {
          "x": 72,
          "y": 72,
          "width": 66.703125,
          "height": 23
        },
        "time": 2.6
      },
      {
        "code": "contrast_aa_failure",
        "severity": "warning",
        "message": "Contrast is 1.22:1; WCAG AA requires 4.5:1.",
        "text": "02 / Next scene",
        "fg": "rgb(37,33,45)",
        "bg": "rgb(16,13,26)",
        "ratio": 1.22,
        "requiredRatio": 4.5,
        "suggestedColor": "rgb(124,122,129)",
        "large": false,
        "selector": "div > div > div > div > div > div:nth-of-type(2) > div > div > div > div:nth-of-type(1) > span:nth-of-type(2)",
        "dataAttributes": {},
        "sourceFile": "compositions/shader-seam.html",
        "bbox": {
          "x": 1069.03125,
          "y": 72,
          "width": 138.96875,
          "height": 23
        },
        "time": 2.6
      },
      {
        "code": "contrast_aa_failure",
        "severity": "warning",
        "message": "Contrast is 1.16:1; WCAG AA requires 3:1.",
        "text": "A new chapter.",
        "fg": "rgb(37,33,45)",
        "bg": "rgb(76,25,75)",
        "ratio": 1.16,
        "requiredRatio": 3,
        "suggestedColor": "rgb(121,118,126)",
        "large": true,
        "selector": "div > div > div > div > div > div:nth-of-type(2) > div > div > div > div:nth-of-type(2) > div:nth-of-type(1)",
        "dataAttributes": {},
        "sourceFile": "compositions/shader-seam.html",
        "bbox": {
          "x": 72,
          "y": 252,
          "width": 674.21875,
          "height": 113.390625
        },
        "time": 2.6
      },
      {
        "code": "contrast_aa_failure",
        "severity": "warning",
        "message": "Contrast is 1.26:1; WCAG AA requires 3:1.",
        "text": "Same frame. Another perspective.",
        "fg": "rgb(37,33,45)",
        "bg": "rgb(82,31,82)",
        "ratio": 1.26,
        "requiredRatio": 3,
        "suggestedColor": "rgb(126,124,131)",
        "large": true,
        "selector": "div > div > div > div > div > div:nth-of-type(2) > div > div > div > div:nth-of-type(2) > div:nth-of-type(2)",
        "dataAttributes": {},
        "sourceFile": "compositions/shader-seam.html",
        "bbox": {
          "x": 72,
          "y": 391.390625,
          "width": 674.21875,
          "height": 29
        },
        "time": 2.6
      },
      {
        "code": "contrast_aa_failure",
        "severity": "warning",
        "message": "Contrast is 2.26:1; WCAG AA requires 4.5:1.",
        "text": "Shader Seam",
        "fg": "rgb(37,33,45)",
        "bg": "rgb(139,56,136)",
        "ratio": 2.26,
        "requiredRatio": 4.5,
        "suggestedColor": "rgb(209,208,211)",
        "large": false,
        "selector": "div > div > div > div > div > div:nth-of-type(2) > div > div > div > div:nth-of-type(4)",
        "dataAttributes": {},
        "sourceFile": "compositions/shader-seam.html",
        "bbox": {
          "x": 72,
          "y": 638,
          "width": 97.84375,
          "height": 18
        },
        "time": 2.6
      }
    ],
    "enabled": true,
    "samples": [
      0.289,
      1.444,
      2.6,
      3.756,
      4.911
    ],
    "checked": 25,
    "passed": 20
  },
  "snapshots": {
    "enabled": false,
    "files": [],
    "times": [],
    "findingFiles": []
  },
  "_meta": {
    "version": "0.8.30",
    "latestVersion": "0.8.32",
    "updateAvailable": true
  }
}
