[hyperframes] browserGpuMode probe → hardware (WebGL renderer vendor="Google Inc. (NVIDIA Corporation)" renderer="ANGLE (NVIDIA Corporation, NVIDIA GeForce RTX 5060/PCIe/SSE2, OpenGL ES 3.2)")
{
  "ok": true,
  "strict": false,
  "lint": {
    "ok": true,
    "errorCount": 0,
    "warningCount": 0,
    "infoCount": 0,
    "findings": [],
    "filesScanned": 2
  },
  "runtime": {
    "ok": true,
    "errorCount": 0,
    "warningCount": 0,
    "infoCount": 0,
    "findings": []
  },
  "layout": {
    "ok": true,
    "errorCount": 0,
    "warningCount": 5,
    "infoCount": 1,
    "findings": [
      {
        "code": "rotation_pivot_drift",
        "severity": "warning",
        "time": 4.722,
        "selector": "#bauhaus-build-source-root > div:nth-of-type(1) > svg:nth-of-type(1) > g:nth-of-type(1) > path:nth-of-type(1)",
        "dataAttributes": {},
        "sourceFile": "index.html",
        "bbox": {
          "x": 640,
          "y": 72,
          "width": 192,
          "height": 192
        },
        "rect": {
          "left": 640,
          "top": 72,
          "right": 832,
          "bottom": 264,
          "width": 192,
          "height": 192
        },
        "message": "Rotating element's bounding-box center drifts 429px across rotation — it is not spinning about its own center (check transformOrigin/svgOrigin).",
        "fixHint": "The bounding-box center should stay fixed while the element spins; check its transformOrigin/svgOrigin so rotation pivots about the element's own center rather than a point in a coordinate space it was resized out of.",
        "firstSeen": 4.722,
        "lastSeen": 4.722,
        "occurrences": 1
      },
      {
        "code": "rotation_pivot_drift",
        "severity": "warning",
        "time": 4.722,
        "selector": "#bauhaus-build-source-root > div:nth-of-type(1) > svg:nth-of-type(1) > g:nth-of-type(1) > path:nth-of-type(2)",
        "dataAttributes": {},
        "sourceFile": "index.html",
        "bbox": {
          "x": 736,
          "y": 456,
          "width": 192,
          "height": 48
        },
        "rect": {
          "left": 736,
          "top": 456,
          "right": 928,
          "bottom": 504,
          "width": 192,
          "height": 48
        },
        "message": "Rotating element's bounding-box center drifts 161px across rotation — it is not spinning about its own center (check transformOrigin/svgOrigin).",
        "fixHint": "The bounding-box center should stay fixed while the element spins; check its transformOrigin/svgOrigin so rotation pivots about the element's own center rather than a point in a coordinate space it was resized out of.",
        "firstSeen": 4.722,
        "lastSeen": 4.722,
        "occurrences": 1
      },
      {
        "code": "rotation_pivot_drift",
        "severity": "warning",
        "time": 4.722,
        "selector": "#bauhaus-build-source-root > div:nth-of-type(1) > svg:nth-of-type(1) > g:nth-of-type(1) > path:nth-of-type(3)",
        "dataAttributes": {},
        "sourceFile": "index.html",
        "bbox": {
          "x": 448,
          "y": 216,
          "width": 192,
          "height": 48
        },
        "rect": {
          "left": 448,
          "top": 216,
          "right": 640,
          "bottom": 264,
          "width": 192,
          "height": 48
        },
        "message": "Rotating element's bounding-box center drifts 203px across rotation — it is not spinning about its own center (check transformOrigin/svgOrigin).",
        "fixHint": "The bounding-box center should stay fixed while the element spins; check its transformOrigin/svgOrigin so rotation pivots about the element's own center rather than a point in a coordinate space it was resized out of.",
        "firstSeen": 4.722,
        "lastSeen": 4.722,
        "occurrences": 1
      },
      {
        "code": "rotation_pivot_drift",
        "severity": "warning",
        "time": 4.722,
        "selector": "#bauhaus-build-source-root > div:nth-of-type(1) > svg:nth-of-type(1) > g:nth-of-type(1) > path:nth-of-type(4)",
        "dataAttributes": {},
        "sourceFile": "index.html",
        "bbox": {
          "x": 544,
          "y": 552,
          "width": 96,
          "height": 96
        },
        "rect": {
          "left": 544,
          "top": 552,
          "right": 640,
          "bottom": 648,
          "width": 96,
          "height": 96
        },
        "message": "Rotating element's bounding-box center drifts 218px across rotation — it is not spinning about its own center (check transformOrigin/svgOrigin).",
        "fixHint": "The bounding-box center should stay fixed while the element spins; check its transformOrigin/svgOrigin so rotation pivots about the element's own center rather than a point in a coordinate space it was resized out of.",
        "firstSeen": 4.722,
        "lastSeen": 4.722,
        "occurrences": 1
      },
      {
        "code": "rotation_pivot_drift",
        "severity": "warning",
        "time": 4.722,
        "selector": "#bauhaus-build-source-root > div:nth-of-type(1) > svg:nth-of-type(1) > g:nth-of-type(1) > path:nth-of-type(5)",
        "dataAttributes": {},
        "sourceFile": "index.html",
        "bbox": {
          "x": 832,
          "y": 552,
          "width": 96,
          "height": 96
        },
        "rect": {
          "left": 832,
          "top": 552,
          "right": 928,
          "bottom": 648,
          "width": 96,
          "height": 96
        },
        "message": "Rotating element's bounding-box center drifts 96px across rotation — it is not spinning about its own center (check transformOrigin/svgOrigin).",
        "fixHint": "The bounding-box center should stay fixed while the element spins; check its transformOrigin/svgOrigin so rotation pivots about the element's own center rather than a point in a coordinate space it was resized out of.",
        "firstSeen": 4.722,
        "lastSeen": 4.722,
        "occurrences": 1
      },
      {
        "code": "container_overflow",
        "severity": "info",
        "time": 0.833,
        "selector": "#bauhaus-build-source-root > div:nth-of-type(1) > svg:nth-of-type(1) > g:nth-of-type(1)",
        "message": "Element extends outside a clipping layout container.",
        "rect": {
          "left": 400,
          "top": 251.73,
          "right": 975.48,
          "bottom": 849.87,
          "width": 575.48,
          "height": 598.14
        },
        "containerSelector": "#bauhaus-build-source-root > div:nth-of-type(1) > svg:nth-of-type(1)",
        "fixHint": "Resize/reposition the child or container, or mark intentional overflow with data-layout-allow-overflow.",
        "containerRect": {
          "left": 0,
          "top": 0,
          "right": 1280,
          "bottom": 720,
          "width": 1280,
          "height": 720
        },
        "overflow": {
          "bottom": 129.87
        },
        "dataAttributes": {},
        "sourceFile": "compositions/bauhaus-build.html",
        "bbox": {
          "x": 400,
          "y": 251.73,
          "width": 575.48,
          "height": 598.14
        },
        "firstSeen": 0.833,
        "lastSeen": 0.833,
        "occurrences": 1
      }
    ],
    "duration": 5,
    "samples": [
      0.278,
      0.833,
      1.389,
      1.944,
      2.5,
      3.056,
      3.611,
      4.167,
      4.722
    ],
    "transitionSamples": [],
    "transitionSamplesDropped": 0,
    "tolerance": 2,
    "totalIssueCount": 6,
    "truncated": false
  },
  "motion": {
    "ok": true,
    "errorCount": 0,
    "warningCount": 0,
    "infoCount": 0,
    "findings": [],
    "enabled": false,
    "samples": 0
  },
  "contrast": {
    "ok": true,
    "errorCount": 0,
    "warningCount": 0,
    "infoCount": 0,
    "findings": [],
    "enabled": true,
    "samples": [
      0.278,
      1.389,
      2.5,
      3.611,
      4.722
    ],
    "checked": 0,
    "passed": 0
  },
  "snapshots": {
    "enabled": false,
    "files": [],
    "times": [],
    "findingFiles": []
  },
  "_meta": {
    "version": "0.8.30",
    "latestVersion": "0.8.87",
    "updateAvailable": true
  }
}
